        at org.gradle.internal.execution.steps.CancelExecutionStep.execute(CancelExecutionStep.java:41)
        at org.gradle.internal.execution.steps.TimeoutStep.executeWithoutTimeout(TimeoutStep.java:74)
        at org.gradle.internal.execution.steps.TimeoutStep.execute(TimeoutStep.java:55)
        at org.gradle.internal.execution.steps.PreCreateOutputParentsStep.execute(PreCreateOutputParentsStep.java:50)
        at org.gradle.internal.execution.steps.PreCreateOutputParentsStep.execute(PreCreateOutputParentsStep.java:28)
        at org.gradle.internal.execution.steps.RemovePreviousOutputsStep.execute(RemovePreviousOutputsStep.java:67)
        at org.gradle.internal.execution.steps.RemovePreviousOutputsStep.execute(RemovePreviousOutputsStep.java:37)
        at org.gradle.internal.execution.steps.BroadcastChangingOutputsStep.execute(BroadcastChangingOutputsStep.java:61)
        at org.gradle.internal.execution.steps.BroadcastChangingOutputsStep.execute(BroadcastChangingOutputsStep.java:26)
        at org.gradle.internal.execution.steps.CaptureOutputsAfterExecutionStep.execute(CaptureOutputsAfterExecutionStep.java:67)
        at org.gradle.internal.execution.steps.CaptureOutputsAfterExecutionStep.execute(CaptureOutputsAfterExecutionStep.java:45)
        at org.gradle.internal.execution.steps.ResolveInputChangesStep.execute(ResolveInputChangesStep.java:40)
        at org.gradle.internal.execution.steps.ResolveInputChangesStep.execute(ResolveInputChangesStep.java:29)
        at org.gradle.internal.execution.steps.BuildCacheStep.executeWithoutCache(BuildCacheStep.java:189)
        at org.gradle.internal.execution.steps.BuildCacheStep.executeAndStoreInCache(BuildCacheStep.java:145)
        at org.gradle.internal.execution.steps.BuildCacheStep.lambda$executeWithCache$4(BuildCacheStep.java:101)
        at java.base/java.util.Optional.orElseGet(Optional.java:364)
        at org.gradle.internal.execution.steps.BuildCacheStep.lambda$executeWithCache$5(BuildCacheStep.java:101)
        at org.gradle.internal.Try$Success.map(Try.java:164)
        at org.gradle.internal.execution.steps.BuildCacheStep.executeWithCache(BuildCacheStep.java:85)
        at org.gradle.internal.execution.steps.BuildCacheStep.lambda$execute$0(BuildCacheStep.java:74)
        at org.gradle.internal.Either$Left.fold(Either.java:115)
        at org.gradle.internal.execution.caching.CachingState.fold(CachingState.java:62)
        at org.gradle.internal.execution.steps.BuildCacheStep.execute(BuildCacheStep.java:73)
        at org.gradle.internal.execution.steps.BuildCacheStep.execute(BuildCacheStep.java:48)
        at org.gradle.internal.execution.steps.StoreExecutionStateStep.execute(StoreExecutionStateStep.java:46)
        at org.gradle.internal.execution.steps.StoreExecutionStateStep.execute(StoreExecutionStateStep.java:35)
        at org.gradle.internal.execution.steps.SkipUpToDateStep.executeBecause(SkipUpToDateStep.java:76)
        at org.gradle.internal.execution.steps.SkipUpToDateStep.lambda$execute$2(SkipUpToDateStep.java:54)
        at java.base/java.util.Optional.orElseGet(Optional.java:364)
        at org.gradle.internal.execution.steps.SkipUpToDateStep.execute(SkipUpToDateStep.java:54)
        at org.gradle.internal.execution.steps.SkipUpToDateStep.execute(SkipUpToDateStep.java:36)
        at org.gradle.internal.execution.steps.legacy.MarkSnapshottingInputsFinishedStep.execute(MarkSnapshottingInputsFinishedStep.java:37)
        at org.gradle.internal.execution.steps.legacy.MarkSnapshottingInputsFinishedStep.execute(MarkSnapshottingInputsFinishedStep.java:27)
        at org.gradle.internal.execution.steps.ResolveIncrementalCachingStateStep.executeDelegate(ResolveIncrementalCachingStateStep.java:49)
        at org.gradle.internal.execution.steps.ResolveIncrementalCachingStateStep.executeDelegate(ResolveIncrementalCachingStateStep.java:27)
        at org.gradle.internal.execution.steps.AbstractResolveCachingStateStep.execute(AbstractResolveCachingStateStep.java:71)
        at org.gradle.internal.execution.steps.AbstractResolveCachingStateStep.execute(AbstractResolveCachingStateStep.java:39)
        at org.gradle.internal.execution.steps.ResolveChangesStep.execute(ResolveChangesStep.java:65)
        at org.gradle.internal.execution.steps.ResolveChangesStep.execute(ResolveChangesStep.java:36)
        at org.gradle.internal.execution.steps.ValidateStep.execute(ValidateStep.java:106)
        at org.gradle.internal.execution.steps.ValidateStep.execute(ValidateStep.java:55)
        at org.gradle.internal.execution.steps.AbstractCaptureStateBeforeExecutionStep.execute(AbstractCaptureStateBeforeExecutionStep.java:64)
        at org.gradle.internal.execution.steps.AbstractCaptureStateBeforeExecutionStep.execute(AbstractCaptureStateBeforeExecutionStep.java:43)
        at org.gradle.internal.execution.steps.AbstractSkipEmptyWorkStep.executeWithNonEmptySources(AbstractSkipEmptyWorkStep.java:125)
        at org.gradle.internal.execution.steps.AbstractSkipEmptyWorkStep.execute(AbstractSkipEmptyWorkStep.java:61)
        at org.gradle.internal.execution.steps.AbstractSkipEmptyWorkStep.execute(AbstractSkipEmptyWorkStep.java:36)
        at org.gradle.internal.execution.steps.legacy.MarkSnapshottingInputsStartedStep.execute(MarkSnapshottingInputsStartedStep.java:38)
        at org.gradle.internal.execution.steps.LoadPreviousExecutionStateStep.execute(LoadPreviousExecutionStateStep.java:36)
        at org.gradle.internal.execution.steps.LoadPreviousExecutionStateStep.execute(LoadPreviousExecutionStateStep.java:23)
        at org.gradle.internal.execution.steps.HandleStaleOutputsStep.execute(HandleStaleOutputsStep.java:75)
        at org.gradle.internal.execution.steps.HandleStaleOutputsStep.execute(HandleStaleOutputsStep.java:41)
        at org.gradle.internal.execution.steps.AssignMutableWorkspaceStep.lambda$execute$0(AssignMutableWorkspaceStep.java:35)
        at org.gradle.api.internal.tasks.execution.TaskExecution$4.withWorkspace(TaskExecution.java:289)
        at org.gradle.internal.execution.steps.AssignMutableWorkspaceStep.execute(AssignMutableWorkspaceStep.java:31)
        at org.gradle.internal.execution.steps.AssignMutableWorkspaceStep.execute(AssignMutableWorkspaceStep.java:22)
        at org.gradle.internal.execution.steps.ChoosePipelineStep.execute(ChoosePipelineStep.java:40)
        at org.gradle.internal.execution.steps.ChoosePipelineStep.execute(ChoosePipelineStep.java:23)
        at org.gradle.internal.execution.steps.ExecuteWorkBuildOperationFiringStep.lambda$execute$2(ExecuteWorkBuildOperationFiringStep.java:67)
        at java.base/java.util.Optional.orElseGet(Optional.java:364)
        at org.gradle.internal.execution.steps.ExecuteWorkBuildOperationFiringStep.execute(ExecuteWorkBuildOperationFiringStep.java:67)
        at org.gradle.internal.execution.steps.ExecuteWorkBuildOperationFiringStep.execute(ExecuteWorkBuildOperationFiringStep.java:39)
        at org.gradle.internal.execution.steps.IdentityCacheStep.execute(IdentityCacheStep.java:46)
        at org.gradle.internal.execution.steps.IdentityCacheStep.execute(IdentityCacheStep.java:34)
        at org.gradle.internal.execution.steps.IdentifyStep.execute(IdentifyStep.java:48)
        at org.gradle.internal.execution.steps.IdentifyStep.execute(IdentifyStep.java:35)
        at org.gradle.internal.execution.impl.DefaultExecutionEngine$1.execute(DefaultExecutionEngine.java:61)
        at org.gradle.api.internal.tasks.execution.ExecuteActionsTaskExecuter.executeIfValid(ExecuteActionsTaskExecuter.java:127)
        at org.gradle.api.internal.tasks.execution.ExecuteActionsTaskExecuter.execute(ExecuteActionsTaskExecuter.java:116)
        at org.gradle.api.internal.tasks.execution.FinalizePropertiesTaskExecuter.execute(FinalizePropertiesTaskExecuter.java:46)
        at org.gradle.api.internal.tasks.execution.ResolveTaskExecutionModeExecuter.execute(ResolveTaskExecutionModeExecuter.java:51)
        at org.gradle.api.internal.tasks.execution.SkipTaskWithNoActionsExecuter.execute(SkipTaskWithNoActionsExecuter.java:57)
        at org.gradle.api.internal.tasks.execution.SkipOnlyIfTaskExecuter.execute(SkipOnlyIfTaskExecuter.java:74)
        at org.gradle.api.internal.tasks.execution.CatchExceptionTaskExecuter.execute(CatchExceptionTaskExecuter.java:36)
        at org.gradle.api.internal.tasks.execution.EventFiringTaskExecuter$1.executeTask(EventFiringTaskExecuter.java:77)
        at org.gradle.api.internal.tasks.execution.EventFiringTaskExecuter$1.call(EventFiringTaskExecuter.java:55)
        at org.gradle.api.internal.tasks.execution.EventFiringTaskExecuter$1.call(EventFiringTaskExecuter.java:52)
        at org.gradle.internal.operations.DefaultBuildOperationRunner$CallableBuildOperationWorker.execute(DefaultBuildOperationRunner.java:200)
        at org.gradle.internal.operations.DefaultBuildOperationRunner$CallableBuildOperationWorker.execute(DefaultBuildOperationRunner.java:195)
        at org.gradle.internal.operations.DefaultBuildOperationRunner$2.execute(DefaultBuildOperationRunner.java:66)
        at org.gradle.internal.operations.DefaultBuildOperationRunner$2.execute(DefaultBuildOperationRunner.java:59)
        at org.gradle.internal.operations.DefaultBuildOperationRunner.execute(DefaultBuildOperationRunner.java:157)
        at org.gradle.internal.operations.DefaultBuildOperationRunner.execute(DefaultBuildOperationRunner.java:59)
        at org.gradle.internal.operations.DefaultBuildOperationRunner.call(DefaultBuildOperationRunner.java:53)
        at org.gradle.internal.operations.DefaultBuildOperationExecutor.call(DefaultBuildOperationExecutor.java:73)
        at org.gradle.api.internal.tasks.execution.EventFiringTaskExecuter.execute(EventFiringTaskExecuter.java:52)
        at org.gradle.execution.plan.LocalTaskNodeExecutor.execute(LocalTaskNodeExecutor.java:42)
        at org.gradle.execution.taskgraph.DefaultTaskExecutionGraph$InvokeNodeExecutorsAction.execute(DefaultTaskExecutionGraph.java:331)
        at org.gradle.execution.taskgraph.DefaultTaskExecutionGraph$InvokeNodeExecutorsAction.execute(DefaultTaskExecutionGraph.java:318)
        at org.gradle.execution.taskgraph.DefaultTaskExecutionGraph$BuildOperationAwareExecutionAction.lambda$execute$0(DefaultTaskExecutionGraph.java:314)
        at org.gradle.internal.operations.CurrentBuildOperationRef.with(CurrentBuildOperationRef.java:80)
        at org.gradle.execution.taskgraph.DefaultTaskExecutionGraph$BuildOperationAwareExecutionAction.execute(DefaultTaskExecutionGraph.java:314)
        at org.gradle.execution.taskgraph.DefaultTaskExecutionGraph$BuildOperationAwareExecutionAction.execute(DefaultTaskExecutionGraph.java:303)
        at org.gradle.execution.plan.DefaultPlanExecutor$ExecutorWorker.execute(DefaultPlanExecutor.java:463)
        at org.gradle.execution.plan.DefaultPlanExecutor$ExecutorWorker.run(DefaultPlanExecutor.java:380)
        at org.gradle.internal.concurrent.ExecutorPolicy$CatchAndRecordFailures.onExecute(ExecutorPolicy.java:64)
        at org.gradle.internal.concurrent.AbstractManagedExecutor$1.run(AbstractManagedExecutor.java:47)
        at java.base/java.util.concurrent.ThreadPoolExecutor.runWorker(ThreadPoolExecutor.java:1144)
        at java.base/java.util.concurrent.ThreadPoolExecutor$Worker.run(ThreadPoolExecutor.java:642)
        at java.base/java.lang.Thread.run(Thread.java:1583)
Caused by: org.jetbrains.kotlin.gradle.tasks.CompilationErrorException: Compilation error. See log for more details
        at org.jetbrains.kotlin.gradle.tasks.TasksUtilsKt.throwExceptionIfCompilationFailed(tasksUtils.kt:21)
        at org.jetbrains.kotlin.compilerRunner.GradleKotlinCompilerWork.run(GradleKotlinCompilerWork.kt:119)
        at org.jetbrains.kotlin.compilerRunner.GradleCompilerRunnerWithWorkers$GradleKotlinCompilerWorkAction.execute(GradleCompilerRunnerWithWorkers.kt:76)
        at org.gradle.workers.internal.DefaultWorkerServer.execute(DefaultWorkerServer.java:63)
        at org.gradle.workers.internal.NoIsolationWorkerFactory$1$1.create(NoIsolationWorkerFactory.java:66)
        at org.gradle.workers.internal.NoIsolationWorkerFactory$1$1.create(NoIsolationWorkerFactory.java:62)
        at org.gradle.internal.classloader.ClassLoaderUtils.executeInClassloader(ClassLoaderUtils.java:100)
        at org.gradle.workers.internal.NoIsolationWorkerFactory$1.lambda$execute$0(NoIsolationWorkerFactory.java:62)
        at org.gradle.workers.internal.AbstractWorker$1.call(AbstractWorker.java:44)
        at org.gradle.workers.internal.AbstractWorker$1.call(AbstractWorker.java:41)
        at org.gradle.internal.operations.DefaultBuildOperationRunner$CallableBuildOperationWorker.execute(DefaultBuildOperationRunner.java:200)
        at org.gradle.internal.operations.DefaultBuildOperationRunner$CallableBuildOperationWorker.execute(DefaultBuildOperationRunner.java:195)
        at org.gradle.internal.operations.DefaultBuildOperationRunner$2.execute(DefaultBuildOperationRunner.java:66)
        at org.gradle.internal.operations.DefaultBuildOperationRunner$2.execute(DefaultBuildOperationRunner.java:59)
        at org.gradle.internal.operations.DefaultBuildOperationRunner.execute(DefaultBuildOperationRunner.java:157)
        at org.gradle.internal.operations.DefaultBuildOperationRunner.execute(DefaultBuildOperationRunner.java:59)
        at org.gradle.internal.operations.DefaultBuildOperationRunner.call(DefaultBuildOperationRunner.java:53)
        at org.gradle.internal.operations.DefaultBuildOperationExecutor.call(DefaultBuildOperationExecutor.java:73)
        at org.gradle.workers.internal.AbstractWorker.executeWrappedInBuildOperation(AbstractWorker.java:41)
        at org.gradle.workers.internal.NoIsolationWorkerFactory$1.execute(NoIsolationWorkerFactory.java:59)
        at org.gradle.workers.internal.DefaultWorkerExecutor.lambda$submitWork$0(DefaultWorkerExecutor.java:174)
        at java.base/java.util.concurrent.FutureTask.run(FutureTask.java:317)
        at org.gradle.internal.work.DefaultConditionalExecutionQueue$ExecutionRunner.runExecution(DefaultConditionalExecutionQueue.java:187)
        at org.gradle.internal.work.DefaultConditionalExecutionQueue$ExecutionRunner.access$700(DefaultConditionalExecutionQueue.java:120)
        at org.gradle.internal.work.DefaultConditionalExecutionQueue$ExecutionRunner$1.run(DefaultConditionalExecutionQueue.java:162)
        at org.gradle.internal.Factories$1.create(Factories.java:31)
        at org.gradle.internal.work.DefaultWorkerLeaseService.withLocks(DefaultWorkerLeaseService.java:264)
        at org.gradle.internal.work.DefaultWorkerLeaseService.runAsWorkerThread(DefaultWorkerLeaseService.java:128)
        at org.gradle.internal.work.DefaultWorkerLeaseService.runAsWorkerThread(DefaultWorkerLeaseService.java:133)
        at org.gradle.internal.work.DefaultConditionalExecutionQueue$ExecutionRunner.runBatch(DefaultConditionalExecutionQueue.java:157)
        at org.gradle.internal.work.DefaultConditionalExecutionQueue$ExecutionRunner.run(DefaultConditionalExecutionQueue.java:126)
        at java.base/java.util.concurrent.Executors$RunnableAdapter.call(Executors.java:572)
        at java.base/java.util.concurrent.FutureTask.run(FutureTask.java:317)
        ... 5 more

==============================================================================

BUILD FAILED in 50s
sureshbalasubramanian@BSMacBook-Pro enKarma % ./gradlew build --stacktrace --quiet | grep -i "error\|exception"

e: file:///Users/sureshbalasubramanian/Documents/Projects.nosync/Android_enKarma/enKarma/app/src/main/java/com/karma/sureshtrb/enKarma/3A1.SandyaVandanamActivity.kt:1939:9 Class 'MyPrintDocumentAdapter' is not abstract and does not implement abstract base class member 'onWrite'.
e: file:///Users/sureshbalasubramanian/Documents/Projects.nosync/Android_enKarma/enKarma/app/src/main/java/com/karma/sureshtrb/enKarma/3A1.SandyaVandanamActivity.kt:2037:47 Unresolved reference 'Build'.
e: file:///Users/sureshbalasubramanian/Documents/Projects.nosync/Android_enKarma/enKarma/app/src/main/java/com/karma/sureshtrb/enKarma/3A1.SandyaVandanamActivity.kt:2037:72 Unresolved reference 'Build'.
e: file:///Users/sureshbalasubramanian/Documents/Projects.nosync/Android_enKarma/enKarma/app/src/main/java/com/karma/sureshtrb/enKarma/3A1.SandyaVandanamActivity.kt:2069:47 Unresolved reference 'Build'.
e: file:///Users/sureshbalasubramanian/Documents/Projects.nosync/Android_enKarma/enKarma/app/src/main/java/com/karma/sureshtrb/enKarma/3A1.SandyaVandanamActivity.kt:2069:72 Unresolved reference 'Build'.
e: file:///Users/sureshbalasubramanian/Documents/Projects.nosync/Android_enKarma/enKarma/app/src/main/java/com/karma/sureshtrb/enKarma/3A1.SandyaVandanamActivity.kt:2095:13 Modifier 'override' is not applicable to 'local function'.
e: file:///Users/sureshbalasubramanian/Documents/Projects.nosync/Android_enKarma/enKarma/app/src/main/java/com/karma/sureshtrb/enKarma/3A1.SandyaVandanamActivity.kt:2133:9 Syntax error: Expecting member declaration.
e: file:///Users/sureshbalasubramanian/Documents/Projects.nosync/Android_enKarma/enKarma/app/src/main/java/com/karma/sureshtrb/enKarma/3A1.SandyaVandanamActivity.kt:2133:17 Syntax error: Expecting member declaration.
e: file:///Users/sureshbalasubramanian/Documents/Projects.nosync/Android_enKarma/enKarma/app/src/main/java/com/karma/sureshtrb/enKarma/3A1.SandyaVandanamActivity.kt:2133:18 Syntax error: Expecting member declaration.
e: file:///Users/sureshbalasubramanian/Documents/Projects.nosync/Android_enKarma/enKarma/app/src/main/java/com/karma/sureshtrb/enKarma/3A1.SandyaVandanamActivity.kt:2133:37 Syntax error: Expecting member declaration.
e: file:///Users/sureshbalasubramanian/Documents/Projects.nosync/Android_enKarma/enKarma/app/src/main/java/com/karma/sureshtrb/enKarma/3A1.SandyaVandanamActivity.kt:2133:37 Function declaration must have a name.
e: file:///Users/sureshbalasubramanian/Documents/Projects.nosync/Android_enKarma/enKarma/app/src/main/java/com/karma/sureshtrb/enKarma/3A1.SandyaVandanamActivity.kt:2157:37 Unresolved reference 'getSystemService'.
e: file:///Users/sureshbalasubramanian/Documents/Projects.nosync/Android_enKarma/enKarma/app/src/main/java/com/karma/sureshtrb/enKarma/3A1.SandyaVandanamActivity.kt:2158:32 Unresolved reference 'getString'.
e: file:///Users/sureshbalasubramanian/Documents/Projects.nosync/Android_enKarma/enKarma/app/src/main/java/com/karma/sureshtrb/enKarma/3A1.SandyaVandanamActivity.kt:2160:64 Argument type mismatch: actual type is '<local>.MyPrintDocumentAdapter', but 'android.content.Context' was expected.
e: file:///Users/sureshbalasubramanian/Documents/Projects.nosync/Android_enKarma/enKarma/app/src/main/java/com/karma/sureshtrb/enKarma/3A1.SandyaVandanamActivity.kt:2163:2 Syntax error: Missing '}.
e: file:///Users/sureshbalasubramanian/Documents/Projects.nosync/Android_enKarma/enKarma/app/src/main/java/com/karma/sureshtrb/enKarma/4C2.FurtherDetailsActivity.kt:252:36 Unresolved reference 'preference'.
e: file:///Users/sureshbalasubramanian/Documents/Projects.nosync/Android_enKarma/enKarma/app/src/main/java/com/karma/sureshtrb/enKarma/4C2.FurtherDetailsActivity.kt:255:36 Argument type mismatch: actual type is 'kotlin.Any', but 'kotlin.CharSequence!' was expected.
e: file:///Users/sureshbalasubramanian/Documents/Projects.nosync/Android_enKarma/enKarma/app/src/main/java/com/karma/sureshtrb/enKarma/6C2Aa.MahalayaTpnmActivity.kt:27:17 Unresolved reference 'compose'.
e: file:///Users/sureshbalasubramanian/Documents/Projects.nosync/Android_enKarma/enKarma/app/src/main/java/com/karma/sureshtrb/enKarma/6C2Aa.MahalayaTpnmActivity.kt:823:1 Modifier 'override' is not applicable to 'top level function'.
e: file:///Users/sureshbalasubramanian/Documents/Projects.nosync/Android_enKarma/enKarma/app/src/main/java/com/karma/sureshtrb/enKarma/6C2Aa.MahalayaTpnmActivity.kt:824:5 No supertypes are accessible in this context.
e: file:///Users/sureshbalasubramanian/Documents/Projects.nosync/Android_enKarma/enKarma/app/src/main/java/com/karma/sureshtrb/enKarma/6C2Aa.MahalayaTpnmActivity.kt:826:51 Unresolved reference 'layoutInflater'.
e: file:///Users/sureshbalasubramanian/Documents/Projects.nosync/Android_enKarma/enKarma/app/src/main/java/com/karma/sureshtrb/enKarma/6C2Aa.MahalayaTpnmActivity.kt:827:5 Unresolved reference 'setContentView'.
e: file:///Users/sureshbalasubramanian/Documents/Projects.nosync/Android_enKarma/enKarma/app/src/main/java/com/karma/sureshtrb/enKarma/6C2Aa.MahalayaTpnmActivity.kt:833:9 Unresolved reference 'intent'.
e: file:///Users/sureshbalasubramanian/Documents/Projects.nosync/Android_enKarma/enKarma/app/src/main/java/com/karma/sureshtrb/enKarma/6C2Aa.MahalayaTpnmActivity.kt:841:22 Unresolved reference 'intent'.
e: file:///Users/sureshbalasubramanian/Documents/Projects.nosync/Android_enKarma/enKarma/app/src/main/java/com/karma/sureshtrb/enKarma/6C2Aa.MahalayaTpnmActivity.kt:842:22 Unresolved reference 'intent'.
e: file:///Users/sureshbalasubramanian/Documents/Projects.nosync/Android_enKarma/enKarma/app/src/main/java/com/karma/sureshtrb/enKarma/6C2Aa.MahalayaTpnmActivity.kt:849:26 Unresolved reference 'intent'.
e: file:///Users/sureshbalasubramanian/Documents/Projects.nosync/Android_enKarma/enKarma/app/src/main/java/com/karma/sureshtrb/enKarma/6C2Aa.MahalayaTpnmActivity.kt:850:23 Unresolved reference 'intent'.
e: file:///Users/sureshbalasubramanian/Documents/Projects.nosync/Android_enKarma/enKarma/app/src/main/java/com/karma/sureshtrb/enKarma/6C2Aa.MahalayaTpnmActivity.kt:851:25 Unresolved reference 'intent'.
e: file:///Users/sureshbalasubramanian/Documents/Projects.nosync/Android_enKarma/enKarma/app/src/main/java/com/karma/sureshtrb/enKarma/6C2Aa.MahalayaTpnmActivity.kt:854:5 Unresolved reference 'supportActionBar'.
e: file:///Users/sureshbalasubramanian/Documents/Projects.nosync/Android_enKarma/enKarma/app/src/main/java/com/karma/sureshtrb/enKarma/6C2Aa.MahalayaTpnmActivity.kt:854:24 Unresolved reference 'setHomeAsUpIndicator'.
e: file:///Users/sureshbalasubramanian/Documents/Projects.nosync/Android_enKarma/enKarma/app/src/main/java/com/karma/sureshtrb/enKarma/6C2Aa.MahalayaTpnmActivity.kt:855:5 Unresolved reference 'supportActionBar'.
e: file:///Users/sureshbalasubramanian/Documents/Projects.nosync/Android_enKarma/enKarma/app/src/main/java/com/karma/sureshtrb/enKarma/6C2Aa.MahalayaTpnmActivity.kt:855:24 Unresolved reference 'setDisplayHomeAsUpEnabled'.
e: file:///Users/sureshbalasubramanian/Documents/Projects.nosync/Android_enKarma/enKarma/app/src/main/java/com/karma/sureshtrb/enKarma/6C2Aa.MahalayaTpnmActivity.kt:856:5 Unresolved reference 'supportActionBar'.
e: file:///Users/sureshbalasubramanian/Documents/Projects.nosync/Android_enKarma/enKarma/app/src/main/java/com/karma/sureshtrb/enKarma/6C2Aa.MahalayaTpnmActivity.kt:856:24 Unresolved reference 'subtitle'.
e: file:///Users/sureshbalasubramanian/Documents/Projects.nosync/Android_enKarma/enKarma/app/src/main/java/com/karma/sureshtrb/enKarma/6C2Aa.MahalayaTpnmActivity.kt:857:5 Unresolved reference 'supportActionBar'.
e: file:///Users/sureshbalasubramanian/Documents/Projects.nosync/Android_enKarma/enKarma/app/src/main/java/com/karma/sureshtrb/enKarma/6C2Aa.MahalayaTpnmActivity.kt:857:24 Unresolved reference 'setDisplayShowHomeEnabled'.
e: file:///Users/sureshbalasubramanian/Documents/Projects.nosync/Android_enKarma/enKarma/app/src/main/java/com/karma/sureshtrb/enKarma/6C2Aa.MahalayaTpnmActivity.kt:858:5 Unresolved reference 'supportActionBar'.
e: file:///Users/sureshbalasubramanian/Documents/Projects.nosync/Android_enKarma/enKarma/app/src/main/java/com/karma/sureshtrb/enKarma/6C2Aa.MahalayaTpnmActivity.kt:858:24 Unresolved reference 'setLogo'.
e: file:///Users/sureshbalasubramanian/Documents/Projects.nosync/Android_enKarma/enKarma/app/src/main/java/com/karma/sureshtrb/enKarma/6C2Aa.MahalayaTpnmActivity.kt:859:5 Unresolved reference 'supportActionBar'.
e: file:///Users/sureshbalasubramanian/Documents/Projects.nosync/Android_enKarma/enKarma/app/src/main/java/com/karma/sureshtrb/enKarma/6C2Aa.MahalayaTpnmActivity.kt:859:24 Unresolved reference 'setDisplayUseLogoEnabled'.
e: file:///Users/sureshbalasubramanian/Documents/Projects.nosync/Android_enKarma/enKarma/app/src/main/java/com/karma/sureshtrb/enKarma/6C2Aa.MahalayaTpnmActivity.kt:860:5 Unresolved reference 'trial'.
e: file:///Users/sureshbalasubramanian/Documents/Projects.nosync/Android_enKarma/enKarma/app/src/main/java/com/karma/sureshtrb/enKarma/6C2Aa.MahalayaTpnmActivity.kt:861:5 Unresolved reference 'bottomPithruKoorcham'.
e: file:///Users/sureshbalasubramanian/Documents/Projects.nosync/Android_enKarma/enKarma/app/src/main/java/com/karma/sureshtrb/enKarma/6C2Aa.MahalayaTpnmActivity.kt:862:5 Unresolved reference 'executeData'.
e: file:///Users/sureshbalasubramanian/Documents/Projects.nosync/Android_enKarma/enKarma/app/src/main/java/com/karma/sureshtrb/enKarma/6C2Aa.MahalayaTpnmActivity.kt:874:38 Unresolved reference 'getApplicationContext'.
e: file:///Users/sureshbalasubramanian/Documents/Projects.nosync/Android_enKarma/enKarma/app/src/main/java/com/karma/sureshtrb/enKarma/6C2Aa.MahalayaTpnmActivity.kt:879:38 Unresolved reference 'mstartPos1'.
e: file:///Users/sureshbalasubramanian/Documents/Projects.nosync/Android_enKarma/enKarma/app/src/main/java/com/karma/sureshtrb/enKarma/6C2Aa.MahalayaTpnmActivity.kt:879:50 Unresolved reference 'mendPos1'.
e: file:///Users/sureshbalasubramanian/Documents/Projects.nosync/Android_enKarma/enKarma/app/src/main/java/com/karma/sureshtrb/enKarma/6C2Aa.MahalayaTpnmActivity.kt:880:38 Unresolved reference 'mstartPos2'.
e: file:///Users/sureshbalasubramanian/Documents/Projects.nosync/Android_enKarma/enKarma/app/src/main/java/com/karma/sureshtrb/enKarma/6C2Aa.MahalayaTpnmActivity.kt:880:50 Unresolved reference 'mendPos2'.
e: file:///Users/sureshbalasubramanian/Documents/Projects.nosync/Android_enKarma/enKarma/app/src/main/java/com/karma/sureshtrb/enKarma/6C2Aa.MahalayaTpnmActivity.kt:881:38 Unresolved reference 'mstartPos3'.
e: file:///Users/sureshbalasubramanian/Documents/Projects.nosync/Android_enKarma/enKarma/app/src/main/java/com/karma/sureshtrb/enKarma/6C2Aa.MahalayaTpnmActivity.kt:881:50 Unresolved reference 'mendPos3'.
e: file:///Users/sureshbalasubramanian/Documents/Projects.nosync/Android_enKarma/enKarma/app/src/main/java/com/karma/sureshtrb/enKarma/6C2Aa.MahalayaTpnmActivity.kt:882:38 Unresolved reference 'mstartPos4'.
e: file:///Users/sureshbalasubramanian/Documents/Projects.nosync/Android_enKarma/enKarma/app/src/main/java/com/karma/sureshtrb/enKarma/6C2Aa.MahalayaTpnmActivity.kt:882:50 Unresolved reference 'mendPos4'.
e: file:///Users/sureshbalasubramanian/Documents/Projects.nosync/Android_enKarma/enKarma/app/src/main/java/com/karma/sureshtrb/enKarma/6C2Aa.MahalayaTpnmActivity.kt:883:38 Unresolved reference 'mstartPos5'.
e: file:///Users/sureshbalasubramanian/Documents/Projects.nosync/Android_enKarma/enKarma/app/src/main/java/com/karma/sureshtrb/enKarma/6C2Aa.MahalayaTpnmActivity.kt:883:50 Unresolved reference 'mendPos5'.
e: file:///Users/sureshbalasubramanian/Documents/Projects.nosync/Android_enKarma/enKarma/app/src/main/java/com/karma/sureshtrb/enKarma/6C2Aa.MahalayaTpnmActivity.kt:884:38 Unresolved reference 'mstartPos6'.
e: file:///Users/sureshbalasubramanian/Documents/Projects.nosync/Android_enKarma/enKarma/app/src/main/java/com/karma/sureshtrb/enKarma/6C2Aa.MahalayaTpnmActivity.kt:884:50 Unresolved reference 'mendPos6'.
e: file:///Users/sureshbalasubramanian/Documents/Projects.nosync/Android_enKarma/enKarma/app/src/main/java/com/karma/sureshtrb/enKarma/6C2Aa.MahalayaTpnmActivity.kt:885:38 Unresolved reference 'mstartPos7'.
e: file:///Users/sureshbalasubramanian/Documents/Projects.nosync/Android_enKarma/enKarma/app/src/main/java/com/karma/sureshtrb/enKarma/6C2Aa.MahalayaTpnmActivity.kt:885:50 Unresolved reference 'mendPos7'.
e: file:///Users/sureshbalasubramanian/Documents/Projects.nosync/Android_enKarma/enKarma/app/src/main/java/com/karma/sureshtrb/enKarma/6C2Aa.MahalayaTpnmActivity.kt:886:38 Unresolved reference 'mstartPos8'.
e: file:///Users/sureshbalasubramanian/Documents/Projects.nosync/Android_enKarma/enKarma/app/src/main/java/com/karma/sureshtrb/enKarma/6C2Aa.MahalayaTpnmActivity.kt:886:50 Unresolved reference 'mendPos8'.
e: file:///Users/sureshbalasubramanian/Documents/Projects.nosync/Android_enKarma/enKarma/app/src/main/java/com/karma/sureshtrb/enKarma/6C2Aa.MahalayaTpnmActivity.kt:887:38 Unresolved reference 'mstartPos9'.
e: file:///Users/sureshbalasubramanian/Documents/Projects.nosync/Android_enKarma/enKarma/app/src/main/java/com/karma/sureshtrb/enKarma/6C2Aa.MahalayaTpnmActivity.kt:887:50 Unresolved reference 'mendPos9'.
e: file:///Users/sureshbalasubramanian/Documents/Projects.nosync/Android_enKarma/enKarma/app/src/main/java/com/karma/sureshtrb/enKarma/6C2Aa.MahalayaTpnmActivity.kt:888:38 Unresolved reference 'mstartPos10'.
e: file:///Users/sureshbalasubramanian/Documents/Projects.nosync/Android_enKarma/enKarma/app/src/main/java/com/karma/sureshtrb/enKarma/6C2Aa.MahalayaTpnmActivity.kt:888:51 Unresolved reference 'mendPos10'.
e: file:///Users/sureshbalasubramanian/Documents/Projects.nosync/Android_enKarma/enKarma/app/src/main/java/com/karma/sureshtrb/enKarma/6C2Aa.MahalayaTpnmActivity.kt:889:38 Unresolved reference 'mstartPos11'.
e: file:///Users/sureshbalasubramanian/Documents/Projects.nosync/Android_enKarma/enKarma/app/src/main/java/com/karma/sureshtrb/enKarma/6C2Aa.MahalayaTpnmActivity.kt:889:51 Unresolved reference 'mendPos11'.
e: file:///Users/sureshbalasubramanian/Documents/Projects.nosync/Android_enKarma/enKarma/app/src/main/java/com/karma/sureshtrb/enKarma/6C2Aa.MahalayaTpnmActivity.kt:890:38 Unresolved reference 'mstartPos12'.
e: file:///Users/sureshbalasubramanian/Documents/Projects.nosync/Android_enKarma/enKarma/app/src/main/java/com/karma/sureshtrb/enKarma/6C2Aa.MahalayaTpnmActivity.kt:890:51 Unresolved reference 'mendPos12'.
e: file:///Users/sureshbalasubramanian/Documents/Projects.nosync/Android_enKarma/enKarma/app/src/main/java/com/karma/sureshtrb/enKarma/6C2Aa.MahalayaTpnmActivity.kt:891:38 Unresolved reference 'mstartPos13'.
e: file:///Users/sureshbalasubramanian/Documents/Projects.nosync/Android_enKarma/enKarma/app/src/main/java/com/karma/sureshtrb/enKarma/6C2Aa.MahalayaTpnmActivity.kt:891:51 Unresolved reference 'mendPos13'.
e: file:///Users/sureshbalasubramanian/Documents/Projects.nosync/Android_enKarma/enKarma/app/src/main/java/com/karma/sureshtrb/enKarma/6C2Aa.MahalayaTpnmActivity.kt:892:38 Unresolved reference 'mstartPos14'.
e: file:///Users/sureshbalasubramanian/Documents/Projects.nosync/Android_enKarma/enKarma/app/src/main/java/com/karma/sureshtrb/enKarma/6C2Aa.MahalayaTpnmActivity.kt:892:51 Unresolved reference 'mendPos14'.
e: file:///Users/sureshbalasubramanian/Documents/Projects.nosync/Android_enKarma/enKarma/app/src/main/java/com/karma/sureshtrb/enKarma/6C2Aa.MahalayaTpnmActivity.kt:893:38 Unresolved reference 'mstartPos15'.
e: file:///Users/sureshbalasubramanian/Documents/Projects.nosync/Android_enKarma/enKarma/app/src/main/java/com/karma/sureshtrb/enKarma/6C2Aa.MahalayaTpnmActivity.kt:893:51 Unresolved reference 'mendPos15'.
e: file:///Users/sureshbalasubramanian/Documents/Projects.nosync/Android_enKarma/enKarma/app/src/main/java/com/karma/sureshtrb/enKarma/6C2Aa.MahalayaTpnmActivity.kt:894:38 Unresolved reference 'mstartPos16'.
e: file:///Users/sureshbalasubramanian/Documents/Projects.nosync/Android_enKarma/enKarma/app/src/main/java/com/karma/sureshtrb/enKarma/6C2Aa.MahalayaTpnmActivity.kt:894:51 Unresolved reference 'mendPos16'.
e: file:///Users/sureshbalasubramanian/Documents/Projects.nosync/Android_enKarma/enKarma/app/src/main/java/com/karma/sureshtrb/enKarma/6C2Aa.MahalayaTpnmActivity.kt:895:38 Unresolved reference 'mstartPos17'.
e: file:///Users/sureshbalasubramanian/Documents/Projects.nosync/Android_enKarma/enKarma/app/src/main/java/com/karma/sureshtrb/enKarma/6C2Aa.MahalayaTpnmActivity.kt:895:51 Unresolved reference 'mendPos17'.
e: file:///Users/sureshbalasubramanian/Documents/Projects.nosync/Android_enKarma/enKarma/app/src/main/java/com/karma/sureshtrb/enKarma/6C2Aa.MahalayaTpnmActivity.kt:897:76 Unresolved reference 'mtotalpages'.
e: file:///Users/sureshbalasubramanian/Documents/Projects.nosync/Android_enKarma/enKarma/app/src/main/java/com/karma/sureshtrb/enKarma/6C2Aa.MahalayaTpnmActivity.kt:904:26 Unresolved reference 'mtotalpages'.
e: file:///Users/sureshbalasubramanian/Documents/Projects.nosync/Android_enKarma/enKarma/app/src/main/java/com/karma/sureshtrb/enKarma/6C2Aa.MahalayaTpnmActivity.kt:921:9 Unresolved reference 'mtotalpages'.
e: file:///Users/sureshbalasubramanian/Documents/Projects.nosync/Android_enKarma/enKarma/app/src/main/java/com/karma/sureshtrb/enKarma/6C2Aa.MahalayaTpnmActivity.kt:922:33 Unresolved reference 'mtotalpages'.
e: file:///Users/sureshbalasubramanian/Documents/Projects.nosync/Android_enKarma/enKarma/app/src/main/java/com/karma/sureshtrb/enKarma/6C2Aa.MahalayaTpnmActivity.kt:925:25 Unresolved reference 'mtotalpages'.
e: file:///Users/sureshbalasubramanian/Documents/Projects.nosync/Android_enKarma/enKarma/app/src/main/java/com/karma/sureshtrb/enKarma/6C2Aa.MahalayaTpnmActivity.kt:965:13 Unresolved reference 'mtotalpages'.
e: file:///Users/sureshbalasubramanian/Documents/Projects.nosync/Android_enKarma/enKarma/app/src/main/java/com/karma/sureshtrb/enKarma/6C2Aa.MahalayaTpnmActivity.kt:966:37 Unresolved reference 'mtotalpages'.
e: file:///Users/sureshbalasubramanian/Documents/Projects.nosync/Android_enKarma/enKarma/app/src/main/java/com/karma/sureshtrb/enKarma/6C2Aa.MahalayaTpnmActivity.kt:972:29 Unresolved reference 'mtotalpages'.
e: file:///Users/sureshbalasubramanian/Documents/Projects.nosync/Android_enKarma/enKarma/app/src/main/java/com/karma/sureshtrb/enKarma/6C2Aa.MahalayaTpnmActivity.kt:1621:27 Argument type mismatch: actual type is 'android.text.SpannableString', but 'kotlin.String' was expected.
e: file:///Users/sureshbalasubramanian/Documents/Projects.nosync/Android_enKarma/enKarma/app/src/main/java/com/karma/sureshtrb/enKarma/6C2Aa.MahalayaTpnmActivity.kt:1967:26 Unresolved reference 'BOLD_ITALLIC'.
e: file:///Users/sureshbalasubramanian/Documents/Projects.nosync/Android_enKarma/enKarma/app/src/main/java/com/karma/sureshtrb/enKarma/6C2Aa.MahalayaTpnmActivity.kt:2406:17 Conflicting declarations:
local val exExFlag: Int
local val exExFlag: Int
e: file:///Users/sureshbalasubramanian/Documents/Projects.nosync/Android_enKarma/enKarma/app/src/main/java/com/karma/sureshtrb/enKarma/6C2Aa.MahalayaTpnmActivity.kt:2407:17 Conflicting declarations:
local val start: Int
local val start: Int
e: file:///Users/sureshbalasubramanian/Documents/Projects.nosync/Android_enKarma/enKarma/app/src/main/java/com/karma/sureshtrb/enKarma/6C2Aa.MahalayaTpnmActivity.kt:4651:17 Conflicting declarations:
local val exExFlag: Int
local val exExFlag: Int
e: file:///Users/sureshbalasubramanian/Documents/Projects.nosync/Android_enKarma/enKarma/app/src/main/java/com/karma/sureshtrb/enKarma/6C2Aa.MahalayaTpnmActivity.kt:4652:17 Conflicting declarations:
local val start: Int
local val start: Int
e: file:///Users/sureshbalasubramanian/Documents/Projects.nosync/Android_enKarma/enKarma/app/src/main/java/com/karma/sureshtrb/enKarma/LoginActivity.kt:89:52 Too many arguments for 'fun alertDisplayer(message: String?): Unit'.
e: file:///Users/sureshbalasubramanian/Documents/Projects.nosync/Android_enKarma/enKarma/app/src/main/java/com/karma/sureshtrb/enKarma/RowDataAdapter.kt:20:65 Unresolved reference 'nameTextView'.
e: file:///Users/sureshbalasubramanian/Documents/Projects.nosync/Android_enKarma/enKarma/app/src/main/java/com/karma/sureshtrb/enKarma/RowDataAdapter.kt:21:71 Unresolved reference 'birthOrderTextView'.
e: file:///Users/sureshbalasubramanian/Documents/Projects.nosync/Android_enKarma/enKarma/app/src/main/java/com/karma/sureshtrb/enKarma/RowDataAdapter.kt:27:31 Unresolved reference 'row_item'.
e: file:///Users/sureshbalasubramanian/Documents/Projects.nosync/Android_enKarma/enKarma/app/src/main/java/com/karma/sureshtrb/enKarma/3A1.SandyaVandanamActivity.kt:1939:9 Class 'MyPrintDocumentAdapter' is not abstract and does not implement abstract base class member 'onWrite'.
e: file:///Users/sureshbalasubramanian/Documents/Projects.nosync/Android_enKarma/enKarma/app/src/main/java/com/karma/sureshtrb/enKarma/3A1.SandyaVandanamActivity.kt:2037:47 Unresolved reference 'Build'.
e: file:///Users/sureshbalasubramanian/Documents/Projects.nosync/Android_enKarma/enKarma/app/src/main/java/com/karma/sureshtrb/enKarma/3A1.SandyaVandanamActivity.kt:2037:72 Unresolved reference 'Build'.
e: file:///Users/sureshbalasubramanian/Documents/Projects.nosync/Android_enKarma/enKarma/app/src/main/java/com/karma/sureshtrb/enKarma/3A1.SandyaVandanamActivity.kt:2069:47 Unresolved reference 'Build'.
e: file:///Users/sureshbalasubramanian/Documents/Projects.nosync/Android_enKarma/enKarma/app/src/main/java/com/karma/sureshtrb/enKarma/3A1.SandyaVandanamActivity.kt:2069:72 Unresolved reference 'Build'.
e: file:///Users/sureshbalasubramanian/Documents/Projects.nosync/Android_enKarma/enKarma/app/src/main/java/com/karma/sureshtrb/enKarma/3A1.SandyaVandanamActivity.kt:2095:13 Modifier 'override' is not applicable to 'local function'.
e: file:///Users/sureshbalasubramanian/Documents/Projects.nosync/Android_enKarma/enKarma/app/src/main/java/com/karma/sureshtrb/enKarma/3A1.SandyaVandanamActivity.kt:2133:9 Syntax error: Expecting member declaration.
e: file:///Users/sureshbalasubramanian/Documents/Projects.nosync/Android_enKarma/enKarma/app/src/main/java/com/karma/sureshtrb/enKarma/3A1.SandyaVandanamActivity.kt:2133:17 Syntax error: Expecting member declaration.
e: file:///Users/sureshbalasubramanian/Documents/Projects.nosync/Android_enKarma/enKarma/app/src/main/java/com/karma/sureshtrb/enKarma/3A1.SandyaVandanamActivity.kt:2133:18 Syntax error: Expecting member declaration.
e: file:///Users/sureshbalasubramanian/Documents/Projects.nosync/Android_enKarma/enKarma/app/src/main/java/com/karma/sureshtrb/enKarma/3A1.SandyaVandanamActivity.kt:2133:37 Syntax error: Expecting member declaration.
e: file:///Users/sureshbalasubramanian/Documents/Projects.nosync/Android_enKarma/enKarma/app/src/main/java/com/karma/sureshtrb/enKarma/3A1.SandyaVandanamActivity.kt:2133:37 Function declaration must have a name.
e: file:///Users/sureshbalasubramanian/Documents/Projects.nosync/Android_enKarma/enKarma/app/src/main/java/com/karma/sureshtrb/enKarma/3A1.SandyaVandanamActivity.kt:2157:37 Unresolved reference 'getSystemService'.
e: file:///Users/sureshbalasubramanian/Documents/Projects.nosync/Android_enKarma/enKarma/app/src/main/java/com/karma/sureshtrb/enKarma/3A1.SandyaVandanamActivity.kt:2158:32 Unresolved reference 'getString'.
e: file:///Users/sureshbalasubramanian/Documents/Projects.nosync/Android_enKarma/enKarma/app/src/main/java/com/karma/sureshtrb/enKarma/3A1.SandyaVandanamActivity.kt:2160:64 Argument type mismatch: actual type is '<local>.MyPrintDocumentAdapter', but 'android.content.Context' was expected.
e: file:///Users/sureshbalasubramanian/Documents/Projects.nosync/Android_enKarma/enKarma/app/src/main/java/com/karma/sureshtrb/enKarma/3A1.SandyaVandanamActivity.kt:2163:2 Syntax error: Missing '}.
e: file:///Users/sureshbalasubramanian/Documents/Projects.nosync/Android_enKarma/enKarma/app/src/main/java/com/karma/sureshtrb/enKarma/4C2.FurtherDetailsActivity.kt:252:36 Unresolved reference 'preference'.
e: file:///Users/sureshbalasubramanian/Documents/Projects.nosync/Android_enKarma/enKarma/app/src/main/java/com/karma/sureshtrb/enKarma/4C2.FurtherDetailsActivity.kt:255:36 Argument type mismatch: actual type is 'kotlin.Any', but 'kotlin.CharSequence!' was expected.
e: file:///Users/sureshbalasubramanian/Documents/Projects.nosync/Android_enKarma/enKarma/app/src/main/java/com/karma/sureshtrb/enKarma/6C2Aa.MahalayaTpnmActivity.kt:27:17 Unresolved reference 'compose'.
e: file:///Users/sureshbalasubramanian/Documents/Projects.nosync/Android_enKarma/enKarma/app/src/main/java/com/karma/sureshtrb/enKarma/6C2Aa.MahalayaTpnmActivity.kt:823:1 Modifier 'override' is not applicable to 'top level function'.
e: file:///Users/sureshbalasubramanian/Documents/Projects.nosync/Android_enKarma/enKarma/app/src/main/java/com/karma/sureshtrb/enKarma/6C2Aa.MahalayaTpnmActivity.kt:824:5 No supertypes are accessible in this context.
e: file:///Users/sureshbalasubramanian/Documents/Projects.nosync/Android_enKarma/enKarma/app/src/main/java/com/karma/sureshtrb/enKarma/6C2Aa.MahalayaTpnmActivity.kt:826:51 Unresolved reference 'layoutInflater'.
e: file:///Users/sureshbalasubramanian/Documents/Projects.nosync/Android_enKarma/enKarma/app/src/main/java/com/karma/sureshtrb/enKarma/6C2Aa.MahalayaTpnmActivity.kt:827:5 Unresolved reference 'setContentView'.
e: file:///Users/sureshbalasubramanian/Documents/Projects.nosync/Android_enKarma/enKarma/app/src/main/java/com/karma/sureshtrb/enKarma/6C2Aa.MahalayaTpnmActivity.kt:833:9 Unresolved reference 'intent'.
e: file:///Users/sureshbalasubramanian/Documents/Projects.nosync/Android_enKarma/enKarma/app/src/main/java/com/karma/sureshtrb/enKarma/6C2Aa.MahalayaTpnmActivity.kt:841:22 Unresolved reference 'intent'.
e: file:///Users/sureshbalasubramanian/Documents/Projects.nosync/Android_enKarma/enKarma/app/src/main/java/com/karma/sureshtrb/enKarma/6C2Aa.MahalayaTpnmActivity.kt:842:22 Unresolved reference 'intent'.
e: file:///Users/sureshbalasubramanian/Documents/Projects.nosync/Android_enKarma/enKarma/app/src/main/java/com/karma/sureshtrb/enKarma/6C2Aa.MahalayaTpnmActivity.kt:849:26 Unresolved reference 'intent'.
e: file:///Users/sureshbalasubramanian/Documents/Projects.nosync/Android_enKarma/enKarma/app/src/main/java/com/karma/sureshtrb/enKarma/6C2Aa.MahalayaTpnmActivity.kt:850:23 Unresolved reference 'intent'.
e: file:///Users/sureshbalasubramanian/Documents/Projects.nosync/Android_enKarma/enKarma/app/src/main/java/com/karma/sureshtrb/enKarma/6C2Aa.MahalayaTpnmActivity.kt:851:25 Unresolved reference 'intent'.
e: file:///Users/sureshbalasubramanian/Documents/Projects.nosync/Android_enKarma/enKarma/app/src/main/java/com/karma/sureshtrb/enKarma/6C2Aa.MahalayaTpnmActivity.kt:854:5 Unresolved reference 'supportActionBar'.
e: file:///Users/sureshbalasubramanian/Documents/Projects.nosync/Android_enKarma/enKarma/app/src/main/java/com/karma/sureshtrb/enKarma/6C2Aa.MahalayaTpnmActivity.kt:854:24 Unresolved reference 'setHomeAsUpIndicator'.
e: file:///Users/sureshbalasubramanian/Documents/Projects.nosync/Android_enKarma/enKarma/app/src/main/java/com/karma/sureshtrb/enKarma/6C2Aa.MahalayaTpnmActivity.kt:855:5 Unresolved reference 'supportActionBar'.
e: file:///Users/sureshbalasubramanian/Documents/Projects.nosync/Android_enKarma/enKarma/app/src/main/java/com/karma/sureshtrb/enKarma/6C2Aa.MahalayaTpnmActivity.kt:855:24 Unresolved reference 'setDisplayHomeAsUpEnabled'.
e: file:///Users/sureshbalasubramanian/Documents/Projects.nosync/Android_enKarma/enKarma/app/src/main/java/com/karma/sureshtrb/enKarma/6C2Aa.MahalayaTpnmActivity.kt:856:5 Unresolved reference 'supportActionBar'.
e: file:///Users/sureshbalasubramanian/Documents/Projects.nosync/Android_enKarma/enKarma/app/src/main/java/com/karma/sureshtrb/enKarma/6C2Aa.MahalayaTpnmActivity.kt:856:24 Unresolved reference 'subtitle'.
e: file:///Users/sureshbalasubramanian/Documents/Projects.nosync/Android_enKarma/enKarma/app/src/main/java/com/karma/sureshtrb/enKarma/6C2Aa.MahalayaTpnmActivity.kt:857:5 Unresolved reference 'supportActionBar'.
e: file:///Users/sureshbalasubramanian/Documents/Projects.nosync/Android_enKarma/enKarma/app/src/main/java/com/karma/sureshtrb/enKarma/6C2Aa.MahalayaTpnmActivity.kt:857:24 Unresolved reference 'setDisplayShowHomeEnabled'.
e: file:///Users/sureshbalasubramanian/Documents/Projects.nosync/Android_enKarma/enKarma/app/src/main/java/com/karma/sureshtrb/enKarma/6C2Aa.MahalayaTpnmActivity.kt:858:5 Unresolved reference 'supportActionBar'.
e: file:///Users/sureshbalasubramanian/Documents/Projects.nosync/Android_enKarma/enKarma/app/src/main/java/com/karma/sureshtrb/enKarma/6C2Aa.MahalayaTpnmActivity.kt:858:24 Unresolved reference 'setLogo'.
e: file:///Users/sureshbalasubramanian/Documents/Projects.nosync/Android_enKarma/enKarma/app/src/main/java/com/karma/sureshtrb/enKarma/6C2Aa.MahalayaTpnmActivity.kt:859:5 Unresolved reference 'supportActionBar'.
e: file:///Users/sureshbalasubramanian/Documents/Projects.nosync/Android_enKarma/enKarma/app/src/main/java/com/karma/sureshtrb/enKarma/6C2Aa.MahalayaTpnmActivity.kt:859:24 Unresolved reference 'setDisplayUseLogoEnabled'.
e: file:///Users/sureshbalasubramanian/Documents/Projects.nosync/Android_enKarma/enKarma/app/src/main/java/com/karma/sureshtrb/enKarma/6C2Aa.MahalayaTpnmActivity.kt:860:5 Unresolved reference 'trial'.
e: file:///Users/sureshbalasubramanian/Documents/Projects.nosync/Android_enKarma/enKarma/app/src/main/java/com/karma/sureshtrb/enKarma/6C2Aa.MahalayaTpnmActivity.kt:861:5 Unresolved reference 'bottomPithruKoorcham'.
e: file:///Users/sureshbalasubramanian/Documents/Projects.nosync/Android_enKarma/enKarma/app/src/main/java/com/karma/sureshtrb/enKarma/6C2Aa.MahalayaTpnmActivity.kt:862:5 Unresolved reference 'executeData'.
e: file:///Users/sureshbalasubramanian/Documents/Projects.nosync/Android_enKarma/enKarma/app/src/main/java/com/karma/sureshtrb/enKarma/6C2Aa.MahalayaTpnmActivity.kt:874:38 Unresolved reference 'getApplicationContext'.
e: file:///Users/sureshbalasubramanian/Documents/Projects.nosync/Android_enKarma/enKarma/app/src/main/java/com/karma/sureshtrb/enKarma/6C2Aa.MahalayaTpnmActivity.kt:879:38 Unresolved reference 'mstartPos1'.
e: file:///Users/sureshbalasubramanian/Documents/Projects.nosync/Android_enKarma/enKarma/app/src/main/java/com/karma/sureshtrb/enKarma/6C2Aa.MahalayaTpnmActivity.kt:879:50 Unresolved reference 'mendPos1'.
e: file:///Users/sureshbalasubramanian/Documents/Projects.nosync/Android_enKarma/enKarma/app/src/main/java/com/karma/sureshtrb/enKarma/6C2Aa.MahalayaTpnmActivity.kt:880:38 Unresolved reference 'mstartPos2'.
e: file:///Users/sureshbalasubramanian/Documents/Projects.nosync/Android_enKarma/enKarma/app/src/main/java/com/karma/sureshtrb/enKarma/6C2Aa.MahalayaTpnmActivity.kt:880:50 Unresolved reference 'mendPos2'.
e: file:///Users/sureshbalasubramanian/Documents/Projects.nosync/Android_enKarma/enKarma/app/src/main/java/com/karma/sureshtrb/enKarma/6C2Aa.MahalayaTpnmActivity.kt:881:38 Unresolved reference 'mstartPos3'.
e: file:///Users/sureshbalasubramanian/Documents/Projects.nosync/Android_enKarma/enKarma/app/src/main/java/com/karma/sureshtrb/enKarma/6C2Aa.MahalayaTpnmActivity.kt:881:50 Unresolved reference 'mendPos3'.
e: file:///Users/sureshbalasubramanian/Documents/Projects.nosync/Android_enKarma/enKarma/app/src/main/java/com/karma/sureshtrb/enKarma/6C2Aa.MahalayaTpnmActivity.kt:882:38 Unresolved reference 'mstartPos4'.
e: file:///Users/sureshbalasubramanian/Documents/Projects.nosync/Android_enKarma/enKarma/app/src/main/java/com/karma/sureshtrb/enKarma/6C2Aa.MahalayaTpnmActivity.kt:882:50 Unresolved reference 'mendPos4'.
e: file:///Users/sureshbalasubramanian/Documents/Projects.nosync/Android_enKarma/enKarma/app/src/main/java/com/karma/sureshtrb/enKarma/6C2Aa.MahalayaTpnmActivity.kt:883:38 Unresolved reference 'mstartPos5'.
e: file:///Users/sureshbalasubramanian/Documents/Projects.nosync/Android_enKarma/enKarma/app/src/main/java/com/karma/sureshtrb/enKarma/6C2Aa.MahalayaTpnmActivity.kt:883:50 Unresolved reference 'mendPos5'.
e: file:///Users/sureshbalasubramanian/Documents/Projects.nosync/Android_enKarma/enKarma/app/src/main/java/com/karma/sureshtrb/enKarma/6C2Aa.MahalayaTpnmActivity.kt:884:38 Unresolved reference 'mstartPos6'.
e: file:///Users/sureshbalasubramanian/Documents/Projects.nosync/Android_enKarma/enKarma/app/src/main/java/com/karma/sureshtrb/enKarma/6C2Aa.MahalayaTpnmActivity.kt:884:50 Unresolved reference 'mendPos6'.
e: file:///Users/sureshbalasubramanian/Documents/Projects.nosync/Android_enKarma/enKarma/app/src/main/java/com/karma/sureshtrb/enKarma/6C2Aa.MahalayaTpnmActivity.kt:885:38 Unresolved reference 'mstartPos7'.
e: file:///Users/sureshbalasubramanian/Documents/Projects.nosync/Android_enKarma/enKarma/app/src/main/java/com/karma/sureshtrb/enKarma/6C2Aa.MahalayaTpnmActivity.kt:885:50 Unresolved reference 'mendPos7'.
e: file:///Users/sureshbalasubramanian/Documents/Projects.nosync/Android_enKarma/enKarma/app/src/main/java/com/karma/sureshtrb/enKarma/6C2Aa.MahalayaTpnmActivity.kt:886:38 Unresolved reference 'mstartPos8'.
e: file:///Users/sureshbalasubramanian/Documents/Projects.nosync/Android_enKarma/enKarma/app/src/main/java/com/karma/sureshtrb/enKarma/6C2Aa.MahalayaTpnmActivity.kt:886:50 Unresolved reference 'mendPos8'.
e: file:///Users/sureshbalasubramanian/Documents/Projects.nosync/Android_enKarma/enKarma/app/src/main/java/com/karma/sureshtrb/enKarma/6C2Aa.MahalayaTpnmActivity.kt:887:38 Unresolved reference 'mstartPos9'.
e: file:///Users/sureshbalasubramanian/Documents/Projects.nosync/Android_enKarma/enKarma/app/src/main/java/com/karma/sureshtrb/enKarma/6C2Aa.MahalayaTpnmActivity.kt:887:50 Unresolved reference 'mendPos9'.
e: file:///Users/sureshbalasubramanian/Documents/Projects.nosync/Android_enKarma/enKarma/app/src/main/java/com/karma/sureshtrb/enKarma/6C2Aa.MahalayaTpnmActivity.kt:888:38 Unresolved reference 'mstartPos10'.
e: file:///Users/sureshbalasubramanian/Documents/Projects.nosync/Android_enKarma/enKarma/app/src/main/java/com/karma/sureshtrb/enKarma/6C2Aa.MahalayaTpnmActivity.kt:888:51 Unresolved reference 'mendPos10'.
e: file:///Users/sureshbalasubramanian/Documents/Projects.nosync/Android_enKarma/enKarma/app/src/main/java/com/karma/sureshtrb/enKarma/6C2Aa.MahalayaTpnmActivity.kt:889:38 Unresolved reference 'mstartPos11'.
e: file:///Users/sureshbalasubramanian/Documents/Projects.nosync/Android_enKarma/enKarma/app/src/main/java/com/karma/sureshtrb/enKarma/6C2Aa.MahalayaTpnmActivity.kt:889:51 Unresolved reference 'mendPos11'.
e: file:///Users/sureshbalasubramanian/Documents/Projects.nosync/Android_enKarma/enKarma/app/src/main/java/com/karma/sureshtrb/enKarma/6C2Aa.MahalayaTpnmActivity.kt:890:38 Unresolved reference 'mstartPos12'.
e: file:///Users/sureshbalasubramanian/Documents/Projects.nosync/Android_enKarma/enKarma/app/src/main/java/com/karma/sureshtrb/enKarma/6C2Aa.MahalayaTpnmActivity.kt:890:51 Unresolved reference 'mendPos12'.
e: file:///Users/sureshbalasubramanian/Documents/Projects.nosync/Android_enKarma/enKarma/app/src/main/java/com/karma/sureshtrb/enKarma/6C2Aa.MahalayaTpnmActivity.kt:891:38 Unresolved reference 'mstartPos13'.
e: file:///Users/sureshbalasubramanian/Documents/Projects.nosync/Android_enKarma/enKarma/app/src/main/java/com/karma/sureshtrb/enKarma/6C2Aa.MahalayaTpnmActivity.kt:891:51 Unresolved reference 'mendPos13'.
e: file:///Users/sureshbalasubramanian/Documents/Projects.nosync/Android_enKarma/enKarma/app/src/main/java/com/karma/sureshtrb/enKarma/6C2Aa.MahalayaTpnmActivity.kt:892:38 Unresolved reference 'mstartPos14'.
e: file:///Users/sureshbalasubramanian/Documents/Projects.nosync/Android_enKarma/enKarma/app/src/main/java/com/karma/sureshtrb/enKarma/6C2Aa.MahalayaTpnmActivity.kt:892:51 Unresolved reference 'mendPos14'.
e: file:///Users/sureshbalasubramanian/Documents/Projects.nosync/Android_enKarma/enKarma/app/src/main/java/com/karma/sureshtrb/enKarma/6C2Aa.MahalayaTpnmActivity.kt:893:38 Unresolved reference 'mstartPos15'.
e: file:///Users/sureshbalasubramanian/Documents/Projects.nosync/Android_enKarma/enKarma/app/src/main/java/com/karma/sureshtrb/enKarma/6C2Aa.MahalayaTpnmActivity.kt:893:51 Unresolved reference 'mendPos15'.
e: file:///Users/sureshbalasubramanian/Documents/Projects.nosync/Android_enKarma/enKarma/app/src/main/java/com/karma/sureshtrb/enKarma/6C2Aa.MahalayaTpnmActivity.kt:894:38 Unresolved reference 'mstartPos16'.
e: file:///Users/sureshbalasubramanian/Documents/Projects.nosync/Android_enKarma/enKarma/app/src/main/java/com/karma/sureshtrb/enKarma/6C2Aa.MahalayaTpnmActivity.kt:894:51 Unresolved reference 'mendPos16'.
e: file:///Users/sureshbalasubramanian/Documents/Projects.nosync/Android_enKarma/enKarma/app/src/main/java/com/karma/sureshtrb/enKarma/6C2Aa.MahalayaTpnmActivity.kt:895:38 Unresolved reference 'mstartPos17'.
e: file:///Users/sureshbalasubramanian/Documents/Projects.nosync/Android_enKarma/enKarma/app/src/main/java/com/karma/sureshtrb/enKarma/6C2Aa.MahalayaTpnmActivity.kt:895:51 Unresolved reference 'mendPos17'.
e: file:///Users/sureshbalasubramanian/Documents/Projects.nosync/Android_enKarma/enKarma/app/src/main/java/com/karma/sureshtrb/enKarma/6C2Aa.MahalayaTpnmActivity.kt:897:76 Unresolved reference 'mtotalpages'.
e: file:///Users/sureshbalasubramanian/Documents/Projects.nosync/Android_enKarma/enKarma/app/src/main/java/com/karma/sureshtrb/enKarma/6C2Aa.MahalayaTpnmActivity.kt:904:26 Unresolved reference 'mtotalpages'.
e: file:///Users/sureshbalasubramanian/Documents/Projects.nosync/Android_enKarma/enKarma/app/src/main/java/com/karma/sureshtrb/enKarma/6C2Aa.MahalayaTpnmActivity.kt:921:9 Unresolved reference 'mtotalpages'.
e: file:///Users/sureshbalasubramanian/Documents/Projects.nosync/Android_enKarma/enKarma/app/src/main/java/com/karma/sureshtrb/enKarma/6C2Aa.MahalayaTpnmActivity.kt:922:33 Unresolved reference 'mtotalpages'.
e: file:///Users/sureshbalasubramanian/Documents/Projects.nosync/Android_enKarma/enKarma/app/src/main/java/com/karma/sureshtrb/enKarma/6C2Aa.MahalayaTpnmActivity.kt:925:25 Unresolved reference 'mtotalpages'.
e: file:///Users/sureshbalasubramanian/Documents/Projects.nosync/Android_enKarma/enKarma/app/src/main/java/com/karma/sureshtrb/enKarma/6C2Aa.MahalayaTpnmActivity.kt:965:13 Unresolved reference 'mtotalpages'.
e: file:///Users/sureshbalasubramanian/Documents/Projects.nosync/Android_enKarma/enKarma/app/src/main/java/com/karma/sureshtrb/enKarma/6C2Aa.MahalayaTpnmActivity.kt:966:37 Unresolved reference 'mtotalpages'.
e: file:///Users/sureshbalasubramanian/Documents/Projects.nosync/Android_enKarma/enKarma/app/src/main/java/com/karma/sureshtrb/enKarma/6C2Aa.MahalayaTpnmActivity.kt:972:29 Unresolved reference 'mtotalpages'.
e: file:///Users/sureshbalasubramanian/Documents/Projects.nosync/Android_enKarma/enKarma/app/src/main/java/com/karma/sureshtrb/enKarma/6C2Aa.MahalayaTpnmActivity.kt:1621:27 Argument type mismatch: actual type is 'android.text.SpannableString', but 'kotlin.String' was expected.
e: file:///Users/sureshbalasubramanian/Documents/Projects.nosync/Android_enKarma/enKarma/app/src/main/java/com/karma/sureshtrb/enKarma/6C2Aa.MahalayaTpnmActivity.kt:1967:26 Unresolved reference 'BOLD_ITALLIC'.
e: file:///Users/sureshbalasubramanian/Documents/Projects.nosync/Android_enKarma/enKarma/app/src/main/java/com/karma/sureshtrb/enKarma/6C2Aa.MahalayaTpnmActivity.kt:2406:17 Conflicting declarations:
local val exExFlag: Int
local val exExFlag: Int
e: file:///Users/sureshbalasubramanian/Documents/Projects.nosync/Android_enKarma/enKarma/app/src/main/java/com/karma/sureshtrb/enKarma/6C2Aa.MahalayaTpnmActivity.kt:2407:17 Conflicting declarations:
local val start: Int
local val start: Int
e: file:///Users/sureshbalasubramanian/Documents/Projects.nosync/Android_enKarma/enKarma/app/src/main/java/com/karma/sureshtrb/enKarma/6C2Aa.MahalayaTpnmActivity.kt:4651:17 Conflicting declarations:
local val exExFlag: Int
local val exExFlag: Int
e: file:///Users/sureshbalasubramanian/Documents/Projects.nosync/Android_enKarma/enKarma/app/src/main/java/com/karma/sureshtrb/enKarma/6C2Aa.MahalayaTpnmActivity.kt:4652:17 Conflicting declarations:
local val start: Int
local val start: Int
e: file:///Users/sureshbalasubramanian/Documents/Projects.nosync/Android_enKarma/enKarma/app/src/main/java/com/karma/sureshtrb/enKarma/LoginActivity.kt:89:52 Too many arguments for 'fun alertDisplayer(message: String?): Unit'.
e: file:///Users/sureshbalasubramanian/Documents/Projects.nosync/Android_enKarma/enKarma/app/src/main/java/com/karma/sureshtrb/enKarma/RowDataAdapter.kt:20:65 Unresolved reference 'nameTextView'.
e: file:///Users/sureshbalasubramanian/Documents/Projects.nosync/Android_enKarma/enKarma/app/src/main/java/com/karma/sureshtrb/enKarma/RowDataAdapter.kt:21:71 Unresolved reference 'birthOrderTextView'.
e: file:///Users/sureshbalasubramanian/Documents/Projects.nosync/Android_enKarma/enKarma/app/src/main/java/com/karma/sureshtrb/enKarma/RowDataAdapter.kt:27:31 Unresolved reference 'row_item'.

FAILURE: Build completed with 2 failures.

1: Task failed with an exception.
-----------
* What went wrong:
Execution failed for task ':app:compileReleaseKotlin'.
> A failure occurred while executing org.jetbrains.kotlin.compilerRunner.GradleCompilerRunnerWithWorkers$GradleKotlinCompilerWorkAction
   > Compilation error. See log for more details

* Try:
> Run with --info or --debug option to get more log output.
> Run with --scan to get full insights.
> Get more help at https://help.gradle.org.

* Exception is:
org.gradle.api.tasks.TaskExecutionException: Execution failed for task ':app:compileReleaseKotlin'.
        at org.gradle.api.internal.tasks.execution.ExecuteActionsTaskExecuter.lambda$executeIfValid$1(ExecuteActionsTaskExecuter.java:130)
        at org.gradle.internal.Try$Failure.ifSuccessfulOrElse(Try.java:282)
        at org.gradle.api.internal.tasks.execution.ExecuteActionsTaskExecuter.executeIfValid(ExecuteActionsTaskExecuter.java:128)
        at org.gradle.api.internal.tasks.execution.ExecuteActionsTaskExecuter.execute(ExecuteActionsTaskExecuter.java:116)
        at org.gradle.api.internal.tasks.execution.FinalizePropertiesTaskExecuter.execute(FinalizePropertiesTaskExecuter.java:46)
        at org.gradle.api.internal.tasks.execution.ResolveTaskExecutionModeExecuter.execute(ResolveTaskExecutionModeExecuter.java:51)
        at org.gradle.api.internal.tasks.execution.SkipTaskWithNoActionsExecuter.execute(SkipTaskWithNoActionsExecuter.java:57)
        at org.gradle.api.internal.tasks.execution.SkipOnlyIfTaskExecuter.execute(SkipOnlyIfTaskExecuter.java:74)
        at org.gradle.api.internal.tasks.execution.CatchExceptionTaskExecuter.execute(CatchExceptionTaskExecuter.java:36)
        at org.gradle.api.internal.tasks.execution.EventFiringTaskExecuter$1.executeTask(EventFiringTaskExecuter.java:77)
        at org.gradle.api.internal.tasks.execution.EventFiringTaskExecuter$1.call(EventFiringTaskExecuter.java:55)
        at org.gradle.api.internal.tasks.execution.EventFiringTaskExecuter$1.call(EventFiringTaskExecuter.java:52)
        at org.gradle.internal.operations.DefaultBuildOperationRunner$CallableBuildOperationWorker.execute(DefaultBuildOperationRunner.java:200)
        at org.gradle.internal.operations.DefaultBuildOperationRunner$CallableBuildOperationWorker.execute(DefaultBuildOperationRunner.java:195)
        at org.gradle.internal.operations.DefaultBuildOperationRunner$2.execute(DefaultBuildOperationRunner.java:66)
        at org.gradle.internal.operations.DefaultBuildOperationRunner$2.execute(DefaultBuildOperationRunner.java:59)
        at org.gradle.internal.operations.DefaultBuildOperationRunner.execute(DefaultBuildOperationRunner.java:157)
        at org.gradle.internal.operations.DefaultBuildOperationRunner.execute(DefaultBuildOperationRunner.java:59)
        at org.gradle.internal.operations.DefaultBuildOperationRunner.call(DefaultBuildOperationRunner.java:53)
        at org.gradle.internal.operations.DefaultBuildOperationExecutor.call(DefaultBuildOperationExecutor.java:73)
        at org.gradle.api.internal.tasks.execution.EventFiringTaskExecuter.execute(EventFiringTaskExecuter.java:52)
        at org.gradle.execution.plan.LocalTaskNodeExecutor.execute(LocalTaskNodeExecutor.java:42)
        at org.gradle.execution.taskgraph.DefaultTaskExecutionGraph$InvokeNodeExecutorsAction.execute(DefaultTaskExecutionGraph.java:331)
        at org.gradle.execution.taskgraph.DefaultTaskExecutionGraph$InvokeNodeExecutorsAction.execute(DefaultTaskExecutionGraph.java:318)
        at org.gradle.execution.taskgraph.DefaultTaskExecutionGraph$BuildOperationAwareExecutionAction.lambda$execute$0(DefaultTaskExecutionGraph.java:314)
        at org.gradle.internal.operations.CurrentBuildOperationRef.with(CurrentBuildOperationRef.java:80)
        at org.gradle.execution.taskgraph.DefaultTaskExecutionGraph$BuildOperationAwareExecutionAction.execute(DefaultTaskExecutionGraph.java:314)
        at org.gradle.execution.taskgraph.DefaultTaskExecutionGraph$BuildOperationAwareExecutionAction.execute(DefaultTaskExecutionGraph.java:303)
        at org.gradle.execution.plan.DefaultPlanExecutor$ExecutorWorker.execute(DefaultPlanExecutor.java:463)
        at org.gradle.execution.plan.DefaultPlanExecutor$ExecutorWorker.run(DefaultPlanExecutor.java:380)
        at org.gradle.execution.plan.DefaultPlanExecutor.process(DefaultPlanExecutor.java:116)
        at org.gradle.execution.taskgraph.DefaultTaskExecutionGraph.executeWithServices(DefaultTaskExecutionGraph.java:138)
        at org.gradle.execution.taskgraph.DefaultTaskExecutionGraph.execute(DefaultTaskExecutionGraph.java:123)
        at org.gradle.execution.SelectedTaskExecutionAction.execute(SelectedTaskExecutionAction.java:35)
        at org.gradle.execution.DryRunBuildExecutionAction.execute(DryRunBuildExecutionAction.java:51)
        at org.gradle.execution.BuildOperationFiringBuildWorkerExecutor$ExecuteTasks.call(BuildOperationFiringBuildWorkerExecutor.java:54)
        at org.gradle.execution.BuildOperationFiringBuildWorkerExecutor$ExecuteTasks.call(BuildOperationFiringBuildWorkerExecutor.java:43)
        at org.gradle.internal.operations.DefaultBuildOperationRunner$CallableBuildOperationWorker.execute(DefaultBuildOperationRunner.java:200)
        at org.gradle.internal.operations.DefaultBuildOperationRunner$CallableBuildOperationWorker.execute(DefaultBuildOperationRunner.java:195)
        at org.gradle.internal.operations.DefaultBuildOperationRunner$2.execute(DefaultBuildOperationRunner.java:66)
        at org.gradle.internal.operations.DefaultBuildOperationRunner$2.execute(DefaultBuildOperationRunner.java:59)
        at org.gradle.internal.operations.DefaultBuildOperationRunner.execute(DefaultBuildOperationRunner.java:157)
        at org.gradle.internal.operations.DefaultBuildOperationRunner.execute(DefaultBuildOperationRunner.java:59)
        at org.gradle.internal.operations.DefaultBuildOperationRunner.call(DefaultBuildOperationRunner.java:53)
        at org.gradle.internal.operations.DefaultBuildOperationExecutor.call(DefaultBuildOperationExecutor.java:73)
        at org.gradle.execution.BuildOperationFiringBuildWorkerExecutor.execute(BuildOperationFiringBuildWorkerExecutor.java:40)
        at org.gradle.internal.build.DefaultBuildLifecycleController.lambda$executeTasks$10(DefaultBuildLifecycleController.java:313)
        at org.gradle.internal.model.StateTransitionController.doTransition(StateTransitionController.java:266)
        at org.gradle.internal.model.StateTransitionController.lambda$tryTransition$8(StateTransitionController.java:177)
        at org.gradle.internal.work.DefaultSynchronizer.withLock(DefaultSynchronizer.java:44)
        at org.gradle.internal.model.StateTransitionController.tryTransition(StateTransitionController.java:177)
        at org.gradle.internal.build.DefaultBuildLifecycleController.executeTasks(DefaultBuildLifecycleController.java:304)
        at org.gradle.internal.build.DefaultBuildWorkGraphController$DefaultBuildWorkGraph.runWork(DefaultBuildWorkGraphController.java:220)
        at org.gradle.internal.work.DefaultWorkerLeaseService.withLocks(DefaultWorkerLeaseService.java:264)
        at org.gradle.internal.work.DefaultWorkerLeaseService.runAsWorkerThread(DefaultWorkerLeaseService.java:128)
        at org.gradle.composite.internal.DefaultBuildController.doRun(DefaultBuildController.java:181)
        at org.gradle.composite.internal.DefaultBuildController.access$000(DefaultBuildController.java:50)
        at org.gradle.composite.internal.DefaultBuildController$BuildOpRunnable.lambda$run$0(DefaultBuildController.java:198)
        at org.gradle.internal.operations.CurrentBuildOperationRef.with(CurrentBuildOperationRef.java:80)
        at org.gradle.composite.internal.DefaultBuildController$BuildOpRunnable.run(DefaultBuildController.java:198)
        at org.gradle.internal.concurrent.ExecutorPolicy$CatchAndRecordFailures.onExecute(ExecutorPolicy.java:64)
        at org.gradle.internal.concurrent.AbstractManagedExecutor$1.run(AbstractManagedExecutor.java:47)
Caused by: org.gradle.workers.internal.DefaultWorkerExecutor$WorkExecutionException: A failure occurred while executing org.jetbrains.kotlin.compilerRunner.GradleCompilerRunnerWithWorkers$GradleKotlinCompilerWorkAction
        at org.gradle.workers.internal.DefaultWorkerExecutor$WorkItemExecution.waitForCompletion(DefaultWorkerExecutor.java:287)
        at org.gradle.internal.work.DefaultAsyncWorkTracker.lambda$waitForItemsAndGatherFailures$2(DefaultAsyncWorkTracker.java:130)
        at org.gradle.internal.Factories$1.create(Factories.java:31)
        at org.gradle.internal.work.DefaultWorkerLeaseService.withoutLocks(DefaultWorkerLeaseService.java:336)
        at org.gradle.internal.work.DefaultWorkerLeaseService.withoutLocks(DefaultWorkerLeaseService.java:319)
        at org.gradle.internal.work.DefaultWorkerLeaseService.withoutLock(DefaultWorkerLeaseService.java:324)
        at org.gradle.internal.work.DefaultAsyncWorkTracker.waitForItemsAndGatherFailures(DefaultAsyncWorkTracker.java:126)
        at org.gradle.internal.work.DefaultAsyncWorkTracker.waitForItemsAndGatherFailures(DefaultAsyncWorkTracker.java:92)
        at org.gradle.internal.work.DefaultAsyncWorkTracker.waitForAll(DefaultAsyncWorkTracker.java:78)
        at org.gradle.internal.work.DefaultAsyncWorkTracker.waitForCompletion(DefaultAsyncWorkTracker.java:66)
        at org.gradle.api.internal.tasks.execution.TaskExecution$3.run(TaskExecution.java:252)
        at org.gradle.internal.operations.DefaultBuildOperationRunner$1.execute(DefaultBuildOperationRunner.java:29)
        at org.gradle.internal.operations.DefaultBuildOperationRunner$1.execute(DefaultBuildOperationRunner.java:26)
        at org.gradle.internal.operations.DefaultBuildOperationRunner$2.execute(DefaultBuildOperationRunner.java:66)
        at org.gradle.internal.operations.DefaultBuildOperationRunner$2.execute(DefaultBuildOperationRunner.java:59)
        at org.gradle.internal.operations.DefaultBuildOperationRunner.execute(DefaultBuildOperationRunner.java:157)
        at org.gradle.internal.operations.DefaultBuildOperationRunner.execute(DefaultBuildOperationRunner.java:59)
        at org.gradle.internal.operations.DefaultBuildOperationRunner.run(DefaultBuildOperationRunner.java:47)
        at org.gradle.internal.operations.DefaultBuildOperationExecutor.run(DefaultBuildOperationExecutor.java:68)
        at org.gradle.api.internal.tasks.execution.TaskExecution.executeAction(TaskExecution.java:229)
        at org.gradle.api.internal.tasks.execution.TaskExecution.executeActions(TaskExecution.java:212)
        at org.gradle.api.internal.tasks.execution.TaskExecution.executeWithPreviousOutputFiles(TaskExecution.java:195)
        at org.gradle.api.internal.tasks.execution.TaskExecution.execute(TaskExecution.java:162)
        at org.gradle.internal.execution.steps.ExecuteStep.executeInternal(ExecuteStep.java:105)
        at org.gradle.internal.execution.steps.ExecuteStep.access$000(ExecuteStep.java:44)
        at org.gradle.internal.execution.steps.ExecuteStep$1.call(ExecuteStep.java:59)
        at org.gradle.internal.execution.steps.ExecuteStep$1.call(ExecuteStep.java:56)
        at org.gradle.internal.operations.DefaultBuildOperationRunner$CallableBuildOperationWorker.execute(DefaultBuildOperationRunner.java:200)
        at org.gradle.internal.operations.DefaultBuildOperationRunner$CallableBuildOperationWorker.execute(DefaultBuildOperationRunner.java:195)
        at org.gradle.internal.operations.DefaultBuildOperationRunner$2.execute(DefaultBuildOperationRunner.java:66)
        at org.gradle.internal.operations.DefaultBuildOperationRunner$2.execute(DefaultBuildOperationRunner.java:59)
        at org.gradle.internal.operations.DefaultBuildOperationRunner.execute(DefaultBuildOperationRunner.java:157)
        at org.gradle.internal.operations.DefaultBuildOperationRunner.execute(DefaultBuildOperationRunner.java:59)
        at org.gradle.internal.operations.DefaultBuildOperationRunner.call(DefaultBuildOperationRunner.java:53)
        at org.gradle.internal.operations.DefaultBuildOperationExecutor.call(DefaultBuildOperationExecutor.java:73)
        at org.gradle.internal.execution.steps.ExecuteStep.execute(ExecuteStep.java:56)
        at org.gradle.internal.execution.steps.ExecuteStep.execute(ExecuteStep.java:44)
        at org.gradle.internal.execution.steps.CancelExecutionStep.execute(CancelExecutionStep.java:41)
        at org.gradle.internal.execution.steps.TimeoutStep.executeWithoutTimeout(TimeoutStep.java:74)
        at org.gradle.internal.execution.steps.TimeoutStep.execute(TimeoutStep.java:55)
        at org.gradle.internal.execution.steps.PreCreateOutputParentsStep.execute(PreCreateOutputParentsStep.java:50)
        at org.gradle.internal.execution.steps.PreCreateOutputParentsStep.execute(PreCreateOutputParentsStep.java:28)
        at org.gradle.internal.execution.steps.RemovePreviousOutputsStep.execute(RemovePreviousOutputsStep.java:67)
        at org.gradle.internal.execution.steps.RemovePreviousOutputsStep.execute(RemovePreviousOutputsStep.java:37)
        at org.gradle.internal.execution.steps.BroadcastChangingOutputsStep.execute(BroadcastChangingOutputsStep.java:61)
        at org.gradle.internal.execution.steps.BroadcastChangingOutputsStep.execute(BroadcastChangingOutputsStep.java:26)
        at org.gradle.internal.execution.steps.CaptureOutputsAfterExecutionStep.execute(CaptureOutputsAfterExecutionStep.java:67)
        at org.gradle.internal.execution.steps.CaptureOutputsAfterExecutionStep.execute(CaptureOutputsAfterExecutionStep.java:45)
        at org.gradle.internal.execution.steps.ResolveInputChangesStep.execute(ResolveInputChangesStep.java:40)
        at org.gradle.internal.execution.steps.ResolveInputChangesStep.execute(ResolveInputChangesStep.java:29)
        at org.gradle.internal.execution.steps.BuildCacheStep.executeWithoutCache(BuildCacheStep.java:189)
        at org.gradle.internal.execution.steps.BuildCacheStep.executeAndStoreInCache(BuildCacheStep.java:145)
        at org.gradle.internal.execution.steps.BuildCacheStep.lambda$executeWithCache$4(BuildCacheStep.java:101)
        at org.gradle.internal.execution.steps.BuildCacheStep.lambda$executeWithCache$5(BuildCacheStep.java:101)
        at org.gradle.internal.Try$Success.map(Try.java:164)
        at org.gradle.internal.execution.steps.BuildCacheStep.executeWithCache(BuildCacheStep.java:85)
        at org.gradle.internal.execution.steps.BuildCacheStep.lambda$execute$0(BuildCacheStep.java:74)
        at org.gradle.internal.Either$Left.fold(Either.java:115)
        at org.gradle.internal.execution.caching.CachingState.fold(CachingState.java:62)
        at org.gradle.internal.execution.steps.BuildCacheStep.execute(BuildCacheStep.java:73)
        at org.gradle.internal.execution.steps.BuildCacheStep.execute(BuildCacheStep.java:48)
        at org.gradle.internal.execution.steps.StoreExecutionStateStep.execute(StoreExecutionStateStep.java:46)
        at org.gradle.internal.execution.steps.StoreExecutionStateStep.execute(StoreExecutionStateStep.java:35)
        at org.gradle.internal.execution.steps.SkipUpToDateStep.executeBecause(SkipUpToDateStep.java:76)
        at org.gradle.internal.execution.steps.SkipUpToDateStep.lambda$execute$2(SkipUpToDateStep.java:54)
        at org.gradle.internal.execution.steps.SkipUpToDateStep.execute(SkipUpToDateStep.java:54)
        at org.gradle.internal.execution.steps.SkipUpToDateStep.execute(SkipUpToDateStep.java:36)
        at org.gradle.internal.execution.steps.legacy.MarkSnapshottingInputsFinishedStep.execute(MarkSnapshottingInputsFinishedStep.java:37)
        at org.gradle.internal.execution.steps.legacy.MarkSnapshottingInputsFinishedStep.execute(MarkSnapshottingInputsFinishedStep.java:27)
        at org.gradle.internal.execution.steps.ResolveIncrementalCachingStateStep.executeDelegate(ResolveIncrementalCachingStateStep.java:49)
        at org.gradle.internal.execution.steps.ResolveIncrementalCachingStateStep.executeDelegate(ResolveIncrementalCachingStateStep.java:27)
        at org.gradle.internal.execution.steps.AbstractResolveCachingStateStep.execute(AbstractResolveCachingStateStep.java:71)
        at org.gradle.internal.execution.steps.AbstractResolveCachingStateStep.execute(AbstractResolveCachingStateStep.java:39)
        at org.gradle.internal.execution.steps.ResolveChangesStep.execute(ResolveChangesStep.java:65)
        at org.gradle.internal.execution.steps.ResolveChangesStep.execute(ResolveChangesStep.java:36)
        at org.gradle.internal.execution.steps.ValidateStep.execute(ValidateStep.java:106)
        at org.gradle.internal.execution.steps.ValidateStep.execute(ValidateStep.java:55)
        at org.gradle.internal.execution.steps.AbstractCaptureStateBeforeExecutionStep.execute(AbstractCaptureStateBeforeExecutionStep.java:64)
        at org.gradle.internal.execution.steps.AbstractCaptureStateBeforeExecutionStep.execute(AbstractCaptureStateBeforeExecutionStep.java:43)
        at org.gradle.internal.execution.steps.AbstractSkipEmptyWorkStep.executeWithNonEmptySources(AbstractSkipEmptyWorkStep.java:125)
        at org.gradle.internal.execution.steps.AbstractSkipEmptyWorkStep.execute(AbstractSkipEmptyWorkStep.java:61)
        at org.gradle.internal.execution.steps.AbstractSkipEmptyWorkStep.execute(AbstractSkipEmptyWorkStep.java:36)
        at org.gradle.internal.execution.steps.legacy.MarkSnapshottingInputsStartedStep.execute(MarkSnapshottingInputsStartedStep.java:38)
        at org.gradle.internal.execution.steps.LoadPreviousExecutionStateStep.execute(LoadPreviousExecutionStateStep.java:36)
        at org.gradle.internal.execution.steps.LoadPreviousExecutionStateStep.execute(LoadPreviousExecutionStateStep.java:23)
        at org.gradle.internal.execution.steps.HandleStaleOutputsStep.execute(HandleStaleOutputsStep.java:75)
        at org.gradle.internal.execution.steps.HandleStaleOutputsStep.execute(HandleStaleOutputsStep.java:41)
        at org.gradle.internal.execution.steps.AssignMutableWorkspaceStep.lambda$execute$0(AssignMutableWorkspaceStep.java:35)
        at org.gradle.api.internal.tasks.execution.TaskExecution$4.withWorkspace(TaskExecution.java:289)
        at org.gradle.internal.execution.steps.AssignMutableWorkspaceStep.execute(AssignMutableWorkspaceStep.java:31)
        at org.gradle.internal.execution.steps.AssignMutableWorkspaceStep.execute(AssignMutableWorkspaceStep.java:22)
        at org.gradle.internal.execution.steps.ChoosePipelineStep.execute(ChoosePipelineStep.java:40)
        at org.gradle.internal.execution.steps.ChoosePipelineStep.execute(ChoosePipelineStep.java:23)
        at org.gradle.internal.execution.steps.ExecuteWorkBuildOperationFiringStep.lambda$execute$2(ExecuteWorkBuildOperationFiringStep.java:67)
        at org.gradle.internal.execution.steps.ExecuteWorkBuildOperationFiringStep.execute(ExecuteWorkBuildOperationFiringStep.java:67)
        at org.gradle.internal.execution.steps.ExecuteWorkBuildOperationFiringStep.execute(ExecuteWorkBuildOperationFiringStep.java:39)
        at org.gradle.internal.execution.steps.IdentityCacheStep.execute(IdentityCacheStep.java:46)
        at org.gradle.internal.execution.steps.IdentityCacheStep.execute(IdentityCacheStep.java:34)
        at org.gradle.internal.execution.steps.IdentifyStep.execute(IdentifyStep.java:48)
        at org.gradle.internal.execution.steps.IdentifyStep.execute(IdentifyStep.java:35)
        at org.gradle.internal.execution.impl.DefaultExecutionEngine$1.execute(DefaultExecutionEngine.java:61)
        at org.gradle.api.internal.tasks.execution.ExecuteActionsTaskExecuter.executeIfValid(ExecuteActionsTaskExecuter.java:127)
        at org.gradle.api.internal.tasks.execution.ExecuteActionsTaskExecuter.execute(ExecuteActionsTaskExecuter.java:116)
        at org.gradle.api.internal.tasks.execution.FinalizePropertiesTaskExecuter.execute(FinalizePropertiesTaskExecuter.java:46)
        at org.gradle.api.internal.tasks.execution.ResolveTaskExecutionModeExecuter.execute(ResolveTaskExecutionModeExecuter.java:51)
        at org.gradle.api.internal.tasks.execution.SkipTaskWithNoActionsExecuter.execute(SkipTaskWithNoActionsExecuter.java:57)
        at org.gradle.api.internal.tasks.execution.SkipOnlyIfTaskExecuter.execute(SkipOnlyIfTaskExecuter.java:74)
        at org.gradle.api.internal.tasks.execution.CatchExceptionTaskExecuter.execute(CatchExceptionTaskExecuter.java:36)
        at org.gradle.api.internal.tasks.execution.EventFiringTaskExecuter$1.executeTask(EventFiringTaskExecuter.java:77)
        at org.gradle.api.internal.tasks.execution.EventFiringTaskExecuter$1.call(EventFiringTaskExecuter.java:55)
        at org.gradle.api.internal.tasks.execution.EventFiringTaskExecuter$1.call(EventFiringTaskExecuter.java:52)
        at org.gradle.internal.operations.DefaultBuildOperationRunner$CallableBuildOperationWorker.execute(DefaultBuildOperationRunner.java:200)
        at org.gradle.internal.operations.DefaultBuildOperationRunner$CallableBuildOperationWorker.execute(DefaultBuildOperationRunner.java:195)
        at org.gradle.internal.operations.DefaultBuildOperationRunner$2.execute(DefaultBuildOperationRunner.java:66)
        at org.gradle.internal.operations.DefaultBuildOperationRunner$2.execute(DefaultBuildOperationRunner.java:59)
        at org.gradle.internal.operations.DefaultBuildOperationRunner.execute(DefaultBuildOperationRunner.java:157)
        at org.gradle.internal.operations.DefaultBuildOperationRunner.execute(DefaultBuildOperationRunner.java:59)
        at org.gradle.internal.operations.DefaultBuildOperationRunner.call(DefaultBuildOperationRunner.java:53)
        at org.gradle.internal.operations.DefaultBuildOperationExecutor.call(DefaultBuildOperationExecutor.java:73)
        at org.gradle.api.internal.tasks.execution.EventFiringTaskExecuter.execute(EventFiringTaskExecuter.java:52)
        at org.gradle.execution.plan.LocalTaskNodeExecutor.execute(LocalTaskNodeExecutor.java:42)
        at org.gradle.execution.taskgraph.DefaultTaskExecutionGraph$InvokeNodeExecutorsAction.execute(DefaultTaskExecutionGraph.java:331)
        at org.gradle.execution.taskgraph.DefaultTaskExecutionGraph$InvokeNodeExecutorsAction.execute(DefaultTaskExecutionGraph.java:318)
        at org.gradle.execution.taskgraph.DefaultTaskExecutionGraph$BuildOperationAwareExecutionAction.lambda$execute$0(DefaultTaskExecutionGraph.java:314)
        at org.gradle.internal.operations.CurrentBuildOperationRef.with(CurrentBuildOperationRef.java:80)
        at org.gradle.execution.taskgraph.DefaultTaskExecutionGraph$BuildOperationAwareExecutionAction.execute(DefaultTaskExecutionGraph.java:314)
        at org.gradle.execution.taskgraph.DefaultTaskExecutionGraph$BuildOperationAwareExecutionAction.execute(DefaultTaskExecutionGraph.java:303)
        at org.gradle.execution.plan.DefaultPlanExecutor$ExecutorWorker.execute(DefaultPlanExecutor.java:463)
        at org.gradle.execution.plan.DefaultPlanExecutor$ExecutorWorker.run(DefaultPlanExecutor.java:380)
        at org.gradle.execution.plan.DefaultPlanExecutor.process(DefaultPlanExecutor.java:116)
        at org.gradle.execution.taskgraph.DefaultTaskExecutionGraph.executeWithServices(DefaultTaskExecutionGraph.java:138)
        at org.gradle.execution.taskgraph.DefaultTaskExecutionGraph.execute(DefaultTaskExecutionGraph.java:123)
        at org.gradle.execution.SelectedTaskExecutionAction.execute(SelectedTaskExecutionAction.java:35)
        at org.gradle.execution.DryRunBuildExecutionAction.execute(DryRunBuildExecutionAction.java:51)
        at org.gradle.execution.BuildOperationFiringBuildWorkerExecutor$ExecuteTasks.call(BuildOperationFiringBuildWorkerExecutor.java:54)
        at org.gradle.execution.BuildOperationFiringBuildWorkerExecutor$ExecuteTasks.call(BuildOperationFiringBuildWorkerExecutor.java:43)
        at org.gradle.internal.operations.DefaultBuildOperationRunner$CallableBuildOperationWorker.execute(DefaultBuildOperationRunner.java:200)
        at org.gradle.internal.operations.DefaultBuildOperationRunner$CallableBuildOperationWorker.execute(DefaultBuildOperationRunner.java:195)
        at org.gradle.internal.operations.DefaultBuildOperationRunner$2.execute(DefaultBuildOperationRunner.java:66)
        at org.gradle.internal.operations.DefaultBuildOperationRunner$2.execute(DefaultBuildOperationRunner.java:59)
        at org.gradle.internal.operations.DefaultBuildOperationRunner.execute(DefaultBuildOperationRunner.java:157)
        at org.gradle.internal.operations.DefaultBuildOperationRunner.execute(DefaultBuildOperationRunner.java:59)
        at org.gradle.internal.operations.DefaultBuildOperationRunner.call(DefaultBuildOperationRunner.java:53)
        at org.gradle.internal.operations.DefaultBuildOperationExecutor.call(DefaultBuildOperationExecutor.java:73)
        at org.gradle.execution.BuildOperationFiringBuildWorkerExecutor.execute(BuildOperationFiringBuildWorkerExecutor.java:40)
        at org.gradle.internal.build.DefaultBuildLifecycleController.lambda$executeTasks$10(DefaultBuildLifecycleController.java:313)
        at org.gradle.internal.model.StateTransitionController.doTransition(StateTransitionController.java:266)
        at org.gradle.internal.model.StateTransitionController.lambda$tryTransition$8(StateTransitionController.java:177)
        at org.gradle.internal.work.DefaultSynchronizer.withLock(DefaultSynchronizer.java:44)
        at org.gradle.internal.model.StateTransitionController.tryTransition(StateTransitionController.java:177)
        at org.gradle.internal.build.DefaultBuildLifecycleController.executeTasks(DefaultBuildLifecycleController.java:304)
        at org.gradle.internal.build.DefaultBuildWorkGraphController$DefaultBuildWorkGraph.runWork(DefaultBuildWorkGraphController.java:220)
        at org.gradle.internal.work.DefaultWorkerLeaseService.withLocks(DefaultWorkerLeaseService.java:264)
        at org.gradle.internal.work.DefaultWorkerLeaseService.runAsWorkerThread(DefaultWorkerLeaseService.java:128)
        at org.gradle.composite.internal.DefaultBuildController.doRun(DefaultBuildController.java:181)
        at org.gradle.composite.internal.DefaultBuildController.access$000(DefaultBuildController.java:50)
        at org.gradle.composite.internal.DefaultBuildController$BuildOpRunnable.lambda$run$0(DefaultBuildController.java:198)
        at org.gradle.internal.operations.CurrentBuildOperationRef.with(CurrentBuildOperationRef.java:80)
        at org.gradle.composite.internal.DefaultBuildController$BuildOpRunnable.run(DefaultBuildController.java:198)
        at org.gradle.internal.concurrent.ExecutorPolicy$CatchAndRecordFailures.onExecute(ExecutorPolicy.java:64)
        at org.gradle.internal.concurrent.AbstractManagedExecutor$1.run(AbstractManagedExecutor.java:47)
Caused by: org.jetbrains.kotlin.gradle.tasks.CompilationErrorException: Compilation error. See log for more details
        at org.jetbrains.kotlin.gradle.tasks.TasksUtilsKt.throwExceptionIfCompilationFailed(tasksUtils.kt:21)
        at org.jetbrains.kotlin.compilerRunner.GradleKotlinCompilerWork.run(GradleKotlinCompilerWork.kt:119)
        at org.jetbrains.kotlin.compilerRunner.GradleCompilerRunnerWithWorkers$GradleKotlinCompilerWorkAction.execute(GradleCompilerRunnerWithWorkers.kt:76)
        at org.gradle.workers.internal.DefaultWorkerServer.execute(DefaultWorkerServer.java:63)
        at org.gradle.workers.internal.NoIsolationWorkerFactory$1$1.create(NoIsolationWorkerFactory.java:66)
        at org.gradle.workers.internal.NoIsolationWorkerFactory$1$1.create(NoIsolationWorkerFactory.java:62)
        at org.gradle.internal.classloader.ClassLoaderUtils.executeInClassloader(ClassLoaderUtils.java:100)
        at org.gradle.workers.internal.NoIsolationWorkerFactory$1.lambda$execute$0(NoIsolationWorkerFactory.java:62)
        at org.gradle.workers.internal.AbstractWorker$1.call(AbstractWorker.java:44)
        at org.gradle.workers.internal.AbstractWorker$1.call(AbstractWorker.java:41)
        at org.gradle.internal.operations.DefaultBuildOperationRunner$CallableBuildOperationWorker.execute(DefaultBuildOperationRunner.java:200)
        at org.gradle.internal.operations.DefaultBuildOperationRunner$CallableBuildOperationWorker.execute(DefaultBuildOperationRunner.java:195)
        at org.gradle.internal.operations.DefaultBuildOperationRunner$2.execute(DefaultBuildOperationRunner.java:66)
        at org.gradle.internal.operations.DefaultBuildOperationRunner$2.execute(DefaultBuildOperationRunner.java:59)
        at org.gradle.internal.operations.DefaultBuildOperationRunner.execute(DefaultBuildOperationRunner.java:157)
        at org.gradle.internal.operations.DefaultBuildOperationRunner.execute(DefaultBuildOperationRunner.java:59)
        at org.gradle.internal.operations.DefaultBuildOperationRunner.call(DefaultBuildOperationRunner.java:53)
        at org.gradle.internal.operations.DefaultBuildOperationExecutor.call(DefaultBuildOperationExecutor.java:73)
        at org.gradle.workers.internal.AbstractWorker.executeWrappedInBuildOperation(AbstractWorker.java:41)
        at org.gradle.workers.internal.NoIsolationWorkerFactory$1.execute(NoIsolationWorkerFactory.java:59)
        at org.gradle.workers.internal.DefaultWorkerExecutor.lambda$submitWork$0(DefaultWorkerExecutor.java:174)
        at org.gradle.internal.work.DefaultConditionalExecutionQueue$ExecutionRunner.runExecution(DefaultConditionalExecutionQueue.java:187)
        at org.gradle.internal.work.DefaultConditionalExecutionQueue$ExecutionRunner.access$700(DefaultConditionalExecutionQueue.java:120)
        at org.gradle.internal.work.DefaultConditionalExecutionQueue$ExecutionRunner$1.run(DefaultConditionalExecutionQueue.java:162)
        at org.gradle.internal.Factories$1.create(Factories.java:31)
        at org.gradle.internal.work.DefaultWorkerLeaseService.withLocks(DefaultWorkerLeaseService.java:264)
        at org.gradle.internal.work.DefaultWorkerLeaseService.runAsWorkerThread(DefaultWorkerLeaseService.java:128)
        at org.gradle.internal.work.DefaultWorkerLeaseService.runAsWorkerThread(DefaultWorkerLeaseService.java:133)
        at org.gradle.internal.work.DefaultConditionalExecutionQueue$ExecutionRunner.runBatch(DefaultConditionalExecutionQueue.java:157)
        at org.gradle.internal.work.DefaultConditionalExecutionQueue$ExecutionRunner.run(DefaultConditionalExecutionQueue.java:126)
        ... 2 more

==============================================================================

2: Task failed with an exception.
-----------
* What went wrong:
Execution failed for task ':app:compileDebugKotlin'.
> A failure occurred while executing org.jetbrains.kotlin.compilerRunner.GradleCompilerRunnerWithWorkers$GradleKotlinCompilerWorkAction
   > Compilation error. See log for more details

* Try:
> Run with --info or --debug option to get more log output.
> Run with --scan to get full insights.
> Get more help at https://help.gradle.org.

* Exception is:
org.gradle.api.tasks.TaskExecutionException: Execution failed for task ':app:compileDebugKotlin'.
        at org.gradle.api.internal.tasks.execution.ExecuteActionsTaskExecuter.lambda$executeIfValid$1(ExecuteActionsTaskExecuter.java:130)
        at org.gradle.internal.Try$Failure.ifSuccessfulOrElse(Try.java:282)
        at org.gradle.api.internal.tasks.execution.ExecuteActionsTaskExecuter.executeIfValid(ExecuteActionsTaskExecuter.java:128)
        at org.gradle.api.internal.tasks.execution.ExecuteActionsTaskExecuter.execute(ExecuteActionsTaskExecuter.java:116)
        at org.gradle.api.internal.tasks.execution.FinalizePropertiesTaskExecuter.execute(FinalizePropertiesTaskExecuter.java:46)
        at org.gradle.api.internal.tasks.execution.ResolveTaskExecutionModeExecuter.execute(ResolveTaskExecutionModeExecuter.java:51)
        at org.gradle.api.internal.tasks.execution.SkipTaskWithNoActionsExecuter.execute(SkipTaskWithNoActionsExecuter.java:57)
        at org.gradle.api.internal.tasks.execution.SkipOnlyIfTaskExecuter.execute(SkipOnlyIfTaskExecuter.java:74)
        at org.gradle.api.internal.tasks.execution.CatchExceptionTaskExecuter.execute(CatchExceptionTaskExecuter.java:36)
        at org.gradle.api.internal.tasks.execution.EventFiringTaskExecuter$1.executeTask(EventFiringTaskExecuter.java:77)
        at org.gradle.api.internal.tasks.execution.EventFiringTaskExecuter$1.call(EventFiringTaskExecuter.java:55)
        at org.gradle.api.internal.tasks.execution.EventFiringTaskExecuter$1.call(EventFiringTaskExecuter.java:52)
        at org.gradle.internal.operations.DefaultBuildOperationRunner$CallableBuildOperationWorker.execute(DefaultBuildOperationRunner.java:200)
        at org.gradle.internal.operations.DefaultBuildOperationRunner$CallableBuildOperationWorker.execute(DefaultBuildOperationRunner.java:195)
        at org.gradle.internal.operations.DefaultBuildOperationRunner$2.execute(DefaultBuildOperationRunner.java:66)
        at org.gradle.internal.operations.DefaultBuildOperationRunner$2.execute(DefaultBuildOperationRunner.java:59)
        at org.gradle.internal.operations.DefaultBuildOperationRunner.execute(DefaultBuildOperationRunner.java:157)
        at org.gradle.internal.operations.DefaultBuildOperationRunner.execute(DefaultBuildOperationRunner.java:59)
        at org.gradle.internal.operations.DefaultBuildOperationRunner.call(DefaultBuildOperationRunner.java:53)
        at org.gradle.internal.operations.DefaultBuildOperationExecutor.call(DefaultBuildOperationExecutor.java:73)
        at org.gradle.api.internal.tasks.execution.EventFiringTaskExecuter.execute(EventFiringTaskExecuter.java:52)
        at org.gradle.execution.plan.LocalTaskNodeExecutor.execute(LocalTaskNodeExecutor.java:42)
        at org.gradle.execution.taskgraph.DefaultTaskExecutionGraph$InvokeNodeExecutorsAction.execute(DefaultTaskExecutionGraph.java:331)
        at org.gradle.execution.taskgraph.DefaultTaskExecutionGraph$InvokeNodeExecutorsAction.execute(DefaultTaskExecutionGraph.java:318)
        at org.gradle.execution.taskgraph.DefaultTaskExecutionGraph$BuildOperationAwareExecutionAction.lambda$execute$0(DefaultTaskExecutionGraph.java:314)
        at org.gradle.internal.operations.CurrentBuildOperationRef.with(CurrentBuildOperationRef.java:80)
        at org.gradle.execution.taskgraph.DefaultTaskExecutionGraph$BuildOperationAwareExecutionAction.execute(DefaultTaskExecutionGraph.java:314)
        at org.gradle.execution.taskgraph.DefaultTaskExecutionGraph$BuildOperationAwareExecutionAction.execute(DefaultTaskExecutionGraph.java:303)
        at org.gradle.execution.plan.DefaultPlanExecutor$ExecutorWorker.execute(DefaultPlanExecutor.java:463)
        at org.gradle.execution.plan.DefaultPlanExecutor$ExecutorWorker.run(DefaultPlanExecutor.java:380)
        at org.gradle.internal.concurrent.ExecutorPolicy$CatchAndRecordFailures.onExecute(ExecutorPolicy.java:64)
        at org.gradle.internal.concurrent.AbstractManagedExecutor$1.run(AbstractManagedExecutor.java:47)
        at java.base/java.util.concurrent.ThreadPoolExecutor.runWorker(ThreadPoolExecutor.java:1144)
        at java.base/java.util.concurrent.ThreadPoolExecutor$Worker.run(ThreadPoolExecutor.java:642)
        at java.base/java.lang.Thread.run(Thread.java:1583)
Caused by: org.gradle.workers.internal.DefaultWorkerExecutor$WorkExecutionException: A failure occurred while executing org.jetbrains.kotlin.compilerRunner.GradleCompilerRunnerWithWorkers$GradleKotlinCompilerWorkAction
        at org.gradle.workers.internal.DefaultWorkerExecutor$WorkItemExecution.waitForCompletion(DefaultWorkerExecutor.java:287)
        at org.gradle.internal.work.DefaultAsyncWorkTracker.lambda$waitForItemsAndGatherFailures$2(DefaultAsyncWorkTracker.java:130)
        at org.gradle.internal.Factories$1.create(Factories.java:31)
        at org.gradle.internal.work.DefaultWorkerLeaseService.withoutLocks(DefaultWorkerLeaseService.java:336)
        at org.gradle.internal.work.DefaultWorkerLeaseService.withoutLocks(DefaultWorkerLeaseService.java:319)
        at org.gradle.internal.work.DefaultWorkerLeaseService.withoutLock(DefaultWorkerLeaseService.java:324)
        at org.gradle.internal.work.DefaultAsyncWorkTracker.waitForItemsAndGatherFailures(DefaultAsyncWorkTracker.java:126)
        at org.gradle.internal.work.DefaultAsyncWorkTracker.waitForItemsAndGatherFailures(DefaultAsyncWorkTracker.java:92)
        at org.gradle.internal.work.DefaultAsyncWorkTracker.waitForAll(DefaultAsyncWorkTracker.java:78)
        at org.gradle.internal.work.DefaultAsyncWorkTracker.waitForCompletion(DefaultAsyncWorkTracker.java:66)
        at org.gradle.api.internal.tasks.execution.TaskExecution$3.run(TaskExecution.java:252)
        at org.gradle.internal.operations.DefaultBuildOperationRunner$1.execute(DefaultBuildOperationRunner.java:29)
        at org.gradle.internal.operations.DefaultBuildOperationRunner$1.execute(DefaultBuildOperationRunner.java:26)
        at org.gradle.internal.operations.DefaultBuildOperationRunner$2.execute(DefaultBuildOperationRunner.java:66)
        at org.gradle.internal.operations.DefaultBuildOperationRunner$2.execute(DefaultBuildOperationRunner.java:59)
        at org.gradle.internal.operations.DefaultBuildOperationRunner.execute(DefaultBuildOperationRunner.java:157)
        at org.gradle.internal.operations.DefaultBuildOperationRunner.execute(DefaultBuildOperationRunner.java:59)
        at org.gradle.internal.operations.DefaultBuildOperationRunner.run(DefaultBuildOperationRunner.java:47)
        at org.gradle.internal.operations.DefaultBuildOperationExecutor.run(DefaultBuildOperationExecutor.java:68)
        at org.gradle.api.internal.tasks.execution.TaskExecution.executeAction(TaskExecution.java:229)
        at org.gradle.api.internal.tasks.execution.TaskExecution.executeActions(TaskExecution.java:212)
        at org.gradle.api.internal.tasks.execution.TaskExecution.executeWithPreviousOutputFiles(TaskExecution.java:195)
        at org.gradle.api.internal.tasks.execution.TaskExecution.execute(TaskExecution.java:162)
        at org.gradle.internal.execution.steps.ExecuteStep.executeInternal(ExecuteStep.java:105)
        at org.gradle.internal.execution.steps.ExecuteStep.access$000(ExecuteStep.java:44)
        at org.gradle.internal.execution.steps.ExecuteStep$1.call(ExecuteStep.java:59)
        at org.gradle.internal.execution.steps.ExecuteStep$1.call(ExecuteStep.java:56)
        at org.gradle.internal.operations.DefaultBuildOperationRunner$CallableBuildOperationWorker.execute(DefaultBuildOperationRunner.java:200)
        at org.gradle.internal.operations.DefaultBuildOperationRunner$CallableBuildOperationWorker.execute(DefaultBuildOperationRunner.java:195)
        at org.gradle.internal.operations.DefaultBuildOperationRunner$2.execute(DefaultBuildOperationRunner.java:66)
        at org.gradle.internal.operations.DefaultBuildOperationRunner$2.execute(DefaultBuildOperationRunner.java:59)
        at org.gradle.internal.operations.DefaultBuildOperationRunner.execute(DefaultBuildOperationRunner.java:157)
        at org.gradle.internal.operations.DefaultBuildOperationRunner.execute(DefaultBuildOperationRunner.java:59)
        at org.gradle.internal.operations.DefaultBuildOperationRunner.call(DefaultBuildOperationRunner.java:53)
        at org.gradle.internal.operations.DefaultBuildOperationExecutor.call(DefaultBuildOperationExecutor.java:73)
        at org.gradle.internal.execution.steps.ExecuteStep.execute(ExecuteStep.java:56)
        at org.gradle.internal.execution.steps.ExecuteStep.execute(ExecuteStep.java:44)
        at org.gradle.internal.execution.steps.CancelExecutionStep.execute(CancelExecutionStep.java:41)
        at org.gradle.internal.execution.steps.TimeoutStep.executeWithoutTimeout(TimeoutStep.java:74)
        at org.gradle.internal.execution.steps.TimeoutStep.execute(TimeoutStep.java:55)
        at org.gradle.internal.execution.steps.PreCreateOutputParentsStep.execute(PreCreateOutputParentsStep.java:50)
        at org.gradle.internal.execution.steps.PreCreateOutputParentsStep.execute(PreCreateOutputParentsStep.java:28)
        at org.gradle.internal.execution.steps.RemovePreviousOutputsStep.execute(RemovePreviousOutputsStep.java:67)
        at org.gradle.internal.execution.steps.RemovePreviousOutputsStep.execute(RemovePreviousOutputsStep.java:37)
        at org.gradle.internal.execution.steps.BroadcastChangingOutputsStep.execute(BroadcastChangingOutputsStep.java:61)
        at org.gradle.internal.execution.steps.BroadcastChangingOutputsStep.execute(BroadcastChangingOutputsStep.java:26)
        at org.gradle.internal.execution.steps.CaptureOutputsAfterExecutionStep.execute(CaptureOutputsAfterExecutionStep.java:67)
        at org.gradle.internal.execution.steps.CaptureOutputsAfterExecutionStep.execute(CaptureOutputsAfterExecutionStep.java:45)
        at org.gradle.internal.execution.steps.ResolveInputChangesStep.execute(ResolveInputChangesStep.java:40)
        at org.gradle.internal.execution.steps.ResolveInputChangesStep.execute(ResolveInputChangesStep.java:29)
        at org.gradle.internal.execution.steps.BuildCacheStep.executeWithoutCache(BuildCacheStep.java:189)
        at org.gradle.internal.execution.steps.BuildCacheStep.executeAndStoreInCache(BuildCacheStep.java:145)
        at org.gradle.internal.execution.steps.BuildCacheStep.lambda$executeWithCache$4(BuildCacheStep.java:101)
        at java.base/java.util.Optional.orElseGet(Optional.java:364)
        at org.gradle.internal.execution.steps.BuildCacheStep.lambda$executeWithCache$5(BuildCacheStep.java:101)
        at org.gradle.internal.Try$Success.map(Try.java:164)
        at org.gradle.internal.execution.steps.BuildCacheStep.executeWithCache(BuildCacheStep.java:85)
        at org.gradle.internal.execution.steps.BuildCacheStep.lambda$execute$0(BuildCacheStep.java:74)
        at org.gradle.internal.Either$Left.fold(Either.java:115)
        at org.gradle.internal.execution.caching.CachingState.fold(CachingState.java:62)
        at org.gradle.internal.execution.steps.BuildCacheStep.execute(BuildCacheStep.java:73)
        at org.gradle.internal.execution.steps.BuildCacheStep.execute(BuildCacheStep.java:48)
        at org.gradle.internal.execution.steps.StoreExecutionStateStep.execute(StoreExecutionStateStep.java:46)
        at org.gradle.internal.execution.steps.StoreExecutionStateStep.execute(StoreExecutionStateStep.java:35)
        at org.gradle.internal.execution.steps.SkipUpToDateStep.executeBecause(SkipUpToDateStep.java:76)
        at org.gradle.internal.execution.steps.SkipUpToDateStep.lambda$execute$2(SkipUpToDateStep.java:54)
        at java.base/java.util.Optional.orElseGet(Optional.java:364)
        at org.gradle.internal.execution.steps.SkipUpToDateStep.execute(SkipUpToDateStep.java:54)
        at org.gradle.internal.execution.steps.SkipUpToDateStep.execute(SkipUpToDateStep.java:36)
        at org.gradle.internal.execution.steps.legacy.MarkSnapshottingInputsFinishedStep.execute(MarkSnapshottingInputsFinishedStep.java:37)
        at org.gradle.internal.execution.steps.legacy.MarkSnapshottingInputsFinishedStep.execute(MarkSnapshottingInputsFinishedStep.java:27)
        at org.gradle.internal.execution.steps.ResolveIncrementalCachingStateStep.executeDelegate(ResolveIncrementalCachingStateStep.java:49)
        at org.gradle.internal.execution.steps.ResolveIncrementalCachingStateStep.executeDelegate(ResolveIncrementalCachingStateStep.java:27)
        at org.gradle.internal.execution.steps.AbstractResolveCachingStateStep.execute(AbstractResolveCachingStateStep.java:71)
        at org.gradle.internal.execution.steps.AbstractResolveCachingStateStep.execute(AbstractResolveCachingStateStep.java:39)
        at org.gradle.internal.execution.steps.ResolveChangesStep.execute(ResolveChangesStep.java:65)
        at org.gradle.internal.execution.steps.ResolveChangesStep.execute(ResolveChangesStep.java:36)
        at org.gradle.internal.execution.steps.ValidateStep.execute(ValidateStep.java:106)
        at org.gradle.internal.execution.steps.ValidateStep.execute(ValidateStep.java:55)
        at org.gradle.internal.execution.steps.AbstractCaptureStateBeforeExecutionStep.execute(AbstractCaptureStateBeforeExecutionStep.java:64)
        at org.gradle.internal.execution.steps.AbstractCaptureStateBeforeExecutionStep.execute(AbstractCaptureStateBeforeExecutionStep.java:43)
        at org.gradle.internal.execution.steps.AbstractSkipEmptyWorkStep.executeWithNonEmptySources(AbstractSkipEmptyWorkStep.java:125)
        at org.gradle.internal.execution.steps.AbstractSkipEmptyWorkStep.execute(AbstractSkipEmptyWorkStep.java:61)
        at org.gradle.internal.execution.steps.AbstractSkipEmptyWorkStep.execute(AbstractSkipEmptyWorkStep.java:36)
        at org.gradle.internal.execution.steps.legacy.MarkSnapshottingInputsStartedStep.execute(MarkSnapshottingInputsStartedStep.java:38)
        at org.gradle.internal.execution.steps.LoadPreviousExecutionStateStep.execute(LoadPreviousExecutionStateStep.java:36)
        at org.gradle.internal.execution.steps.LoadPreviousExecutionStateStep.execute(LoadPreviousExecutionStateStep.java:23)
        at org.gradle.internal.execution.steps.HandleStaleOutputsStep.execute(HandleStaleOutputsStep.java:75)
        at org.gradle.internal.execution.steps.HandleStaleOutputsStep.execute(HandleStaleOutputsStep.java:41)
        at org.gradle.internal.execution.steps.AssignMutableWorkspaceStep.lambda$execute$0(AssignMutableWorkspaceStep.java:35)
        at org.gradle.api.internal.tasks.execution.TaskExecution$4.withWorkspace(TaskExecution.java:289)
        at org.gradle.internal.execution.steps.AssignMutableWorkspaceStep.execute(AssignMutableWorkspaceStep.java:31)
        at org.gradle.internal.execution.steps.AssignMutableWorkspaceStep.execute(AssignMutableWorkspaceStep.java:22)
        at org.gradle.internal.execution.steps.ChoosePipelineStep.execute(ChoosePipelineStep.java:40)
        at org.gradle.internal.execution.steps.ChoosePipelineStep.execute(ChoosePipelineStep.java:23)
        at org.gradle.internal.execution.steps.ExecuteWorkBuildOperationFiringStep.lambda$execute$2(ExecuteWorkBuildOperationFiringStep.java:67)
        at java.base/java.util.Optional.orElseGet(Optional.java:364)
        at org.gradle.internal.execution.steps.ExecuteWorkBuildOperationFiringStep.execute(ExecuteWorkBuildOperationFiringStep.java:67)
        at org.gradle.internal.execution.steps.ExecuteWorkBuildOperationFiringStep.execute(ExecuteWorkBuildOperationFiringStep.java:39)
        at org.gradle.internal.execution.steps.IdentityCacheStep.execute(IdentityCacheStep.java:46)
        at org.gradle.internal.execution.steps.IdentityCacheStep.execute(IdentityCacheStep.java:34)
        at org.gradle.internal.execution.steps.IdentifyStep.execute(IdentifyStep.java:48)
        at org.gradle.internal.execution.steps.IdentifyStep.execute(IdentifyStep.java:35)
        at org.gradle.internal.execution.impl.DefaultExecutionEngine$1.execute(DefaultExecutionEngine.java:61)
        at org.gradle.api.internal.tasks.execution.ExecuteActionsTaskExecuter.executeIfValid(ExecuteActionsTaskExecuter.java:127)
        at org.gradle.api.internal.tasks.execution.ExecuteActionsTaskExecuter.execute(ExecuteActionsTaskExecuter.java:116)
        at org.gradle.api.internal.tasks.execution.FinalizePropertiesTaskExecuter.execute(FinalizePropertiesTaskExecuter.java:46)
        at org.gradle.api.internal.tasks.execution.ResolveTaskExecutionModeExecuter.execute(ResolveTaskExecutionModeExecuter.java:51)
        at org.gradle.api.internal.tasks.execution.SkipTaskWithNoActionsExecuter.execute(SkipTaskWithNoActionsExecuter.java:57)
        at org.gradle.api.internal.tasks.execution.SkipOnlyIfTaskExecuter.execute(SkipOnlyIfTaskExecuter.java:74)
        at org.gradle.api.internal.tasks.execution.CatchExceptionTaskExecuter.execute(CatchExceptionTaskExecuter.java:36)
        at org.gradle.api.internal.tasks.execution.EventFiringTaskExecuter$1.executeTask(EventFiringTaskExecuter.java:77)
        at org.gradle.api.internal.tasks.execution.EventFiringTaskExecuter$1.call(EventFiringTaskExecuter.java:55)
        at org.gradle.api.internal.tasks.execution.EventFiringTaskExecuter$1.call(EventFiringTaskExecuter.java:52)
        at org.gradle.internal.operations.DefaultBuildOperationRunner$CallableBuildOperationWorker.execute(DefaultBuildOperationRunner.java:200)
        at org.gradle.internal.operations.DefaultBuildOperationRunner$CallableBuildOperationWorker.execute(DefaultBuildOperationRunner.java:195)
        at org.gradle.internal.operations.DefaultBuildOperationRunner$2.execute(DefaultBuildOperationRunner.java:66)
        at org.gradle.internal.operations.DefaultBuildOperationRunner$2.execute(DefaultBuildOperationRunner.java:59)
        at org.gradle.internal.operations.DefaultBuildOperationRunner.execute(DefaultBuildOperationRunner.java:157)
        at org.gradle.internal.operations.DefaultBuildOperationRunner.execute(DefaultBuildOperationRunner.java:59)
        at org.gradle.internal.operations.DefaultBuildOperationRunner.call(DefaultBuildOperationRunner.java:53)
        at org.gradle.internal.operations.DefaultBuildOperationExecutor.call(DefaultBuildOperationExecutor.java:73)
        at org.gradle.api.internal.tasks.execution.EventFiringTaskExecuter.execute(EventFiringTaskExecuter.java:52)
        at org.gradle.execution.plan.LocalTaskNodeExecutor.execute(LocalTaskNodeExecutor.java:42)
        at org.gradle.execution.taskgraph.DefaultTaskExecutionGraph$InvokeNodeExecutorsAction.execute(DefaultTaskExecutionGraph.java:331)
        at org.gradle.execution.taskgraph.DefaultTaskExecutionGraph$InvokeNodeExecutorsAction.execute(DefaultTaskExecutionGraph.java:318)
        at org.gradle.execution.taskgraph.DefaultTaskExecutionGraph$BuildOperationAwareExecutionAction.lambda$execute$0(DefaultTaskExecutionGraph.java:314)
        at org.gradle.internal.operations.CurrentBuildOperationRef.with(CurrentBuildOperationRef.java:80)
        at org.gradle.execution.taskgraph.DefaultTaskExecutionGraph$BuildOperationAwareExecutionAction.execute(DefaultTaskExecutionGraph.java:314)
        at org.gradle.execution.taskgraph.DefaultTaskExecutionGraph$BuildOperationAwareExecutionAction.execute(DefaultTaskExecutionGraph.java:303)
        at org.gradle.execution.plan.DefaultPlanExecutor$ExecutorWorker.execute(DefaultPlanExecutor.java:463)
        at org.gradle.execution.plan.DefaultPlanExecutor$ExecutorWorker.run(DefaultPlanExecutor.java:380)
        at org.gradle.internal.concurrent.ExecutorPolicy$CatchAndRecordFailures.onExecute(ExecutorPolicy.java:64)
        at org.gradle.internal.concurrent.AbstractManagedExecutor$1.run(AbstractManagedExecutor.java:47)
        at java.base/java.util.concurrent.ThreadPoolExecutor.runWorker(ThreadPoolExecutor.java:1144)
        at java.base/java.util.concurrent.ThreadPoolExecutor$Worker.run(ThreadPoolExecutor.java:642)
        at java.base/java.lang.Thread.run(Thread.java:1583)
Caused by: org.jetbrains.kotlin.gradle.tasks.CompilationErrorException: Compilation error. See log for more details
        at org.jetbrains.kotlin.gradle.tasks.TasksUtilsKt.throwExceptionIfCompilationFailed(tasksUtils.kt:21)
        at org.jetbrains.kotlin.compilerRunner.GradleKotlinCompilerWork.run(GradleKotlinCompilerWork.kt:119)
        at org.jetbrains.kotlin.compilerRunner.GradleCompilerRunnerWithWorkers$GradleKotlinCompilerWorkAction.execute(GradleCompilerRunnerWithWorkers.kt:76)
        at org.gradle.workers.internal.DefaultWorkerServer.execute(DefaultWorkerServer.java:63)
        at org.gradle.workers.internal.NoIsolationWorkerFactory$1$1.create(NoIsolationWorkerFactory.java:66)
        at org.gradle.workers.internal.NoIsolationWorkerFactory$1$1.create(NoIsolationWorkerFactory.java:62)
        at org.gradle.internal.classloader.ClassLoaderUtils.executeInClassloader(ClassLoaderUtils.java:100)
        at org.gradle.workers.internal.NoIsolationWorkerFactory$1.lambda$execute$0(NoIsolationWorkerFactory.java:62)
        at org.gradle.workers.internal.AbstractWorker$1.call(AbstractWorker.java:44)
        at org.gradle.workers.internal.AbstractWorker$1.call(AbstractWorker.java:41)
        at org.gradle.internal.operations.DefaultBuildOperationRunner$CallableBuildOperationWorker.execute(DefaultBuildOperationRunner.java:200)
        at org.gradle.internal.operations.DefaultBuildOperationRunner$CallableBuildOperationWorker.execute(DefaultBuildOperationRunner.java:195)
        at org.gradle.internal.operations.DefaultBuildOperationRunner$2.execute(DefaultBuildOperationRunner.java:66)
        at org.gradle.internal.operations.DefaultBuildOperationRunner$2.execute(DefaultBuildOperationRunner.java:59)
        at org.gradle.internal.operations.DefaultBuildOperationRunner.execute(DefaultBuildOperationRunner.java:157)
        at org.gradle.internal.operations.DefaultBuildOperationRunner.execute(DefaultBuildOperationRunner.java:59)
        at org.gradle.internal.operations.DefaultBuildOperationRunner.call(DefaultBuildOperationRunner.java:53)
        at org.gradle.internal.operations.DefaultBuildOperationExecutor.call(DefaultBuildOperationExecutor.java:73)
        at org.gradle.workers.internal.AbstractWorker.executeWrappedInBuildOperation(AbstractWorker.java:41)
        at org.gradle.workers.internal.NoIsolationWorkerFactory$1.execute(NoIsolationWorkerFactory.java:59)
        at org.gradle.workers.internal.DefaultWorkerExecutor.lambda$submitWork$0(DefaultWorkerExecutor.java:174)
        at java.base/java.util.concurrent.FutureTask.run(FutureTask.java:317)
        at org.gradle.internal.work.DefaultConditionalExecutionQueue$ExecutionRunner.runExecution(DefaultConditionalExecutionQueue.java:187)
        at org.gradle.internal.work.DefaultConditionalExecutionQueue$ExecutionRunner.access$700(DefaultConditionalExecutionQueue.java:120)
        at org.gradle.internal.work.DefaultConditionalExecutionQueue$ExecutionRunner$1.run(DefaultConditionalExecutionQueue.java:162)
        at org.gradle.internal.Factories$1.create(Factories.java:31)
        at org.gradle.internal.work.DefaultWorkerLeaseService.withLocks(DefaultWorkerLeaseService.java:264)
        at org.gradle.internal.work.DefaultWorkerLeaseService.runAsWorkerThread(DefaultWorkerLeaseService.java:128)
        at org.gradle.internal.work.DefaultWorkerLeaseService.runAsWorkerThread(DefaultWorkerLeaseService.java:133)
        at org.gradle.internal.work.DefaultConditionalExecutionQueue$ExecutionRunner.runBatch(DefaultConditionalExecutionQueue.java:157)
        at org.gradle.internal.work.DefaultConditionalExecutionQueue$ExecutionRunner.run(DefaultConditionalExecutionQueue.java:126)
        at java.base/java.util.concurrent.Executors$RunnableAdapter.call(Executors.java:572)
        at java.base/java.util.concurrent.FutureTask.run(FutureTask.java:317)
        ... 5 more

==============================================================================

BUILD FAILED in 48s
sureshbalasubramanian@BSMacBook-Pro enKarma % ./gradlew build --stacktrace --quiet | grep -i "error\|exception"

e: file:///Users/sureshbalasubramanian/Documents/Projects.nosync/Android_enKarma/enKarma/app/src/main/java/com/karma/sureshtrb/enKarma/2A.SandhiData.kt:100:31 Unresolved reference 'SandyaVandanamActivity'.
e: file:///Users/sureshbalasubramanian/Documents/Projects.nosync/Android_enKarma/enKarma/app/src/main/java/com/karma/sureshtrb/enKarma/2A.SandhiData.kt:100:61 Cannot infer type for this parameter. Please specify it explicitly.
e: file:///Users/sureshbalasubramanian/Documents/Projects.nosync/Android_enKarma/enKarma/app/src/main/java/com/karma/sureshtrb/enKarma/2A.SandhiData.kt:100:61 Unresolved reference. None of the following candidates is applicable because of a receiver type mismatch:
val <T> KClass<T>.java: Class<T>
e: file:///Users/sureshbalasubramanian/Documents/Projects.nosync/Android_enKarma/enKarma/app/src/main/java/com/karma/sureshtrb/enKarma/2A.SandhiData.kt:101:12 Unresolved reference 'putExtra'.
e: file:///Users/sureshbalasubramanian/Documents/Projects.nosync/Android_enKarma/enKarma/app/src/main/java/com/karma/sureshtrb/enKarma/2A.SandhiData.kt:102:12 Unresolved reference 'putExtra'.
e: file:///Users/sureshbalasubramanian/Documents/Projects.nosync/Android_enKarma/enKarma/app/src/main/java/com/karma/sureshtrb/enKarma/2A.SandhiData.kt:103:12 Unresolved reference 'putExtra'.
e: file:///Users/sureshbalasubramanian/Documents/Projects.nosync/Android_enKarma/enKarma/app/src/main/java/com/karma/sureshtrb/enKarma/2A.SandhiData.kt:104:12 Unresolved reference 'putExtra'.
e: file:///Users/sureshbalasubramanian/Documents/Projects.nosync/Android_enKarma/enKarma/app/src/main/java/com/karma/sureshtrb/enKarma/3A1.SandyaVandanamActivity.kt:36:36 Unresolved reference 'databinding'.
e: file:///Users/sureshbalasubramanian/Documents/Projects.nosync/Android_enKarma/enKarma/app/src/main/java/com/karma/sureshtrb/enKarma/3A1.SandyaVandanamActivity.kt:106:35 Unresolved reference 'ActivitySandyaVandanamBinding'.
e: file:///Users/sureshbalasubramanian/Documents/Projects.nosync/Android_enKarma/enKarma/app/src/main/java/com/karma/sureshtrb/enKarma/3A1.SandyaVandanamActivity.kt:110:19 Unresolved reference 'ActivitySandyaVandanamBinding'.
e: file:///Users/sureshbalasubramanian/Documents/Projects.nosync/Android_enKarma/enKarma/app/src/main/java/com/karma/sureshtrb/enKarma/3A1.SandyaVandanamActivity.kt:111:9 None of the following candidates is applicable:
fun setContentView(p0: Int): Unit
fun setContentView(p0: View!): Unit
e: file:///Users/sureshbalasubramanian/Documents/Projects.nosync/Android_enKarma/enKarma/app/src/main/java/com/karma/sureshtrb/enKarma/3A1.SandyaVandanamActivity.kt:111:32 Cannot access 'val File.root: File': it is internal in file.
e: file:///Users/sureshbalasubramanian/Documents/Projects.nosync/Android_enKarma/enKarma/app/src/main/java/com/karma/sureshtrb/enKarma/3A1.SandyaVandanamActivity.kt:112:45 Unresolved reference 'R'.
e: file:///Users/sureshbalasubramanian/Documents/Projects.nosync/Android_enKarma/enKarma/app/src/main/java/com/karma/sureshtrb/enKarma/3A1.SandyaVandanamActivity.kt:114:49 Unresolved reference 'R'.
e: file:///Users/sureshbalasubramanian/Documents/Projects.nosync/Android_enKarma/enKarma/app/src/main/java/com/karma/sureshtrb/enKarma/3A1.SandyaVandanamActivity.kt:118:36 Unresolved reference 'R'.
e: file:///Users/sureshbalasubramanian/Documents/Projects.nosync/Android_enKarma/enKarma/app/src/main/java/com/karma/sureshtrb/enKarma/3A1.SandyaVandanamActivity.kt:1938:17 Unresolved reference 'sandyaVandanamTextView'.
e: file:///Users/sureshbalasubramanian/Documents/Projects.nosync/Android_enKarma/enKarma/app/src/main/java/com/karma/sureshtrb/enKarma/3A1.SandyaVandanamActivity.kt:1993:76 Unresolved reference 'R'.
e: file:///Users/sureshbalasubramanian/Documents/Projects.nosync/Android_enKarma/enKarma/app/src/main/java/com/karma/sureshtrb/enKarma/3A1.SandyaVandanamActivity.kt:1994:79 Unresolved reference 'R'.
e: file:///Users/sureshbalasubramanian/Documents/Projects.nosync/Android_enKarma/enKarma/app/src/main/java/com/karma/sureshtrb/enKarma/3A1.SandyaVandanamActivity.kt:2243:39 Unresolved reference 'sandyaVandanamTextView'.
e: file:///Users/sureshbalasubramanian/Documents/Projects.nosync/Android_enKarma/enKarma/app/src/main/java/com/karma/sureshtrb/enKarma/3A1.SandyaVandanamActivity.kt:2248:44 Unresolved reference 'sandyaVandanamTextView'.
e: file:///Users/sureshbalasubramanian/Documents/Projects.nosync/Android_enKarma/enKarma/app/src/main/java/com/karma/sureshtrb/enKarma/3A1.SandyaVandanamActivity.kt:2261:44 Unresolved reference 'sandyaVandanamTextView'.
e: file:///Users/sureshbalasubramanian/Documents/Projects.nosync/Android_enKarma/enKarma/app/src/main/java/com/karma/sureshtrb/enKarma/3A1.SandyaVandanamActivity.kt:2262:42 Unresolved reference 'sandyaVandanamTextView'.
e: file:///Users/sureshbalasubramanian/Documents/Projects.nosync/Android_enKarma/enKarma/app/src/main/java/com/karma/sureshtrb/enKarma/3A1.SandyaVandanamActivity.kt:3516:42 Unresolved reference 'R'.
e: file:///Users/sureshbalasubramanian/Documents/Projects.nosync/Android_enKarma/enKarma/app/src/main/java/com/karma/sureshtrb/enKarma/4C2.FurtherDetailsActivity.kt:252:36 Unresolved reference 'preference'.
e: file:///Users/sureshbalasubramanian/Documents/Projects.nosync/Android_enKarma/enKarma/app/src/main/java/com/karma/sureshtrb/enKarma/4C2.FurtherDetailsActivity.kt:255:36 Argument type mismatch: actual type is 'kotlin.Any', but 'kotlin.CharSequence!' was expected.
e: file:///Users/sureshbalasubramanian/Documents/Projects.nosync/Android_enKarma/enKarma/app/src/main/java/com/karma/sureshtrb/enKarma/6C2Aa.MahalayaTpnmActivity.kt:27:17 Unresolved reference 'compose'.
e: file:///Users/sureshbalasubramanian/Documents/Projects.nosync/Android_enKarma/enKarma/app/src/main/java/com/karma/sureshtrb/enKarma/6C2Aa.MahalayaTpnmActivity.kt:823:1 Modifier 'override' is not applicable to 'top level function'.
e: file:///Users/sureshbalasubramanian/Documents/Projects.nosync/Android_enKarma/enKarma/app/src/main/java/com/karma/sureshtrb/enKarma/6C2Aa.MahalayaTpnmActivity.kt:824:5 No supertypes are accessible in this context.
e: file:///Users/sureshbalasubramanian/Documents/Projects.nosync/Android_enKarma/enKarma/app/src/main/java/com/karma/sureshtrb/enKarma/6C2Aa.MahalayaTpnmActivity.kt:826:51 Unresolved reference 'layoutInflater'.
e: file:///Users/sureshbalasubramanian/Documents/Projects.nosync/Android_enKarma/enKarma/app/src/main/java/com/karma/sureshtrb/enKarma/6C2Aa.MahalayaTpnmActivity.kt:827:5 Unresolved reference 'setContentView'.
e: file:///Users/sureshbalasubramanian/Documents/Projects.nosync/Android_enKarma/enKarma/app/src/main/java/com/karma/sureshtrb/enKarma/6C2Aa.MahalayaTpnmActivity.kt:833:9 Unresolved reference 'intent'.
e: file:///Users/sureshbalasubramanian/Documents/Projects.nosync/Android_enKarma/enKarma/app/src/main/java/com/karma/sureshtrb/enKarma/6C2Aa.MahalayaTpnmActivity.kt:841:22 Unresolved reference 'intent'.
e: file:///Users/sureshbalasubramanian/Documents/Projects.nosync/Android_enKarma/enKarma/app/src/main/java/com/karma/sureshtrb/enKarma/6C2Aa.MahalayaTpnmActivity.kt:842:22 Unresolved reference 'intent'.
e: file:///Users/sureshbalasubramanian/Documents/Projects.nosync/Android_enKarma/enKarma/app/src/main/java/com/karma/sureshtrb/enKarma/6C2Aa.MahalayaTpnmActivity.kt:849:26 Unresolved reference 'intent'.
e: file:///Users/sureshbalasubramanian/Documents/Projects.nosync/Android_enKarma/enKarma/app/src/main/java/com/karma/sureshtrb/enKarma/6C2Aa.MahalayaTpnmActivity.kt:850:23 Unresolved reference 'intent'.
e: file:///Users/sureshbalasubramanian/Documents/Projects.nosync/Android_enKarma/enKarma/app/src/main/java/com/karma/sureshtrb/enKarma/6C2Aa.MahalayaTpnmActivity.kt:851:25 Unresolved reference 'intent'.
e: file:///Users/sureshbalasubramanian/Documents/Projects.nosync/Android_enKarma/enKarma/app/src/main/java/com/karma/sureshtrb/enKarma/6C2Aa.MahalayaTpnmActivity.kt:854:5 Unresolved reference 'supportActionBar'.
e: file:///Users/sureshbalasubramanian/Documents/Projects.nosync/Android_enKarma/enKarma/app/src/main/java/com/karma/sureshtrb/enKarma/6C2Aa.MahalayaTpnmActivity.kt:854:24 Unresolved reference 'setHomeAsUpIndicator'.
e: file:///Users/sureshbalasubramanian/Documents/Projects.nosync/Android_enKarma/enKarma/app/src/main/java/com/karma/sureshtrb/enKarma/6C2Aa.MahalayaTpnmActivity.kt:855:5 Unresolved reference 'supportActionBar'.
e: file:///Users/sureshbalasubramanian/Documents/Projects.nosync/Android_enKarma/enKarma/app/src/main/java/com/karma/sureshtrb/enKarma/6C2Aa.MahalayaTpnmActivity.kt:855:24 Unresolved reference 'setDisplayHomeAsUpEnabled'.
e: file:///Users/sureshbalasubramanian/Documents/Projects.nosync/Android_enKarma/enKarma/app/src/main/java/com/karma/sureshtrb/enKarma/6C2Aa.MahalayaTpnmActivity.kt:856:5 Unresolved reference 'supportActionBar'.
e: file:///Users/sureshbalasubramanian/Documents/Projects.nosync/Android_enKarma/enKarma/app/src/main/java/com/karma/sureshtrb/enKarma/6C2Aa.MahalayaTpnmActivity.kt:856:24 Unresolved reference 'subtitle'.
e: file:///Users/sureshbalasubramanian/Documents/Projects.nosync/Android_enKarma/enKarma/app/src/main/java/com/karma/sureshtrb/enKarma/6C2Aa.MahalayaTpnmActivity.kt:857:5 Unresolved reference 'supportActionBar'.
e: file:///Users/sureshbalasubramanian/Documents/Projects.nosync/Android_enKarma/enKarma/app/src/main/java/com/karma/sureshtrb/enKarma/6C2Aa.MahalayaTpnmActivity.kt:857:24 Unresolved reference 'setDisplayShowHomeEnabled'.
e: file:///Users/sureshbalasubramanian/Documents/Projects.nosync/Android_enKarma/enKarma/app/src/main/java/com/karma/sureshtrb/enKarma/6C2Aa.MahalayaTpnmActivity.kt:858:5 Unresolved reference 'supportActionBar'.
e: file:///Users/sureshbalasubramanian/Documents/Projects.nosync/Android_enKarma/enKarma/app/src/main/java/com/karma/sureshtrb/enKarma/6C2Aa.MahalayaTpnmActivity.kt:858:24 Unresolved reference 'setLogo'.
e: file:///Users/sureshbalasubramanian/Documents/Projects.nosync/Android_enKarma/enKarma/app/src/main/java/com/karma/sureshtrb/enKarma/6C2Aa.MahalayaTpnmActivity.kt:859:5 Unresolved reference 'supportActionBar'.
e: file:///Users/sureshbalasubramanian/Documents/Projects.nosync/Android_enKarma/enKarma/app/src/main/java/com/karma/sureshtrb/enKarma/6C2Aa.MahalayaTpnmActivity.kt:859:24 Unresolved reference 'setDisplayUseLogoEnabled'.
e: file:///Users/sureshbalasubramanian/Documents/Projects.nosync/Android_enKarma/enKarma/app/src/main/java/com/karma/sureshtrb/enKarma/6C2Aa.MahalayaTpnmActivity.kt:860:5 Unresolved reference 'trial'.
e: file:///Users/sureshbalasubramanian/Documents/Projects.nosync/Android_enKarma/enKarma/app/src/main/java/com/karma/sureshtrb/enKarma/6C2Aa.MahalayaTpnmActivity.kt:861:5 Unresolved reference 'bottomPithruKoorcham'.
e: file:///Users/sureshbalasubramanian/Documents/Projects.nosync/Android_enKarma/enKarma/app/src/main/java/com/karma/sureshtrb/enKarma/6C2Aa.MahalayaTpnmActivity.kt:862:5 Unresolved reference 'executeData'.
e: file:///Users/sureshbalasubramanian/Documents/Projects.nosync/Android_enKarma/enKarma/app/src/main/java/com/karma/sureshtrb/enKarma/6C2Aa.MahalayaTpnmActivity.kt:874:38 Unresolved reference 'getApplicationContext'.
e: file:///Users/sureshbalasubramanian/Documents/Projects.nosync/Android_enKarma/enKarma/app/src/main/java/com/karma/sureshtrb/enKarma/6C2Aa.MahalayaTpnmActivity.kt:879:38 Unresolved reference 'mstartPos1'.
e: file:///Users/sureshbalasubramanian/Documents/Projects.nosync/Android_enKarma/enKarma/app/src/main/java/com/karma/sureshtrb/enKarma/6C2Aa.MahalayaTpnmActivity.kt:879:50 Unresolved reference 'mendPos1'.
e: file:///Users/sureshbalasubramanian/Documents/Projects.nosync/Android_enKarma/enKarma/app/src/main/java/com/karma/sureshtrb/enKarma/6C2Aa.MahalayaTpnmActivity.kt:880:38 Unresolved reference 'mstartPos2'.
e: file:///Users/sureshbalasubramanian/Documents/Projects.nosync/Android_enKarma/enKarma/app/src/main/java/com/karma/sureshtrb/enKarma/6C2Aa.MahalayaTpnmActivity.kt:880:50 Unresolved reference 'mendPos2'.
e: file:///Users/sureshbalasubramanian/Documents/Projects.nosync/Android_enKarma/enKarma/app/src/main/java/com/karma/sureshtrb/enKarma/6C2Aa.MahalayaTpnmActivity.kt:881:38 Unresolved reference 'mstartPos3'.
e: file:///Users/sureshbalasubramanian/Documents/Projects.nosync/Android_enKarma/enKarma/app/src/main/java/com/karma/sureshtrb/enKarma/6C2Aa.MahalayaTpnmActivity.kt:881:50 Unresolved reference 'mendPos3'.
e: file:///Users/sureshbalasubramanian/Documents/Projects.nosync/Android_enKarma/enKarma/app/src/main/java/com/karma/sureshtrb/enKarma/6C2Aa.MahalayaTpnmActivity.kt:882:38 Unresolved reference 'mstartPos4'.
e: file:///Users/sureshbalasubramanian/Documents/Projects.nosync/Android_enKarma/enKarma/app/src/main/java/com/karma/sureshtrb/enKarma/6C2Aa.MahalayaTpnmActivity.kt:882:50 Unresolved reference 'mendPos4'.
e: file:///Users/sureshbalasubramanian/Documents/Projects.nosync/Android_enKarma/enKarma/app/src/main/java/com/karma/sureshtrb/enKarma/6C2Aa.MahalayaTpnmActivity.kt:883:38 Unresolved reference 'mstartPos5'.
e: file:///Users/sureshbalasubramanian/Documents/Projects.nosync/Android_enKarma/enKarma/app/src/main/java/com/karma/sureshtrb/enKarma/6C2Aa.MahalayaTpnmActivity.kt:883:50 Unresolved reference 'mendPos5'.
e: file:///Users/sureshbalasubramanian/Documents/Projects.nosync/Android_enKarma/enKarma/app/src/main/java/com/karma/sureshtrb/enKarma/6C2Aa.MahalayaTpnmActivity.kt:884:38 Unresolved reference 'mstartPos6'.
e: file:///Users/sureshbalasubramanian/Documents/Projects.nosync/Android_enKarma/enKarma/app/src/main/java/com/karma/sureshtrb/enKarma/6C2Aa.MahalayaTpnmActivity.kt:884:50 Unresolved reference 'mendPos6'.
e: file:///Users/sureshbalasubramanian/Documents/Projects.nosync/Android_enKarma/enKarma/app/src/main/java/com/karma/sureshtrb/enKarma/6C2Aa.MahalayaTpnmActivity.kt:885:38 Unresolved reference 'mstartPos7'.
e: file:///Users/sureshbalasubramanian/Documents/Projects.nosync/Android_enKarma/enKarma/app/src/main/java/com/karma/sureshtrb/enKarma/6C2Aa.MahalayaTpnmActivity.kt:885:50 Unresolved reference 'mendPos7'.
e: file:///Users/sureshbalasubramanian/Documents/Projects.nosync/Android_enKarma/enKarma/app/src/main/java/com/karma/sureshtrb/enKarma/6C2Aa.MahalayaTpnmActivity.kt:886:38 Unresolved reference 'mstartPos8'.
e: file:///Users/sureshbalasubramanian/Documents/Projects.nosync/Android_enKarma/enKarma/app/src/main/java/com/karma/sureshtrb/enKarma/6C2Aa.MahalayaTpnmActivity.kt:886:50 Unresolved reference 'mendPos8'.
e: file:///Users/sureshbalasubramanian/Documents/Projects.nosync/Android_enKarma/enKarma/app/src/main/java/com/karma/sureshtrb/enKarma/6C2Aa.MahalayaTpnmActivity.kt:887:38 Unresolved reference 'mstartPos9'.
e: file:///Users/sureshbalasubramanian/Documents/Projects.nosync/Android_enKarma/enKarma/app/src/main/java/com/karma/sureshtrb/enKarma/6C2Aa.MahalayaTpnmActivity.kt:887:50 Unresolved reference 'mendPos9'.
e: file:///Users/sureshbalasubramanian/Documents/Projects.nosync/Android_enKarma/enKarma/app/src/main/java/com/karma/sureshtrb/enKarma/6C2Aa.MahalayaTpnmActivity.kt:888:38 Unresolved reference 'mstartPos10'.
e: file:///Users/sureshbalasubramanian/Documents/Projects.nosync/Android_enKarma/enKarma/app/src/main/java/com/karma/sureshtrb/enKarma/6C2Aa.MahalayaTpnmActivity.kt:888:51 Unresolved reference 'mendPos10'.
e: file:///Users/sureshbalasubramanian/Documents/Projects.nosync/Android_enKarma/enKarma/app/src/main/java/com/karma/sureshtrb/enKarma/6C2Aa.MahalayaTpnmActivity.kt:889:38 Unresolved reference 'mstartPos11'.
e: file:///Users/sureshbalasubramanian/Documents/Projects.nosync/Android_enKarma/enKarma/app/src/main/java/com/karma/sureshtrb/enKarma/6C2Aa.MahalayaTpnmActivity.kt:889:51 Unresolved reference 'mendPos11'.
e: file:///Users/sureshbalasubramanian/Documents/Projects.nosync/Android_enKarma/enKarma/app/src/main/java/com/karma/sureshtrb/enKarma/6C2Aa.MahalayaTpnmActivity.kt:890:38 Unresolved reference 'mstartPos12'.
e: file:///Users/sureshbalasubramanian/Documents/Projects.nosync/Android_enKarma/enKarma/app/src/main/java/com/karma/sureshtrb/enKarma/6C2Aa.MahalayaTpnmActivity.kt:890:51 Unresolved reference 'mendPos12'.
e: file:///Users/sureshbalasubramanian/Documents/Projects.nosync/Android_enKarma/enKarma/app/src/main/java/com/karma/sureshtrb/enKarma/6C2Aa.MahalayaTpnmActivity.kt:891:38 Unresolved reference 'mstartPos13'.
e: file:///Users/sureshbalasubramanian/Documents/Projects.nosync/Android_enKarma/enKarma/app/src/main/java/com/karma/sureshtrb/enKarma/6C2Aa.MahalayaTpnmActivity.kt:891:51 Unresolved reference 'mendPos13'.
e: file:///Users/sureshbalasubramanian/Documents/Projects.nosync/Android_enKarma/enKarma/app/src/main/java/com/karma/sureshtrb/enKarma/6C2Aa.MahalayaTpnmActivity.kt:892:38 Unresolved reference 'mstartPos14'.
e: file:///Users/sureshbalasubramanian/Documents/Projects.nosync/Android_enKarma/enKarma/app/src/main/java/com/karma/sureshtrb/enKarma/6C2Aa.MahalayaTpnmActivity.kt:892:51 Unresolved reference 'mendPos14'.
e: file:///Users/sureshbalasubramanian/Documents/Projects.nosync/Android_enKarma/enKarma/app/src/main/java/com/karma/sureshtrb/enKarma/6C2Aa.MahalayaTpnmActivity.kt:893:38 Unresolved reference 'mstartPos15'.
e: file:///Users/sureshbalasubramanian/Documents/Projects.nosync/Android_enKarma/enKarma/app/src/main/java/com/karma/sureshtrb/enKarma/6C2Aa.MahalayaTpnmActivity.kt:893:51 Unresolved reference 'mendPos15'.
e: file:///Users/sureshbalasubramanian/Documents/Projects.nosync/Android_enKarma/enKarma/app/src/main/java/com/karma/sureshtrb/enKarma/6C2Aa.MahalayaTpnmActivity.kt:894:38 Unresolved reference 'mstartPos16'.
e: file:///Users/sureshbalasubramanian/Documents/Projects.nosync/Android_enKarma/enKarma/app/src/main/java/com/karma/sureshtrb/enKarma/6C2Aa.MahalayaTpnmActivity.kt:894:51 Unresolved reference 'mendPos16'.
e: file:///Users/sureshbalasubramanian/Documents/Projects.nosync/Android_enKarma/enKarma/app/src/main/java/com/karma/sureshtrb/enKarma/6C2Aa.MahalayaTpnmActivity.kt:895:38 Unresolved reference 'mstartPos17'.
e: file:///Users/sureshbalasubramanian/Documents/Projects.nosync/Android_enKarma/enKarma/app/src/main/java/com/karma/sureshtrb/enKarma/6C2Aa.MahalayaTpnmActivity.kt:895:51 Unresolved reference 'mendPos17'.
e: file:///Users/sureshbalasubramanian/Documents/Projects.nosync/Android_enKarma/enKarma/app/src/main/java/com/karma/sureshtrb/enKarma/6C2Aa.MahalayaTpnmActivity.kt:897:76 Unresolved reference 'mtotalpages'.
e: file:///Users/sureshbalasubramanian/Documents/Projects.nosync/Android_enKarma/enKarma/app/src/main/java/com/karma/sureshtrb/enKarma/2A.SandhiData.kt:100:31 Unresolved reference 'SandyaVandanamActivity'.
e: file:///Users/sureshbalasubramanian/Documents/Projects.nosync/Android_enKarma/enKarma/app/src/main/java/com/karma/sureshtrb/enKarma/2A.SandhiData.kt:100:61 Cannot infer type for this parameter. Please specify it explicitly.
e: file:///Users/sureshbalasubramanian/Documents/Projects.nosync/Android_enKarma/enKarma/app/src/main/java/com/karma/sureshtrb/enKarma/2A.SandhiData.kt:100:61 Unresolved reference. None of the following candidates is applicable because of a receiver type mismatch:
val <T> KClass<T>.java: Class<T>
e: file:///Users/sureshbalasubramanian/Documents/Projects.nosync/Android_enKarma/enKarma/app/src/main/java/com/karma/sureshtrb/enKarma/2A.SandhiData.kt:101:12 Unresolved reference 'putExtra'.
e: file:///Users/sureshbalasubramanian/Documents/Projects.nosync/Android_enKarma/enKarma/app/src/main/java/com/karma/sureshtrb/enKarma/2A.SandhiData.kt:102:12 Unresolved reference 'putExtra'.
e: file:///Users/sureshbalasubramanian/Documents/Projects.nosync/Android_enKarma/enKarma/app/src/main/java/com/karma/sureshtrb/enKarma/2A.SandhiData.kt:103:12 Unresolved reference 'putExtra'.
e: file:///Users/sureshbalasubramanian/Documents/Projects.nosync/Android_enKarma/enKarma/app/src/main/java/com/karma/sureshtrb/enKarma/2A.SandhiData.kt:104:12 Unresolved reference 'putExtra'.
e: file:///Users/sureshbalasubramanian/Documents/Projects.nosync/Android_enKarma/enKarma/app/src/main/java/com/karma/sureshtrb/enKarma/6C2Aa.MahalayaTpnmActivity.kt:904:26 Unresolved reference 'mtotalpages'.
e: file:///Users/sureshbalasubramanian/Documents/Projects.nosync/Android_enKarma/enKarma/app/src/main/java/com/karma/sureshtrb/enKarma/3A1.SandyaVandanamActivity.kt:36:36 Unresolved reference 'databinding'.
e: file:///Users/sureshbalasubramanian/Documents/Projects.nosync/Android_enKarma/enKarma/app/src/main/java/com/karma/sureshtrb/enKarma/6C2Aa.MahalayaTpnmActivity.kt:921:9 Unresolved reference 'mtotalpages'.
e: file:///Users/sureshbalasubramanian/Documents/Projects.nosync/Android_enKarma/enKarma/app/src/main/java/com/karma/sureshtrb/enKarma/3A1.SandyaVandanamActivity.kt:106:35 Unresolved reference 'ActivitySandyaVandanamBinding'.
e: file:///Users/sureshbalasubramanian/Documents/Projects.nosync/Android_enKarma/enKarma/app/src/main/java/com/karma/sureshtrb/enKarma/6C2Aa.MahalayaTpnmActivity.kt:922:33 Unresolved reference 'mtotalpages'.
e: file:///Users/sureshbalasubramanian/Documents/Projects.nosync/Android_enKarma/enKarma/app/src/main/java/com/karma/sureshtrb/enKarma/3A1.SandyaVandanamActivity.kt:110:19 Unresolved reference 'ActivitySandyaVandanamBinding'.
e: file:///Users/sureshbalasubramanian/Documents/Projects.nosync/Android_enKarma/enKarma/app/src/main/java/com/karma/sureshtrb/enKarma/3A1.SandyaVandanamActivity.kt:111:9 None of the following candidates is applicable:
fun setContentView(p0: Int): Unit
fun setContentView(p0: View!): Unit
e: file:///Users/sureshbalasubramanian/Documents/Projects.nosync/Android_enKarma/enKarma/app/src/main/java/com/karma/sureshtrb/enKarma/6C2Aa.MahalayaTpnmActivity.kt:925:25 Unresolved reference 'mtotalpages'.
e: file:///Users/sureshbalasubramanian/Documents/Projects.nosync/Android_enKarma/enKarma/app/src/main/java/com/karma/sureshtrb/enKarma/6C2Aa.MahalayaTpnmActivity.kt:965:13 Unresolved reference 'mtotalpages'.
e: file:///Users/sureshbalasubramanian/Documents/Projects.nosync/Android_enKarma/enKarma/app/src/main/java/com/karma/sureshtrb/enKarma/3A1.SandyaVandanamActivity.kt:111:32 Cannot access 'val File.root: File': it is internal in file.
e: file:///Users/sureshbalasubramanian/Documents/Projects.nosync/Android_enKarma/enKarma/app/src/main/java/com/karma/sureshtrb/enKarma/3A1.SandyaVandanamActivity.kt:112:45 Unresolved reference 'R'.
e: file:///Users/sureshbalasubramanian/Documents/Projects.nosync/Android_enKarma/enKarma/app/src/main/java/com/karma/sureshtrb/enKarma/3A1.SandyaVandanamActivity.kt:114:49 Unresolved reference 'R'.
e: file:///Users/sureshbalasubramanian/Documents/Projects.nosync/Android_enKarma/enKarma/app/src/main/java/com/karma/sureshtrb/enKarma/3A1.SandyaVandanamActivity.kt:118:36 Unresolved reference 'R'.
e: file:///Users/sureshbalasubramanian/Documents/Projects.nosync/Android_enKarma/enKarma/app/src/main/java/com/karma/sureshtrb/enKarma/6C2Aa.MahalayaTpnmActivity.kt:966:37 Unresolved reference 'mtotalpages'.
e: file:///Users/sureshbalasubramanian/Documents/Projects.nosync/Android_enKarma/enKarma/app/src/main/java/com/karma/sureshtrb/enKarma/3A1.SandyaVandanamActivity.kt:1938:17 Unresolved reference 'sandyaVandanamTextView'.
e: file:///Users/sureshbalasubramanian/Documents/Projects.nosync/Android_enKarma/enKarma/app/src/main/java/com/karma/sureshtrb/enKarma/6C2Aa.MahalayaTpnmActivity.kt:972:29 Unresolved reference 'mtotalpages'.
e: file:///Users/sureshbalasubramanian/Documents/Projects.nosync/Android_enKarma/enKarma/app/src/main/java/com/karma/sureshtrb/enKarma/3A1.SandyaVandanamActivity.kt:1993:76 Unresolved reference 'R'.
e: file:///Users/sureshbalasubramanian/Documents/Projects.nosync/Android_enKarma/enKarma/app/src/main/java/com/karma/sureshtrb/enKarma/6C2Aa.MahalayaTpnmActivity.kt:1621:27 Argument type mismatch: actual type is 'android.text.SpannableString', but 'kotlin.String' was expected.
e: file:///Users/sureshbalasubramanian/Documents/Projects.nosync/Android_enKarma/enKarma/app/src/main/java/com/karma/sureshtrb/enKarma/3A1.SandyaVandanamActivity.kt:1994:79 Unresolved reference 'R'.
e: file:///Users/sureshbalasubramanian/Documents/Projects.nosync/Android_enKarma/enKarma/app/src/main/java/com/karma/sureshtrb/enKarma/6C2Aa.MahalayaTpnmActivity.kt:1967:26 Unresolved reference 'BOLD_ITALLIC'.
e: file:///Users/sureshbalasubramanian/Documents/Projects.nosync/Android_enKarma/enKarma/app/src/main/java/com/karma/sureshtrb/enKarma/3A1.SandyaVandanamActivity.kt:2243:39 Unresolved reference 'sandyaVandanamTextView'.
e: file:///Users/sureshbalasubramanian/Documents/Projects.nosync/Android_enKarma/enKarma/app/src/main/java/com/karma/sureshtrb/enKarma/6C2Aa.MahalayaTpnmActivity.kt:2406:17 Conflicting declarations:
local val exExFlag: Int
local val exExFlag: Int
e: file:///Users/sureshbalasubramanian/Documents/Projects.nosync/Android_enKarma/enKarma/app/src/main/java/com/karma/sureshtrb/enKarma/3A1.SandyaVandanamActivity.kt:2248:44 Unresolved reference 'sandyaVandanamTextView'.
e: file:///Users/sureshbalasubramanian/Documents/Projects.nosync/Android_enKarma/enKarma/app/src/main/java/com/karma/sureshtrb/enKarma/6C2Aa.MahalayaTpnmActivity.kt:2407:17 Conflicting declarations:
local val start: Int
local val start: Int
e: file:///Users/sureshbalasubramanian/Documents/Projects.nosync/Android_enKarma/enKarma/app/src/main/java/com/karma/sureshtrb/enKarma/3A1.SandyaVandanamActivity.kt:2261:44 Unresolved reference 'sandyaVandanamTextView'.
e: file:///Users/sureshbalasubramanian/Documents/Projects.nosync/Android_enKarma/enKarma/app/src/main/java/com/karma/sureshtrb/enKarma/6C2Aa.MahalayaTpnmActivity.kt:4651:17 Conflicting declarations:
local val exExFlag: Int
local val exExFlag: Int
e: file:///Users/sureshbalasubramanian/Documents/Projects.nosync/Android_enKarma/enKarma/app/src/main/java/com/karma/sureshtrb/enKarma/3A1.SandyaVandanamActivity.kt:2262:42 Unresolved reference 'sandyaVandanamTextView'.
e: file:///Users/sureshbalasubramanian/Documents/Projects.nosync/Android_enKarma/enKarma/app/src/main/java/com/karma/sureshtrb/enKarma/6C2Aa.MahalayaTpnmActivity.kt:4652:17 Conflicting declarations:
local val start: Int
local val start: Int
e: file:///Users/sureshbalasubramanian/Documents/Projects.nosync/Android_enKarma/enKarma/app/src/main/java/com/karma/sureshtrb/enKarma/LoginActivity.kt:89:52 Too many arguments for 'fun alertDisplayer(message: String?): Unit'.
e: file:///Users/sureshbalasubramanian/Documents/Projects.nosync/Android_enKarma/enKarma/app/src/main/java/com/karma/sureshtrb/enKarma/3A1.SandyaVandanamActivity.kt:3516:42 Unresolved reference 'R'.
e: file:///Users/sureshbalasubramanian/Documents/Projects.nosync/Android_enKarma/enKarma/app/src/main/java/com/karma/sureshtrb/enKarma/RowDataAdapter.kt:20:65 Unresolved reference 'nameTextView'.
e: file:///Users/sureshbalasubramanian/Documents/Projects.nosync/Android_enKarma/enKarma/app/src/main/java/com/karma/sureshtrb/enKarma/4C2.FurtherDetailsActivity.kt:252:36 Unresolved reference 'preference'.
e: file:///Users/sureshbalasubramanian/Documents/Projects.nosync/Android_enKarma/enKarma/app/src/main/java/com/karma/sureshtrb/enKarma/RowDataAdapter.kt:21:71 Unresolved reference 'birthOrderTextView'.
e: file:///Users/sureshbalasubramanian/Documents/Projects.nosync/Android_enKarma/enKarma/app/src/main/java/com/karma/sureshtrb/enKarma/4C2.FurtherDetailsActivity.kt:255:36 Argument type mismatch: actual type is 'kotlin.Any', but 'kotlin.CharSequence!' was expected.
e: file:///Users/sureshbalasubramanian/Documents/Projects.nosync/Android_enKarma/enKarma/app/src/main/java/com/karma/sureshtrb/enKarma/RowDataAdapter.kt:27:31 Unresolved reference 'row_item'.
e: file:///Users/sureshbalasubramanian/Documents/Projects.nosync/Android_enKarma/enKarma/app/src/main/java/com/karma/sureshtrb/enKarma/6C2Aa.MahalayaTpnmActivity.kt:27:17 Unresolved reference 'compose'.
e: file:///Users/sureshbalasubramanian/Documents/Projects.nosync/Android_enKarma/enKarma/app/src/main/java/com/karma/sureshtrb/enKarma/6C2Aa.MahalayaTpnmActivity.kt:823:1 Modifier 'override' is not applicable to 'top level function'.
e: file:///Users/sureshbalasubramanian/Documents/Projects.nosync/Android_enKarma/enKarma/app/src/main/java/com/karma/sureshtrb/enKarma/6C2Aa.MahalayaTpnmActivity.kt:824:5 No supertypes are accessible in this context.
e: file:///Users/sureshbalasubramanian/Documents/Projects.nosync/Android_enKarma/enKarma/app/src/main/java/com/karma/sureshtrb/enKarma/6C2Aa.MahalayaTpnmActivity.kt:826:51 Unresolved reference 'layoutInflater'.
e: file:///Users/sureshbalasubramanian/Documents/Projects.nosync/Android_enKarma/enKarma/app/src/main/java/com/karma/sureshtrb/enKarma/6C2Aa.MahalayaTpnmActivity.kt:827:5 Unresolved reference 'setContentView'.
e: file:///Users/sureshbalasubramanian/Documents/Projects.nosync/Android_enKarma/enKarma/app/src/main/java/com/karma/sureshtrb/enKarma/6C2Aa.MahalayaTpnmActivity.kt:833:9 Unresolved reference 'intent'.
e: file:///Users/sureshbalasubramanian/Documents/Projects.nosync/Android_enKarma/enKarma/app/src/main/java/com/karma/sureshtrb/enKarma/6C2Aa.MahalayaTpnmActivity.kt:841:22 Unresolved reference 'intent'.
e: file:///Users/sureshbalasubramanian/Documents/Projects.nosync/Android_enKarma/enKarma/app/src/main/java/com/karma/sureshtrb/enKarma/6C2Aa.MahalayaTpnmActivity.kt:842:22 Unresolved reference 'intent'.
e: file:///Users/sureshbalasubramanian/Documents/Projects.nosync/Android_enKarma/enKarma/app/src/main/java/com/karma/sureshtrb/enKarma/6C2Aa.MahalayaTpnmActivity.kt:849:26 Unresolved reference 'intent'.
e: file:///Users/sureshbalasubramanian/Documents/Projects.nosync/Android_enKarma/enKarma/app/src/main/java/com/karma/sureshtrb/enKarma/6C2Aa.MahalayaTpnmActivity.kt:850:23 Unresolved reference 'intent'.
e: file:///Users/sureshbalasubramanian/Documents/Projects.nosync/Android_enKarma/enKarma/app/src/main/java/com/karma/sureshtrb/enKarma/6C2Aa.MahalayaTpnmActivity.kt:851:25 Unresolved reference 'intent'.
e: file:///Users/sureshbalasubramanian/Documents/Projects.nosync/Android_enKarma/enKarma/app/src/main/java/com/karma/sureshtrb/enKarma/6C2Aa.MahalayaTpnmActivity.kt:854:5 Unresolved reference 'supportActionBar'.
e: file:///Users/sureshbalasubramanian/Documents/Projects.nosync/Android_enKarma/enKarma/app/src/main/java/com/karma/sureshtrb/enKarma/6C2Aa.MahalayaTpnmActivity.kt:854:24 Unresolved reference 'setHomeAsUpIndicator'.
e: file:///Users/sureshbalasubramanian/Documents/Projects.nosync/Android_enKarma/enKarma/app/src/main/java/com/karma/sureshtrb/enKarma/6C2Aa.MahalayaTpnmActivity.kt:855:5 Unresolved reference 'supportActionBar'.
e: file:///Users/sureshbalasubramanian/Documents/Projects.nosync/Android_enKarma/enKarma/app/src/main/java/com/karma/sureshtrb/enKarma/6C2Aa.MahalayaTpnmActivity.kt:855:24 Unresolved reference 'setDisplayHomeAsUpEnabled'.
e: file:///Users/sureshbalasubramanian/Documents/Projects.nosync/Android_enKarma/enKarma/app/src/main/java/com/karma/sureshtrb/enKarma/6C2Aa.MahalayaTpnmActivity.kt:856:5 Unresolved reference 'supportActionBar'.
e: file:///Users/sureshbalasubramanian/Documents/Projects.nosync/Android_enKarma/enKarma/app/src/main/java/com/karma/sureshtrb/enKarma/6C2Aa.MahalayaTpnmActivity.kt:856:24 Unresolved reference 'subtitle'.
e: file:///Users/sureshbalasubramanian/Documents/Projects.nosync/Android_enKarma/enKarma/app/src/main/java/com/karma/sureshtrb/enKarma/6C2Aa.MahalayaTpnmActivity.kt:857:5 Unresolved reference 'supportActionBar'.
e: file:///Users/sureshbalasubramanian/Documents/Projects.nosync/Android_enKarma/enKarma/app/src/main/java/com/karma/sureshtrb/enKarma/6C2Aa.MahalayaTpnmActivity.kt:857:24 Unresolved reference 'setDisplayShowHomeEnabled'.
e: file:///Users/sureshbalasubramanian/Documents/Projects.nosync/Android_enKarma/enKarma/app/src/main/java/com/karma/sureshtrb/enKarma/6C2Aa.MahalayaTpnmActivity.kt:858:5 Unresolved reference 'supportActionBar'.
e: file:///Users/sureshbalasubramanian/Documents/Projects.nosync/Android_enKarma/enKarma/app/src/main/java/com/karma/sureshtrb/enKarma/6C2Aa.MahalayaTpnmActivity.kt:858:24 Unresolved reference 'setLogo'.
e: file:///Users/sureshbalasubramanian/Documents/Projects.nosync/Android_enKarma/enKarma/app/src/main/java/com/karma/sureshtrb/enKarma/6C2Aa.MahalayaTpnmActivity.kt:859:5 Unresolved reference 'supportActionBar'.
e: file:///Users/sureshbalasubramanian/Documents/Projects.nosync/Android_enKarma/enKarma/app/src/main/java/com/karma/sureshtrb/enKarma/6C2Aa.MahalayaTpnmActivity.kt:859:24 Unresolved reference 'setDisplayUseLogoEnabled'.
e: file:///Users/sureshbalasubramanian/Documents/Projects.nosync/Android_enKarma/enKarma/app/src/main/java/com/karma/sureshtrb/enKarma/6C2Aa.MahalayaTpnmActivity.kt:860:5 Unresolved reference 'trial'.
e: file:///Users/sureshbalasubramanian/Documents/Projects.nosync/Android_enKarma/enKarma/app/src/main/java/com/karma/sureshtrb/enKarma/6C2Aa.MahalayaTpnmActivity.kt:861:5 Unresolved reference 'bottomPithruKoorcham'.
e: file:///Users/sureshbalasubramanian/Documents/Projects.nosync/Android_enKarma/enKarma/app/src/main/java/com/karma/sureshtrb/enKarma/6C2Aa.MahalayaTpnmActivity.kt:862:5 Unresolved reference 'executeData'.
e: file:///Users/sureshbalasubramanian/Documents/Projects.nosync/Android_enKarma/enKarma/app/src/main/java/com/karma/sureshtrb/enKarma/6C2Aa.MahalayaTpnmActivity.kt:874:38 Unresolved reference 'getApplicationContext'.
e: file:///Users/sureshbalasubramanian/Documents/Projects.nosync/Android_enKarma/enKarma/app/src/main/java/com/karma/sureshtrb/enKarma/6C2Aa.MahalayaTpnmActivity.kt:879:38 Unresolved reference 'mstartPos1'.
e: file:///Users/sureshbalasubramanian/Documents/Projects.nosync/Android_enKarma/enKarma/app/src/main/java/com/karma/sureshtrb/enKarma/6C2Aa.MahalayaTpnmActivity.kt:879:50 Unresolved reference 'mendPos1'.
e: file:///Users/sureshbalasubramanian/Documents/Projects.nosync/Android_enKarma/enKarma/app/src/main/java/com/karma/sureshtrb/enKarma/6C2Aa.MahalayaTpnmActivity.kt:880:38 Unresolved reference 'mstartPos2'.
e: file:///Users/sureshbalasubramanian/Documents/Projects.nosync/Android_enKarma/enKarma/app/src/main/java/com/karma/sureshtrb/enKarma/6C2Aa.MahalayaTpnmActivity.kt:880:50 Unresolved reference 'mendPos2'.
e: file:///Users/sureshbalasubramanian/Documents/Projects.nosync/Android_enKarma/enKarma/app/src/main/java/com/karma/sureshtrb/enKarma/6C2Aa.MahalayaTpnmActivity.kt:881:38 Unresolved reference 'mstartPos3'.
e: file:///Users/sureshbalasubramanian/Documents/Projects.nosync/Android_enKarma/enKarma/app/src/main/java/com/karma/sureshtrb/enKarma/6C2Aa.MahalayaTpnmActivity.kt:881:50 Unresolved reference 'mendPos3'.
e: file:///Users/sureshbalasubramanian/Documents/Projects.nosync/Android_enKarma/enKarma/app/src/main/java/com/karma/sureshtrb/enKarma/6C2Aa.MahalayaTpnmActivity.kt:882:38 Unresolved reference 'mstartPos4'.
e: file:///Users/sureshbalasubramanian/Documents/Projects.nosync/Android_enKarma/enKarma/app/src/main/java/com/karma/sureshtrb/enKarma/6C2Aa.MahalayaTpnmActivity.kt:882:50 Unresolved reference 'mendPos4'.
e: file:///Users/sureshbalasubramanian/Documents/Projects.nosync/Android_enKarma/enKarma/app/src/main/java/com/karma/sureshtrb/enKarma/6C2Aa.MahalayaTpnmActivity.kt:883:38 Unresolved reference 'mstartPos5'.
e: file:///Users/sureshbalasubramanian/Documents/Projects.nosync/Android_enKarma/enKarma/app/src/main/java/com/karma/sureshtrb/enKarma/6C2Aa.MahalayaTpnmActivity.kt:883:50 Unresolved reference 'mendPos5'.
e: file:///Users/sureshbalasubramanian/Documents/Projects.nosync/Android_enKarma/enKarma/app/src/main/java/com/karma/sureshtrb/enKarma/6C2Aa.MahalayaTpnmActivity.kt:884:38 Unresolved reference 'mstartPos6'.
e: file:///Users/sureshbalasubramanian/Documents/Projects.nosync/Android_enKarma/enKarma/app/src/main/java/com/karma/sureshtrb/enKarma/6C2Aa.MahalayaTpnmActivity.kt:884:50 Unresolved reference 'mendPos6'.
e: file:///Users/sureshbalasubramanian/Documents/Projects.nosync/Android_enKarma/enKarma/app/src/main/java/com/karma/sureshtrb/enKarma/6C2Aa.MahalayaTpnmActivity.kt:885:38 Unresolved reference 'mstartPos7'.
e: file:///Users/sureshbalasubramanian/Documents/Projects.nosync/Android_enKarma/enKarma/app/src/main/java/com/karma/sureshtrb/enKarma/6C2Aa.MahalayaTpnmActivity.kt:885:50 Unresolved reference 'mendPos7'.
e: file:///Users/sureshbalasubramanian/Documents/Projects.nosync/Android_enKarma/enKarma/app/src/main/java/com/karma/sureshtrb/enKarma/6C2Aa.MahalayaTpnmActivity.kt:886:38 Unresolved reference 'mstartPos8'.
e: file:///Users/sureshbalasubramanian/Documents/Projects.nosync/Android_enKarma/enKarma/app/src/main/java/com/karma/sureshtrb/enKarma/6C2Aa.MahalayaTpnmActivity.kt:886:50 Unresolved reference 'mendPos8'.
e: file:///Users/sureshbalasubramanian/Documents/Projects.nosync/Android_enKarma/enKarma/app/src/main/java/com/karma/sureshtrb/enKarma/6C2Aa.MahalayaTpnmActivity.kt:887:38 Unresolved reference 'mstartPos9'.
e: file:///Users/sureshbalasubramanian/Documents/Projects.nosync/Android_enKarma/enKarma/app/src/main/java/com/karma/sureshtrb/enKarma/6C2Aa.MahalayaTpnmActivity.kt:887:50 Unresolved reference 'mendPos9'.
e: file:///Users/sureshbalasubramanian/Documents/Projects.nosync/Android_enKarma/enKarma/app/src/main/java/com/karma/sureshtrb/enKarma/6C2Aa.MahalayaTpnmActivity.kt:888:38 Unresolved reference 'mstartPos10'.
e: file:///Users/sureshbalasubramanian/Documents/Projects.nosync/Android_enKarma/enKarma/app/src/main/java/com/karma/sureshtrb/enKarma/6C2Aa.MahalayaTpnmActivity.kt:888:51 Unresolved reference 'mendPos10'.
e: file:///Users/sureshbalasubramanian/Documents/Projects.nosync/Android_enKarma/enKarma/app/src/main/java/com/karma/sureshtrb/enKarma/6C2Aa.MahalayaTpnmActivity.kt:889:38 Unresolved reference 'mstartPos11'.
e: file:///Users/sureshbalasubramanian/Documents/Projects.nosync/Android_enKarma/enKarma/app/src/main/java/com/karma/sureshtrb/enKarma/6C2Aa.MahalayaTpnmActivity.kt:889:51 Unresolved reference 'mendPos11'.
e: file:///Users/sureshbalasubramanian/Documents/Projects.nosync/Android_enKarma/enKarma/app/src/main/java/com/karma/sureshtrb/enKarma/6C2Aa.MahalayaTpnmActivity.kt:890:38 Unresolved reference 'mstartPos12'.
e: file:///Users/sureshbalasubramanian/Documents/Projects.nosync/Android_enKarma/enKarma/app/src/main/java/com/karma/sureshtrb/enKarma/6C2Aa.MahalayaTpnmActivity.kt:890:51 Unresolved reference 'mendPos12'.
e: file:///Users/sureshbalasubramanian/Documents/Projects.nosync/Android_enKarma/enKarma/app/src/main/java/com/karma/sureshtrb/enKarma/6C2Aa.MahalayaTpnmActivity.kt:891:38 Unresolved reference 'mstartPos13'.
e: file:///Users/sureshbalasubramanian/Documents/Projects.nosync/Android_enKarma/enKarma/app/src/main/java/com/karma/sureshtrb/enKarma/6C2Aa.MahalayaTpnmActivity.kt:891:51 Unresolved reference 'mendPos13'.
e: file:///Users/sureshbalasubramanian/Documents/Projects.nosync/Android_enKarma/enKarma/app/src/main/java/com/karma/sureshtrb/enKarma/6C2Aa.MahalayaTpnmActivity.kt:892:38 Unresolved reference 'mstartPos14'.
e: file:///Users/sureshbalasubramanian/Documents/Projects.nosync/Android_enKarma/enKarma/app/src/main/java/com/karma/sureshtrb/enKarma/6C2Aa.MahalayaTpnmActivity.kt:892:51 Unresolved reference 'mendPos14'.
e: file:///Users/sureshbalasubramanian/Documents/Projects.nosync/Android_enKarma/enKarma/app/src/main/java/com/karma/sureshtrb/enKarma/6C2Aa.MahalayaTpnmActivity.kt:893:38 Unresolved reference 'mstartPos15'.
e: file:///Users/sureshbalasubramanian/Documents/Projects.nosync/Android_enKarma/enKarma/app/src/main/java/com/karma/sureshtrb/enKarma/6C2Aa.MahalayaTpnmActivity.kt:893:51 Unresolved reference 'mendPos15'.
e: file:///Users/sureshbalasubramanian/Documents/Projects.nosync/Android_enKarma/enKarma/app/src/main/java/com/karma/sureshtrb/enKarma/6C2Aa.MahalayaTpnmActivity.kt:894:38 Unresolved reference 'mstartPos16'.
e: file:///Users/sureshbalasubramanian/Documents/Projects.nosync/Android_enKarma/enKarma/app/src/main/java/com/karma/sureshtrb/enKarma/6C2Aa.MahalayaTpnmActivity.kt:894:51 Unresolved reference 'mendPos16'.
e: file:///Users/sureshbalasubramanian/Documents/Projects.nosync/Android_enKarma/enKarma/app/src/main/java/com/karma/sureshtrb/enKarma/6C2Aa.MahalayaTpnmActivity.kt:895:38 Unresolved reference 'mstartPos17'.
e: file:///Users/sureshbalasubramanian/Documents/Projects.nosync/Android_enKarma/enKarma/app/src/main/java/com/karma/sureshtrb/enKarma/6C2Aa.MahalayaTpnmActivity.kt:895:51 Unresolved reference 'mendPos17'.
e: file:///Users/sureshbalasubramanian/Documents/Projects.nosync/Android_enKarma/enKarma/app/src/main/java/com/karma/sureshtrb/enKarma/6C2Aa.MahalayaTpnmActivity.kt:897:76 Unresolved reference 'mtotalpages'.
e: file:///Users/sureshbalasubramanian/Documents/Projects.nosync/Android_enKarma/enKarma/app/src/main/java/com/karma/sureshtrb/enKarma/6C2Aa.MahalayaTpnmActivity.kt:904:26 Unresolved reference 'mtotalpages'.
e: file:///Users/sureshbalasubramanian/Documents/Projects.nosync/Android_enKarma/enKarma/app/src/main/java/com/karma/sureshtrb/enKarma/6C2Aa.MahalayaTpnmActivity.kt:921:9 Unresolved reference 'mtotalpages'.
e: file:///Users/sureshbalasubramanian/Documents/Projects.nosync/Android_enKarma/enKarma/app/src/main/java/com/karma/sureshtrb/enKarma/6C2Aa.MahalayaTpnmActivity.kt:922:33 Unresolved reference 'mtotalpages'.
e: file:///Users/sureshbalasubramanian/Documents/Projects.nosync/Android_enKarma/enKarma/app/src/main/java/com/karma/sureshtrb/enKarma/6C2Aa.MahalayaTpnmActivity.kt:925:25 Unresolved reference 'mtotalpages'.
e: file:///Users/sureshbalasubramanian/Documents/Projects.nosync/Android_enKarma/enKarma/app/src/main/java/com/karma/sureshtrb/enKarma/6C2Aa.MahalayaTpnmActivity.kt:965:13 Unresolved reference 'mtotalpages'.
e: file:///Users/sureshbalasubramanian/Documents/Projects.nosync/Android_enKarma/enKarma/app/src/main/java/com/karma/sureshtrb/enKarma/6C2Aa.MahalayaTpnmActivity.kt:966:37 Unresolved reference 'mtotalpages'.
e: file:///Users/sureshbalasubramanian/Documents/Projects.nosync/Android_enKarma/enKarma/app/src/main/java/com/karma/sureshtrb/enKarma/6C2Aa.MahalayaTpnmActivity.kt:972:29 Unresolved reference 'mtotalpages'.
e: file:///Users/sureshbalasubramanian/Documents/Projects.nosync/Android_enKarma/enKarma/app/src/main/java/com/karma/sureshtrb/enKarma/6C2Aa.MahalayaTpnmActivity.kt:1621:27 Argument type mismatch: actual type is 'android.text.SpannableString', but 'kotlin.String' was expected.
e: file:///Users/sureshbalasubramanian/Documents/Projects.nosync/Android_enKarma/enKarma/app/src/main/java/com/karma/sureshtrb/enKarma/6C2Aa.MahalayaTpnmActivity.kt:1967:26 Unresolved reference 'BOLD_ITALLIC'.
e: file:///Users/sureshbalasubramanian/Documents/Projects.nosync/Android_enKarma/enKarma/app/src/main/java/com/karma/sureshtrb/enKarma/6C2Aa.MahalayaTpnmActivity.kt:2406:17 Conflicting declarations:
local val exExFlag: Int
local val exExFlag: Int
e: file:///Users/sureshbalasubramanian/Documents/Projects.nosync/Android_enKarma/enKarma/app/src/main/java/com/karma/sureshtrb/enKarma/6C2Aa.MahalayaTpnmActivity.kt:2407:17 Conflicting declarations:
local val start: Int
local val start: Int
e: file:///Users/sureshbalasubramanian/Documents/Projects.nosync/Android_enKarma/enKarma/app/src/main/java/com/karma/sureshtrb/enKarma/6C2Aa.MahalayaTpnmActivity.kt:4651:17 Conflicting declarations:
local val exExFlag: Int
local val exExFlag: Int
e: file:///Users/sureshbalasubramanian/Documents/Projects.nosync/Android_enKarma/enKarma/app/src/main/java/com/karma/sureshtrb/enKarma/6C2Aa.MahalayaTpnmActivity.kt:4652:17 Conflicting declarations:
local val start: Int
local val start: Int
e: file:///Users/sureshbalasubramanian/Documents/Projects.nosync/Android_enKarma/enKarma/app/src/main/java/com/karma/sureshtrb/enKarma/LoginActivity.kt:89:52 Too many arguments for 'fun alertDisplayer(message: String?): Unit'.
e: file:///Users/sureshbalasubramanian/Documents/Projects.nosync/Android_enKarma/enKarma/app/src/main/java/com/karma/sureshtrb/enKarma/RowDataAdapter.kt:20:65 Unresolved reference 'nameTextView'.
e: file:///Users/sureshbalasubramanian/Documents/Projects.nosync/Android_enKarma/enKarma/app/src/main/java/com/karma/sureshtrb/enKarma/RowDataAdapter.kt:21:71 Unresolved reference 'birthOrderTextView'.
e: file:///Users/sureshbalasubramanian/Documents/Projects.nosync/Android_enKarma/enKarma/app/src/main/java/com/karma/sureshtrb/enKarma/RowDataAdapter.kt:27:31 Unresolved reference 'row_item'.

FAILURE: Build completed with 2 failures.

1: Task failed with an exception.
-----------
* What went wrong:
Execution failed for task ':app:compileReleaseKotlin'.
> A failure occurred while executing org.jetbrains.kotlin.compilerRunner.GradleCompilerRunnerWithWorkers$GradleKotlinCompilerWorkAction
   > Compilation error. See log for more details

* Try:
> Run with --info or --debug option to get more log output.
> Run with --scan to get full insights.
> Get more help at https://help.gradle.org.

* Exception is:
org.gradle.api.tasks.TaskExecutionException: Execution failed for task ':app:compileReleaseKotlin'.
        at org.gradle.api.internal.tasks.execution.ExecuteActionsTaskExecuter.lambda$executeIfValid$1(ExecuteActionsTaskExecuter.java:130)
        at org.gradle.internal.Try$Failure.ifSuccessfulOrElse(Try.java:282)
        at org.gradle.api.internal.tasks.execution.ExecuteActionsTaskExecuter.executeIfValid(ExecuteActionsTaskExecuter.java:128)
        at org.gradle.api.internal.tasks.execution.ExecuteActionsTaskExecuter.execute(ExecuteActionsTaskExecuter.java:116)
        at org.gradle.api.internal.tasks.execution.FinalizePropertiesTaskExecuter.execute(FinalizePropertiesTaskExecuter.java:46)
        at org.gradle.api.internal.tasks.execution.ResolveTaskExecutionModeExecuter.execute(ResolveTaskExecutionModeExecuter.java:51)
        at org.gradle.api.internal.tasks.execution.SkipTaskWithNoActionsExecuter.execute(SkipTaskWithNoActionsExecuter.java:57)
        at org.gradle.api.internal.tasks.execution.SkipOnlyIfTaskExecuter.execute(SkipOnlyIfTaskExecuter.java:74)
        at org.gradle.api.internal.tasks.execution.CatchExceptionTaskExecuter.execute(CatchExceptionTaskExecuter.java:36)
        at org.gradle.api.internal.tasks.execution.EventFiringTaskExecuter$1.executeTask(EventFiringTaskExecuter.java:77)
        at org.gradle.api.internal.tasks.execution.EventFiringTaskExecuter$1.call(EventFiringTaskExecuter.java:55)
        at org.gradle.api.internal.tasks.execution.EventFiringTaskExecuter$1.call(EventFiringTaskExecuter.java:52)
        at org.gradle.internal.operations.DefaultBuildOperationRunner$CallableBuildOperationWorker.execute(DefaultBuildOperationRunner.java:200)
        at org.gradle.internal.operations.DefaultBuildOperationRunner$CallableBuildOperationWorker.execute(DefaultBuildOperationRunner.java:195)
        at org.gradle.internal.operations.DefaultBuildOperationRunner$2.execute(DefaultBuildOperationRunner.java:66)
        at org.gradle.internal.operations.DefaultBuildOperationRunner$2.execute(DefaultBuildOperationRunner.java:59)
        at org.gradle.internal.operations.DefaultBuildOperationRunner.execute(DefaultBuildOperationRunner.java:157)
        at org.gradle.internal.operations.DefaultBuildOperationRunner.execute(DefaultBuildOperationRunner.java:59)
        at org.gradle.internal.operations.DefaultBuildOperationRunner.call(DefaultBuildOperationRunner.java:53)
        at org.gradle.internal.operations.DefaultBuildOperationExecutor.call(DefaultBuildOperationExecutor.java:73)
        at org.gradle.api.internal.tasks.execution.EventFiringTaskExecuter.execute(EventFiringTaskExecuter.java:52)
        at org.gradle.execution.plan.LocalTaskNodeExecutor.execute(LocalTaskNodeExecutor.java:42)
        at org.gradle.execution.taskgraph.DefaultTaskExecutionGraph$InvokeNodeExecutorsAction.execute(DefaultTaskExecutionGraph.java:331)
        at org.gradle.execution.taskgraph.DefaultTaskExecutionGraph$InvokeNodeExecutorsAction.execute(DefaultTaskExecutionGraph.java:318)
        at org.gradle.execution.taskgraph.DefaultTaskExecutionGraph$BuildOperationAwareExecutionAction.lambda$execute$0(DefaultTaskExecutionGraph.java:314)
        at org.gradle.internal.operations.CurrentBuildOperationRef.with(CurrentBuildOperationRef.java:80)
        at org.gradle.execution.taskgraph.DefaultTaskExecutionGraph$BuildOperationAwareExecutionAction.execute(DefaultTaskExecutionGraph.java:314)
        at org.gradle.execution.taskgraph.DefaultTaskExecutionGraph$BuildOperationAwareExecutionAction.execute(DefaultTaskExecutionGraph.java:303)
        at org.gradle.execution.plan.DefaultPlanExecutor$ExecutorWorker.execute(DefaultPlanExecutor.java:463)
        at org.gradle.execution.plan.DefaultPlanExecutor$ExecutorWorker.run(DefaultPlanExecutor.java:380)
        at org.gradle.internal.concurrent.ExecutorPolicy$CatchAndRecordFailures.onExecute(ExecutorPolicy.java:64)
        at org.gradle.internal.concurrent.AbstractManagedExecutor$1.run(AbstractManagedExecutor.java:47)
Caused by: org.gradle.workers.internal.DefaultWorkerExecutor$WorkExecutionException: A failure occurred while executing org.jetbrains.kotlin.compilerRunner.GradleCompilerRunnerWithWorkers$GradleKotlinCompilerWorkAction
        at org.gradle.workers.internal.DefaultWorkerExecutor$WorkItemExecution.waitForCompletion(DefaultWorkerExecutor.java:287)
        at org.gradle.internal.work.DefaultAsyncWorkTracker.lambda$waitForItemsAndGatherFailures$2(DefaultAsyncWorkTracker.java:130)
        at org.gradle.internal.Factories$1.create(Factories.java:31)
        at org.gradle.internal.work.DefaultWorkerLeaseService.withoutLocks(DefaultWorkerLeaseService.java:336)
        at org.gradle.internal.work.DefaultWorkerLeaseService.withoutLocks(DefaultWorkerLeaseService.java:319)
        at org.gradle.internal.work.DefaultWorkerLeaseService.withoutLock(DefaultWorkerLeaseService.java:324)
        at org.gradle.internal.work.DefaultAsyncWorkTracker.waitForItemsAndGatherFailures(DefaultAsyncWorkTracker.java:126)
        at org.gradle.internal.work.DefaultAsyncWorkTracker.waitForItemsAndGatherFailures(DefaultAsyncWorkTracker.java:92)
        at org.gradle.internal.work.DefaultAsyncWorkTracker.waitForAll(DefaultAsyncWorkTracker.java:78)
        at org.gradle.internal.work.DefaultAsyncWorkTracker.waitForCompletion(DefaultAsyncWorkTracker.java:66)
        at org.gradle.api.internal.tasks.execution.TaskExecution$3.run(TaskExecution.java:252)
        at org.gradle.internal.operations.DefaultBuildOperationRunner$1.execute(DefaultBuildOperationRunner.java:29)
        at org.gradle.internal.operations.DefaultBuildOperationRunner$1.execute(DefaultBuildOperationRunner.java:26)
        at org.gradle.internal.operations.DefaultBuildOperationRunner$2.execute(DefaultBuildOperationRunner.java:66)
        at org.gradle.internal.operations.DefaultBuildOperationRunner$2.execute(DefaultBuildOperationRunner.java:59)
        at org.gradle.internal.operations.DefaultBuildOperationRunner.execute(DefaultBuildOperationRunner.java:157)
        at org.gradle.internal.operations.DefaultBuildOperationRunner.execute(DefaultBuildOperationRunner.java:59)
        at org.gradle.internal.operations.DefaultBuildOperationRunner.run(DefaultBuildOperationRunner.java:47)
        at org.gradle.internal.operations.DefaultBuildOperationExecutor.run(DefaultBuildOperationExecutor.java:68)
        at org.gradle.api.internal.tasks.execution.TaskExecution.executeAction(TaskExecution.java:229)
        at org.gradle.api.internal.tasks.execution.TaskExecution.executeActions(TaskExecution.java:212)
        at org.gradle.api.internal.tasks.execution.TaskExecution.executeWithPreviousOutputFiles(TaskExecution.java:195)
        at org.gradle.api.internal.tasks.execution.TaskExecution.execute(TaskExecution.java:162)
        at org.gradle.internal.execution.steps.ExecuteStep.executeInternal(ExecuteStep.java:105)
        at org.gradle.internal.execution.steps.ExecuteStep.access$000(ExecuteStep.java:44)
        at org.gradle.internal.execution.steps.ExecuteStep$1.call(ExecuteStep.java:59)
        at org.gradle.internal.execution.steps.ExecuteStep$1.call(ExecuteStep.java:56)
        at org.gradle.internal.operations.DefaultBuildOperationRunner$CallableBuildOperationWorker.execute(DefaultBuildOperationRunner.java:200)
        at org.gradle.internal.operations.DefaultBuildOperationRunner$CallableBuildOperationWorker.execute(DefaultBuildOperationRunner.java:195)
        at org.gradle.internal.operations.DefaultBuildOperationRunner$2.execute(DefaultBuildOperationRunner.java:66)
        at org.gradle.internal.operations.DefaultBuildOperationRunner$2.execute(DefaultBuildOperationRunner.java:59)
        at org.gradle.internal.operations.DefaultBuildOperationRunner.execute(DefaultBuildOperationRunner.java:157)
        at org.gradle.internal.operations.DefaultBuildOperationRunner.execute(DefaultBuildOperationRunner.java:59)
        at org.gradle.internal.operations.DefaultBuildOperationRunner.call(DefaultBuildOperationRunner.java:53)
        at org.gradle.internal.operations.DefaultBuildOperationExecutor.call(DefaultBuildOperationExecutor.java:73)
        at org.gradle.internal.execution.steps.ExecuteStep.execute(ExecuteStep.java:56)
        at org.gradle.internal.execution.steps.ExecuteStep.execute(ExecuteStep.java:44)
        at org.gradle.internal.execution.steps.CancelExecutionStep.execute(CancelExecutionStep.java:41)
        at org.gradle.internal.execution.steps.TimeoutStep.executeWithoutTimeout(TimeoutStep.java:74)
        at org.gradle.internal.execution.steps.TimeoutStep.execute(TimeoutStep.java:55)
        at org.gradle.internal.execution.steps.PreCreateOutputParentsStep.execute(PreCreateOutputParentsStep.java:50)
        at org.gradle.internal.execution.steps.PreCreateOutputParentsStep.execute(PreCreateOutputParentsStep.java:28)
        at org.gradle.internal.execution.steps.RemovePreviousOutputsStep.execute(RemovePreviousOutputsStep.java:67)
        at org.gradle.internal.execution.steps.RemovePreviousOutputsStep.execute(RemovePreviousOutputsStep.java:37)
        at org.gradle.internal.execution.steps.BroadcastChangingOutputsStep.execute(BroadcastChangingOutputsStep.java:61)
        at org.gradle.internal.execution.steps.BroadcastChangingOutputsStep.execute(BroadcastChangingOutputsStep.java:26)
        at org.gradle.internal.execution.steps.CaptureOutputsAfterExecutionStep.execute(CaptureOutputsAfterExecutionStep.java:67)
        at org.gradle.internal.execution.steps.CaptureOutputsAfterExecutionStep.execute(CaptureOutputsAfterExecutionStep.java:45)
        at org.gradle.internal.execution.steps.ResolveInputChangesStep.execute(ResolveInputChangesStep.java:40)
        at org.gradle.internal.execution.steps.ResolveInputChangesStep.execute(ResolveInputChangesStep.java:29)
        at org.gradle.internal.execution.steps.BuildCacheStep.executeWithoutCache(BuildCacheStep.java:189)
        at org.gradle.internal.execution.steps.BuildCacheStep.executeAndStoreInCache(BuildCacheStep.java:145)
        at org.gradle.internal.execution.steps.BuildCacheStep.lambda$executeWithCache$4(BuildCacheStep.java:101)
        at org.gradle.internal.execution.steps.BuildCacheStep.lambda$executeWithCache$5(BuildCacheStep.java:101)
        at org.gradle.internal.Try$Success.map(Try.java:164)
        at org.gradle.internal.execution.steps.BuildCacheStep.executeWithCache(BuildCacheStep.java:85)
        at org.gradle.internal.execution.steps.BuildCacheStep.lambda$execute$0(BuildCacheStep.java:74)
        at org.gradle.internal.Either$Left.fold(Either.java:115)
        at org.gradle.internal.execution.caching.CachingState.fold(CachingState.java:62)
        at org.gradle.internal.execution.steps.BuildCacheStep.execute(BuildCacheStep.java:73)
        at org.gradle.internal.execution.steps.BuildCacheStep.execute(BuildCacheStep.java:48)
        at org.gradle.internal.execution.steps.StoreExecutionStateStep.execute(StoreExecutionStateStep.java:46)
        at org.gradle.internal.execution.steps.StoreExecutionStateStep.execute(StoreExecutionStateStep.java:35)
        at org.gradle.internal.execution.steps.SkipUpToDateStep.executeBecause(SkipUpToDateStep.java:76)
        at org.gradle.internal.execution.steps.SkipUpToDateStep.lambda$execute$2(SkipUpToDateStep.java:54)
        at org.gradle.internal.execution.steps.SkipUpToDateStep.execute(SkipUpToDateStep.java:54)
        at org.gradle.internal.execution.steps.SkipUpToDateStep.execute(SkipUpToDateStep.java:36)
        at org.gradle.internal.execution.steps.legacy.MarkSnapshottingInputsFinishedStep.execute(MarkSnapshottingInputsFinishedStep.java:37)
        at org.gradle.internal.execution.steps.legacy.MarkSnapshottingInputsFinishedStep.execute(MarkSnapshottingInputsFinishedStep.java:27)
        at org.gradle.internal.execution.steps.ResolveIncrementalCachingStateStep.executeDelegate(ResolveIncrementalCachingStateStep.java:49)
        at org.gradle.internal.execution.steps.ResolveIncrementalCachingStateStep.executeDelegate(ResolveIncrementalCachingStateStep.java:27)
        at org.gradle.internal.execution.steps.AbstractResolveCachingStateStep.execute(AbstractResolveCachingStateStep.java:71)
        at org.gradle.internal.execution.steps.AbstractResolveCachingStateStep.execute(AbstractResolveCachingStateStep.java:39)
        at org.gradle.internal.execution.steps.ResolveChangesStep.execute(ResolveChangesStep.java:65)
        at org.gradle.internal.execution.steps.ResolveChangesStep.execute(ResolveChangesStep.java:36)
        at org.gradle.internal.execution.steps.ValidateStep.execute(ValidateStep.java:106)
        at org.gradle.internal.execution.steps.ValidateStep.execute(ValidateStep.java:55)
        at org.gradle.internal.execution.steps.AbstractCaptureStateBeforeExecutionStep.execute(AbstractCaptureStateBeforeExecutionStep.java:64)
        at org.gradle.internal.execution.steps.AbstractCaptureStateBeforeExecutionStep.execute(AbstractCaptureStateBeforeExecutionStep.java:43)
        at org.gradle.internal.execution.steps.AbstractSkipEmptyWorkStep.executeWithNonEmptySources(AbstractSkipEmptyWorkStep.java:125)
        at org.gradle.internal.execution.steps.AbstractSkipEmptyWorkStep.execute(AbstractSkipEmptyWorkStep.java:61)
        at org.gradle.internal.execution.steps.AbstractSkipEmptyWorkStep.execute(AbstractSkipEmptyWorkStep.java:36)
        at org.gradle.internal.execution.steps.legacy.MarkSnapshottingInputsStartedStep.execute(MarkSnapshottingInputsStartedStep.java:38)
        at org.gradle.internal.execution.steps.LoadPreviousExecutionStateStep.execute(LoadPreviousExecutionStateStep.java:36)
        at org.gradle.internal.execution.steps.LoadPreviousExecutionStateStep.execute(LoadPreviousExecutionStateStep.java:23)
        at org.gradle.internal.execution.steps.HandleStaleOutputsStep.execute(HandleStaleOutputsStep.java:75)
        at org.gradle.internal.execution.steps.HandleStaleOutputsStep.execute(HandleStaleOutputsStep.java:41)
        at org.gradle.internal.execution.steps.AssignMutableWorkspaceStep.lambda$execute$0(AssignMutableWorkspaceStep.java:35)
        at org.gradle.api.internal.tasks.execution.TaskExecution$4.withWorkspace(TaskExecution.java:289)
        at org.gradle.internal.execution.steps.AssignMutableWorkspaceStep.execute(AssignMutableWorkspaceStep.java:31)
        at org.gradle.internal.execution.steps.AssignMutableWorkspaceStep.execute(AssignMutableWorkspaceStep.java:22)
        at org.gradle.internal.execution.steps.ChoosePipelineStep.execute(ChoosePipelineStep.java:40)
        at org.gradle.internal.execution.steps.ChoosePipelineStep.execute(ChoosePipelineStep.java:23)
        at org.gradle.internal.execution.steps.ExecuteWorkBuildOperationFiringStep.lambda$execute$2(ExecuteWorkBuildOperationFiringStep.java:67)
        at org.gradle.internal.execution.steps.ExecuteWorkBuildOperationFiringStep.execute(ExecuteWorkBuildOperationFiringStep.java:67)
        at org.gradle.internal.execution.steps.ExecuteWorkBuildOperationFiringStep.execute(ExecuteWorkBuildOperationFiringStep.java:39)
        at org.gradle.internal.execution.steps.IdentityCacheStep.execute(IdentityCacheStep.java:46)
        at org.gradle.internal.execution.steps.IdentityCacheStep.execute(IdentityCacheStep.java:34)
        at org.gradle.internal.execution.steps.IdentifyStep.execute(IdentifyStep.java:48)
        at org.gradle.internal.execution.steps.IdentifyStep.execute(IdentifyStep.java:35)
        at org.gradle.internal.execution.impl.DefaultExecutionEngine$1.execute(DefaultExecutionEngine.java:61)
        at org.gradle.api.internal.tasks.execution.ExecuteActionsTaskExecuter.executeIfValid(ExecuteActionsTaskExecuter.java:127)
        at org.gradle.api.internal.tasks.execution.ExecuteActionsTaskExecuter.execute(ExecuteActionsTaskExecuter.java:116)
        at org.gradle.api.internal.tasks.execution.FinalizePropertiesTaskExecuter.execute(FinalizePropertiesTaskExecuter.java:46)
        at org.gradle.api.internal.tasks.execution.ResolveTaskExecutionModeExecuter.execute(ResolveTaskExecutionModeExecuter.java:51)
        at org.gradle.api.internal.tasks.execution.SkipTaskWithNoActionsExecuter.execute(SkipTaskWithNoActionsExecuter.java:57)
        at org.gradle.api.internal.tasks.execution.SkipOnlyIfTaskExecuter.execute(SkipOnlyIfTaskExecuter.java:74)
        at org.gradle.api.internal.tasks.execution.CatchExceptionTaskExecuter.execute(CatchExceptionTaskExecuter.java:36)
        at org.gradle.api.internal.tasks.execution.EventFiringTaskExecuter$1.executeTask(EventFiringTaskExecuter.java:77)
        at org.gradle.api.internal.tasks.execution.EventFiringTaskExecuter$1.call(EventFiringTaskExecuter.java:55)
        at org.gradle.api.internal.tasks.execution.EventFiringTaskExecuter$1.call(EventFiringTaskExecuter.java:52)
        at org.gradle.internal.operations.DefaultBuildOperationRunner$CallableBuildOperationWorker.execute(DefaultBuildOperationRunner.java:200)
        at org.gradle.internal.operations.DefaultBuildOperationRunner$CallableBuildOperationWorker.execute(DefaultBuildOperationRunner.java:195)
        at org.gradle.internal.operations.DefaultBuildOperationRunner$2.execute(DefaultBuildOperationRunner.java:66)
        at org.gradle.internal.operations.DefaultBuildOperationRunner$2.execute(DefaultBuildOperationRunner.java:59)
        at org.gradle.internal.operations.DefaultBuildOperationRunner.execute(DefaultBuildOperationRunner.java:157)
        at org.gradle.internal.operations.DefaultBuildOperationRunner.execute(DefaultBuildOperationRunner.java:59)
        at org.gradle.internal.operations.DefaultBuildOperationRunner.call(DefaultBuildOperationRunner.java:53)
        at org.gradle.internal.operations.DefaultBuildOperationExecutor.call(DefaultBuildOperationExecutor.java:73)
        at org.gradle.api.internal.tasks.execution.EventFiringTaskExecuter.execute(EventFiringTaskExecuter.java:52)
        at org.gradle.execution.plan.LocalTaskNodeExecutor.execute(LocalTaskNodeExecutor.java:42)
        at org.gradle.execution.taskgraph.DefaultTaskExecutionGraph$InvokeNodeExecutorsAction.execute(DefaultTaskExecutionGraph.java:331)
        at org.gradle.execution.taskgraph.DefaultTaskExecutionGraph$InvokeNodeExecutorsAction.execute(DefaultTaskExecutionGraph.java:318)
        at org.gradle.execution.taskgraph.DefaultTaskExecutionGraph$BuildOperationAwareExecutionAction.lambda$execute$0(DefaultTaskExecutionGraph.java:314)
        at org.gradle.internal.operations.CurrentBuildOperationRef.with(CurrentBuildOperationRef.java:80)
        at org.gradle.execution.taskgraph.DefaultTaskExecutionGraph$BuildOperationAwareExecutionAction.execute(DefaultTaskExecutionGraph.java:314)
        at org.gradle.execution.taskgraph.DefaultTaskExecutionGraph$BuildOperationAwareExecutionAction.execute(DefaultTaskExecutionGraph.java:303)
        at org.gradle.execution.plan.DefaultPlanExecutor$ExecutorWorker.execute(DefaultPlanExecutor.java:463)
        at org.gradle.execution.plan.DefaultPlanExecutor$ExecutorWorker.run(DefaultPlanExecutor.java:380)
        at org.gradle.internal.concurrent.ExecutorPolicy$CatchAndRecordFailures.onExecute(ExecutorPolicy.java:64)
        at org.gradle.internal.concurrent.AbstractManagedExecutor$1.run(AbstractManagedExecutor.java:47)
Caused by: org.jetbrains.kotlin.gradle.tasks.CompilationErrorException: Compilation error. See log for more details
        at org.jetbrains.kotlin.gradle.tasks.TasksUtilsKt.throwExceptionIfCompilationFailed(tasksUtils.kt:21)
        at org.jetbrains.kotlin.compilerRunner.GradleKotlinCompilerWork.run(GradleKotlinCompilerWork.kt:119)
        at org.jetbrains.kotlin.compilerRunner.GradleCompilerRunnerWithWorkers$GradleKotlinCompilerWorkAction.execute(GradleCompilerRunnerWithWorkers.kt:76)
        at org.gradle.workers.internal.DefaultWorkerServer.execute(DefaultWorkerServer.java:63)
        at org.gradle.workers.internal.NoIsolationWorkerFactory$1$1.create(NoIsolationWorkerFactory.java:66)
        at org.gradle.workers.internal.NoIsolationWorkerFactory$1$1.create(NoIsolationWorkerFactory.java:62)
        at org.gradle.internal.classloader.ClassLoaderUtils.executeInClassloader(ClassLoaderUtils.java:100)
        at org.gradle.workers.internal.NoIsolationWorkerFactory$1.lambda$execute$0(NoIsolationWorkerFactory.java:62)
        at org.gradle.workers.internal.AbstractWorker$1.call(AbstractWorker.java:44)
        at org.gradle.workers.internal.AbstractWorker$1.call(AbstractWorker.java:41)
        at org.gradle.internal.operations.DefaultBuildOperationRunner$CallableBuildOperationWorker.execute(DefaultBuildOperationRunner.java:200)
        at org.gradle.internal.operations.DefaultBuildOperationRunner$CallableBuildOperationWorker.execute(DefaultBuildOperationRunner.java:195)
        at org.gradle.internal.operations.DefaultBuildOperationRunner$2.execute(DefaultBuildOperationRunner.java:66)
        at org.gradle.internal.operations.DefaultBuildOperationRunner$2.execute(DefaultBuildOperationRunner.java:59)
        at org.gradle.internal.operations.DefaultBuildOperationRunner.execute(DefaultBuildOperationRunner.java:157)
        at org.gradle.internal.operations.DefaultBuildOperationRunner.execute(DefaultBuildOperationRunner.java:59)
        at org.gradle.internal.operations.DefaultBuildOperationRunner.call(DefaultBuildOperationRunner.java:53)
        at org.gradle.internal.operations.DefaultBuildOperationExecutor.call(DefaultBuildOperationExecutor.java:73)
        at org.gradle.workers.internal.AbstractWorker.executeWrappedInBuildOperation(AbstractWorker.java:41)
        at org.gradle.workers.internal.NoIsolationWorkerFactory$1.execute(NoIsolationWorkerFactory.java:59)
        at org.gradle.workers.internal.DefaultWorkerExecutor.lambda$submitWork$0(DefaultWorkerExecutor.java:174)
        at org.gradle.internal.work.DefaultConditionalExecutionQueue$ExecutionRunner.runExecution(DefaultConditionalExecutionQueue.java:187)
        at org.gradle.internal.work.DefaultConditionalExecutionQueue$ExecutionRunner.access$700(DefaultConditionalExecutionQueue.java:120)
        at org.gradle.internal.work.DefaultConditionalExecutionQueue$ExecutionRunner$1.run(DefaultConditionalExecutionQueue.java:162)
        at org.gradle.internal.Factories$1.create(Factories.java:31)
        at org.gradle.internal.work.DefaultWorkerLeaseService.withLocks(DefaultWorkerLeaseService.java:264)
        at org.gradle.internal.work.DefaultWorkerLeaseService.runAsWorkerThread(DefaultWorkerLeaseService.java:128)
        at org.gradle.internal.work.DefaultWorkerLeaseService.runAsWorkerThread(DefaultWorkerLeaseService.java:133)
        at org.gradle.internal.work.DefaultConditionalExecutionQueue$ExecutionRunner.runBatch(DefaultConditionalExecutionQueue.java:157)
        at org.gradle.internal.work.DefaultConditionalExecutionQueue$ExecutionRunner.run(DefaultConditionalExecutionQueue.java:126)
        ... 2 more

==============================================================================

2: Task failed with an exception.
-----------
* What went wrong:
Execution failed for task ':app:compileDebugKotlin'.
> A failure occurred while executing org.jetbrains.kotlin.compilerRunner.GradleCompilerRunnerWithWorkers$GradleKotlinCompilerWorkAction
   > Compilation error. See log for more details

* Try:
> Run with --info or --debug option to get more log output.
> Run with --scan to get full insights.
> Get more help at https://help.gradle.org.

* Exception is:
org.gradle.api.tasks.TaskExecutionException: Execution failed for task ':app:compileDebugKotlin'.
        at org.gradle.api.internal.tasks.execution.ExecuteActionsTaskExecuter.lambda$executeIfValid$1(ExecuteActionsTaskExecuter.java:130)
        at org.gradle.internal.Try$Failure.ifSuccessfulOrElse(Try.java:282)
        at org.gradle.api.internal.tasks.execution.ExecuteActionsTaskExecuter.executeIfValid(ExecuteActionsTaskExecuter.java:128)
        at org.gradle.api.internal.tasks.execution.ExecuteActionsTaskExecuter.execute(ExecuteActionsTaskExecuter.java:116)
        at org.gradle.api.internal.tasks.execution.FinalizePropertiesTaskExecuter.execute(FinalizePropertiesTaskExecuter.java:46)
        at org.gradle.api.internal.tasks.execution.ResolveTaskExecutionModeExecuter.execute(ResolveTaskExecutionModeExecuter.java:51)
        at org.gradle.api.internal.tasks.execution.SkipTaskWithNoActionsExecuter.execute(SkipTaskWithNoActionsExecuter.java:57)
        at org.gradle.api.internal.tasks.execution.SkipOnlyIfTaskExecuter.execute(SkipOnlyIfTaskExecuter.java:74)
        at org.gradle.api.internal.tasks.execution.CatchExceptionTaskExecuter.execute(CatchExceptionTaskExecuter.java:36)
        at org.gradle.api.internal.tasks.execution.EventFiringTaskExecuter$1.executeTask(EventFiringTaskExecuter.java:77)
        at org.gradle.api.internal.tasks.execution.EventFiringTaskExecuter$1.call(EventFiringTaskExecuter.java:55)
        at org.gradle.api.internal.tasks.execution.EventFiringTaskExecuter$1.call(EventFiringTaskExecuter.java:52)
        at org.gradle.internal.operations.DefaultBuildOperationRunner$CallableBuildOperationWorker.execute(DefaultBuildOperationRunner.java:200)
        at org.gradle.internal.operations.DefaultBuildOperationRunner$CallableBuildOperationWorker.execute(DefaultBuildOperationRunner.java:195)
        at org.gradle.internal.operations.DefaultBuildOperationRunner$2.execute(DefaultBuildOperationRunner.java:66)
        at org.gradle.internal.operations.DefaultBuildOperationRunner$2.execute(DefaultBuildOperationRunner.java:59)
        at org.gradle.internal.operations.DefaultBuildOperationRunner.execute(DefaultBuildOperationRunner.java:157)
        at org.gradle.internal.operations.DefaultBuildOperationRunner.execute(DefaultBuildOperationRunner.java:59)
        at org.gradle.internal.operations.DefaultBuildOperationRunner.call(DefaultBuildOperationRunner.java:53)
        at org.gradle.internal.operations.DefaultBuildOperationExecutor.call(DefaultBuildOperationExecutor.java:73)
        at org.gradle.api.internal.tasks.execution.EventFiringTaskExecuter.execute(EventFiringTaskExecuter.java:52)
        at org.gradle.execution.plan.LocalTaskNodeExecutor.execute(LocalTaskNodeExecutor.java:42)
        at org.gradle.execution.taskgraph.DefaultTaskExecutionGraph$InvokeNodeExecutorsAction.execute(DefaultTaskExecutionGraph.java:331)
        at org.gradle.execution.taskgraph.DefaultTaskExecutionGraph$InvokeNodeExecutorsAction.execute(DefaultTaskExecutionGraph.java:318)
        at org.gradle.execution.taskgraph.DefaultTaskExecutionGraph$BuildOperationAwareExecutionAction.lambda$execute$0(DefaultTaskExecutionGraph.java:314)
        at org.gradle.internal.operations.CurrentBuildOperationRef.with(CurrentBuildOperationRef.java:80)
        at org.gradle.execution.taskgraph.DefaultTaskExecutionGraph$BuildOperationAwareExecutionAction.execute(DefaultTaskExecutionGraph.java:314)
        at org.gradle.execution.taskgraph.DefaultTaskExecutionGraph$BuildOperationAwareExecutionAction.execute(DefaultTaskExecutionGraph.java:303)
        at org.gradle.execution.plan.DefaultPlanExecutor$ExecutorWorker.execute(DefaultPlanExecutor.java:463)
        at org.gradle.execution.plan.DefaultPlanExecutor$ExecutorWorker.run(DefaultPlanExecutor.java:380)
        at org.gradle.execution.plan.DefaultPlanExecutor.process(DefaultPlanExecutor.java:116)
        at org.gradle.execution.taskgraph.DefaultTaskExecutionGraph.executeWithServices(DefaultTaskExecutionGraph.java:138)
        at org.gradle.execution.taskgraph.DefaultTaskExecutionGraph.execute(DefaultTaskExecutionGraph.java:123)
        at org.gradle.execution.SelectedTaskExecutionAction.execute(SelectedTaskExecutionAction.java:35)
        at org.gradle.execution.DryRunBuildExecutionAction.execute(DryRunBuildExecutionAction.java:51)
        at org.gradle.execution.BuildOperationFiringBuildWorkerExecutor$ExecuteTasks.call(BuildOperationFiringBuildWorkerExecutor.java:54)
        at org.gradle.execution.BuildOperationFiringBuildWorkerExecutor$ExecuteTasks.call(BuildOperationFiringBuildWorkerExecutor.java:43)
        at org.gradle.internal.operations.DefaultBuildOperationRunner$CallableBuildOperationWorker.execute(DefaultBuildOperationRunner.java:200)
        at org.gradle.internal.operations.DefaultBuildOperationRunner$CallableBuildOperationWorker.execute(DefaultBuildOperationRunner.java:195)
        at org.gradle.internal.operations.DefaultBuildOperationRunner$2.execute(DefaultBuildOperationRunner.java:66)
        at org.gradle.internal.operations.DefaultBuildOperationRunner$2.execute(DefaultBuildOperationRunner.java:59)
        at org.gradle.internal.operations.DefaultBuildOperationRunner.execute(DefaultBuildOperationRunner.java:157)
        at org.gradle.internal.operations.DefaultBuildOperationRunner.execute(DefaultBuildOperationRunner.java:59)
        at org.gradle.internal.operations.DefaultBuildOperationRunner.call(DefaultBuildOperationRunner.java:53)
        at org.gradle.internal.operations.DefaultBuildOperationExecutor.call(DefaultBuildOperationExecutor.java:73)
        at org.gradle.execution.BuildOperationFiringBuildWorkerExecutor.execute(BuildOperationFiringBuildWorkerExecutor.java:40)
        at org.gradle.internal.build.DefaultBuildLifecycleController.lambda$executeTasks$10(DefaultBuildLifecycleController.java:313)
        at org.gradle.internal.model.StateTransitionController.doTransition(StateTransitionController.java:266)
        at org.gradle.internal.model.StateTransitionController.lambda$tryTransition$8(StateTransitionController.java:177)
        at org.gradle.internal.work.DefaultSynchronizer.withLock(DefaultSynchronizer.java:44)
        at org.gradle.internal.model.StateTransitionController.tryTransition(StateTransitionController.java:177)
        at org.gradle.internal.build.DefaultBuildLifecycleController.executeTasks(DefaultBuildLifecycleController.java:304)
        at org.gradle.internal.build.DefaultBuildWorkGraphController$DefaultBuildWorkGraph.runWork(DefaultBuildWorkGraphController.java:220)
        at org.gradle.internal.work.DefaultWorkerLeaseService.withLocks(DefaultWorkerLeaseService.java:264)
        at org.gradle.internal.work.DefaultWorkerLeaseService.runAsWorkerThread(DefaultWorkerLeaseService.java:128)
        at org.gradle.composite.internal.DefaultBuildController.doRun(DefaultBuildController.java:181)
        at org.gradle.composite.internal.DefaultBuildController.access$000(DefaultBuildController.java:50)
        at org.gradle.composite.internal.DefaultBuildController$BuildOpRunnable.lambda$run$0(DefaultBuildController.java:198)
        at org.gradle.internal.operations.CurrentBuildOperationRef.with(CurrentBuildOperationRef.java:80)
        at org.gradle.composite.internal.DefaultBuildController$BuildOpRunnable.run(DefaultBuildController.java:198)
        at java.base/java.util.concurrent.Executors$RunnableAdapter.call(Executors.java:572)
        at java.base/java.util.concurrent.FutureTask.run(FutureTask.java:317)
        at org.gradle.internal.concurrent.ExecutorPolicy$CatchAndRecordFailures.onExecute(ExecutorPolicy.java:64)
        at org.gradle.internal.concurrent.AbstractManagedExecutor$1.run(AbstractManagedExecutor.java:47)
        at java.base/java.util.concurrent.ThreadPoolExecutor.runWorker(ThreadPoolExecutor.java:1144)
        at java.base/java.util.concurrent.ThreadPoolExecutor$Worker.run(ThreadPoolExecutor.java:642)
        at java.base/java.lang.Thread.run(Thread.java:1583)
Caused by: org.gradle.workers.internal.DefaultWorkerExecutor$WorkExecutionException: A failure occurred while executing org.jetbrains.kotlin.compilerRunner.GradleCompilerRunnerWithWorkers$GradleKotlinCompilerWorkAction
        at org.gradle.workers.internal.DefaultWorkerExecutor$WorkItemExecution.waitForCompletion(DefaultWorkerExecutor.java:287)
        at org.gradle.internal.work.DefaultAsyncWorkTracker.lambda$waitForItemsAndGatherFailures$2(DefaultAsyncWorkTracker.java:130)
        at org.gradle.internal.Factories$1.create(Factories.java:31)
        at org.gradle.internal.work.DefaultWorkerLeaseService.withoutLocks(DefaultWorkerLeaseService.java:336)
        at org.gradle.internal.work.DefaultWorkerLeaseService.withoutLocks(DefaultWorkerLeaseService.java:319)
        at org.gradle.internal.work.DefaultWorkerLeaseService.withoutLock(DefaultWorkerLeaseService.java:324)
        at org.gradle.internal.work.DefaultAsyncWorkTracker.waitForItemsAndGatherFailures(DefaultAsyncWorkTracker.java:126)
        at org.gradle.internal.work.DefaultAsyncWorkTracker.waitForItemsAndGatherFailures(DefaultAsyncWorkTracker.java:92)
        at org.gradle.internal.work.DefaultAsyncWorkTracker.waitForAll(DefaultAsyncWorkTracker.java:78)
        at org.gradle.internal.work.DefaultAsyncWorkTracker.waitForCompletion(DefaultAsyncWorkTracker.java:66)
        at org.gradle.api.internal.tasks.execution.TaskExecution$3.run(TaskExecution.java:252)
        at org.gradle.internal.operations.DefaultBuildOperationRunner$1.execute(DefaultBuildOperationRunner.java:29)
        at org.gradle.internal.operations.DefaultBuildOperationRunner$1.execute(DefaultBuildOperationRunner.java:26)
        at org.gradle.internal.operations.DefaultBuildOperationRunner$2.execute(DefaultBuildOperationRunner.java:66)
        at org.gradle.internal.operations.DefaultBuildOperationRunner$2.execute(DefaultBuildOperationRunner.java:59)
        at org.gradle.internal.operations.DefaultBuildOperationRunner.execute(DefaultBuildOperationRunner.java:157)
        at org.gradle.internal.operations.DefaultBuildOperationRunner.execute(DefaultBuildOperationRunner.java:59)
        at org.gradle.internal.operations.DefaultBuildOperationRunner.run(DefaultBuildOperationRunner.java:47)
        at org.gradle.internal.operations.DefaultBuildOperationExecutor.run(DefaultBuildOperationExecutor.java:68)
        at org.gradle.api.internal.tasks.execution.TaskExecution.executeAction(TaskExecution.java:229)
        at org.gradle.api.internal.tasks.execution.TaskExecution.executeActions(TaskExecution.java:212)
        at org.gradle.api.internal.tasks.execution.TaskExecution.executeWithPreviousOutputFiles(TaskExecution.java:195)
        at org.gradle.api.internal.tasks.execution.TaskExecution.execute(TaskExecution.java:162)
        at org.gradle.internal.execution.steps.ExecuteStep.executeInternal(ExecuteStep.java:105)
        at org.gradle.internal.execution.steps.ExecuteStep.access$000(ExecuteStep.java:44)
        at org.gradle.internal.execution.steps.ExecuteStep$1.call(ExecuteStep.java:59)
        at org.gradle.internal.execution.steps.ExecuteStep$1.call(ExecuteStep.java:56)
        at org.gradle.internal.operations.DefaultBuildOperationRunner$CallableBuildOperationWorker.execute(DefaultBuildOperationRunner.java:200)
        at org.gradle.internal.operations.DefaultBuildOperationRunner$CallableBuildOperationWorker.execute(DefaultBuildOperationRunner.java:195)
        at org.gradle.internal.operations.DefaultBuildOperationRunner$2.execute(DefaultBuildOperationRunner.java:66)
        at org.gradle.internal.operations.DefaultBuildOperationRunner$2.execute(DefaultBuildOperationRunner.java:59)
        at org.gradle.internal.operations.DefaultBuildOperationRunner.execute(DefaultBuildOperationRunner.java:157)
        at org.gradle.internal.operations.DefaultBuildOperationRunner.execute(DefaultBuildOperationRunner.java:59)
        at org.gradle.internal.operations.DefaultBuildOperationRunner.call(DefaultBuildOperationRunner.java:53)
        at org.gradle.internal.operations.DefaultBuildOperationExecutor.call(DefaultBuildOperationExecutor.java:73)
        at org.gradle.internal.execution.steps.ExecuteStep.execute(ExecuteStep.java:56)
        at org.gradle.internal.execution.steps.ExecuteStep.execute(ExecuteStep.java:44)
        at org.gradle.internal.execution.steps.CancelExecutionStep.execute(CancelExecutionStep.java:41)
        at org.gradle.internal.execution.steps.TimeoutStep.executeWithoutTimeout(TimeoutStep.java:74)
        at org.gradle.internal.execution.steps.TimeoutStep.execute(TimeoutStep.java:55)
        at org.gradle.internal.execution.steps.PreCreateOutputParentsStep.execute(PreCreateOutputParentsStep.java:50)
        at org.gradle.internal.execution.steps.PreCreateOutputParentsStep.execute(PreCreateOutputParentsStep.java:28)
        at org.gradle.internal.execution.steps.RemovePreviousOutputsStep.execute(RemovePreviousOutputsStep.java:67)
        at org.gradle.internal.execution.steps.RemovePreviousOutputsStep.execute(RemovePreviousOutputsStep.java:37)
        at org.gradle.internal.execution.steps.BroadcastChangingOutputsStep.execute(BroadcastChangingOutputsStep.java:61)
        at org.gradle.internal.execution.steps.BroadcastChangingOutputsStep.execute(BroadcastChangingOutputsStep.java:26)
        at org.gradle.internal.execution.steps.CaptureOutputsAfterExecutionStep.execute(CaptureOutputsAfterExecutionStep.java:67)
        at org.gradle.internal.execution.steps.CaptureOutputsAfterExecutionStep.execute(CaptureOutputsAfterExecutionStep.java:45)
        at org.gradle.internal.execution.steps.ResolveInputChangesStep.execute(ResolveInputChangesStep.java:40)
        at org.gradle.internal.execution.steps.ResolveInputChangesStep.execute(ResolveInputChangesStep.java:29)
        at org.gradle.internal.execution.steps.BuildCacheStep.executeWithoutCache(BuildCacheStep.java:189)
        at org.gradle.internal.execution.steps.BuildCacheStep.executeAndStoreInCache(BuildCacheStep.java:145)
        at org.gradle.internal.execution.steps.BuildCacheStep.lambda$executeWithCache$4(BuildCacheStep.java:101)
        at java.base/java.util.Optional.orElseGet(Optional.java:364)
        at org.gradle.internal.execution.steps.BuildCacheStep.lambda$executeWithCache$5(BuildCacheStep.java:101)
        at org.gradle.internal.Try$Success.map(Try.java:164)
        at org.gradle.internal.execution.steps.BuildCacheStep.executeWithCache(BuildCacheStep.java:85)
        at org.gradle.internal.execution.steps.BuildCacheStep.lambda$execute$0(BuildCacheStep.java:74)
        at org.gradle.internal.Either$Left.fold(Either.java:115)
        at org.gradle.internal.execution.caching.CachingState.fold(CachingState.java:62)
        at org.gradle.internal.execution.steps.BuildCacheStep.execute(BuildCacheStep.java:73)
        at org.gradle.internal.execution.steps.BuildCacheStep.execute(BuildCacheStep.java:48)
        at org.gradle.internal.execution.steps.StoreExecutionStateStep.execute(StoreExecutionStateStep.java:46)
        at org.gradle.internal.execution.steps.StoreExecutionStateStep.execute(StoreExecutionStateStep.java:35)
        at org.gradle.internal.execution.steps.SkipUpToDateStep.executeBecause(SkipUpToDateStep.java:76)
        at org.gradle.internal.execution.steps.SkipUpToDateStep.lambda$execute$2(SkipUpToDateStep.java:54)
        at java.base/java.util.Optional.orElseGet(Optional.java:364)
        at org.gradle.internal.execution.steps.SkipUpToDateStep.execute(SkipUpToDateStep.java:54)
        at org.gradle.internal.execution.steps.SkipUpToDateStep.execute(SkipUpToDateStep.java:36)
        at org.gradle.internal.execution.steps.legacy.MarkSnapshottingInputsFinishedStep.execute(MarkSnapshottingInputsFinishedStep.java:37)
        at org.gradle.internal.execution.steps.legacy.MarkSnapshottingInputsFinishedStep.execute(MarkSnapshottingInputsFinishedStep.java:27)
        at org.gradle.internal.execution.steps.ResolveIncrementalCachingStateStep.executeDelegate(ResolveIncrementalCachingStateStep.java:49)
        at org.gradle.internal.execution.steps.ResolveIncrementalCachingStateStep.executeDelegate(ResolveIncrementalCachingStateStep.java:27)
        at org.gradle.internal.execution.steps.AbstractResolveCachingStateStep.execute(AbstractResolveCachingStateStep.java:71)
        at org.gradle.internal.execution.steps.AbstractResolveCachingStateStep.execute(AbstractResolveCachingStateStep.java:39)
        at org.gradle.internal.execution.steps.ResolveChangesStep.execute(ResolveChangesStep.java:65)
        at org.gradle.internal.execution.steps.ResolveChangesStep.execute(ResolveChangesStep.java:36)
        at org.gradle.internal.execution.steps.ValidateStep.execute(ValidateStep.java:106)
        at org.gradle.internal.execution.steps.ValidateStep.execute(ValidateStep.java:55)
        at org.gradle.internal.execution.steps.AbstractCaptureStateBeforeExecutionStep.execute(AbstractCaptureStateBeforeExecutionStep.java:64)
        at org.gradle.internal.execution.steps.AbstractCaptureStateBeforeExecutionStep.execute(AbstractCaptureStateBeforeExecutionStep.java:43)
        at org.gradle.internal.execution.steps.AbstractSkipEmptyWorkStep.executeWithNonEmptySources(AbstractSkipEmptyWorkStep.java:125)
        at org.gradle.internal.execution.steps.AbstractSkipEmptyWorkStep.execute(AbstractSkipEmptyWorkStep.java:61)
        at org.gradle.internal.execution.steps.AbstractSkipEmptyWorkStep.execute(AbstractSkipEmptyWorkStep.java:36)
        at org.gradle.internal.execution.steps.legacy.MarkSnapshottingInputsStartedStep.execute(MarkSnapshottingInputsStartedStep.java:38)
        at org.gradle.internal.execution.steps.LoadPreviousExecutionStateStep.execute(LoadPreviousExecutionStateStep.java:36)
        at org.gradle.internal.execution.steps.LoadPreviousExecutionStateStep.execute(LoadPreviousExecutionStateStep.java:23)
        at org.gradle.internal.execution.steps.HandleStaleOutputsStep.execute(HandleStaleOutputsStep.java:75)
        at org.gradle.internal.execution.steps.HandleStaleOutputsStep.execute(HandleStaleOutputsStep.java:41)
        at org.gradle.internal.execution.steps.AssignMutableWorkspaceStep.lambda$execute$0(AssignMutableWorkspaceStep.java:35)
        at org.gradle.api.internal.tasks.execution.TaskExecution$4.withWorkspace(TaskExecution.java:289)
        at org.gradle.internal.execution.steps.AssignMutableWorkspaceStep.execute(AssignMutableWorkspaceStep.java:31)
        at org.gradle.internal.execution.steps.AssignMutableWorkspaceStep.execute(AssignMutableWorkspaceStep.java:22)
        at org.gradle.internal.execution.steps.ChoosePipelineStep.execute(ChoosePipelineStep.java:40)
        at org.gradle.internal.execution.steps.ChoosePipelineStep.execute(ChoosePipelineStep.java:23)
        at org.gradle.internal.execution.steps.ExecuteWorkBuildOperationFiringStep.lambda$execute$2(ExecuteWorkBuildOperationFiringStep.java:67)
        at java.base/java.util.Optional.orElseGet(Optional.java:364)
        at org.gradle.internal.execution.steps.ExecuteWorkBuildOperationFiringStep.execute(ExecuteWorkBuildOperationFiringStep.java:67)
        at org.gradle.internal.execution.steps.ExecuteWorkBuildOperationFiringStep.execute(ExecuteWorkBuildOperationFiringStep.java:39)
        at org.gradle.internal.execution.steps.IdentityCacheStep.execute(IdentityCacheStep.java:46)
        at org.gradle.internal.execution.steps.IdentityCacheStep.execute(IdentityCacheStep.java:34)
        at org.gradle.internal.execution.steps.IdentifyStep.execute(IdentifyStep.java:48)
        at org.gradle.internal.execution.steps.IdentifyStep.execute(IdentifyStep.java:35)
        at org.gradle.internal.execution.impl.DefaultExecutionEngine$1.execute(DefaultExecutionEngine.java:61)
        at org.gradle.api.internal.tasks.execution.ExecuteActionsTaskExecuter.executeIfValid(ExecuteActionsTaskExecuter.java:127)
        at org.gradle.api.internal.tasks.execution.ExecuteActionsTaskExecuter.execute(ExecuteActionsTaskExecuter.java:116)
        at org.gradle.api.internal.tasks.execution.FinalizePropertiesTaskExecuter.execute(FinalizePropertiesTaskExecuter.java:46)
        at org.gradle.api.internal.tasks.execution.ResolveTaskExecutionModeExecuter.execute(ResolveTaskExecutionModeExecuter.java:51)
        at org.gradle.api.internal.tasks.execution.SkipTaskWithNoActionsExecuter.execute(SkipTaskWithNoActionsExecuter.java:57)
        at org.gradle.api.internal.tasks.execution.SkipOnlyIfTaskExecuter.execute(SkipOnlyIfTaskExecuter.java:74)
        at org.gradle.api.internal.tasks.execution.CatchExceptionTaskExecuter.execute(CatchExceptionTaskExecuter.java:36)
        at org.gradle.api.internal.tasks.execution.EventFiringTaskExecuter$1.executeTask(EventFiringTaskExecuter.java:77)
        at org.gradle.api.internal.tasks.execution.EventFiringTaskExecuter$1.call(EventFiringTaskExecuter.java:55)
        at org.gradle.api.internal.tasks.execution.EventFiringTaskExecuter$1.call(EventFiringTaskExecuter.java:52)
        at org.gradle.internal.operations.DefaultBuildOperationRunner$CallableBuildOperationWorker.execute(DefaultBuildOperationRunner.java:200)
        at org.gradle.internal.operations.DefaultBuildOperationRunner$CallableBuildOperationWorker.execute(DefaultBuildOperationRunner.java:195)
        at org.gradle.internal.operations.DefaultBuildOperationRunner$2.execute(DefaultBuildOperationRunner.java:66)
        at org.gradle.internal.operations.DefaultBuildOperationRunner$2.execute(DefaultBuildOperationRunner.java:59)
        at org.gradle.internal.operations.DefaultBuildOperationRunner.execute(DefaultBuildOperationRunner.java:157)
        at org.gradle.internal.operations.DefaultBuildOperationRunner.execute(DefaultBuildOperationRunner.java:59)
        at org.gradle.internal.operations.DefaultBuildOperationRunner.call(DefaultBuildOperationRunner.java:53)
        at org.gradle.internal.operations.DefaultBuildOperationExecutor.call(DefaultBuildOperationExecutor.java:73)
        at org.gradle.api.internal.tasks.execution.EventFiringTaskExecuter.execute(EventFiringTaskExecuter.java:52)
        at org.gradle.execution.plan.LocalTaskNodeExecutor.execute(LocalTaskNodeExecutor.java:42)
        at org.gradle.execution.taskgraph.DefaultTaskExecutionGraph$InvokeNodeExecutorsAction.execute(DefaultTaskExecutionGraph.java:331)
        at org.gradle.execution.taskgraph.DefaultTaskExecutionGraph$InvokeNodeExecutorsAction.execute(DefaultTaskExecutionGraph.java:318)
        at org.gradle.execution.taskgraph.DefaultTaskExecutionGraph$BuildOperationAwareExecutionAction.lambda$execute$0(DefaultTaskExecutionGraph.java:314)
        at org.gradle.internal.operations.CurrentBuildOperationRef.with(CurrentBuildOperationRef.java:80)
        at org.gradle.execution.taskgraph.DefaultTaskExecutionGraph$BuildOperationAwareExecutionAction.execute(DefaultTaskExecutionGraph.java:314)
        at org.gradle.execution.taskgraph.DefaultTaskExecutionGraph$BuildOperationAwareExecutionAction.execute(DefaultTaskExecutionGraph.java:303)
        at org.gradle.execution.plan.DefaultPlanExecutor$ExecutorWorker.execute(DefaultPlanExecutor.java:463)
        at org.gradle.execution.plan.DefaultPlanExecutor$ExecutorWorker.run(DefaultPlanExecutor.java:380)
        at org.gradle.execution.plan.DefaultPlanExecutor.process(DefaultPlanExecutor.java:116)
        at org.gradle.execution.taskgraph.DefaultTaskExecutionGraph.executeWithServices(DefaultTaskExecutionGraph.java:138)
        at org.gradle.execution.taskgraph.DefaultTaskExecutionGraph.execute(DefaultTaskExecutionGraph.java:123)
        at org.gradle.execution.SelectedTaskExecutionAction.execute(SelectedTaskExecutionAction.java:35)
        at org.gradle.execution.DryRunBuildExecutionAction.execute(DryRunBuildExecutionAction.java:51)
        at org.gradle.execution.BuildOperationFiringBuildWorkerExecutor$ExecuteTasks.call(BuildOperationFiringBuildWorkerExecutor.java:54)
        at org.gradle.execution.BuildOperationFiringBuildWorkerExecutor$ExecuteTasks.call(BuildOperationFiringBuildWorkerExecutor.java:43)
        at org.gradle.internal.operations.DefaultBuildOperationRunner$CallableBuildOperationWorker.execute(DefaultBuildOperationRunner.java:200)
        at org.gradle.internal.operations.DefaultBuildOperationRunner$CallableBuildOperationWorker.execute(DefaultBuildOperationRunner.java:195)
        at org.gradle.internal.operations.DefaultBuildOperationRunner$2.execute(DefaultBuildOperationRunner.java:66)
        at org.gradle.internal.operations.DefaultBuildOperationRunner$2.execute(DefaultBuildOperationRunner.java:59)
        at org.gradle.internal.operations.DefaultBuildOperationRunner.execute(DefaultBuildOperationRunner.java:157)
        at org.gradle.internal.operations.DefaultBuildOperationRunner.execute(DefaultBuildOperationRunner.java:59)
        at org.gradle.internal.operations.DefaultBuildOperationRunner.call(DefaultBuildOperationRunner.java:53)
        at org.gradle.internal.operations.DefaultBuildOperationExecutor.call(DefaultBuildOperationExecutor.java:73)
        at org.gradle.execution.BuildOperationFiringBuildWorkerExecutor.execute(BuildOperationFiringBuildWorkerExecutor.java:40)
        at org.gradle.internal.build.DefaultBuildLifecycleController.lambda$executeTasks$10(DefaultBuildLifecycleController.java:313)
        at org.gradle.internal.model.StateTransitionController.doTransition(StateTransitionController.java:266)
        at org.gradle.internal.model.StateTransitionController.lambda$tryTransition$8(StateTransitionController.java:177)
        at org.gradle.internal.work.DefaultSynchronizer.withLock(DefaultSynchronizer.java:44)
        at org.gradle.internal.model.StateTransitionController.tryTransition(StateTransitionController.java:177)
        at org.gradle.internal.build.DefaultBuildLifecycleController.executeTasks(DefaultBuildLifecycleController.java:304)
        at org.gradle.internal.build.DefaultBuildWorkGraphController$DefaultBuildWorkGraph.runWork(DefaultBuildWorkGraphController.java:220)
        at org.gradle.internal.work.DefaultWorkerLeaseService.withLocks(DefaultWorkerLeaseService.java:264)
        at org.gradle.internal.work.DefaultWorkerLeaseService.runAsWorkerThread(DefaultWorkerLeaseService.java:128)
        at org.gradle.composite.internal.DefaultBuildController.doRun(DefaultBuildController.java:181)
        at org.gradle.composite.internal.DefaultBuildController.access$000(DefaultBuildController.java:50)
        at org.gradle.composite.internal.DefaultBuildController$BuildOpRunnable.lambda$run$0(DefaultBuildController.java:198)
        at org.gradle.internal.operations.CurrentBuildOperationRef.with(CurrentBuildOperationRef.java:80)
        at org.gradle.composite.internal.DefaultBuildController$BuildOpRunnable.run(DefaultBuildController.java:198)
        at java.base/java.util.concurrent.Executors$RunnableAdapter.call(Executors.java:572)
        at java.base/java.util.concurrent.FutureTask.run(FutureTask.java:317)
        at org.gradle.internal.concurrent.ExecutorPolicy$CatchAndRecordFailures.onExecute(ExecutorPolicy.java:64)
        at org.gradle.internal.concurrent.AbstractManagedExecutor$1.run(AbstractManagedExecutor.java:47)
        at java.base/java.util.concurrent.ThreadPoolExecutor.runWorker(ThreadPoolExecutor.java:1144)
        at java.base/java.util.concurrent.ThreadPoolExecutor$Worker.run(ThreadPoolExecutor.java:642)
        at java.base/java.lang.Thread.run(Thread.java:1583)
Caused by: org.jetbrains.kotlin.gradle.tasks.CompilationErrorException: Compilation error. See log for more details
        at org.jetbrains.kotlin.gradle.tasks.TasksUtilsKt.throwExceptionIfCompilationFailed(tasksUtils.kt:21)
        at org.jetbrains.kotlin.compilerRunner.GradleKotlinCompilerWork.run(GradleKotlinCompilerWork.kt:119)
        at org.jetbrains.kotlin.compilerRunner.GradleCompilerRunnerWithWorkers$GradleKotlinCompilerWorkAction.execute(GradleCompilerRunnerWithWorkers.kt:76)
        at org.gradle.workers.internal.DefaultWorkerServer.execute(DefaultWorkerServer.java:63)
        at org.gradle.workers.internal.NoIsolationWorkerFactory$1$1.create(NoIsolationWorkerFactory.java:66)
        at org.gradle.workers.internal.NoIsolationWorkerFactory$1$1.create(NoIsolationWorkerFactory.java:62)
        at org.gradle.internal.classloader.ClassLoaderUtils.executeInClassloader(ClassLoaderUtils.java:100)
        at org.gradle.workers.internal.NoIsolationWorkerFactory$1.lambda$execute$0(NoIsolationWorkerFactory.java:62)
        at org.gradle.workers.internal.AbstractWorker$1.call(AbstractWorker.java:44)
        at org.gradle.workers.internal.AbstractWorker$1.call(AbstractWorker.java:41)
        at org.gradle.internal.operations.DefaultBuildOperationRunner$CallableBuildOperationWorker.execute(DefaultBuildOperationRunner.java:200)
        at org.gradle.internal.operations.DefaultBuildOperationRunner$CallableBuildOperationWorker.execute(DefaultBuildOperationRunner.java:195)
        at org.gradle.internal.operations.DefaultBuildOperationRunner$2.execute(DefaultBuildOperationRunner.java:66)
        at org.gradle.internal.operations.DefaultBuildOperationRunner$2.execute(DefaultBuildOperationRunner.java:59)
        at org.gradle.internal.operations.DefaultBuildOperationRunner.execute(DefaultBuildOperationRunner.java:157)
        at org.gradle.internal.operations.DefaultBuildOperationRunner.execute(DefaultBuildOperationRunner.java:59)
        at org.gradle.internal.operations.DefaultBuildOperationRunner.call(DefaultBuildOperationRunner.java:53)
        at org.gradle.internal.operations.DefaultBuildOperationExecutor.call(DefaultBuildOperationExecutor.java:73)
        at org.gradle.workers.internal.AbstractWorker.executeWrappedInBuildOperation(AbstractWorker.java:41)
        at org.gradle.workers.internal.NoIsolationWorkerFactory$1.execute(NoIsolationWorkerFactory.java:59)
        at org.gradle.workers.internal.DefaultWorkerExecutor.lambda$submitWork$0(DefaultWorkerExecutor.java:174)
        at java.base/java.util.concurrent.FutureTask.run(FutureTask.java:317)
        at org.gradle.internal.work.DefaultConditionalExecutionQueue$ExecutionRunner.runExecution(DefaultConditionalExecutionQueue.java:187)
        at org.gradle.internal.work.DefaultConditionalExecutionQueue$ExecutionRunner.access$700(DefaultConditionalExecutionQueue.java:120)
        at org.gradle.internal.work.DefaultConditionalExecutionQueue$ExecutionRunner$1.run(DefaultConditionalExecutionQueue.java:162)
        at org.gradle.internal.Factories$1.create(Factories.java:31)
        at org.gradle.internal.work.DefaultWorkerLeaseService.withLocks(DefaultWorkerLeaseService.java:264)
        at org.gradle.internal.work.DefaultWorkerLeaseService.runAsWorkerThread(DefaultWorkerLeaseService.java:128)
        at org.gradle.internal.work.DefaultWorkerLeaseService.runAsWorkerThread(DefaultWorkerLeaseService.java:133)
        at org.gradle.internal.work.DefaultConditionalExecutionQueue$ExecutionRunner.runBatch(DefaultConditionalExecutionQueue.java:157)
        at org.gradle.internal.work.DefaultConditionalExecutionQueue$ExecutionRunner.run(DefaultConditionalExecutionQueue.java:126)
        ... 7 more

==============================================================================

BUILD FAILED in 1m 31s
sureshbalasubramanian@BSMacBook-Pro enKarma % ./gradlew build --stacktrace --quiet | grep -i "error\|exception"


FAILURE: Build failed with an exception.

* What went wrong:
Execution failed for task ':app:dataBindingMergeDependencyArtifactsDebug'.
> Could not resolve all files for configuration ':app:debugCompileClasspath'.
   > Could not find androidx.compose.ui:ui:2.0.21.
     Required by:
         project :app
   > Could not find androidx.compose.material:material:2.0.21.
     Required by:
         project :app
   > Could not find androidx.compose.ui:ui-tooling-preview:2.0.21.
     Required by:
         project :app
   > Could not find androidx.compose.ui:ui:2.0.21.
     Required by:
         project :app > androidx.activity:activity-compose:1.10.1

* Try:
> Run with --info or --debug option to get more log output.
> Run with --scan to get full insights.
> Get more help at https://help.gradle.org.

* Exception is:
org.gradle.api.tasks.TaskExecutionException: Execution failed for task ':app:dataBindingMergeDependencyArtifactsDebug'.
        at org.gradle.api.internal.tasks.execution.CatchExceptionTaskExecuter.execute(CatchExceptionTaskExecuter.java:38)
        at org.gradle.api.internal.tasks.execution.EventFiringTaskExecuter$1.executeTask(EventFiringTaskExecuter.java:77)
        at org.gradle.api.internal.tasks.execution.EventFiringTaskExecuter$1.call(EventFiringTaskExecuter.java:55)
        at org.gradle.api.internal.tasks.execution.EventFiringTaskExecuter$1.call(EventFiringTaskExecuter.java:52)
        at org.gradle.internal.operations.DefaultBuildOperationRunner$CallableBuildOperationWorker.execute(DefaultBuildOperationRunner.java:200)
        at org.gradle.internal.operations.DefaultBuildOperationRunner$CallableBuildOperationWorker.execute(DefaultBuildOperationRunner.java:195)
        at org.gradle.internal.operations.DefaultBuildOperationRunner$2.execute(DefaultBuildOperationRunner.java:66)
        at org.gradle.internal.operations.DefaultBuildOperationRunner$2.execute(DefaultBuildOperationRunner.java:59)
        at org.gradle.internal.operations.DefaultBuildOperationRunner.execute(DefaultBuildOperationRunner.java:157)
        at org.gradle.internal.operations.DefaultBuildOperationRunner.execute(DefaultBuildOperationRunner.java:59)
        at org.gradle.internal.operations.DefaultBuildOperationRunner.call(DefaultBuildOperationRunner.java:53)
        at org.gradle.internal.operations.DefaultBuildOperationExecutor.call(DefaultBuildOperationExecutor.java:73)
        at org.gradle.api.internal.tasks.execution.EventFiringTaskExecuter.execute(EventFiringTaskExecuter.java:52)
        at org.gradle.execution.plan.LocalTaskNodeExecutor.execute(LocalTaskNodeExecutor.java:42)
        at org.gradle.execution.taskgraph.DefaultTaskExecutionGraph$InvokeNodeExecutorsAction.execute(DefaultTaskExecutionGraph.java:331)
        at org.gradle.execution.taskgraph.DefaultTaskExecutionGraph$InvokeNodeExecutorsAction.execute(DefaultTaskExecutionGraph.java:318)
        at org.gradle.execution.taskgraph.DefaultTaskExecutionGraph$BuildOperationAwareExecutionAction.lambda$execute$0(DefaultTaskExecutionGraph.java:314)
        at org.gradle.internal.operations.CurrentBuildOperationRef.with(CurrentBuildOperationRef.java:80)
        at org.gradle.execution.taskgraph.DefaultTaskExecutionGraph$BuildOperationAwareExecutionAction.execute(DefaultTaskExecutionGraph.java:314)
        at org.gradle.execution.taskgraph.DefaultTaskExecutionGraph$BuildOperationAwareExecutionAction.execute(DefaultTaskExecutionGraph.java:303)
        at org.gradle.execution.plan.DefaultPlanExecutor$ExecutorWorker.execute(DefaultPlanExecutor.java:463)
        at org.gradle.execution.plan.DefaultPlanExecutor$ExecutorWorker.run(DefaultPlanExecutor.java:380)
        at org.gradle.internal.concurrent.ExecutorPolicy$CatchAndRecordFailures.onExecute(ExecutorPolicy.java:64)
        at org.gradle.internal.concurrent.AbstractManagedExecutor$1.run(AbstractManagedExecutor.java:47)
Caused by: org.gradle.api.internal.artifacts.ivyservice.DefaultLenientConfiguration$ArtifactResolveException: Could not resolve all files for configuration ':app:debugCompileClasspath'.
        at org.gradle.api.internal.artifacts.ResolveExceptionContextualizer.mapFailures(ResolveExceptionContextualizer.java:56)
        at org.gradle.api.internal.artifacts.configurations.DefaultConfiguration$DefaultResolutionHost.mapFailure(DefaultConfiguration.java:2079)
        at org.gradle.api.internal.artifacts.configurations.ResolutionHost.rethrowFailure(ResolutionHost.java:39)
        at org.gradle.api.internal.artifacts.configurations.ResolutionBackedFileCollection.maybeThrowResolutionFailures(ResolutionBackedFileCollection.java:84)
        at org.gradle.api.internal.artifacts.configurations.ResolutionBackedFileCollection.visitContents(ResolutionBackedFileCollection.java:74)
        at org.gradle.api.internal.file.AbstractFileCollection.visitStructure(AbstractFileCollection.java:361)
        at org.gradle.api.internal.file.CompositeFileCollection.lambda$visitContents$0(CompositeFileCollection.java:113)
        at org.gradle.api.internal.file.collections.UnpackingVisitor.add(UnpackingVisitor.java:67)
        at org.gradle.api.internal.file.collections.UnpackingVisitor.add(UnpackingVisitor.java:92)
        at org.gradle.api.internal.file.DefaultFileCollectionFactory$ResolvingFileCollection.visitChildren(DefaultFileCollectionFactory.java:285)
        at org.gradle.api.internal.file.CompositeFileCollection.visitContents(CompositeFileCollection.java:113)
        at org.gradle.api.internal.file.AbstractFileCollection.visitStructure(AbstractFileCollection.java:361)
        at org.gradle.api.internal.file.CompositeFileCollection.lambda$visitContents$0(CompositeFileCollection.java:113)
        at org.gradle.api.internal.tasks.PropertyFileCollection.visitChildren(PropertyFileCollection.java:48)
        at org.gradle.api.internal.file.CompositeFileCollection.visitContents(CompositeFileCollection.java:113)
        at org.gradle.api.internal.file.AbstractFileCollection.visitStructure(AbstractFileCollection.java:361)
        at org.gradle.internal.fingerprint.impl.DefaultFileCollectionSnapshotter.snapshot(DefaultFileCollectionSnapshotter.java:47)
        at org.gradle.internal.execution.impl.DefaultInputFingerprinter$InputCollectingVisitor.visitInputFileProperty(DefaultInputFingerprinter.java:133)
        at org.gradle.api.internal.tasks.execution.TaskExecution.visitRegularInputs(TaskExecution.java:324)
        at org.gradle.internal.execution.impl.DefaultInputFingerprinter.fingerprintInputProperties(DefaultInputFingerprinter.java:63)
        at org.gradle.internal.execution.steps.AbstractCaptureStateBeforeExecutionStep.captureExecutionStateWithOutputs(AbstractCaptureStateBeforeExecutionStep.java:109)
        at org.gradle.internal.execution.steps.AbstractCaptureStateBeforeExecutionStep.lambda$captureExecutionState$0(AbstractCaptureStateBeforeExecutionStep.java:74)
        at org.gradle.internal.execution.steps.BuildOperationStep$1.call(BuildOperationStep.java:37)
        at org.gradle.internal.operations.DefaultBuildOperationRunner$CallableBuildOperationWorker.execute(DefaultBuildOperationRunner.java:200)
        at org.gradle.internal.operations.DefaultBuildOperationRunner$CallableBuildOperationWorker.execute(DefaultBuildOperationRunner.java:195)
        at org.gradle.internal.operations.DefaultBuildOperationRunner$2.execute(DefaultBuildOperationRunner.java:66)
        at org.gradle.internal.operations.DefaultBuildOperationRunner$2.execute(DefaultBuildOperationRunner.java:59)
        at org.gradle.internal.operations.DefaultBuildOperationRunner.execute(DefaultBuildOperationRunner.java:157)
        at org.gradle.internal.operations.DefaultBuildOperationRunner.execute(DefaultBuildOperationRunner.java:59)
        at org.gradle.internal.operations.DefaultBuildOperationRunner.call(DefaultBuildOperationRunner.java:53)
        at org.gradle.internal.operations.DefaultBuildOperationExecutor.call(DefaultBuildOperationExecutor.java:73)
        at org.gradle.internal.execution.steps.BuildOperationStep.operation(BuildOperationStep.java:34)
        at org.gradle.internal.execution.steps.AbstractCaptureStateBeforeExecutionStep.captureExecutionState(AbstractCaptureStateBeforeExecutionStep.java:69)
        at org.gradle.internal.execution.steps.AbstractCaptureStateBeforeExecutionStep.execute(AbstractCaptureStateBeforeExecutionStep.java:62)
        at org.gradle.internal.execution.steps.AbstractCaptureStateBeforeExecutionStep.execute(AbstractCaptureStateBeforeExecutionStep.java:43)
        at org.gradle.internal.execution.steps.AbstractSkipEmptyWorkStep.executeWithNonEmptySources(AbstractSkipEmptyWorkStep.java:125)
        at org.gradle.internal.execution.steps.AbstractSkipEmptyWorkStep.execute(AbstractSkipEmptyWorkStep.java:56)
        at org.gradle.internal.execution.steps.AbstractSkipEmptyWorkStep.execute(AbstractSkipEmptyWorkStep.java:36)
        at org.gradle.internal.execution.steps.legacy.MarkSnapshottingInputsStartedStep.execute(MarkSnapshottingInputsStartedStep.java:38)
        at org.gradle.internal.execution.steps.LoadPreviousExecutionStateStep.execute(LoadPreviousExecutionStateStep.java:36)
        at org.gradle.internal.execution.steps.LoadPreviousExecutionStateStep.execute(LoadPreviousExecutionStateStep.java:23)
        at org.gradle.internal.execution.steps.HandleStaleOutputsStep.execute(HandleStaleOutputsStep.java:75)
        at org.gradle.internal.execution.steps.HandleStaleOutputsStep.execute(HandleStaleOutputsStep.java:41)
        at org.gradle.internal.execution.steps.AssignMutableWorkspaceStep.lambda$execute$0(AssignMutableWorkspaceStep.java:35)
        at org.gradle.api.internal.tasks.execution.TaskExecution$4.withWorkspace(TaskExecution.java:289)
        at org.gradle.internal.execution.steps.AssignMutableWorkspaceStep.execute(AssignMutableWorkspaceStep.java:31)
        at org.gradle.internal.execution.steps.AssignMutableWorkspaceStep.execute(AssignMutableWorkspaceStep.java:22)
        at org.gradle.internal.execution.steps.ChoosePipelineStep.execute(ChoosePipelineStep.java:40)
        at org.gradle.internal.execution.steps.ChoosePipelineStep.execute(ChoosePipelineStep.java:23)
        at org.gradle.internal.execution.steps.ExecuteWorkBuildOperationFiringStep.lambda$execute$2(ExecuteWorkBuildOperationFiringStep.java:67)
        at org.gradle.internal.execution.steps.ExecuteWorkBuildOperationFiringStep.execute(ExecuteWorkBuildOperationFiringStep.java:67)
        at org.gradle.internal.execution.steps.ExecuteWorkBuildOperationFiringStep.execute(ExecuteWorkBuildOperationFiringStep.java:39)
        at org.gradle.internal.execution.steps.IdentityCacheStep.execute(IdentityCacheStep.java:46)
        at org.gradle.internal.execution.steps.IdentityCacheStep.execute(IdentityCacheStep.java:34)
        at org.gradle.internal.execution.steps.IdentifyStep.execute(IdentifyStep.java:48)
        at org.gradle.internal.execution.steps.IdentifyStep.execute(IdentifyStep.java:35)
        at org.gradle.internal.execution.impl.DefaultExecutionEngine$1.execute(DefaultExecutionEngine.java:61)
        at org.gradle.api.internal.tasks.execution.ExecuteActionsTaskExecuter.executeIfValid(ExecuteActionsTaskExecuter.java:127)
        at org.gradle.api.internal.tasks.execution.ExecuteActionsTaskExecuter.execute(ExecuteActionsTaskExecuter.java:116)
        at org.gradle.api.internal.tasks.execution.FinalizePropertiesTaskExecuter.execute(FinalizePropertiesTaskExecuter.java:46)
        at org.gradle.api.internal.tasks.execution.ResolveTaskExecutionModeExecuter.execute(ResolveTaskExecutionModeExecuter.java:51)
        at org.gradle.api.internal.tasks.execution.SkipTaskWithNoActionsExecuter.execute(SkipTaskWithNoActionsExecuter.java:57)
        at org.gradle.api.internal.tasks.execution.SkipOnlyIfTaskExecuter.execute(SkipOnlyIfTaskExecuter.java:74)
        at org.gradle.api.internal.tasks.execution.CatchExceptionTaskExecuter.execute(CatchExceptionTaskExecuter.java:36)
        at org.gradle.api.internal.tasks.execution.EventFiringTaskExecuter$1.executeTask(EventFiringTaskExecuter.java:77)
        at org.gradle.api.internal.tasks.execution.EventFiringTaskExecuter$1.call(EventFiringTaskExecuter.java:55)
        at org.gradle.api.internal.tasks.execution.EventFiringTaskExecuter$1.call(EventFiringTaskExecuter.java:52)
        at org.gradle.internal.operations.DefaultBuildOperationRunner$CallableBuildOperationWorker.execute(DefaultBuildOperationRunner.java:200)
        at org.gradle.internal.operations.DefaultBuildOperationRunner$CallableBuildOperationWorker.execute(DefaultBuildOperationRunner.java:195)
        at org.gradle.internal.operations.DefaultBuildOperationRunner$2.execute(DefaultBuildOperationRunner.java:66)
        at org.gradle.internal.operations.DefaultBuildOperationRunner$2.execute(DefaultBuildOperationRunner.java:59)
        at org.gradle.internal.operations.DefaultBuildOperationRunner.execute(DefaultBuildOperationRunner.java:157)
        at org.gradle.internal.operations.DefaultBuildOperationRunner.execute(DefaultBuildOperationRunner.java:59)
        at org.gradle.internal.operations.DefaultBuildOperationRunner.call(DefaultBuildOperationRunner.java:53)
        at org.gradle.internal.operations.DefaultBuildOperationExecutor.call(DefaultBuildOperationExecutor.java:73)
        at org.gradle.api.internal.tasks.execution.EventFiringTaskExecuter.execute(EventFiringTaskExecuter.java:52)
        at org.gradle.execution.plan.LocalTaskNodeExecutor.execute(LocalTaskNodeExecutor.java:42)
        at org.gradle.execution.taskgraph.DefaultTaskExecutionGraph$InvokeNodeExecutorsAction.execute(DefaultTaskExecutionGraph.java:331)
        at org.gradle.execution.taskgraph.DefaultTaskExecutionGraph$InvokeNodeExecutorsAction.execute(DefaultTaskExecutionGraph.java:318)
        at org.gradle.execution.taskgraph.DefaultTaskExecutionGraph$BuildOperationAwareExecutionAction.lambda$execute$0(DefaultTaskExecutionGraph.java:314)
        at org.gradle.internal.operations.CurrentBuildOperationRef.with(CurrentBuildOperationRef.java:80)
        at org.gradle.execution.taskgraph.DefaultTaskExecutionGraph$BuildOperationAwareExecutionAction.execute(DefaultTaskExecutionGraph.java:314)
        at org.gradle.execution.taskgraph.DefaultTaskExecutionGraph$BuildOperationAwareExecutionAction.execute(DefaultTaskExecutionGraph.java:303)
        at org.gradle.execution.plan.DefaultPlanExecutor$ExecutorWorker.execute(DefaultPlanExecutor.java:463)
        at org.gradle.execution.plan.DefaultPlanExecutor$ExecutorWorker.run(DefaultPlanExecutor.java:380)
        at org.gradle.internal.concurrent.ExecutorPolicy$CatchAndRecordFailures.onExecute(ExecutorPolicy.java:64)
        at org.gradle.internal.concurrent.AbstractManagedExecutor$1.run(AbstractManagedExecutor.java:47)
Cause 1: org.gradle.internal.resolve.ModuleVersionNotFoundException: Could not find androidx.compose.ui:ui:2.0.21.
Required by:
    project :app
Cause 2: org.gradle.internal.resolve.ModuleVersionNotFoundException: Could not find androidx.compose.material:material:2.0.21.
Required by:
    project :app
Cause 3: org.gradle.internal.resolve.ModuleVersionNotFoundException: Could not find androidx.compose.ui:ui-tooling-preview:2.0.21.
Required by:
    project :app
Cause 4: org.gradle.internal.resolve.ModuleVersionNotFoundException: Could not find androidx.compose.ui:ui:2.0.21.
Required by:
    project :app > androidx.activity:activity-compose:1.10.1


BUILD FAILED in 32s
sureshbalasubramanian@BSMacBook-Pro enKarma % 
sureshbalasubramanian@BSMacBook-Pro enKarma % ./gradlew clean
./gradlew build --stacktrace


BUILD SUCCESSFUL in 21s
1 actionable task: 1 executed
> Task :app:dataBindingMergeDependencyArtifactsDebug FAILED

FAILURE: Build failed with an exception.

* What went wrong:
Execution failed for task ':app:dataBindingMergeDependencyArtifactsDebug'.
> Could not resolve all files for configuration ':app:debugCompileClasspath'.
   > Could not find androidx.compose.ui:ui:2.0.21.
     Required by:
         project :app
   > Could not find androidx.compose.material:material:2.0.21.
     Required by:
         project :app
   > Could not find androidx.compose.ui:ui-tooling-preview:2.0.21.
     Required by:
         project :app
   > Could not find androidx.compose.ui:ui:2.0.21.
     Required by:
         project :app > androidx.activity:activity-compose:1.10.1

* Try:
> Run with --info or --debug option to get more log output.
> Run with --scan to get full insights.
> Get more help at https://help.gradle.org.

* Exception is:
org.gradle.api.tasks.TaskExecutionException: Execution failed for task ':app:dataBindingMergeDependencyArtifactsDebug'.
        at org.gradle.api.internal.tasks.execution.CatchExceptionTaskExecuter.execute(CatchExceptionTaskExecuter.java:38)
        at org.gradle.api.internal.tasks.execution.EventFiringTaskExecuter$1.executeTask(EventFiringTaskExecuter.java:77)
        at org.gradle.api.internal.tasks.execution.EventFiringTaskExecuter$1.call(EventFiringTaskExecuter.java:55)
        at org.gradle.api.internal.tasks.execution.EventFiringTaskExecuter$1.call(EventFiringTaskExecuter.java:52)
        at org.gradle.internal.operations.DefaultBuildOperationRunner$CallableBuildOperationWorker.execute(DefaultBuildOperationRunner.java:200)
        at org.gradle.internal.operations.DefaultBuildOperationRunner$CallableBuildOperationWorker.execute(DefaultBuildOperationRunner.java:195)
        at org.gradle.internal.operations.DefaultBuildOperationRunner$2.execute(DefaultBuildOperationRunner.java:66)
        at org.gradle.internal.operations.DefaultBuildOperationRunner$2.execute(DefaultBuildOperationRunner.java:59)
        at org.gradle.internal.operations.DefaultBuildOperationRunner.execute(DefaultBuildOperationRunner.java:157)
        at org.gradle.internal.operations.DefaultBuildOperationRunner.execute(DefaultBuildOperationRunner.java:59)
        at org.gradle.internal.operations.DefaultBuildOperationRunner.call(DefaultBuildOperationRunner.java:53)
        at org.gradle.internal.operations.DefaultBuildOperationExecutor.call(DefaultBuildOperationExecutor.java:73)
        at org.gradle.api.internal.tasks.execution.EventFiringTaskExecuter.execute(EventFiringTaskExecuter.java:52)
        at org.gradle.execution.plan.LocalTaskNodeExecutor.execute(LocalTaskNodeExecutor.java:42)
        at org.gradle.execution.taskgraph.DefaultTaskExecutionGraph$InvokeNodeExecutorsAction.execute(DefaultTaskExecutionGraph.java:331)
        at org.gradle.execution.taskgraph.DefaultTaskExecutionGraph$InvokeNodeExecutorsAction.execute(DefaultTaskExecutionGraph.java:318)
        at org.gradle.execution.taskgraph.DefaultTaskExecutionGraph$BuildOperationAwareExecutionAction.lambda$execute$0(DefaultTaskExecutionGraph.java:314)
        at org.gradle.internal.operations.CurrentBuildOperationRef.with(CurrentBuildOperationRef.java:80)
        at org.gradle.execution.taskgraph.DefaultTaskExecutionGraph$BuildOperationAwareExecutionAction.execute(DefaultTaskExecutionGraph.java:314)
        at org.gradle.execution.taskgraph.DefaultTaskExecutionGraph$BuildOperationAwareExecutionAction.execute(DefaultTaskExecutionGraph.java:303)
        at org.gradle.execution.plan.DefaultPlanExecutor$ExecutorWorker.execute(DefaultPlanExecutor.java:463)
        at org.gradle.execution.plan.DefaultPlanExecutor$ExecutorWorker.run(DefaultPlanExecutor.java:380)
        at org.gradle.internal.concurrent.ExecutorPolicy$CatchAndRecordFailures.onExecute(ExecutorPolicy.java:64)
        at org.gradle.internal.concurrent.AbstractManagedExecutor$1.run(AbstractManagedExecutor.java:47)
Caused by: org.gradle.api.internal.artifacts.ivyservice.DefaultLenientConfiguration$ArtifactResolveException: Could not resolve all files for configuration ':app:debugCompileClasspath'.
        at org.gradle.api.internal.artifacts.ResolveExceptionContextualizer.mapFailures(ResolveExceptionContextualizer.java:56)
        at org.gradle.api.internal.artifacts.configurations.DefaultConfiguration$DefaultResolutionHost.mapFailure(DefaultConfiguration.java:2079)
        at org.gradle.api.internal.artifacts.configurations.ResolutionHost.rethrowFailure(ResolutionHost.java:39)
        at org.gradle.api.internal.artifacts.configurations.ResolutionBackedFileCollection.maybeThrowResolutionFailures(ResolutionBackedFileCollection.java:84)
        at org.gradle.api.internal.artifacts.configurations.ResolutionBackedFileCollection.visitContents(ResolutionBackedFileCollection.java:74)
        at org.gradle.api.internal.file.AbstractFileCollection.visitStructure(AbstractFileCollection.java:361)
        at org.gradle.api.internal.file.CompositeFileCollection.lambda$visitContents$0(CompositeFileCollection.java:113)
        at org.gradle.api.internal.file.collections.UnpackingVisitor.add(UnpackingVisitor.java:67)
        at org.gradle.api.internal.file.collections.UnpackingVisitor.add(UnpackingVisitor.java:92)
        at org.gradle.api.internal.file.DefaultFileCollectionFactory$ResolvingFileCollection.visitChildren(DefaultFileCollectionFactory.java:285)
        at org.gradle.api.internal.file.CompositeFileCollection.visitContents(CompositeFileCollection.java:113)
        at org.gradle.api.internal.file.AbstractFileCollection.visitStructure(AbstractFileCollection.java:361)
        at org.gradle.api.internal.file.CompositeFileCollection.lambda$visitContents$0(CompositeFileCollection.java:113)
        at org.gradle.api.internal.tasks.PropertyFileCollection.visitChildren(PropertyFileCollection.java:48)
        at org.gradle.api.internal.file.CompositeFileCollection.visitContents(CompositeFileCollection.java:113)
        at org.gradle.api.internal.file.AbstractFileCollection.visitStructure(AbstractFileCollection.java:361)
        at org.gradle.internal.fingerprint.impl.DefaultFileCollectionSnapshotter.snapshot(DefaultFileCollectionSnapshotter.java:47)
        at org.gradle.internal.execution.impl.DefaultInputFingerprinter$InputCollectingVisitor.visitInputFileProperty(DefaultInputFingerprinter.java:133)
        at org.gradle.api.internal.tasks.execution.TaskExecution.visitRegularInputs(TaskExecution.java:324)
        at org.gradle.internal.execution.impl.DefaultInputFingerprinter.fingerprintInputProperties(DefaultInputFingerprinter.java:63)
        at org.gradle.internal.execution.steps.AbstractCaptureStateBeforeExecutionStep.captureExecutionStateWithOutputs(AbstractCaptureStateBeforeExecutionStep.java:109)
        at org.gradle.internal.execution.steps.AbstractCaptureStateBeforeExecutionStep.lambda$captureExecutionState$0(AbstractCaptureStateBeforeExecutionStep.java:74)
        at org.gradle.internal.execution.steps.BuildOperationStep$1.call(BuildOperationStep.java:37)
        at org.gradle.internal.operations.DefaultBuildOperationRunner$CallableBuildOperationWorker.execute(DefaultBuildOperationRunner.java:200)
        at org.gradle.internal.operations.DefaultBuildOperationRunner$CallableBuildOperationWorker.execute(DefaultBuildOperationRunner.java:195)
        at org.gradle.internal.operations.DefaultBuildOperationRunner$2.execute(DefaultBuildOperationRunner.java:66)
        at org.gradle.internal.operations.DefaultBuildOperationRunner$2.execute(DefaultBuildOperationRunner.java:59)
        at org.gradle.internal.operations.DefaultBuildOperationRunner.execute(DefaultBuildOperationRunner.java:157)
        at org.gradle.internal.operations.DefaultBuildOperationRunner.execute(DefaultBuildOperationRunner.java:59)
        at org.gradle.internal.operations.DefaultBuildOperationRunner.call(DefaultBuildOperationRunner.java:53)
        at org.gradle.internal.operations.DefaultBuildOperationExecutor.call(DefaultBuildOperationExecutor.java:73)
        at org.gradle.internal.execution.steps.BuildOperationStep.operation(BuildOperationStep.java:34)
        at org.gradle.internal.execution.steps.AbstractCaptureStateBeforeExecutionStep.captureExecutionState(AbstractCaptureStateBeforeExecutionStep.java:69)
        at org.gradle.internal.execution.steps.AbstractCaptureStateBeforeExecutionStep.execute(AbstractCaptureStateBeforeExecutionStep.java:62)
        at org.gradle.internal.execution.steps.AbstractCaptureStateBeforeExecutionStep.execute(AbstractCaptureStateBeforeExecutionStep.java:43)
        at org.gradle.internal.execution.steps.AbstractSkipEmptyWorkStep.executeWithNonEmptySources(AbstractSkipEmptyWorkStep.java:125)
        at org.gradle.internal.execution.steps.AbstractSkipEmptyWorkStep.execute(AbstractSkipEmptyWorkStep.java:56)
        at org.gradle.internal.execution.steps.AbstractSkipEmptyWorkStep.execute(AbstractSkipEmptyWorkStep.java:36)
        at org.gradle.internal.execution.steps.legacy.MarkSnapshottingInputsStartedStep.execute(MarkSnapshottingInputsStartedStep.java:38)
        at org.gradle.internal.execution.steps.LoadPreviousExecutionStateStep.execute(LoadPreviousExecutionStateStep.java:36)
        at org.gradle.internal.execution.steps.LoadPreviousExecutionStateStep.execute(LoadPreviousExecutionStateStep.java:23)
        at org.gradle.internal.execution.steps.HandleStaleOutputsStep.execute(HandleStaleOutputsStep.java:75)
        at org.gradle.internal.execution.steps.HandleStaleOutputsStep.execute(HandleStaleOutputsStep.java:41)
        at org.gradle.internal.execution.steps.AssignMutableWorkspaceStep.lambda$execute$0(AssignMutableWorkspaceStep.java:35)
        at org.gradle.api.internal.tasks.execution.TaskExecution$4.withWorkspace(TaskExecution.java:289)
        at org.gradle.internal.execution.steps.AssignMutableWorkspaceStep.execute(AssignMutableWorkspaceStep.java:31)
        at org.gradle.internal.execution.steps.AssignMutableWorkspaceStep.execute(AssignMutableWorkspaceStep.java:22)
        at org.gradle.internal.execution.steps.ChoosePipelineStep.execute(ChoosePipelineStep.java:40)
        at org.gradle.internal.execution.steps.ChoosePipelineStep.execute(ChoosePipelineStep.java:23)
        at org.gradle.internal.execution.steps.ExecuteWorkBuildOperationFiringStep.lambda$execute$2(ExecuteWorkBuildOperationFiringStep.java:67)
        at org.gradle.internal.execution.steps.ExecuteWorkBuildOperationFiringStep.execute(ExecuteWorkBuildOperationFiringStep.java:67)
        at org.gradle.internal.execution.steps.ExecuteWorkBuildOperationFiringStep.execute(ExecuteWorkBuildOperationFiringStep.java:39)
        at org.gradle.internal.execution.steps.IdentityCacheStep.execute(IdentityCacheStep.java:46)
        at org.gradle.internal.execution.steps.IdentityCacheStep.execute(IdentityCacheStep.java:34)
        at org.gradle.internal.execution.steps.IdentifyStep.execute(IdentifyStep.java:48)
        at org.gradle.internal.execution.steps.IdentifyStep.execute(IdentifyStep.java:35)
        at org.gradle.internal.execution.impl.DefaultExecutionEngine$1.execute(DefaultExecutionEngine.java:61)
        at org.gradle.api.internal.tasks.execution.ExecuteActionsTaskExecuter.executeIfValid(ExecuteActionsTaskExecuter.java:127)
        at org.gradle.api.internal.tasks.execution.ExecuteActionsTaskExecuter.execute(ExecuteActionsTaskExecuter.java:116)
        at org.gradle.api.internal.tasks.execution.FinalizePropertiesTaskExecuter.execute(FinalizePropertiesTaskExecuter.java:46)
        at org.gradle.api.internal.tasks.execution.ResolveTaskExecutionModeExecuter.execute(ResolveTaskExecutionModeExecuter.java:51)
        at org.gradle.api.internal.tasks.execution.SkipTaskWithNoActionsExecuter.execute(SkipTaskWithNoActionsExecuter.java:57)
        at org.gradle.api.internal.tasks.execution.SkipOnlyIfTaskExecuter.execute(SkipOnlyIfTaskExecuter.java:74)
        at org.gradle.api.internal.tasks.execution.CatchExceptionTaskExecuter.execute(CatchExceptionTaskExecuter.java:36)
        at org.gradle.api.internal.tasks.execution.EventFiringTaskExecuter$1.executeTask(EventFiringTaskExecuter.java:77)
        at org.gradle.api.internal.tasks.execution.EventFiringTaskExecuter$1.call(EventFiringTaskExecuter.java:55)
        at org.gradle.api.internal.tasks.execution.EventFiringTaskExecuter$1.call(EventFiringTaskExecuter.java:52)
        at org.gradle.internal.operations.DefaultBuildOperationRunner$CallableBuildOperationWorker.execute(DefaultBuildOperationRunner.java:200)
        at org.gradle.internal.operations.DefaultBuildOperationRunner$CallableBuildOperationWorker.execute(DefaultBuildOperationRunner.java:195)
        at org.gradle.internal.operations.DefaultBuildOperationRunner$2.execute(DefaultBuildOperationRunner.java:66)
        at org.gradle.internal.operations.DefaultBuildOperationRunner$2.execute(DefaultBuildOperationRunner.java:59)
        at org.gradle.internal.operations.DefaultBuildOperationRunner.execute(DefaultBuildOperationRunner.java:157)
        at org.gradle.internal.operations.DefaultBuildOperationRunner.execute(DefaultBuildOperationRunner.java:59)
        at org.gradle.internal.operations.DefaultBuildOperationRunner.call(DefaultBuildOperationRunner.java:53)
        at org.gradle.internal.operations.DefaultBuildOperationExecutor.call(DefaultBuildOperationExecutor.java:73)
        at org.gradle.api.internal.tasks.execution.EventFiringTaskExecuter.execute(EventFiringTaskExecuter.java:52)
        at org.gradle.execution.plan.LocalTaskNodeExecutor.execute(LocalTaskNodeExecutor.java:42)
        at org.gradle.execution.taskgraph.DefaultTaskExecutionGraph$InvokeNodeExecutorsAction.execute(DefaultTaskExecutionGraph.java:331)
        at org.gradle.execution.taskgraph.DefaultTaskExecutionGraph$InvokeNodeExecutorsAction.execute(DefaultTaskExecutionGraph.java:318)
        at org.gradle.execution.taskgraph.DefaultTaskExecutionGraph$BuildOperationAwareExecutionAction.lambda$execute$0(DefaultTaskExecutionGraph.java:314)
        at org.gradle.internal.operations.CurrentBuildOperationRef.with(CurrentBuildOperationRef.java:80)
        at org.gradle.execution.taskgraph.DefaultTaskExecutionGraph$BuildOperationAwareExecutionAction.execute(DefaultTaskExecutionGraph.java:314)
        at org.gradle.execution.taskgraph.DefaultTaskExecutionGraph$BuildOperationAwareExecutionAction.execute(DefaultTaskExecutionGraph.java:303)
        at org.gradle.execution.plan.DefaultPlanExecutor$ExecutorWorker.execute(DefaultPlanExecutor.java:463)
        at org.gradle.execution.plan.DefaultPlanExecutor$ExecutorWorker.run(DefaultPlanExecutor.java:380)
        at org.gradle.internal.concurrent.ExecutorPolicy$CatchAndRecordFailures.onExecute(ExecutorPolicy.java:64)
        at org.gradle.internal.concurrent.AbstractManagedExecutor$1.run(AbstractManagedExecutor.java:47)
Cause 1: org.gradle.internal.resolve.ModuleVersionNotFoundException: Could not find androidx.compose.ui:ui:2.0.21.
Required by:
    project :app
Cause 2: org.gradle.internal.resolve.ModuleVersionNotFoundException: Could not find androidx.compose.material:material:2.0.21.
Required by:
    project :app
Cause 3: org.gradle.internal.resolve.ModuleVersionNotFoundException: Could not find androidx.compose.ui:ui-tooling-preview:2.0.21.
Required by:
    project :app
Cause 4: org.gradle.internal.resolve.ModuleVersionNotFoundException: Could not find androidx.compose.ui:ui:2.0.21.
Required by:
    project :app > androidx.activity:activity-compose:1.10.1


BUILD FAILED in 19s
1 actionable task: 1 executed
sureshbalasubramanian@BSMacBook-Pro enKarma % ./gradlew clean
./gradlew build --stacktrace


BUILD SUCCESSFUL in 18s
1 actionable task: 1 up-to-date

> Task :app:stripDebugDebugSymbols
[CXX1104] NDK from ndk.dir at /Users/sureshbalasubramanian/Library/Android/sdk/ndk/29.0.13113456 had version [29.0.13113456] which disagrees with android.ndkVersion [26.1.10909125]
[CXX1104] NDK from ndk.dir at /Users/sureshbalasubramanian/Library/Android/sdk/ndk/29.0.13113456 had version [29.0.13113456] which disagrees with android.ndkVersion [26.1.10909125]
[CXX1104] NDK from ndk.dir at /Users/sureshbalasubramanian/Library/Android/sdk/ndk/29.0.13113456 had version [29.0.13113456] which disagrees with android.ndkVersion [26.1.10909125]
[CXX1104] NDK from ndk.dir at /Users/sureshbalasubramanian/Library/Android/sdk/ndk/29.0.13113456 had version [29.0.13113456] which disagrees with android.ndkVersion [26.1.10909125]
[CXX1104] NDK from ndk.dir at /Users/sureshbalasubramanian/Library/Android/sdk/ndk/29.0.13113456 had version [29.0.13113456] which disagrees with android.ndkVersion [26.1.10909125]
[CXX1104] NDK from ndk.dir at /Users/sureshbalasubramanian/Library/Android/sdk/ndk/29.0.13113456 had version [29.0.13113456] which disagrees with android.ndkVersion [26.1.10909125]
[CXX1104] NDK from ndk.dir at /Users/sureshbalasubramanian/Library/Android/sdk/ndk/29.0.13113456 had version [29.0.13113456] which disagrees with android.ndkVersion [26.1.10909125]
[CXX1104] NDK from ndk.dir at /Users/sureshbalasubramanian/Library/Android/sdk/ndk/29.0.13113456 had version [29.0.13113456] which disagrees with android.ndkVersion [26.1.10909125]
[CXX1104] NDK from ndk.dir at /Users/sureshbalasubramanian/Library/Android/sdk/ndk/29.0.13113456 had version [29.0.13113456] which disagrees with android.ndkVersion [26.1.10909125]
[CXX1104] NDK from ndk.dir at /Users/sureshbalasubramanian/Library/Android/sdk/ndk/29.0.13113456 had version [29.0.13113456] which disagrees with android.ndkVersion [26.1.10909125]
[CXX1104] NDK from ndk.dir at /Users/sureshbalasubramanian/Library/Android/sdk/ndk/29.0.13113456 had version [29.0.13113456] which disagrees with android.ndkVersion [26.1.10909125]
[CXX1104] NDK from ndk.dir at /Users/sureshbalasubramanian/Library/Android/sdk/ndk/29.0.13113456 had version [29.0.13113456] which disagrees with android.ndkVersion [26.1.10909125]
[CXX1104] NDK from ndk.dir at /Users/sureshbalasubramanian/Library/Android/sdk/ndk/29.0.13113456 had version [29.0.13113456] which disagrees with android.ndkVersion [26.1.10909125]
[CXX1104] NDK from ndk.dir at /Users/sureshbalasubramanian/Library/Android/sdk/ndk/29.0.13113456 had version [29.0.13113456] which disagrees with android.ndkVersion [26.1.10909125]
[CXX1104] NDK from ndk.dir at /Users/sureshbalasubramanian/Library/Android/sdk/ndk/29.0.13113456 had version [29.0.13113456] which disagrees with android.ndkVersion [26.1.10909125]
[CXX1104] NDK from ndk.dir at /Users/sureshbalasubramanian/Library/Android/sdk/ndk/29.0.13113456 had version [29.0.13113456] which disagrees with android.ndkVersion [26.1.10909125]
[CXX1104] NDK from ndk.dir at /Users/sureshbalasubramanian/Library/Android/sdk/ndk/29.0.13113456 had version [29.0.13113456] which disagrees with android.ndkVersion [26.1.10909125]
[CXX1104] NDK from ndk.dir at /Users/sureshbalasubramanian/Library/Android/sdk/ndk/29.0.13113456 had version [29.0.13113456] which disagrees with android.ndkVersion [26.1.10909125]
[CXX1104] NDK from ndk.dir at /Users/sureshbalasubramanian/Library/Android/sdk/ndk/29.0.13113456 had version [29.0.13113456] which disagrees with android.ndkVersion [26.1.10909125]
[CXX1104] NDK from ndk.dir at /Users/sureshbalasubramanian/Library/Android/sdk/ndk/29.0.13113456 had version [29.0.13113456] which disagrees with android.ndkVersion [26.1.10909125]
[CXX1104] NDK from ndk.dir at /Users/sureshbalasubramanian/Library/Android/sdk/ndk/29.0.13113456 had version [29.0.13113456] which disagrees with android.ndkVersion [26.1.10909125]
[CXX1104] NDK from ndk.dir at /Users/sureshbalasubramanian/Library/Android/sdk/ndk/29.0.13113456 had version [29.0.13113456] which disagrees with android.ndkVersion [26.1.10909125]
[CXX1104] NDK from ndk.dir at /Users/sureshbalasubramanian/Library/Android/sdk/ndk/29.0.13113456 had version [29.0.13113456] which disagrees with android.ndkVersion [26.1.10909125]
[CXX1104] NDK from ndk.dir at /Users/sureshbalasubramanian/Library/Android/sdk/ndk/29.0.13113456 had version [29.0.13113456] which disagrees with android.ndkVersion [26.1.10909125]
[CXX1104] NDK from ndk.dir at /Users/sureshbalasubramanian/Library/Android/sdk/ndk/29.0.13113456 had version [29.0.13113456] which disagrees with android.ndkVersion [26.1.10909125]
[CXX1104] NDK from ndk.dir at /Users/sureshbalasubramanian/Library/Android/sdk/ndk/29.0.13113456 had version [29.0.13113456] which disagrees with android.ndkVersion [26.1.10909125]
[CXX1104] NDK from ndk.dir at /Users/sureshbalasubramanian/Library/Android/sdk/ndk/29.0.13113456 had version [29.0.13113456] which disagrees with android.ndkVersion [26.1.10909125]
[CXX1104] NDK from ndk.dir at /Users/sureshbalasubramanian/Library/Android/sdk/ndk/29.0.13113456 had version [29.0.13113456] which disagrees with android.ndkVersion [26.1.10909125]
[CXX1104] NDK from ndk.dir at /Users/sureshbalasubramanian/Library/Android/sdk/ndk/29.0.13113456 had version [29.0.13113456] which disagrees with android.ndkVersion [26.1.10909125]
[CXX1104] NDK from ndk.dir at /Users/sureshbalasubramanian/Library/Android/sdk/ndk/29.0.13113456 had version [29.0.13113456] which disagrees with android.ndkVersion [26.1.10909125]
[CXX1104] NDK from ndk.dir at /Users/sureshbalasubramanian/Library/Android/sdk/ndk/29.0.13113456 had version [29.0.13113456] which disagrees with android.ndkVersion [26.1.10909125]
[CXX1104] NDK from ndk.dir at /Users/sureshbalasubramanian/Library/Android/sdk/ndk/29.0.13113456 had version [29.0.13113456] which disagrees with android.ndkVersion [26.1.10909125]
[CXX1104] NDK from ndk.dir at /Users/sureshbalasubramanian/Library/Android/sdk/ndk/29.0.13113456 had version [29.0.13113456] which disagrees with android.ndkVersion [26.1.10909125]
[CXX1104] NDK from ndk.dir at /Users/sureshbalasubramanian/Library/Android/sdk/ndk/29.0.13113456 had version [29.0.13113456] which disagrees with android.ndkVersion [26.1.10909125]
Unable to strip the following libraries, packaging them as they are: libandroidx.graphics.path.so, libc++_shared.so, libjniPdfium.so, libmodft2.so, libmodpdfium.so, libmodpng.so.

> Task :app:stripReleaseDebugSymbols
[CXX1104] NDK from ndk.dir at /Users/sureshbalasubramanian/Library/Android/sdk/ndk/29.0.13113456 had version [29.0.13113456] which disagrees with android.ndkVersion [26.1.10909125]
[CXX1104] NDK from ndk.dir at /Users/sureshbalasubramanian/Library/Android/sdk/ndk/29.0.13113456 had version [29.0.13113456] which disagrees with android.ndkVersion [26.1.10909125]
[CXX1104] NDK from ndk.dir at /Users/sureshbalasubramanian/Library/Android/sdk/ndk/29.0.13113456 had version [29.0.13113456] which disagrees with android.ndkVersion [26.1.10909125]
[CXX1104] NDK from ndk.dir at /Users/sureshbalasubramanian/Library/Android/sdk/ndk/29.0.13113456 had version [29.0.13113456] which disagrees with android.ndkVersion [26.1.10909125]
[CXX1104] NDK from ndk.dir at /Users/sureshbalasubramanian/Library/Android/sdk/ndk/29.0.13113456 had version [29.0.13113456] which disagrees with android.ndkVersion [26.1.10909125]
[CXX1104] NDK from ndk.dir at /Users/sureshbalasubramanian/Library/Android/sdk/ndk/29.0.13113456 had version [29.0.13113456] which disagrees with android.ndkVersion [26.1.10909125]
[CXX1104] NDK from ndk.dir at /Users/sureshbalasubramanian/Library/Android/sdk/ndk/29.0.13113456 had version [29.0.13113456] which disagrees with android.ndkVersion [26.1.10909125]
[CXX1104] NDK from ndk.dir at /Users/sureshbalasubramanian/Library/Android/sdk/ndk/29.0.13113456 had version [29.0.13113456] which disagrees with android.ndkVersion [26.1.10909125]
[CXX1104] NDK from ndk.dir at /Users/sureshbalasubramanian/Library/Android/sdk/ndk/29.0.13113456 had version [29.0.13113456] which disagrees with android.ndkVersion [26.1.10909125]
[CXX1104] NDK from ndk.dir at /Users/sureshbalasubramanian/Library/Android/sdk/ndk/29.0.13113456 had version [29.0.13113456] which disagrees with android.ndkVersion [26.1.10909125]
[CXX1104] NDK from ndk.dir at /Users/sureshbalasubramanian/Library/Android/sdk/ndk/29.0.13113456 had version [29.0.13113456] which disagrees with android.ndkVersion [26.1.10909125]
[CXX1104] NDK from ndk.dir at /Users/sureshbalasubramanian/Library/Android/sdk/ndk/29.0.13113456 had version [29.0.13113456] which disagrees with android.ndkVersion [26.1.10909125]
[CXX1104] NDK from ndk.dir at /Users/sureshbalasubramanian/Library/Android/sdk/ndk/29.0.13113456 had version [29.0.13113456] which disagrees with android.ndkVersion [26.1.10909125]
[CXX1104] NDK from ndk.dir at /Users/sureshbalasubramanian/Library/Android/sdk/ndk/29.0.13113456 had version [29.0.13113456] which disagrees with android.ndkVersion [26.1.10909125]
[CXX1104] NDK from ndk.dir at /Users/sureshbalasubramanian/Library/Android/sdk/ndk/29.0.13113456 had version [29.0.13113456] which disagrees with android.ndkVersion [26.1.10909125]
[CXX1104] NDK from ndk.dir at /Users/sureshbalasubramanian/Library/Android/sdk/ndk/29.0.13113456 had version [29.0.13113456] which disagrees with android.ndkVersion [26.1.10909125]
[CXX1104] NDK from ndk.dir at /Users/sureshbalasubramanian/Library/Android/sdk/ndk/29.0.13113456 had version [29.0.13113456] which disagrees with android.ndkVersion [26.1.10909125]
[CXX1104] NDK from ndk.dir at /Users/sureshbalasubramanian/Library/Android/sdk/ndk/29.0.13113456 had version [29.0.13113456] which disagrees with android.ndkVersion [26.1.10909125]
[CXX1104] NDK from ndk.dir at /Users/sureshbalasubramanian/Library/Android/sdk/ndk/29.0.13113456 had version [29.0.13113456] which disagrees with android.ndkVersion [26.1.10909125]
[CXX1104] NDK from ndk.dir at /Users/sureshbalasubramanian/Library/Android/sdk/ndk/29.0.13113456 had version [29.0.13113456] which disagrees with android.ndkVersion [26.1.10909125]
[CXX1104] NDK from ndk.dir at /Users/sureshbalasubramanian/Library/Android/sdk/ndk/29.0.13113456 had version [29.0.13113456] which disagrees with android.ndkVersion [26.1.10909125]
[CXX1104] NDK from ndk.dir at /Users/sureshbalasubramanian/Library/Android/sdk/ndk/29.0.13113456 had version [29.0.13113456] which disagrees with android.ndkVersion [26.1.10909125]
[CXX1104] NDK from ndk.dir at /Users/sureshbalasubramanian/Library/Android/sdk/ndk/29.0.13113456 had version [29.0.13113456] which disagrees with android.ndkVersion [26.1.10909125]
[CXX1104] NDK from ndk.dir at /Users/sureshbalasubramanian/Library/Android/sdk/ndk/29.0.13113456 had version [29.0.13113456] which disagrees with android.ndkVersion [26.1.10909125]
[CXX1104] NDK from ndk.dir at /Users/sureshbalasubramanian/Library/Android/sdk/ndk/29.0.13113456 had version [29.0.13113456] which disagrees with android.ndkVersion [26.1.10909125]
[CXX1104] NDK from ndk.dir at /Users/sureshbalasubramanian/Library/Android/sdk/ndk/29.0.13113456 had version [29.0.13113456] which disagrees with android.ndkVersion [26.1.10909125]
[CXX1104] NDK from ndk.dir at /Users/sureshbalasubramanian/Library/Android/sdk/ndk/29.0.13113456 had version [29.0.13113456] which disagrees with android.ndkVersion [26.1.10909125]
[CXX1104] NDK from ndk.dir at /Users/sureshbalasubramanian/Library/Android/sdk/ndk/29.0.13113456 had version [29.0.13113456] which disagrees with android.ndkVersion [26.1.10909125]
[CXX1104] NDK from ndk.dir at /Users/sureshbalasubramanian/Library/Android/sdk/ndk/29.0.13113456 had version [29.0.13113456] which disagrees with android.ndkVersion [26.1.10909125]
[CXX1104] NDK from ndk.dir at /Users/sureshbalasubramanian/Library/Android/sdk/ndk/29.0.13113456 had version [29.0.13113456] which disagrees with android.ndkVersion [26.1.10909125]
[CXX1104] NDK from ndk.dir at /Users/sureshbalasubramanian/Library/Android/sdk/ndk/29.0.13113456 had version [29.0.13113456] which disagrees with android.ndkVersion [26.1.10909125]
[CXX1104] NDK from ndk.dir at /Users/sureshbalasubramanian/Library/Android/sdk/ndk/29.0.13113456 had version [29.0.13113456] which disagrees with android.ndkVersion [26.1.10909125]
[CXX1104] NDK from ndk.dir at /Users/sureshbalasubramanian/Library/Android/sdk/ndk/29.0.13113456 had version [29.0.13113456] which disagrees with android.ndkVersion [26.1.10909125]
[CXX1104] NDK from ndk.dir at /Users/sureshbalasubramanian/Library/Android/sdk/ndk/29.0.13113456 had version [29.0.13113456] which disagrees with android.ndkVersion [26.1.10909125]
Unable to strip the following libraries, packaging them as they are: libandroidx.graphics.path.so, libc++_shared.so, libjniPdfium.so, libmodft2.so, libmodpdfium.so, libmodpng.so.

> Task :app:extractReleaseNativeSymbolTables
[CXX1104] NDK from ndk.dir at /Users/sureshbalasubramanian/Library/Android/sdk/ndk/29.0.13113456 had version [29.0.13113456] which disagrees with android.ndkVersion [26.1.10909125]

> Task :app:compileDebugKotlin
e: file:///Users/sureshbalasubramanian/Documents/Projects.nosync/Android_enKarma/enKarma/app/src/main/java/com/karma/sureshtrb/enKarma/6C2Aa.MahalayaTpnmActivity.kt:825:1 Modifier 'override' is not applicable to 'top level function'.
e: file:///Users/sureshbalasubramanian/Documents/Projects.nosync/Android_enKarma/enKarma/app/src/main/java/com/karma/sureshtrb/enKarma/6C2Aa.MahalayaTpnmActivity.kt:826:5 No supertypes are accessible in this context.
e: file:///Users/sureshbalasubramanian/Documents/Projects.nosync/Android_enKarma/enKarma/app/src/main/java/com/karma/sureshtrb/enKarma/6C2Aa.MahalayaTpnmActivity.kt:828:51 Unresolved reference 'layoutInflater'.
e: file:///Users/sureshbalasubramanian/Documents/Projects.nosync/Android_enKarma/enKarma/app/src/main/java/com/karma/sureshtrb/enKarma/6C2Aa.MahalayaTpnmActivity.kt:829:5 Unresolved reference 'setContentView'.
e: file:///Users/sureshbalasubramanian/Documents/Projects.nosync/Android_enKarma/enKarma/app/src/main/java/com/karma/sureshtrb/enKarma/6C2Aa.MahalayaTpnmActivity.kt:835:9 Unresolved reference 'intent'.
e: file:///Users/sureshbalasubramanian/Documents/Projects.nosync/Android_enKarma/enKarma/app/src/main/java/com/karma/sureshtrb/enKarma/6C2Aa.MahalayaTpnmActivity.kt:843:22 Unresolved reference 'intent'.
e: file:///Users/sureshbalasubramanian/Documents/Projects.nosync/Android_enKarma/enKarma/app/src/main/java/com/karma/sureshtrb/enKarma/6C2Aa.MahalayaTpnmActivity.kt:844:22 Unresolved reference 'intent'.
e: file:///Users/sureshbalasubramanian/Documents/Projects.nosync/Android_enKarma/enKarma/app/src/main/java/com/karma/sureshtrb/enKarma/6C2Aa.MahalayaTpnmActivity.kt:851:26 Unresolved reference 'intent'.
e: file:///Users/sureshbalasubramanian/Documents/Projects.nosync/Android_enKarma/enKarma/app/src/main/java/com/karma/sureshtrb/enKarma/6C2Aa.MahalayaTpnmActivity.kt:852:23 Unresolved reference 'intent'.
e: file:///Users/sureshbalasubramanian/Documents/Projects.nosync/Android_enKarma/enKarma/app/src/main/java/com/karma/sureshtrb/enKarma/6C2Aa.MahalayaTpnmActivity.kt:853:25 Unresolved reference 'intent'.
e: file:///Users/sureshbalasubramanian/Documents/Projects.nosync/Android_enKarma/enKarma/app/src/main/java/com/karma/sureshtrb/enKarma/6C2Aa.MahalayaTpnmActivity.kt:856:5 Unresolved reference 'supportActionBar'.
e: file:///Users/sureshbalasubramanian/Documents/Projects.nosync/Android_enKarma/enKarma/app/src/main/java/com/karma/sureshtrb/enKarma/6C2Aa.MahalayaTpnmActivity.kt:856:24 Unresolved reference 'setHomeAsUpIndicator'.
e: file:///Users/sureshbalasubramanian/Documents/Projects.nosync/Android_enKarma/enKarma/app/src/main/java/com/karma/sureshtrb/enKarma/6C2Aa.MahalayaTpnmActivity.kt:857:5 Unresolved reference 'supportActionBar'.
e: file:///Users/sureshbalasubramanian/Documents/Projects.nosync/Android_enKarma/enKarma/app/src/main/java/com/karma/sureshtrb/enKarma/6C2Aa.MahalayaTpnmActivity.kt:857:24 Unresolved reference 'setDisplayHomeAsUpEnabled'.
e: file:///Users/sureshbalasubramanian/Documents/Projects.nosync/Android_enKarma/enKarma/app/src/main/java/com/karma/sureshtrb/enKarma/6C2Aa.MahalayaTpnmActivity.kt:858:5 Unresolved reference 'supportActionBar'.
e: file:///Users/sureshbalasubramanian/Documents/Projects.nosync/Android_enKarma/enKarma/app/src/main/java/com/karma/sureshtrb/enKarma/6C2Aa.MahalayaTpnmActivity.kt:858:24 Unresolved reference 'subtitle'.
e: file:///Users/sureshbalasubramanian/Documents/Projects.nosync/Android_enKarma/enKarma/app/src/main/java/com/karma/sureshtrb/enKarma/6C2Aa.MahalayaTpnmActivity.kt:859:5 Unresolved reference 'supportActionBar'.
e: file:///Users/sureshbalasubramanian/Documents/Projects.nosync/Android_enKarma/enKarma/app/src/main/java/com/karma/sureshtrb/enKarma/6C2Aa.MahalayaTpnmActivity.kt:859:24 Unresolved reference 'setDisplayShowHomeEnabled'.
e: file:///Users/sureshbalasubramanian/Documents/Projects.nosync/Android_enKarma/enKarma/app/src/main/java/com/karma/sureshtrb/enKarma/6C2Aa.MahalayaTpnmActivity.kt:860:5 Unresolved reference 'supportActionBar'.
e: file:///Users/sureshbalasubramanian/Documents/Projects.nosync/Android_enKarma/enKarma/app/src/main/java/com/karma/sureshtrb/enKarma/6C2Aa.MahalayaTpnmActivity.kt:860:24 Unresolved reference 'setLogo'.
e: file:///Users/sureshbalasubramanian/Documents/Projects.nosync/Android_enKarma/enKarma/app/src/main/java/com/karma/sureshtrb/enKarma/6C2Aa.MahalayaTpnmActivity.kt:861:5 Unresolved reference 'supportActionBar'.
e: file:///Users/sureshbalasubramanian/Documents/Projects.nosync/Android_enKarma/enKarma/app/src/main/java/com/karma/sureshtrb/enKarma/6C2Aa.MahalayaTpnmActivity.kt:861:24 Unresolved reference 'setDisplayUseLogoEnabled'.
e: file:///Users/sureshbalasubramanian/Documents/Projects.nosync/Android_enKarma/enKarma/app/src/main/java/com/karma/sureshtrb/enKarma/6C2Aa.MahalayaTpnmActivity.kt:862:5 Unresolved reference 'trial'.
e: file:///Users/sureshbalasubramanian/Documents/Projects.nosync/Android_enKarma/enKarma/app/src/main/java/com/karma/sureshtrb/enKarma/6C2Aa.MahalayaTpnmActivity.kt:863:5 Unresolved reference 'bottomPithruKoorcham'.
e: file:///Users/sureshbalasubramanian/Documents/Projects.nosync/Android_enKarma/enKarma/app/src/main/java/com/karma/sureshtrb/enKarma/6C2Aa.MahalayaTpnmActivity.kt:864:5 Unresolved reference 'executeData'.
e: file:///Users/sureshbalasubramanian/Documents/Projects.nosync/Android_enKarma/enKarma/app/src/main/java/com/karma/sureshtrb/enKarma/6C2Aa.MahalayaTpnmActivity.kt:876:38 Unresolved reference 'getApplicationContext'.
e: file:///Users/sureshbalasubramanian/Documents/Projects.nosync/Android_enKarma/enKarma/app/src/main/java/com/karma/sureshtrb/enKarma/6C2Aa.MahalayaTpnmActivity.kt:881:38 Unresolved reference 'mstartPos1'.
e: file:///Users/sureshbalasubramanian/Documents/Projects.nosync/Android_enKarma/enKarma/app/src/main/java/com/karma/sureshtrb/enKarma/6C2Aa.MahalayaTpnmActivity.kt:881:50 Unresolved reference 'mendPos1'.
e: file:///Users/sureshbalasubramanian/Documents/Projects.nosync/Android_enKarma/enKarma/app/src/main/java/com/karma/sureshtrb/enKarma/6C2Aa.MahalayaTpnmActivity.kt:882:38 Unresolved reference 'mstartPos2'.
e: file:///Users/sureshbalasubramanian/Documents/Projects.nosync/Android_enKarma/enKarma/app/src/main/java/com/karma/sureshtrb/enKarma/6C2Aa.MahalayaTpnmActivity.kt:882:50 Unresolved reference 'mendPos2'.
e: file:///Users/sureshbalasubramanian/Documents/Projects.nosync/Android_enKarma/enKarma/app/src/main/java/com/karma/sureshtrb/enKarma/6C2Aa.MahalayaTpnmActivity.kt:883:38 Unresolved reference 'mstartPos3'.
e: file:///Users/sureshbalasubramanian/Documents/Projects.nosync/Android_enKarma/enKarma/app/src/main/java/com/karma/sureshtrb/enKarma/6C2Aa.MahalayaTpnmActivity.kt:883:50 Unresolved reference 'mendPos3'.
e: file:///Users/sureshbalasubramanian/Documents/Projects.nosync/Android_enKarma/enKarma/app/src/main/java/com/karma/sureshtrb/enKarma/6C2Aa.MahalayaTpnmActivity.kt:884:38 Unresolved reference 'mstartPos4'.
e: file:///Users/sureshbalasubramanian/Documents/Projects.nosync/Android_enKarma/enKarma/app/src/main/java/com/karma/sureshtrb/enKarma/6C2Aa.MahalayaTpnmActivity.kt:884:50 Unresolved reference 'mendPos4'.
e: file:///Users/sureshbalasubramanian/Documents/Projects.nosync/Android_enKarma/enKarma/app/src/main/java/com/karma/sureshtrb/enKarma/6C2Aa.MahalayaTpnmActivity.kt:885:38 Unresolved reference 'mstartPos5'.
e: file:///Users/sureshbalasubramanian/Documents/Projects.nosync/Android_enKarma/enKarma/app/src/main/java/com/karma/sureshtrb/enKarma/6C2Aa.MahalayaTpnmActivity.kt:885:50 Unresolved reference 'mendPos5'.
e: file:///Users/sureshbalasubramanian/Documents/Projects.nosync/Android_enKarma/enKarma/app/src/main/java/com/karma/sureshtrb/enKarma/6C2Aa.MahalayaTpnmActivity.kt:886:38 Unresolved reference 'mstartPos6'.
e: file:///Users/sureshbalasubramanian/Documents/Projects.nosync/Android_enKarma/enKarma/app/src/main/java/com/karma/sureshtrb/enKarma/6C2Aa.MahalayaTpnmActivity.kt:886:50 Unresolved reference 'mendPos6'.
e: file:///Users/sureshbalasubramanian/Documents/Projects.nosync/Android_enKarma/enKarma/app/src/main/java/com/karma/sureshtrb/enKarma/6C2Aa.MahalayaTpnmActivity.kt:887:38 Unresolved reference 'mstartPos7'.
e: file:///Users/sureshbalasubramanian/Documents/Projects.nosync/Android_enKarma/enKarma/app/src/main/java/com/karma/sureshtrb/enKarma/6C2Aa.MahalayaTpnmActivity.kt:887:50 Unresolved reference 'mendPos7'.
e: file:///Users/sureshbalasubramanian/Documents/Projects.nosync/Android_enKarma/enKarma/app/src/main/java/com/karma/sureshtrb/enKarma/6C2Aa.MahalayaTpnmActivity.kt:888:38 Unresolved reference 'mstartPos8'.
e: file:///Users/sureshbalasubramanian/Documents/Projects.nosync/Android_enKarma/enKarma/app/src/main/java/com/karma/sureshtrb/enKarma/6C2Aa.MahalayaTpnmActivity.kt:888:50 Unresolved reference 'mendPos8'.
e: file:///Users/sureshbalasubramanian/Documents/Projects.nosync/Android_enKarma/enKarma/app/src/main/java/com/karma/sureshtrb/enKarma/6C2Aa.MahalayaTpnmActivity.kt:889:38 Unresolved reference 'mstartPos9'.
e: file:///Users/sureshbalasubramanian/Documents/Projects.nosync/Android_enKarma/enKarma/app/src/main/java/com/karma/sureshtrb/enKarma/6C2Aa.MahalayaTpnmActivity.kt:889:50 Unresolved reference 'mendPos9'.
e: file:///Users/sureshbalasubramanian/Documents/Projects.nosync/Android_enKarma/enKarma/app/src/main/java/com/karma/sureshtrb/enKarma/6C2Aa.MahalayaTpnmActivity.kt:890:38 Unresolved reference 'mstartPos10'.
e: file:///Users/sureshbalasubramanian/Documents/Projects.nosync/Android_enKarma/enKarma/app/src/main/java/com/karma/sureshtrb/enKarma/6C2Aa.MahalayaTpnmActivity.kt:890:51 Unresolved reference 'mendPos10'.
e: file:///Users/sureshbalasubramanian/Documents/Projects.nosync/Android_enKarma/enKarma/app/src/main/java/com/karma/sureshtrb/enKarma/6C2Aa.MahalayaTpnmActivity.kt:891:38 Unresolved reference 'mstartPos11'.
e: file:///Users/sureshbalasubramanian/Documents/Projects.nosync/Android_enKarma/enKarma/app/src/main/java/com/karma/sureshtrb/enKarma/6C2Aa.MahalayaTpnmActivity.kt:891:51 Unresolved reference 'mendPos11'.
e: file:///Users/sureshbalasubramanian/Documents/Projects.nosync/Android_enKarma/enKarma/app/src/main/java/com/karma/sureshtrb/enKarma/6C2Aa.MahalayaTpnmActivity.kt:892:38 Unresolved reference 'mstartPos12'.
e: file:///Users/sureshbalasubramanian/Documents/Projects.nosync/Android_enKarma/enKarma/app/src/main/java/com/karma/sureshtrb/enKarma/6C2Aa.MahalayaTpnmActivity.kt:892:51 Unresolved reference 'mendPos12'.
e: file:///Users/sureshbalasubramanian/Documents/Projects.nosync/Android_enKarma/enKarma/app/src/main/java/com/karma/sureshtrb/enKarma/6C2Aa.MahalayaTpnmActivity.kt:893:38 Unresolved reference 'mstartPos13'.
e: file:///Users/sureshbalasubramanian/Documents/Projects.nosync/Android_enKarma/enKarma/app/src/main/java/com/karma/sureshtrb/enKarma/6C2Aa.MahalayaTpnmActivity.kt:893:51 Unresolved reference 'mendPos13'.
e: file:///Users/sureshbalasubramanian/Documents/Projects.nosync/Android_enKarma/enKarma/app/src/main/java/com/karma/sureshtrb/enKarma/6C2Aa.MahalayaTpnmActivity.kt:894:38 Unresolved reference 'mstartPos14'.
e: file:///Users/sureshbalasubramanian/Documents/Projects.nosync/Android_enKarma/enKarma/app/src/main/java/com/karma/sureshtrb/enKarma/6C2Aa.MahalayaTpnmActivity.kt:894:51 Unresolved reference 'mendPos14'.
e: file:///Users/sureshbalasubramanian/Documents/Projects.nosync/Android_enKarma/enKarma/app/src/main/java/com/karma/sureshtrb/enKarma/6C2Aa.MahalayaTpnmActivity.kt:895:38 Unresolved reference 'mstartPos15'.
e: file:///Users/sureshbalasubramanian/Documents/Projects.nosync/Android_enKarma/enKarma/app/src/main/java/com/karma/sureshtrb/enKarma/6C2Aa.MahalayaTpnmActivity.kt:895:51 Unresolved reference 'mendPos15'.
e: file:///Users/sureshbalasubramanian/Documents/Projects.nosync/Android_enKarma/enKarma/app/src/main/java/com/karma/sureshtrb/enKarma/6C2Aa.MahalayaTpnmActivity.kt:896:38 Unresolved reference 'mstartPos16'.
e: file:///Users/sureshbalasubramanian/Documents/Projects.nosync/Android_enKarma/enKarma/app/src/main/java/com/karma/sureshtrb/enKarma/6C2Aa.MahalayaTpnmActivity.kt:896:51 Unresolved reference 'mendPos16'.
e: file:///Users/sureshbalasubramanian/Documents/Projects.nosync/Android_enKarma/enKarma/app/src/main/java/com/karma/sureshtrb/enKarma/6C2Aa.MahalayaTpnmActivity.kt:897:38 Unresolved reference 'mstartPos17'.
e: file:///Users/sureshbalasubramanian/Documents/Projects.nosync/Android_enKarma/enKarma/app/src/main/java/com/karma/sureshtrb/enKarma/6C2Aa.MahalayaTpnmActivity.kt:897:51 Unresolved reference 'mendPos17'.
e: file:///Users/sureshbalasubramanian/Documents/Projects.nosync/Android_enKarma/enKarma/app/src/main/java/com/karma/sureshtrb/enKarma/6C2Aa.MahalayaTpnmActivity.kt:899:76 Unresolved reference 'mtotalpages'.
e: file:///Users/sureshbalasubramanian/Documents/Projects.nosync/Android_enKarma/enKarma/app/src/main/java/com/karma/sureshtrb/enKarma/6C2Aa.MahalayaTpnmActivity.kt:906:26 Unresolved reference 'mtotalpages'.
e: file:///Users/sureshbalasubramanian/Documents/Projects.nosync/Android_enKarma/enKarma/app/src/main/java/com/karma/sureshtrb/enKarma/6C2Aa.MahalayaTpnmActivity.kt:923:9 Unresolved reference 'mtotalpages'.
e: file:///Users/sureshbalasubramanian/Documents/Projects.nosync/Android_enKarma/enKarma/app/src/main/java/com/karma/sureshtrb/enKarma/6C2Aa.MahalayaTpnmActivity.kt:924:33 Unresolved reference 'mtotalpages'.
e: file:///Users/sureshbalasubramanian/Documents/Projects.nosync/Android_enKarma/enKarma/app/src/main/java/com/karma/sureshtrb/enKarma/6C2Aa.MahalayaTpnmActivity.kt:927:25 Unresolved reference 'mtotalpages'.
e: file:///Users/sureshbalasubramanian/Documents/Projects.nosync/Android_enKarma/enKarma/app/src/main/java/com/karma/sureshtrb/enKarma/6C2Aa.MahalayaTpnmActivity.kt:967:13 Unresolved reference 'mtotalpages'.
e: file:///Users/sureshbalasubramanian/Documents/Projects.nosync/Android_enKarma/enKarma/app/src/main/java/com/karma/sureshtrb/enKarma/6C2Aa.MahalayaTpnmActivity.kt:968:37 Unresolved reference 'mtotalpages'.
e: file:///Users/sureshbalasubramanian/Documents/Projects.nosync/Android_enKarma/enKarma/app/src/main/java/com/karma/sureshtrb/enKarma/6C2Aa.MahalayaTpnmActivity.kt:974:29 Unresolved reference 'mtotalpages'.
e: file:///Users/sureshbalasubramanian/Documents/Projects.nosync/Android_enKarma/enKarma/app/src/main/java/com/karma/sureshtrb/enKarma/6C2Aa.MahalayaTpnmActivity.kt:1623:27 Argument type mismatch: actual type is 'android.text.SpannableString', but 'kotlin.String' was expected.
e: file:///Users/sureshbalasubramanian/Documents/Projects.nosync/Android_enKarma/enKarma/app/src/main/java/com/karma/sureshtrb/enKarma/6C2Aa.MahalayaTpnmActivity.kt:1969:26 Unresolved reference 'BOLD_ITALLIC'.
e: file:///Users/sureshbalasubramanian/Documents/Projects.nosync/Android_enKarma/enKarma/app/src/main/java/com/karma/sureshtrb/enKarma/6C2Aa.MahalayaTpnmActivity.kt:2408:17 Conflicting declarations:
local val exExFlag: Int
local val exExFlag: Int
e: file:///Users/sureshbalasubramanian/Documents/Projects.nosync/Android_enKarma/enKarma/app/src/main/java/com/karma/sureshtrb/enKarma/6C2Aa.MahalayaTpnmActivity.kt:2409:17 Conflicting declarations:
local val start: Int
local val start: Int
e: file:///Users/sureshbalasubramanian/Documents/Projects.nosync/Android_enKarma/enKarma/app/src/main/java/com/karma/sureshtrb/enKarma/6C2Aa.MahalayaTpnmActivity.kt:4653:17 Conflicting declarations:
local val exExFlag: Int
local val exExFlag: Int
e: file:///Users/sureshbalasubramanian/Documents/Projects.nosync/Android_enKarma/enKarma/app/src/main/java/com/karma/sureshtrb/enKarma/6C2Aa.MahalayaTpnmActivity.kt:4654:17 Conflicting declarations:
local val start: Int
local val start: Int
e: file:///Users/sureshbalasubramanian/Documents/Projects.nosync/Android_enKarma/enKarma/app/src/main/java/com/karma/sureshtrb/enKarma/LoginActivity.kt:89:52 Too many arguments for 'fun alertDisplayer(message: String?): Unit'.
e: file:///Users/sureshbalasubramanian/Documents/Projects.nosync/Android_enKarma/enKarma/app/src/main/java/com/karma/sureshtrb/enKarma/RowDataAdapter.kt:20:65 Unresolved reference 'nameTextView'.
e: file:///Users/sureshbalasubramanian/Documents/Projects.nosync/Android_enKarma/enKarma/app/src/main/java/com/karma/sureshtrb/enKarma/RowDataAdapter.kt:21:71 Unresolved reference 'birthOrderTextView'.
e: file:///Users/sureshbalasubramanian/Documents/Projects.nosync/Android_enKarma/enKarma/app/src/main/java/com/karma/sureshtrb/enKarma/RowDataAdapter.kt:27:31 Unresolved reference 'row_item'.

> Task :app:compileDebugKotlin FAILED

> Task :app:compileReleaseKotlin
e: file:///Users/sureshbalasubramanian/Documents/Projects.nosync/Android_enKarma/enKarma/app/src/main/java/com/karma/sureshtrb/enKarma/6C2Aa.MahalayaTpnmActivity.kt:825:1 Modifier 'override' is not applicable to 'top level function'.
e: file:///Users/sureshbalasubramanian/Documents/Projects.nosync/Android_enKarma/enKarma/app/src/main/java/com/karma/sureshtrb/enKarma/6C2Aa.MahalayaTpnmActivity.kt:826:5 No supertypes are accessible in this context.
e: file:///Users/sureshbalasubramanian/Documents/Projects.nosync/Android_enKarma/enKarma/app/src/main/java/com/karma/sureshtrb/enKarma/6C2Aa.MahalayaTpnmActivity.kt:828:51 Unresolved reference 'layoutInflater'.
e: file:///Users/sureshbalasubramanian/Documents/Projects.nosync/Android_enKarma/enKarma/app/src/main/java/com/karma/sureshtrb/enKarma/6C2Aa.MahalayaTpnmActivity.kt:829:5 Unresolved reference 'setContentView'.
e: file:///Users/sureshbalasubramanian/Documents/Projects.nosync/Android_enKarma/enKarma/app/src/main/java/com/karma/sureshtrb/enKarma/6C2Aa.MahalayaTpnmActivity.kt:835:9 Unresolved reference 'intent'.
e: file:///Users/sureshbalasubramanian/Documents/Projects.nosync/Android_enKarma/enKarma/app/src/main/java/com/karma/sureshtrb/enKarma/6C2Aa.MahalayaTpnmActivity.kt:843:22 Unresolved reference 'intent'.
e: file:///Users/sureshbalasubramanian/Documents/Projects.nosync/Android_enKarma/enKarma/app/src/main/java/com/karma/sureshtrb/enKarma/6C2Aa.MahalayaTpnmActivity.kt:844:22 Unresolved reference 'intent'.
e: file:///Users/sureshbalasubramanian/Documents/Projects.nosync/Android_enKarma/enKarma/app/src/main/java/com/karma/sureshtrb/enKarma/6C2Aa.MahalayaTpnmActivity.kt:851:26 Unresolved reference 'intent'.
e: file:///Users/sureshbalasubramanian/Documents/Projects.nosync/Android_enKarma/enKarma/app/src/main/java/com/karma/sureshtrb/enKarma/6C2Aa.MahalayaTpnmActivity.kt:852:23 Unresolved reference 'intent'.
e: file:///Users/sureshbalasubramanian/Documents/Projects.nosync/Android_enKarma/enKarma/app/src/main/java/com/karma/sureshtrb/enKarma/6C2Aa.MahalayaTpnmActivity.kt:853:25 Unresolved reference 'intent'.
e: file:///Users/sureshbalasubramanian/Documents/Projects.nosync/Android_enKarma/enKarma/app/src/main/java/com/karma/sureshtrb/enKarma/6C2Aa.MahalayaTpnmActivity.kt:856:5 Unresolved reference 'supportActionBar'.
e: file:///Users/sureshbalasubramanian/Documents/Projects.nosync/Android_enKarma/enKarma/app/src/main/java/com/karma/sureshtrb/enKarma/6C2Aa.MahalayaTpnmActivity.kt:856:24 Unresolved reference 'setHomeAsUpIndicator'.
e: file:///Users/sureshbalasubramanian/Documents/Projects.nosync/Android_enKarma/enKarma/app/src/main/java/com/karma/sureshtrb/enKarma/6C2Aa.MahalayaTpnmActivity.kt:857:5 Unresolved reference 'supportActionBar'.
e: file:///Users/sureshbalasubramanian/Documents/Projects.nosync/Android_enKarma/enKarma/app/src/main/java/com/karma/sureshtrb/enKarma/6C2Aa.MahalayaTpnmActivity.kt:857:24 Unresolved reference 'setDisplayHomeAsUpEnabled'.
e: file:///Users/sureshbalasubramanian/Documents/Projects.nosync/Android_enKarma/enKarma/app/src/main/java/com/karma/sureshtrb/enKarma/6C2Aa.MahalayaTpnmActivity.kt:858:5 Unresolved reference 'supportActionBar'.
e: file:///Users/sureshbalasubramanian/Documents/Projects.nosync/Android_enKarma/enKarma/app/src/main/java/com/karma/sureshtrb/enKarma/6C2Aa.MahalayaTpnmActivity.kt:858:24 Unresolved reference 'subtitle'.
e: file:///Users/sureshbalasubramanian/Documents/Projects.nosync/Android_enKarma/enKarma/app/src/main/java/com/karma/sureshtrb/enKarma/6C2Aa.MahalayaTpnmActivity.kt:859:5 Unresolved reference 'supportActionBar'.
e: file:///Users/sureshbalasubramanian/Documents/Projects.nosync/Android_enKarma/enKarma/app/src/main/java/com/karma/sureshtrb/enKarma/6C2Aa.MahalayaTpnmActivity.kt:859:24 Unresolved reference 'setDisplayShowHomeEnabled'.
e: file:///Users/sureshbalasubramanian/Documents/Projects.nosync/Android_enKarma/enKarma/app/src/main/java/com/karma/sureshtrb/enKarma/6C2Aa.MahalayaTpnmActivity.kt:860:5 Unresolved reference 'supportActionBar'.
e: file:///Users/sureshbalasubramanian/Documents/Projects.nosync/Android_enKarma/enKarma/app/src/main/java/com/karma/sureshtrb/enKarma/6C2Aa.MahalayaTpnmActivity.kt:860:24 Unresolved reference 'setLogo'.
e: file:///Users/sureshbalasubramanian/Documents/Projects.nosync/Android_enKarma/enKarma/app/src/main/java/com/karma/sureshtrb/enKarma/6C2Aa.MahalayaTpnmActivity.kt:861:5 Unresolved reference 'supportActionBar'.
e: file:///Users/sureshbalasubramanian/Documents/Projects.nosync/Android_enKarma/enKarma/app/src/main/java/com/karma/sureshtrb/enKarma/6C2Aa.MahalayaTpnmActivity.kt:861:24 Unresolved reference 'setDisplayUseLogoEnabled'.
e: file:///Users/sureshbalasubramanian/Documents/Projects.nosync/Android_enKarma/enKarma/app/src/main/java/com/karma/sureshtrb/enKarma/6C2Aa.MahalayaTpnmActivity.kt:862:5 Unresolved reference 'trial'.
e: file:///Users/sureshbalasubramanian/Documents/Projects.nosync/Android_enKarma/enKarma/app/src/main/java/com/karma/sureshtrb/enKarma/6C2Aa.MahalayaTpnmActivity.kt:863:5 Unresolved reference 'bottomPithruKoorcham'.
e: file:///Users/sureshbalasubramanian/Documents/Projects.nosync/Android_enKarma/enKarma/app/src/main/java/com/karma/sureshtrb/enKarma/6C2Aa.MahalayaTpnmActivity.kt:864:5 Unresolved reference 'executeData'.
e: file:///Users/sureshbalasubramanian/Documents/Projects.nosync/Android_enKarma/enKarma/app/src/main/java/com/karma/sureshtrb/enKarma/6C2Aa.MahalayaTpnmActivity.kt:876:38 Unresolved reference 'getApplicationContext'.
e: file:///Users/sureshbalasubramanian/Documents/Projects.nosync/Android_enKarma/enKarma/app/src/main/java/com/karma/sureshtrb/enKarma/6C2Aa.MahalayaTpnmActivity.kt:881:38 Unresolved reference 'mstartPos1'.
e: file:///Users/sureshbalasubramanian/Documents/Projects.nosync/Android_enKarma/enKarma/app/src/main/java/com/karma/sureshtrb/enKarma/6C2Aa.MahalayaTpnmActivity.kt:881:50 Unresolved reference 'mendPos1'.
e: file:///Users/sureshbalasubramanian/Documents/Projects.nosync/Android_enKarma/enKarma/app/src/main/java/com/karma/sureshtrb/enKarma/6C2Aa.MahalayaTpnmActivity.kt:882:38 Unresolved reference 'mstartPos2'.
e: file:///Users/sureshbalasubramanian/Documents/Projects.nosync/Android_enKarma/enKarma/app/src/main/java/com/karma/sureshtrb/enKarma/6C2Aa.MahalayaTpnmActivity.kt:882:50 Unresolved reference 'mendPos2'.
e: file:///Users/sureshbalasubramanian/Documents/Projects.nosync/Android_enKarma/enKarma/app/src/main/java/com/karma/sureshtrb/enKarma/6C2Aa.MahalayaTpnmActivity.kt:883:38 Unresolved reference 'mstartPos3'.
e: file:///Users/sureshbalasubramanian/Documents/Projects.nosync/Android_enKarma/enKarma/app/src/main/java/com/karma/sureshtrb/enKarma/6C2Aa.MahalayaTpnmActivity.kt:883:50 Unresolved reference 'mendPos3'.
e: file:///Users/sureshbalasubramanian/Documents/Projects.nosync/Android_enKarma/enKarma/app/src/main/java/com/karma/sureshtrb/enKarma/6C2Aa.MahalayaTpnmActivity.kt:884:38 Unresolved reference 'mstartPos4'.
e: file:///Users/sureshbalasubramanian/Documents/Projects.nosync/Android_enKarma/enKarma/app/src/main/java/com/karma/sureshtrb/enKarma/6C2Aa.MahalayaTpnmActivity.kt:884:50 Unresolved reference 'mendPos4'.
e: file:///Users/sureshbalasubramanian/Documents/Projects.nosync/Android_enKarma/enKarma/app/src/main/java/com/karma/sureshtrb/enKarma/6C2Aa.MahalayaTpnmActivity.kt:885:38 Unresolved reference 'mstartPos5'.
e: file:///Users/sureshbalasubramanian/Documents/Projects.nosync/Android_enKarma/enKarma/app/src/main/java/com/karma/sureshtrb/enKarma/6C2Aa.MahalayaTpnmActivity.kt:885:50 Unresolved reference 'mendPos5'.
e: file:///Users/sureshbalasubramanian/Documents/Projects.nosync/Android_enKarma/enKarma/app/src/main/java/com/karma/sureshtrb/enKarma/6C2Aa.MahalayaTpnmActivity.kt:886:38 Unresolved reference 'mstartPos6'.
e: file:///Users/sureshbalasubramanian/Documents/Projects.nosync/Android_enKarma/enKarma/app/src/main/java/com/karma/sureshtrb/enKarma/6C2Aa.MahalayaTpnmActivity.kt:886:50 Unresolved reference 'mendPos6'.
e: file:///Users/sureshbalasubramanian/Documents/Projects.nosync/Android_enKarma/enKarma/app/src/main/java/com/karma/sureshtrb/enKarma/6C2Aa.MahalayaTpnmActivity.kt:887:38 Unresolved reference 'mstartPos7'.
e: file:///Users/sureshbalasubramanian/Documents/Projects.nosync/Android_enKarma/enKarma/app/src/main/java/com/karma/sureshtrb/enKarma/6C2Aa.MahalayaTpnmActivity.kt:887:50 Unresolved reference 'mendPos7'.
e: file:///Users/sureshbalasubramanian/Documents/Projects.nosync/Android_enKarma/enKarma/app/src/main/java/com/karma/sureshtrb/enKarma/6C2Aa.MahalayaTpnmActivity.kt:888:38 Unresolved reference 'mstartPos8'.
e: file:///Users/sureshbalasubramanian/Documents/Projects.nosync/Android_enKarma/enKarma/app/src/main/java/com/karma/sureshtrb/enKarma/6C2Aa.MahalayaTpnmActivity.kt:888:50 Unresolved reference 'mendPos8'.
e: file:///Users/sureshbalasubramanian/Documents/Projects.nosync/Android_enKarma/enKarma/app/src/main/java/com/karma/sureshtrb/enKarma/6C2Aa.MahalayaTpnmActivity.kt:889:38 Unresolved reference 'mstartPos9'.
e: file:///Users/sureshbalasubramanian/Documents/Projects.nosync/Android_enKarma/enKarma/app/src/main/java/com/karma/sureshtrb/enKarma/6C2Aa.MahalayaTpnmActivity.kt:889:50 Unresolved reference 'mendPos9'.
e: file:///Users/sureshbalasubramanian/Documents/Projects.nosync/Android_enKarma/enKarma/app/src/main/java/com/karma/sureshtrb/enKarma/6C2Aa.MahalayaTpnmActivity.kt:890:38 Unresolved reference 'mstartPos10'.
e: file:///Users/sureshbalasubramanian/Documents/Projects.nosync/Android_enKarma/enKarma/app/src/main/java/com/karma/sureshtrb/enKarma/6C2Aa.MahalayaTpnmActivity.kt:890:51 Unresolved reference 'mendPos10'.
e: file:///Users/sureshbalasubramanian/Documents/Projects.nosync/Android_enKarma/enKarma/app/src/main/java/com/karma/sureshtrb/enKarma/6C2Aa.MahalayaTpnmActivity.kt:891:38 Unresolved reference 'mstartPos11'.
e: file:///Users/sureshbalasubramanian/Documents/Projects.nosync/Android_enKarma/enKarma/app/src/main/java/com/karma/sureshtrb/enKarma/6C2Aa.MahalayaTpnmActivity.kt:891:51 Unresolved reference 'mendPos11'.
e: file:///Users/sureshbalasubramanian/Documents/Projects.nosync/Android_enKarma/enKarma/app/src/main/java/com/karma/sureshtrb/enKarma/6C2Aa.MahalayaTpnmActivity.kt:892:38 Unresolved reference 'mstartPos12'.
e: file:///Users/sureshbalasubramanian/Documents/Projects.nosync/Android_enKarma/enKarma/app/src/main/java/com/karma/sureshtrb/enKarma/6C2Aa.MahalayaTpnmActivity.kt:892:51 Unresolved reference 'mendPos12'.
e: file:///Users/sureshbalasubramanian/Documents/Projects.nosync/Android_enKarma/enKarma/app/src/main/java/com/karma/sureshtrb/enKarma/6C2Aa.MahalayaTpnmActivity.kt:893:38 Unresolved reference 'mstartPos13'.
e: file:///Users/sureshbalasubramanian/Documents/Projects.nosync/Android_enKarma/enKarma/app/src/main/java/com/karma/sureshtrb/enKarma/6C2Aa.MahalayaTpnmActivity.kt:893:51 Unresolved reference 'mendPos13'.
e: file:///Users/sureshbalasubramanian/Documents/Projects.nosync/Android_enKarma/enKarma/app/src/main/java/com/karma/sureshtrb/enKarma/6C2Aa.MahalayaTpnmActivity.kt:894:38 Unresolved reference 'mstartPos14'.
e: file:///Users/sureshbalasubramanian/Documents/Projects.nosync/Android_enKarma/enKarma/app/src/main/java/com/karma/sureshtrb/enKarma/6C2Aa.MahalayaTpnmActivity.kt:894:51 Unresolved reference 'mendPos14'.
e: file:///Users/sureshbalasubramanian/Documents/Projects.nosync/Android_enKarma/enKarma/app/src/main/java/com/karma/sureshtrb/enKarma/6C2Aa.MahalayaTpnmActivity.kt:895:38 Unresolved reference 'mstartPos15'.
e: file:///Users/sureshbalasubramanian/Documents/Projects.nosync/Android_enKarma/enKarma/app/src/main/java/com/karma/sureshtrb/enKarma/6C2Aa.MahalayaTpnmActivity.kt:895:51 Unresolved reference 'mendPos15'.
e: file:///Users/sureshbalasubramanian/Documents/Projects.nosync/Android_enKarma/enKarma/app/src/main/java/com/karma/sureshtrb/enKarma/6C2Aa.MahalayaTpnmActivity.kt:896:38 Unresolved reference 'mstartPos16'.
e: file:///Users/sureshbalasubramanian/Documents/Projects.nosync/Android_enKarma/enKarma/app/src/main/java/com/karma/sureshtrb/enKarma/6C2Aa.MahalayaTpnmActivity.kt:896:51 Unresolved reference 'mendPos16'.
e: file:///Users/sureshbalasubramanian/Documents/Projects.nosync/Android_enKarma/enKarma/app/src/main/java/com/karma/sureshtrb/enKarma/6C2Aa.MahalayaTpnmActivity.kt:897:38 Unresolved reference 'mstartPos17'.
e: file:///Users/sureshbalasubramanian/Documents/Projects.nosync/Android_enKarma/enKarma/app/src/main/java/com/karma/sureshtrb/enKarma/6C2Aa.MahalayaTpnmActivity.kt:897:51 Unresolved reference 'mendPos17'.
e: file:///Users/sureshbalasubramanian/Documents/Projects.nosync/Android_enKarma/enKarma/app/src/main/java/com/karma/sureshtrb/enKarma/6C2Aa.MahalayaTpnmActivity.kt:899:76 Unresolved reference 'mtotalpages'.
e: file:///Users/sureshbalasubramanian/Documents/Projects.nosync/Android_enKarma/enKarma/app/src/main/java/com/karma/sureshtrb/enKarma/6C2Aa.MahalayaTpnmActivity.kt:906:26 Unresolved reference 'mtotalpages'.
e: file:///Users/sureshbalasubramanian/Documents/Projects.nosync/Android_enKarma/enKarma/app/src/main/java/com/karma/sureshtrb/enKarma/6C2Aa.MahalayaTpnmActivity.kt:923:9 Unresolved reference 'mtotalpages'.
e: file:///Users/sureshbalasubramanian/Documents/Projects.nosync/Android_enKarma/enKarma/app/src/main/java/com/karma/sureshtrb/enKarma/6C2Aa.MahalayaTpnmActivity.kt:924:33 Unresolved reference 'mtotalpages'.
e: file:///Users/sureshbalasubramanian/Documents/Projects.nosync/Android_enKarma/enKarma/app/src/main/java/com/karma/sureshtrb/enKarma/6C2Aa.MahalayaTpnmActivity.kt:927:25 Unresolved reference 'mtotalpages'.
e: file:///Users/sureshbalasubramanian/Documents/Projects.nosync/Android_enKarma/enKarma/app/src/main/java/com/karma/sureshtrb/enKarma/6C2Aa.MahalayaTpnmActivity.kt:967:13 Unresolved reference 'mtotalpages'.
e: file:///Users/sureshbalasubramanian/Documents/Projects.nosync/Android_enKarma/enKarma/app/src/main/java/com/karma/sureshtrb/enKarma/6C2Aa.MahalayaTpnmActivity.kt:968:37 Unresolved reference 'mtotalpages'.
e: file:///Users/sureshbalasubramanian/Documents/Projects.nosync/Android_enKarma/enKarma/app/src/main/java/com/karma/sureshtrb/enKarma/6C2Aa.MahalayaTpnmActivity.kt:974:29 Unresolved reference 'mtotalpages'.
e: file:///Users/sureshbalasubramanian/Documents/Projects.nosync/Android_enKarma/enKarma/app/src/main/java/com/karma/sureshtrb/enKarma/6C2Aa.MahalayaTpnmActivity.kt:1623:27 Argument type mismatch: actual type is 'android.text.SpannableString', but 'kotlin.String' was expected.
e: file:///Users/sureshbalasubramanian/Documents/Projects.nosync/Android_enKarma/enKarma/app/src/main/java/com/karma/sureshtrb/enKarma/6C2Aa.MahalayaTpnmActivity.kt:1969:26 Unresolved reference 'BOLD_ITALLIC'.
e: file:///Users/sureshbalasubramanian/Documents/Projects.nosync/Android_enKarma/enKarma/app/src/main/java/com/karma/sureshtrb/enKarma/6C2Aa.MahalayaTpnmActivity.kt:2408:17 Conflicting declarations:
local val exExFlag: Int
local val exExFlag: Int
e: file:///Users/sureshbalasubramanian/Documents/Projects.nosync/Android_enKarma/enKarma/app/src/main/java/com/karma/sureshtrb/enKarma/6C2Aa.MahalayaTpnmActivity.kt:2409:17 Conflicting declarations:
local val start: Int
local val start: Int
e: file:///Users/sureshbalasubramanian/Documents/Projects.nosync/Android_enKarma/enKarma/app/src/main/java/com/karma/sureshtrb/enKarma/6C2Aa.MahalayaTpnmActivity.kt:4653:17 Conflicting declarations:
local val exExFlag: Int
local val exExFlag: Int
e: file:///Users/sureshbalasubramanian/Documents/Projects.nosync/Android_enKarma/enKarma/app/src/main/java/com/karma/sureshtrb/enKarma/6C2Aa.MahalayaTpnmActivity.kt:4654:17 Conflicting declarations:
local val start: Int
local val start: Int
e: file:///Users/sureshbalasubramanian/Documents/Projects.nosync/Android_enKarma/enKarma/app/src/main/java/com/karma/sureshtrb/enKarma/LoginActivity.kt:89:52 Too many arguments for 'fun alertDisplayer(message: String?): Unit'.
e: file:///Users/sureshbalasubramanian/Documents/Projects.nosync/Android_enKarma/enKarma/app/src/main/java/com/karma/sureshtrb/enKarma/RowDataAdapter.kt:20:65 Unresolved reference 'nameTextView'.
e: file:///Users/sureshbalasubramanian/Documents/Projects.nosync/Android_enKarma/enKarma/app/src/main/java/com/karma/sureshtrb/enKarma/RowDataAdapter.kt:21:71 Unresolved reference 'birthOrderTextView'.
e: file:///Users/sureshbalasubramanian/Documents/Projects.nosync/Android_enKarma/enKarma/app/src/main/java/com/karma/sureshtrb/enKarma/RowDataAdapter.kt:27:31 Unresolved reference 'row_item'.

> Task :app:compileReleaseKotlin FAILED

FAILURE: Build completed with 2 failures.

1: Task failed with an exception.
-----------
* What went wrong:
Execution failed for task ':app:compileDebugKotlin'.
> A failure occurred while executing org.jetbrains.kotlin.compilerRunner.GradleCompilerRunnerWithWorkers$GradleKotlinCompilerWorkAction
   > Compilation error. See log for more details

* Try:
> Run with --info or --debug option to get more log output.
> Run with --scan to get full insights.
> Get more help at https://help.gradle.org.

* Exception is:
org.gradle.api.tasks.TaskExecutionException: Execution failed for task ':app:compileDebugKotlin'.
        at org.gradle.api.internal.tasks.execution.ExecuteActionsTaskExecuter.lambda$executeIfValid$1(ExecuteActionsTaskExecuter.java:130)
        at org.gradle.internal.Try$Failure.ifSuccessfulOrElse(Try.java:282)
        at org.gradle.api.internal.tasks.execution.ExecuteActionsTaskExecuter.executeIfValid(ExecuteActionsTaskExecuter.java:128)
        at org.gradle.api.internal.tasks.execution.ExecuteActionsTaskExecuter.execute(ExecuteActionsTaskExecuter.java:116)
        at org.gradle.api.internal.tasks.execution.FinalizePropertiesTaskExecuter.execute(FinalizePropertiesTaskExecuter.java:46)
        at org.gradle.api.internal.tasks.execution.ResolveTaskExecutionModeExecuter.execute(ResolveTaskExecutionModeExecuter.java:51)
        at org.gradle.api.internal.tasks.execution.SkipTaskWithNoActionsExecuter.execute(SkipTaskWithNoActionsExecuter.java:57)
        at org.gradle.api.internal.tasks.execution.SkipOnlyIfTaskExecuter.execute(SkipOnlyIfTaskExecuter.java:74)
        at org.gradle.api.internal.tasks.execution.CatchExceptionTaskExecuter.execute(CatchExceptionTaskExecuter.java:36)
        at org.gradle.api.internal.tasks.execution.EventFiringTaskExecuter$1.executeTask(EventFiringTaskExecuter.java:77)
        at org.gradle.api.internal.tasks.execution.EventFiringTaskExecuter$1.call(EventFiringTaskExecuter.java:55)
        at org.gradle.api.internal.tasks.execution.EventFiringTaskExecuter$1.call(EventFiringTaskExecuter.java:52)
        at org.gradle.internal.operations.DefaultBuildOperationRunner$CallableBuildOperationWorker.execute(DefaultBuildOperationRunner.java:200)
        at org.gradle.internal.operations.DefaultBuildOperationRunner$CallableBuildOperationWorker.execute(DefaultBuildOperationRunner.java:195)
        at org.gradle.internal.operations.DefaultBuildOperationRunner$2.execute(DefaultBuildOperationRunner.java:66)
        at org.gradle.internal.operations.DefaultBuildOperationRunner$2.execute(DefaultBuildOperationRunner.java:59)
        at org.gradle.internal.operations.DefaultBuildOperationRunner.execute(DefaultBuildOperationRunner.java:157)
        at org.gradle.internal.operations.DefaultBuildOperationRunner.execute(DefaultBuildOperationRunner.java:59)
        at org.gradle.internal.operations.DefaultBuildOperationRunner.call(DefaultBuildOperationRunner.java:53)
        at org.gradle.internal.operations.DefaultBuildOperationExecutor.call(DefaultBuildOperationExecutor.java:73)
        at org.gradle.api.internal.tasks.execution.EventFiringTaskExecuter.execute(EventFiringTaskExecuter.java:52)
        at org.gradle.execution.plan.LocalTaskNodeExecutor.execute(LocalTaskNodeExecutor.java:42)
        at org.gradle.execution.taskgraph.DefaultTaskExecutionGraph$InvokeNodeExecutorsAction.execute(DefaultTaskExecutionGraph.java:331)
        at org.gradle.execution.taskgraph.DefaultTaskExecutionGraph$InvokeNodeExecutorsAction.execute(DefaultTaskExecutionGraph.java:318)
        at org.gradle.execution.taskgraph.DefaultTaskExecutionGraph$BuildOperationAwareExecutionAction.lambda$execute$0(DefaultTaskExecutionGraph.java:314)
        at org.gradle.internal.operations.CurrentBuildOperationRef.with(CurrentBuildOperationRef.java:80)
        at org.gradle.execution.taskgraph.DefaultTaskExecutionGraph$BuildOperationAwareExecutionAction.execute(DefaultTaskExecutionGraph.java:314)
        at org.gradle.execution.taskgraph.DefaultTaskExecutionGraph$BuildOperationAwareExecutionAction.execute(DefaultTaskExecutionGraph.java:303)
        at org.gradle.execution.plan.DefaultPlanExecutor$ExecutorWorker.execute(DefaultPlanExecutor.java:463)
        at org.gradle.execution.plan.DefaultPlanExecutor$ExecutorWorker.run(DefaultPlanExecutor.java:380)
        at org.gradle.internal.concurrent.ExecutorPolicy$CatchAndRecordFailures.onExecute(ExecutorPolicy.java:64)
        at org.gradle.internal.concurrent.AbstractManagedExecutor$1.run(AbstractManagedExecutor.java:47)
Caused by: org.gradle.workers.internal.DefaultWorkerExecutor$WorkExecutionException: A failure occurred while executing org.jetbrains.kotlin.compilerRunner.GradleCompilerRunnerWithWorkers$GradleKotlinCompilerWorkAction
        at org.gradle.workers.internal.DefaultWorkerExecutor$WorkItemExecution.waitForCompletion(DefaultWorkerExecutor.java:287)
        at org.gradle.internal.work.DefaultAsyncWorkTracker.lambda$waitForItemsAndGatherFailures$2(DefaultAsyncWorkTracker.java:130)
        at org.gradle.internal.Factories$1.create(Factories.java:31)
        at org.gradle.internal.work.DefaultWorkerLeaseService.withoutLocks(DefaultWorkerLeaseService.java:336)
        at org.gradle.internal.work.DefaultWorkerLeaseService.withoutLocks(DefaultWorkerLeaseService.java:319)
        at org.gradle.internal.work.DefaultWorkerLeaseService.withoutLock(DefaultWorkerLeaseService.java:324)
        at org.gradle.internal.work.DefaultAsyncWorkTracker.waitForItemsAndGatherFailures(DefaultAsyncWorkTracker.java:126)
        at org.gradle.internal.work.DefaultAsyncWorkTracker.waitForItemsAndGatherFailures(DefaultAsyncWorkTracker.java:92)
        at org.gradle.internal.work.DefaultAsyncWorkTracker.waitForAll(DefaultAsyncWorkTracker.java:78)
        at org.gradle.internal.work.DefaultAsyncWorkTracker.waitForCompletion(DefaultAsyncWorkTracker.java:66)
        at org.gradle.api.internal.tasks.execution.TaskExecution$3.run(TaskExecution.java:252)
        at org.gradle.internal.operations.DefaultBuildOperationRunner$1.execute(DefaultBuildOperationRunner.java:29)
        at org.gradle.internal.operations.DefaultBuildOperationRunner$1.execute(DefaultBuildOperationRunner.java:26)
        at org.gradle.internal.operations.DefaultBuildOperationRunner$2.execute(DefaultBuildOperationRunner.java:66)
        at org.gradle.internal.operations.DefaultBuildOperationRunner$2.execute(DefaultBuildOperationRunner.java:59)
        at org.gradle.internal.operations.DefaultBuildOperationRunner.execute(DefaultBuildOperationRunner.java:157)
        at org.gradle.internal.operations.DefaultBuildOperationRunner.execute(DefaultBuildOperationRunner.java:59)
        at org.gradle.internal.operations.DefaultBuildOperationRunner.run(DefaultBuildOperationRunner.java:47)
        at org.gradle.internal.operations.DefaultBuildOperationExecutor.run(DefaultBuildOperationExecutor.java:68)
        at org.gradle.api.internal.tasks.execution.TaskExecution.executeAction(TaskExecution.java:229)
        at org.gradle.api.internal.tasks.execution.TaskExecution.executeActions(TaskExecution.java:212)
        at org.gradle.api.internal.tasks.execution.TaskExecution.executeWithPreviousOutputFiles(TaskExecution.java:195)
        at org.gradle.api.internal.tasks.execution.TaskExecution.execute(TaskExecution.java:162)
        at org.gradle.internal.execution.steps.ExecuteStep.executeInternal(ExecuteStep.java:105)
        at org.gradle.internal.execution.steps.ExecuteStep.access$000(ExecuteStep.java:44)
        at org.gradle.internal.execution.steps.ExecuteStep$1.call(ExecuteStep.java:59)
        at org.gradle.internal.execution.steps.ExecuteStep$1.call(ExecuteStep.java:56)
        at org.gradle.internal.operations.DefaultBuildOperationRunner$CallableBuildOperationWorker.execute(DefaultBuildOperationRunner.java:200)
        at org.gradle.internal.operations.DefaultBuildOperationRunner$CallableBuildOperationWorker.execute(DefaultBuildOperationRunner.java:195)
        at org.gradle.internal.operations.DefaultBuildOperationRunner$2.execute(DefaultBuildOperationRunner.java:66)
        at org.gradle.internal.operations.DefaultBuildOperationRunner$2.execute(DefaultBuildOperationRunner.java:59)
        at org.gradle.internal.operations.DefaultBuildOperationRunner.execute(DefaultBuildOperationRunner.java:157)
        at org.gradle.internal.operations.DefaultBuildOperationRunner.execute(DefaultBuildOperationRunner.java:59)
        at org.gradle.internal.operations.DefaultBuildOperationRunner.call(DefaultBuildOperationRunner.java:53)
        at org.gradle.internal.operations.DefaultBuildOperationExecutor.call(DefaultBuildOperationExecutor.java:73)
        at org.gradle.internal.execution.steps.ExecuteStep.execute(ExecuteStep.java:56)
        at org.gradle.internal.execution.steps.ExecuteStep.execute(ExecuteStep.java:44)
        at org.gradle.internal.execution.steps.CancelExecutionStep.execute(CancelExecutionStep.java:41)
        at org.gradle.internal.execution.steps.TimeoutStep.executeWithoutTimeout(TimeoutStep.java:74)
        at org.gradle.internal.execution.steps.TimeoutStep.execute(TimeoutStep.java:55)
        at org.gradle.internal.execution.steps.PreCreateOutputParentsStep.execute(PreCreateOutputParentsStep.java:50)
        at org.gradle.internal.execution.steps.PreCreateOutputParentsStep.execute(PreCreateOutputParentsStep.java:28)
        at org.gradle.internal.execution.steps.RemovePreviousOutputsStep.execute(RemovePreviousOutputsStep.java:67)
        at org.gradle.internal.execution.steps.RemovePreviousOutputsStep.execute(RemovePreviousOutputsStep.java:37)
        at org.gradle.internal.execution.steps.BroadcastChangingOutputsStep.execute(BroadcastChangingOutputsStep.java:61)
        at org.gradle.internal.execution.steps.BroadcastChangingOutputsStep.execute(BroadcastChangingOutputsStep.java:26)
        at org.gradle.internal.execution.steps.CaptureOutputsAfterExecutionStep.execute(CaptureOutputsAfterExecutionStep.java:67)
        at org.gradle.internal.execution.steps.CaptureOutputsAfterExecutionStep.execute(CaptureOutputsAfterExecutionStep.java:45)
        at org.gradle.internal.execution.steps.ResolveInputChangesStep.execute(ResolveInputChangesStep.java:40)
        at org.gradle.internal.execution.steps.ResolveInputChangesStep.execute(ResolveInputChangesStep.java:29)
        at org.gradle.internal.execution.steps.BuildCacheStep.executeWithoutCache(BuildCacheStep.java:189)
        at org.gradle.internal.execution.steps.BuildCacheStep.executeAndStoreInCache(BuildCacheStep.java:145)
        at org.gradle.internal.execution.steps.BuildCacheStep.lambda$executeWithCache$4(BuildCacheStep.java:101)
        at org.gradle.internal.execution.steps.BuildCacheStep.lambda$executeWithCache$5(BuildCacheStep.java:101)
        at org.gradle.internal.Try$Success.map(Try.java:164)
        at org.gradle.internal.execution.steps.BuildCacheStep.executeWithCache(BuildCacheStep.java:85)
        at org.gradle.internal.execution.steps.BuildCacheStep.lambda$execute$0(BuildCacheStep.java:74)
        at org.gradle.internal.Either$Left.fold(Either.java:115)
        at org.gradle.internal.execution.caching.CachingState.fold(CachingState.java:62)
        at org.gradle.internal.execution.steps.BuildCacheStep.execute(BuildCacheStep.java:73)
        at org.gradle.internal.execution.steps.BuildCacheStep.execute(BuildCacheStep.java:48)
        at org.gradle.internal.execution.steps.StoreExecutionStateStep.execute(StoreExecutionStateStep.java:46)
        at org.gradle.internal.execution.steps.StoreExecutionStateStep.execute(StoreExecutionStateStep.java:35)
        at org.gradle.internal.execution.steps.SkipUpToDateStep.executeBecause(SkipUpToDateStep.java:76)
        at org.gradle.internal.execution.steps.SkipUpToDateStep.lambda$execute$2(SkipUpToDateStep.java:54)
        at org.gradle.internal.execution.steps.SkipUpToDateStep.execute(SkipUpToDateStep.java:54)
        at org.gradle.internal.execution.steps.SkipUpToDateStep.execute(SkipUpToDateStep.java:36)
        at org.gradle.internal.execution.steps.legacy.MarkSnapshottingInputsFinishedStep.execute(MarkSnapshottingInputsFinishedStep.java:37)
        at org.gradle.internal.execution.steps.legacy.MarkSnapshottingInputsFinishedStep.execute(MarkSnapshottingInputsFinishedStep.java:27)
        at org.gradle.internal.execution.steps.ResolveIncrementalCachingStateStep.executeDelegate(ResolveIncrementalCachingStateStep.java:49)
        at org.gradle.internal.execution.steps.ResolveIncrementalCachingStateStep.executeDelegate(ResolveIncrementalCachingStateStep.java:27)
        at org.gradle.internal.execution.steps.AbstractResolveCachingStateStep.execute(AbstractResolveCachingStateStep.java:71)
        at org.gradle.internal.execution.steps.AbstractResolveCachingStateStep.execute(AbstractResolveCachingStateStep.java:39)
        at org.gradle.internal.execution.steps.ResolveChangesStep.execute(ResolveChangesStep.java:65)
        at org.gradle.internal.execution.steps.ResolveChangesStep.execute(ResolveChangesStep.java:36)
        at org.gradle.internal.execution.steps.ValidateStep.execute(ValidateStep.java:106)
        at org.gradle.internal.execution.steps.ValidateStep.execute(ValidateStep.java:55)
        at org.gradle.internal.execution.steps.AbstractCaptureStateBeforeExecutionStep.execute(AbstractCaptureStateBeforeExecutionStep.java:64)
        at org.gradle.internal.execution.steps.AbstractCaptureStateBeforeExecutionStep.execute(AbstractCaptureStateBeforeExecutionStep.java:43)
        at org.gradle.internal.execution.steps.AbstractSkipEmptyWorkStep.executeWithNonEmptySources(AbstractSkipEmptyWorkStep.java:125)
        at org.gradle.internal.execution.steps.AbstractSkipEmptyWorkStep.execute(AbstractSkipEmptyWorkStep.java:61)
        at org.gradle.internal.execution.steps.AbstractSkipEmptyWorkStep.execute(AbstractSkipEmptyWorkStep.java:36)
        at org.gradle.internal.execution.steps.legacy.MarkSnapshottingInputsStartedStep.execute(MarkSnapshottingInputsStartedStep.java:38)
        at org.gradle.internal.execution.steps.LoadPreviousExecutionStateStep.execute(LoadPreviousExecutionStateStep.java:36)
        at org.gradle.internal.execution.steps.LoadPreviousExecutionStateStep.execute(LoadPreviousExecutionStateStep.java:23)
        at org.gradle.internal.execution.steps.HandleStaleOutputsStep.execute(HandleStaleOutputsStep.java:75)
        at org.gradle.internal.execution.steps.HandleStaleOutputsStep.execute(HandleStaleOutputsStep.java:41)
        at org.gradle.internal.execution.steps.AssignMutableWorkspaceStep.lambda$execute$0(AssignMutableWorkspaceStep.java:35)
        at org.gradle.api.internal.tasks.execution.TaskExecution$4.withWorkspace(TaskExecution.java:289)
        at org.gradle.internal.execution.steps.AssignMutableWorkspaceStep.execute(AssignMutableWorkspaceStep.java:31)
        at org.gradle.internal.execution.steps.AssignMutableWorkspaceStep.execute(AssignMutableWorkspaceStep.java:22)
        at org.gradle.internal.execution.steps.ChoosePipelineStep.execute(ChoosePipelineStep.java:40)
        at org.gradle.internal.execution.steps.ChoosePipelineStep.execute(ChoosePipelineStep.java:23)
        at org.gradle.internal.execution.steps.ExecuteWorkBuildOperationFiringStep.lambda$execute$2(ExecuteWorkBuildOperationFiringStep.java:67)
        at org.gradle.internal.execution.steps.ExecuteWorkBuildOperationFiringStep.execute(ExecuteWorkBuildOperationFiringStep.java:67)
        at org.gradle.internal.execution.steps.ExecuteWorkBuildOperationFiringStep.execute(ExecuteWorkBuildOperationFiringStep.java:39)
        at org.gradle.internal.execution.steps.IdentityCacheStep.execute(IdentityCacheStep.java:46)
        at org.gradle.internal.execution.steps.IdentityCacheStep.execute(IdentityCacheStep.java:34)
        at org.gradle.internal.execution.steps.IdentifyStep.execute(IdentifyStep.java:48)
        at org.gradle.internal.execution.steps.IdentifyStep.execute(IdentifyStep.java:35)
        at org.gradle.internal.execution.impl.DefaultExecutionEngine$1.execute(DefaultExecutionEngine.java:61)
        at org.gradle.api.internal.tasks.execution.ExecuteActionsTaskExecuter.executeIfValid(ExecuteActionsTaskExecuter.java:127)
        at org.gradle.api.internal.tasks.execution.ExecuteActionsTaskExecuter.execute(ExecuteActionsTaskExecuter.java:116)
        at org.gradle.api.internal.tasks.execution.FinalizePropertiesTaskExecuter.execute(FinalizePropertiesTaskExecuter.java:46)
        at org.gradle.api.internal.tasks.execution.ResolveTaskExecutionModeExecuter.execute(ResolveTaskExecutionModeExecuter.java:51)
        at org.gradle.api.internal.tasks.execution.SkipTaskWithNoActionsExecuter.execute(SkipTaskWithNoActionsExecuter.java:57)
        at org.gradle.api.internal.tasks.execution.SkipOnlyIfTaskExecuter.execute(SkipOnlyIfTaskExecuter.java:74)
        at org.gradle.api.internal.tasks.execution.CatchExceptionTaskExecuter.execute(CatchExceptionTaskExecuter.java:36)
        at org.gradle.api.internal.tasks.execution.EventFiringTaskExecuter$1.executeTask(EventFiringTaskExecuter.java:77)
        at org.gradle.api.internal.tasks.execution.EventFiringTaskExecuter$1.call(EventFiringTaskExecuter.java:55)
        at org.gradle.api.internal.tasks.execution.EventFiringTaskExecuter$1.call(EventFiringTaskExecuter.java:52)
        at org.gradle.internal.operations.DefaultBuildOperationRunner$CallableBuildOperationWorker.execute(DefaultBuildOperationRunner.java:200)
        at org.gradle.internal.operations.DefaultBuildOperationRunner$CallableBuildOperationWorker.execute(DefaultBuildOperationRunner.java:195)
        at org.gradle.internal.operations.DefaultBuildOperationRunner$2.execute(DefaultBuildOperationRunner.java:66)
        at org.gradle.internal.operations.DefaultBuildOperationRunner$2.execute(DefaultBuildOperationRunner.java:59)
        at org.gradle.internal.operations.DefaultBuildOperationRunner.execute(DefaultBuildOperationRunner.java:157)
        at org.gradle.internal.operations.DefaultBuildOperationRunner.execute(DefaultBuildOperationRunner.java:59)
        at org.gradle.internal.operations.DefaultBuildOperationRunner.call(DefaultBuildOperationRunner.java:53)
        at org.gradle.internal.operations.DefaultBuildOperationExecutor.call(DefaultBuildOperationExecutor.java:73)
        at org.gradle.api.internal.tasks.execution.EventFiringTaskExecuter.execute(EventFiringTaskExecuter.java:52)
        at org.gradle.execution.plan.LocalTaskNodeExecutor.execute(LocalTaskNodeExecutor.java:42)
        at org.gradle.execution.taskgraph.DefaultTaskExecutionGraph$InvokeNodeExecutorsAction.execute(DefaultTaskExecutionGraph.java:331)
        at org.gradle.execution.taskgraph.DefaultTaskExecutionGraph$InvokeNodeExecutorsAction.execute(DefaultTaskExecutionGraph.java:318)
        at org.gradle.execution.taskgraph.DefaultTaskExecutionGraph$BuildOperationAwareExecutionAction.lambda$execute$0(DefaultTaskExecutionGraph.java:314)
        at org.gradle.internal.operations.CurrentBuildOperationRef.with(CurrentBuildOperationRef.java:80)
        at org.gradle.execution.taskgraph.DefaultTaskExecutionGraph$BuildOperationAwareExecutionAction.execute(DefaultTaskExecutionGraph.java:314)
        at org.gradle.execution.taskgraph.DefaultTaskExecutionGraph$BuildOperationAwareExecutionAction.execute(DefaultTaskExecutionGraph.java:303)
        at org.gradle.execution.plan.DefaultPlanExecutor$ExecutorWorker.execute(DefaultPlanExecutor.java:463)
        at org.gradle.execution.plan.DefaultPlanExecutor$ExecutorWorker.run(DefaultPlanExecutor.java:380)
        at org.gradle.internal.concurrent.ExecutorPolicy$CatchAndRecordFailures.onExecute(ExecutorPolicy.java:64)
        at org.gradle.internal.concurrent.AbstractManagedExecutor$1.run(AbstractManagedExecutor.java:47)
Caused by: org.jetbrains.kotlin.gradle.tasks.CompilationErrorException: Compilation error. See log for more details
        at org.jetbrains.kotlin.gradle.tasks.TasksUtilsKt.throwExceptionIfCompilationFailed(tasksUtils.kt:21)
        at org.jetbrains.kotlin.compilerRunner.GradleKotlinCompilerWork.run(GradleKotlinCompilerWork.kt:119)
        at org.jetbrains.kotlin.compilerRunner.GradleCompilerRunnerWithWorkers$GradleKotlinCompilerWorkAction.execute(GradleCompilerRunnerWithWorkers.kt:76)
        at org.gradle.workers.internal.DefaultWorkerServer.execute(DefaultWorkerServer.java:63)
        at org.gradle.workers.internal.NoIsolationWorkerFactory$1$1.create(NoIsolationWorkerFactory.java:66)
        at org.gradle.workers.internal.NoIsolationWorkerFactory$1$1.create(NoIsolationWorkerFactory.java:62)
        at org.gradle.internal.classloader.ClassLoaderUtils.executeInClassloader(ClassLoaderUtils.java:100)
        at org.gradle.workers.internal.NoIsolationWorkerFactory$1.lambda$execute$0(NoIsolationWorkerFactory.java:62)
        at org.gradle.workers.internal.AbstractWorker$1.call(AbstractWorker.java:44)
        at org.gradle.workers.internal.AbstractWorker$1.call(AbstractWorker.java:41)
        at org.gradle.internal.operations.DefaultBuildOperationRunner$CallableBuildOperationWorker.execute(DefaultBuildOperationRunner.java:200)
        at org.gradle.internal.operations.DefaultBuildOperationRunner$CallableBuildOperationWorker.execute(DefaultBuildOperationRunner.java:195)
        at org.gradle.internal.operations.DefaultBuildOperationRunner$2.execute(DefaultBuildOperationRunner.java:66)
        at org.gradle.internal.operations.DefaultBuildOperationRunner$2.execute(DefaultBuildOperationRunner.java:59)
        at org.gradle.internal.operations.DefaultBuildOperationRunner.execute(DefaultBuildOperationRunner.java:157)
        at org.gradle.internal.operations.DefaultBuildOperationRunner.execute(DefaultBuildOperationRunner.java:59)
        at org.gradle.internal.operations.DefaultBuildOperationRunner.call(DefaultBuildOperationRunner.java:53)
        at org.gradle.internal.operations.DefaultBuildOperationExecutor.call(DefaultBuildOperationExecutor.java:73)
        at org.gradle.workers.internal.AbstractWorker.executeWrappedInBuildOperation(AbstractWorker.java:41)
        at org.gradle.workers.internal.NoIsolationWorkerFactory$1.execute(NoIsolationWorkerFactory.java:59)
        at org.gradle.workers.internal.DefaultWorkerExecutor.lambda$submitWork$0(DefaultWorkerExecutor.java:174)
        at org.gradle.internal.work.DefaultConditionalExecutionQueue$ExecutionRunner.runExecution(DefaultConditionalExecutionQueue.java:187)
        at org.gradle.internal.work.DefaultConditionalExecutionQueue$ExecutionRunner.access$700(DefaultConditionalExecutionQueue.java:120)
        at org.gradle.internal.work.DefaultConditionalExecutionQueue$ExecutionRunner$1.run(DefaultConditionalExecutionQueue.java:162)
        at org.gradle.internal.Factories$1.create(Factories.java:31)
        at org.gradle.internal.work.DefaultWorkerLeaseService.withLocks(DefaultWorkerLeaseService.java:264)
        at org.gradle.internal.work.DefaultWorkerLeaseService.runAsWorkerThread(DefaultWorkerLeaseService.java:128)
        at org.gradle.internal.work.DefaultWorkerLeaseService.runAsWorkerThread(DefaultWorkerLeaseService.java:133)
        at org.gradle.internal.work.DefaultConditionalExecutionQueue$ExecutionRunner.runBatch(DefaultConditionalExecutionQueue.java:157)
        at org.gradle.internal.work.DefaultConditionalExecutionQueue$ExecutionRunner.run(DefaultConditionalExecutionQueue.java:126)
        ... 2 more

==============================================================================

2: Task failed with an exception.
-----------
* What went wrong:
Execution failed for task ':app:compileReleaseKotlin'.
> A failure occurred while executing org.jetbrains.kotlin.compilerRunner.GradleCompilerRunnerWithWorkers$GradleKotlinCompilerWorkAction
   > Compilation error. See log for more details

* Try:
> Run with --info or --debug option to get more log output.
> Run with --scan to get full insights.
> Get more help at https://help.gradle.org.

* Exception is:
org.gradle.api.tasks.TaskExecutionException: Execution failed for task ':app:compileReleaseKotlin'.
        at org.gradle.api.internal.tasks.execution.ExecuteActionsTaskExecuter.lambda$executeIfValid$1(ExecuteActionsTaskExecuter.java:130)
        at org.gradle.internal.Try$Failure.ifSuccessfulOrElse(Try.java:282)
        at org.gradle.api.internal.tasks.execution.ExecuteActionsTaskExecuter.executeIfValid(ExecuteActionsTaskExecuter.java:128)
        at org.gradle.api.internal.tasks.execution.ExecuteActionsTaskExecuter.execute(ExecuteActionsTaskExecuter.java:116)
        at org.gradle.api.internal.tasks.execution.FinalizePropertiesTaskExecuter.execute(FinalizePropertiesTaskExecuter.java:46)
        at org.gradle.api.internal.tasks.execution.ResolveTaskExecutionModeExecuter.execute(ResolveTaskExecutionModeExecuter.java:51)
        at org.gradle.api.internal.tasks.execution.SkipTaskWithNoActionsExecuter.execute(SkipTaskWithNoActionsExecuter.java:57)
        at org.gradle.api.internal.tasks.execution.SkipOnlyIfTaskExecuter.execute(SkipOnlyIfTaskExecuter.java:74)
        at org.gradle.api.internal.tasks.execution.CatchExceptionTaskExecuter.execute(CatchExceptionTaskExecuter.java:36)
        at org.gradle.api.internal.tasks.execution.EventFiringTaskExecuter$1.executeTask(EventFiringTaskExecuter.java:77)
        at org.gradle.api.internal.tasks.execution.EventFiringTaskExecuter$1.call(EventFiringTaskExecuter.java:55)
        at org.gradle.api.internal.tasks.execution.EventFiringTaskExecuter$1.call(EventFiringTaskExecuter.java:52)
        at org.gradle.internal.operations.DefaultBuildOperationRunner$CallableBuildOperationWorker.execute(DefaultBuildOperationRunner.java:200)
        at org.gradle.internal.operations.DefaultBuildOperationRunner$CallableBuildOperationWorker.execute(DefaultBuildOperationRunner.java:195)
        at org.gradle.internal.operations.DefaultBuildOperationRunner$2.execute(DefaultBuildOperationRunner.java:66)
        at org.gradle.internal.operations.DefaultBuildOperationRunner$2.execute(DefaultBuildOperationRunner.java:59)
        at org.gradle.internal.operations.DefaultBuildOperationRunner.execute(DefaultBuildOperationRunner.java:157)
        at org.gradle.internal.operations.DefaultBuildOperationRunner.execute(DefaultBuildOperationRunner.java:59)
        at org.gradle.internal.operations.DefaultBuildOperationRunner.call(DefaultBuildOperationRunner.java:53)
        at org.gradle.internal.operations.DefaultBuildOperationExecutor.call(DefaultBuildOperationExecutor.java:73)
        at org.gradle.api.internal.tasks.execution.EventFiringTaskExecuter.execute(EventFiringTaskExecuter.java:52)
        at org.gradle.execution.plan.LocalTaskNodeExecutor.execute(LocalTaskNodeExecutor.java:42)
        at org.gradle.execution.taskgraph.DefaultTaskExecutionGraph$InvokeNodeExecutorsAction.execute(DefaultTaskExecutionGraph.java:331)
        at org.gradle.execution.taskgraph.DefaultTaskExecutionGraph$InvokeNodeExecutorsAction.execute(DefaultTaskExecutionGraph.java:318)
        at org.gradle.execution.taskgraph.DefaultTaskExecutionGraph$BuildOperationAwareExecutionAction.lambda$execute$0(DefaultTaskExecutionGraph.java:314)
        at org.gradle.internal.operations.CurrentBuildOperationRef.with(CurrentBuildOperationRef.java:80)
        at org.gradle.execution.taskgraph.DefaultTaskExecutionGraph$BuildOperationAwareExecutionAction.execute(DefaultTaskExecutionGraph.java:314)
        at org.gradle.execution.taskgraph.DefaultTaskExecutionGraph$BuildOperationAwareExecutionAction.execute(DefaultTaskExecutionGraph.java:303)
        at org.gradle.execution.plan.DefaultPlanExecutor$ExecutorWorker.execute(DefaultPlanExecutor.java:463)
        at org.gradle.execution.plan.DefaultPlanExecutor$ExecutorWorker.run(DefaultPlanExecutor.java:380)
        at org.gradle.execution.plan.DefaultPlanExecutor.process(DefaultPlanExecutor.java:116)
        at org.gradle.execution.taskgraph.DefaultTaskExecutionGraph.executeWithServices(DefaultTaskExecutionGraph.java:138)
        at org.gradle.execution.taskgraph.DefaultTaskExecutionGraph.execute(DefaultTaskExecutionGraph.java:123)
        at org.gradle.execution.SelectedTaskExecutionAction.execute(SelectedTaskExecutionAction.java:35)
        at org.gradle.execution.DryRunBuildExecutionAction.execute(DryRunBuildExecutionAction.java:51)
        at org.gradle.execution.BuildOperationFiringBuildWorkerExecutor$ExecuteTasks.call(BuildOperationFiringBuildWorkerExecutor.java:54)
        at org.gradle.execution.BuildOperationFiringBuildWorkerExecutor$ExecuteTasks.call(BuildOperationFiringBuildWorkerExecutor.java:43)
        at org.gradle.internal.operations.DefaultBuildOperationRunner$CallableBuildOperationWorker.execute(DefaultBuildOperationRunner.java:200)
        at org.gradle.internal.operations.DefaultBuildOperationRunner$CallableBuildOperationWorker.execute(DefaultBuildOperationRunner.java:195)
        at org.gradle.internal.operations.DefaultBuildOperationRunner$2.execute(DefaultBuildOperationRunner.java:66)
        at org.gradle.internal.operations.DefaultBuildOperationRunner$2.execute(DefaultBuildOperationRunner.java:59)
        at org.gradle.internal.operations.DefaultBuildOperationRunner.execute(DefaultBuildOperationRunner.java:157)
        at org.gradle.internal.operations.DefaultBuildOperationRunner.execute(DefaultBuildOperationRunner.java:59)
        at org.gradle.internal.operations.DefaultBuildOperationRunner.call(DefaultBuildOperationRunner.java:53)
        at org.gradle.internal.operations.DefaultBuildOperationExecutor.call(DefaultBuildOperationExecutor.java:73)
        at org.gradle.execution.BuildOperationFiringBuildWorkerExecutor.execute(BuildOperationFiringBuildWorkerExecutor.java:40)
        at org.gradle.internal.build.DefaultBuildLifecycleController.lambda$executeTasks$10(DefaultBuildLifecycleController.java:313)
        at org.gradle.internal.model.StateTransitionController.doTransition(StateTransitionController.java:266)
        at org.gradle.internal.model.StateTransitionController.lambda$tryTransition$8(StateTransitionController.java:177)
        at org.gradle.internal.work.DefaultSynchronizer.withLock(DefaultSynchronizer.java:44)
        at org.gradle.internal.model.StateTransitionController.tryTransition(StateTransitionController.java:177)
        at org.gradle.internal.build.DefaultBuildLifecycleController.executeTasks(DefaultBuildLifecycleController.java:304)
        at org.gradle.internal.build.DefaultBuildWorkGraphController$DefaultBuildWorkGraph.runWork(DefaultBuildWorkGraphController.java:220)
        at org.gradle.internal.work.DefaultWorkerLeaseService.withLocks(DefaultWorkerLeaseService.java:264)
        at org.gradle.internal.work.DefaultWorkerLeaseService.runAsWorkerThread(DefaultWorkerLeaseService.java:128)
        at org.gradle.composite.internal.DefaultBuildController.doRun(DefaultBuildController.java:181)
        at org.gradle.composite.internal.DefaultBuildController.access$000(DefaultBuildController.java:50)
        at org.gradle.composite.internal.DefaultBuildController$BuildOpRunnable.lambda$run$0(DefaultBuildController.java:198)
        at org.gradle.internal.operations.CurrentBuildOperationRef.with(CurrentBuildOperationRef.java:80)
        at org.gradle.composite.internal.DefaultBuildController$BuildOpRunnable.run(DefaultBuildController.java:198)
        at java.base/java.util.concurrent.Executors$RunnableAdapter.call(Executors.java:572)
        at java.base/java.util.concurrent.FutureTask.run(FutureTask.java:317)
        at org.gradle.internal.concurrent.ExecutorPolicy$CatchAndRecordFailures.onExecute(ExecutorPolicy.java:64)
        at org.gradle.internal.concurrent.AbstractManagedExecutor$1.run(AbstractManagedExecutor.java:47)
        at java.base/java.util.concurrent.ThreadPoolExecutor.runWorker(ThreadPoolExecutor.java:1144)
        at java.base/java.util.concurrent.ThreadPoolExecutor$Worker.run(ThreadPoolExecutor.java:642)
        at java.base/java.lang.Thread.run(Thread.java:1583)
Caused by: org.gradle.workers.internal.DefaultWorkerExecutor$WorkExecutionException: A failure occurred while executing org.jetbrains.kotlin.compilerRunner.GradleCompilerRunnerWithWorkers$GradleKotlinCompilerWorkAction
        at org.gradle.workers.internal.DefaultWorkerExecutor$WorkItemExecution.waitForCompletion(DefaultWorkerExecutor.java:287)
        at org.gradle.internal.work.DefaultAsyncWorkTracker.lambda$waitForItemsAndGatherFailures$2(DefaultAsyncWorkTracker.java:130)
        at org.gradle.internal.Factories$1.create(Factories.java:31)
        at org.gradle.internal.work.DefaultWorkerLeaseService.withoutLocks(DefaultWorkerLeaseService.java:336)
        at org.gradle.internal.work.DefaultWorkerLeaseService.withoutLocks(DefaultWorkerLeaseService.java:319)
        at org.gradle.internal.work.DefaultWorkerLeaseService.withoutLock(DefaultWorkerLeaseService.java:324)
        at org.gradle.internal.work.DefaultAsyncWorkTracker.waitForItemsAndGatherFailures(DefaultAsyncWorkTracker.java:126)
        at org.gradle.internal.work.DefaultAsyncWorkTracker.waitForItemsAndGatherFailures(DefaultAsyncWorkTracker.java:92)
        at org.gradle.internal.work.DefaultAsyncWorkTracker.waitForAll(DefaultAsyncWorkTracker.java:78)
        at org.gradle.internal.work.DefaultAsyncWorkTracker.waitForCompletion(DefaultAsyncWorkTracker.java:66)
        at org.gradle.api.internal.tasks.execution.TaskExecution$3.run(TaskExecution.java:252)
        at org.gradle.internal.operations.DefaultBuildOperationRunner$1.execute(DefaultBuildOperationRunner.java:29)
        at org.gradle.internal.operations.DefaultBuildOperationRunner$1.execute(DefaultBuildOperationRunner.java:26)
        at org.gradle.internal.operations.DefaultBuildOperationRunner$2.execute(DefaultBuildOperationRunner.java:66)
        at org.gradle.internal.operations.DefaultBuildOperationRunner$2.execute(DefaultBuildOperationRunner.java:59)
        at org.gradle.internal.operations.DefaultBuildOperationRunner.execute(DefaultBuildOperationRunner.java:157)
        at org.gradle.internal.operations.DefaultBuildOperationRunner.execute(DefaultBuildOperationRunner.java:59)
        at org.gradle.internal.operations.DefaultBuildOperationRunner.run(DefaultBuildOperationRunner.java:47)
        at org.gradle.internal.operations.DefaultBuildOperationExecutor.run(DefaultBuildOperationExecutor.java:68)
        at org.gradle.api.internal.tasks.execution.TaskExecution.executeAction(TaskExecution.java:229)
        at org.gradle.api.internal.tasks.execution.TaskExecution.executeActions(TaskExecution.java:212)
        at org.gradle.api.internal.tasks.execution.TaskExecution.executeWithPreviousOutputFiles(TaskExecution.java:195)
        at org.gradle.api.internal.tasks.execution.TaskExecution.execute(TaskExecution.java:162)
        at org.gradle.internal.execution.steps.ExecuteStep.executeInternal(ExecuteStep.java:105)
        at org.gradle.internal.execution.steps.ExecuteStep.access$000(ExecuteStep.java:44)
        at org.gradle.internal.execution.steps.ExecuteStep$1.call(ExecuteStep.java:59)
        at org.gradle.internal.execution.steps.ExecuteStep$1.call(ExecuteStep.java:56)
        at org.gradle.internal.operations.DefaultBuildOperationRunner$CallableBuildOperationWorker.execute(DefaultBuildOperationRunner.java:200)
        at org.gradle.internal.operations.DefaultBuildOperationRunner$CallableBuildOperationWorker.execute(DefaultBuildOperationRunner.java:195)
        at org.gradle.internal.operations.DefaultBuildOperationRunner$2.execute(DefaultBuildOperationRunner.java:66)
        at org.gradle.internal.operations.DefaultBuildOperationRunner$2.execute(DefaultBuildOperationRunner.java:59)
        at org.gradle.internal.operations.DefaultBuildOperationRunner.execute(DefaultBuildOperationRunner.java:157)
        at org.gradle.internal.operations.DefaultBuildOperationRunner.execute(DefaultBuildOperationRunner.java:59)
        at org.gradle.internal.operations.DefaultBuildOperationRunner.call(DefaultBuildOperationRunner.java:53)
        at org.gradle.internal.operations.DefaultBuildOperationExecutor.call(DefaultBuildOperationExecutor.java:73)
        at org.gradle.internal.execution.steps.ExecuteStep.execute(ExecuteStep.java:56)
        at org.gradle.internal.execution.steps.ExecuteStep.execute(ExecuteStep.java:44)
        at org.gradle.internal.execution.steps.CancelExecutionStep.execute(CancelExecutionStep.java:41)
        at org.gradle.internal.execution.steps.TimeoutStep.executeWithoutTimeout(TimeoutStep.java:74)
        at org.gradle.internal.execution.steps.TimeoutStep.execute(TimeoutStep.java:55)
        at org.gradle.internal.execution.steps.PreCreateOutputParentsStep.execute(PreCreateOutputParentsStep.java:50)
        at org.gradle.internal.execution.steps.PreCreateOutputParentsStep.execute(PreCreateOutputParentsStep.java:28)
        at org.gradle.internal.execution.steps.RemovePreviousOutputsStep.execute(RemovePreviousOutputsStep.java:67)
        at org.gradle.internal.execution.steps.RemovePreviousOutputsStep.execute(RemovePreviousOutputsStep.java:37)
        at org.gradle.internal.execution.steps.BroadcastChangingOutputsStep.execute(BroadcastChangingOutputsStep.java:61)
        at org.gradle.internal.execution.steps.BroadcastChangingOutputsStep.execute(BroadcastChangingOutputsStep.java:26)
        at org.gradle.internal.execution.steps.CaptureOutputsAfterExecutionStep.execute(CaptureOutputsAfterExecutionStep.java:67)
        at org.gradle.internal.execution.steps.CaptureOutputsAfterExecutionStep.execute(CaptureOutputsAfterExecutionStep.java:45)
        at org.gradle.internal.execution.steps.ResolveInputChangesStep.execute(ResolveInputChangesStep.java:40)
        at org.gradle.internal.execution.steps.ResolveInputChangesStep.execute(ResolveInputChangesStep.java:29)
        at org.gradle.internal.execution.steps.BuildCacheStep.executeWithoutCache(BuildCacheStep.java:189)
        at org.gradle.internal.execution.steps.BuildCacheStep.executeAndStoreInCache(BuildCacheStep.java:145)
        at org.gradle.internal.execution.steps.BuildCacheStep.lambda$executeWithCache$4(BuildCacheStep.java:101)
        at java.base/java.util.Optional.orElseGet(Optional.java:364)
        at org.gradle.internal.execution.steps.BuildCacheStep.lambda$executeWithCache$5(BuildCacheStep.java:101)
        at org.gradle.internal.Try$Success.map(Try.java:164)
        at org.gradle.internal.execution.steps.BuildCacheStep.executeWithCache(BuildCacheStep.java:85)
        at org.gradle.internal.execution.steps.BuildCacheStep.lambda$execute$0(BuildCacheStep.java:74)
        at org.gradle.internal.Either$Left.fold(Either.java:115)
        at org.gradle.internal.execution.caching.CachingState.fold(CachingState.java:62)
        at org.gradle.internal.execution.steps.BuildCacheStep.execute(BuildCacheStep.java:73)
        at org.gradle.internal.execution.steps.BuildCacheStep.execute(BuildCacheStep.java:48)
        at org.gradle.internal.execution.steps.StoreExecutionStateStep.execute(StoreExecutionStateStep.java:46)
        at org.gradle.internal.execution.steps.StoreExecutionStateStep.execute(StoreExecutionStateStep.java:35)
        at org.gradle.internal.execution.steps.SkipUpToDateStep.executeBecause(SkipUpToDateStep.java:76)
        at org.gradle.internal.execution.steps.SkipUpToDateStep.lambda$execute$2(SkipUpToDateStep.java:54)
        at java.base/java.util.Optional.orElseGet(Optional.java:364)
        at org.gradle.internal.execution.steps.SkipUpToDateStep.execute(SkipUpToDateStep.java:54)
        at org.gradle.internal.execution.steps.SkipUpToDateStep.execute(SkipUpToDateStep.java:36)
        at org.gradle.internal.execution.steps.legacy.MarkSnapshottingInputsFinishedStep.execute(MarkSnapshottingInputsFinishedStep.java:37)
        at org.gradle.internal.execution.steps.legacy.MarkSnapshottingInputsFinishedStep.execute(MarkSnapshottingInputsFinishedStep.java:27)
        at org.gradle.internal.execution.steps.ResolveIncrementalCachingStateStep.executeDelegate(ResolveIncrementalCachingStateStep.java:49)
        at org.gradle.internal.execution.steps.ResolveIncrementalCachingStateStep.executeDelegate(ResolveIncrementalCachingStateStep.java:27)
        at org.gradle.internal.execution.steps.AbstractResolveCachingStateStep.execute(AbstractResolveCachingStateStep.java:71)
        at org.gradle.internal.execution.steps.AbstractResolveCachingStateStep.execute(AbstractResolveCachingStateStep.java:39)
        at org.gradle.internal.execution.steps.ResolveChangesStep.execute(ResolveChangesStep.java:65)
        at org.gradle.internal.execution.steps.ResolveChangesStep.execute(ResolveChangesStep.java:36)
        at org.gradle.internal.execution.steps.ValidateStep.execute(ValidateStep.java:106)
        at org.gradle.internal.execution.steps.ValidateStep.execute(ValidateStep.java:55)
        at org.gradle.internal.execution.steps.AbstractCaptureStateBeforeExecutionStep.execute(AbstractCaptureStateBeforeExecutionStep.java:64)
        at org.gradle.internal.execution.steps.AbstractCaptureStateBeforeExecutionStep.execute(AbstractCaptureStateBeforeExecutionStep.java:43)
        at org.gradle.internal.execution.steps.AbstractSkipEmptyWorkStep.executeWithNonEmptySources(AbstractSkipEmptyWorkStep.java:125)
        at org.gradle.internal.execution.steps.AbstractSkipEmptyWorkStep.execute(AbstractSkipEmptyWorkStep.java:61)
        at org.gradle.internal.execution.steps.AbstractSkipEmptyWorkStep.execute(AbstractSkipEmptyWorkStep.java:36)
        at org.gradle.internal.execution.steps.legacy.MarkSnapshottingInputsStartedStep.execute(MarkSnapshottingInputsStartedStep.java:38)
        at org.gradle.internal.execution.steps.LoadPreviousExecutionStateStep.execute(LoadPreviousExecutionStateStep.java:36)
        at org.gradle.internal.execution.steps.LoadPreviousExecutionStateStep.execute(LoadPreviousExecutionStateStep.java:23)
        at org.gradle.internal.execution.steps.HandleStaleOutputsStep.execute(HandleStaleOutputsStep.java:75)
        at org.gradle.internal.execution.steps.HandleStaleOutputsStep.execute(HandleStaleOutputsStep.java:41)
        at org.gradle.internal.execution.steps.AssignMutableWorkspaceStep.lambda$execute$0(AssignMutableWorkspaceStep.java:35)
        at org.gradle.api.internal.tasks.execution.TaskExecution$4.withWorkspace(TaskExecution.java:289)
        at org.gradle.internal.execution.steps.AssignMutableWorkspaceStep.execute(AssignMutableWorkspaceStep.java:31)
        at org.gradle.internal.execution.steps.AssignMutableWorkspaceStep.execute(AssignMutableWorkspaceStep.java:22)
        at org.gradle.internal.execution.steps.ChoosePipelineStep.execute(ChoosePipelineStep.java:40)
        at org.gradle.internal.execution.steps.ChoosePipelineStep.execute(ChoosePipelineStep.java:23)
        at org.gradle.internal.execution.steps.ExecuteWorkBuildOperationFiringStep.lambda$execute$2(ExecuteWorkBuildOperationFiringStep.java:67)
        at java.base/java.util.Optional.orElseGet(Optional.java:364)
        at org.gradle.internal.execution.steps.ExecuteWorkBuildOperationFiringStep.execute(ExecuteWorkBuildOperationFiringStep.java:67)
        at org.gradle.internal.execution.steps.ExecuteWorkBuildOperationFiringStep.execute(ExecuteWorkBuildOperationFiringStep.java:39)
        at org.gradle.internal.execution.steps.IdentityCacheStep.execute(IdentityCacheStep.java:46)
        at org.gradle.internal.execution.steps.IdentityCacheStep.execute(IdentityCacheStep.java:34)
        at org.gradle.internal.execution.steps.IdentifyStep.execute(IdentifyStep.java:48)
        at org.gradle.internal.execution.steps.IdentifyStep.execute(IdentifyStep.java:35)
        at org.gradle.internal.execution.impl.DefaultExecutionEngine$1.execute(DefaultExecutionEngine.java:61)
        at org.gradle.api.internal.tasks.execution.ExecuteActionsTaskExecuter.executeIfValid(ExecuteActionsTaskExecuter.java:127)
        at org.gradle.api.internal.tasks.execution.ExecuteActionsTaskExecuter.execute(ExecuteActionsTaskExecuter.java:116)
        at org.gradle.api.internal.tasks.execution.FinalizePropertiesTaskExecuter.execute(FinalizePropertiesTaskExecuter.java:46)
        at org.gradle.api.internal.tasks.execution.ResolveTaskExecutionModeExecuter.execute(ResolveTaskExecutionModeExecuter.java:51)
        at org.gradle.api.internal.tasks.execution.SkipTaskWithNoActionsExecuter.execute(SkipTaskWithNoActionsExecuter.java:57)
        at org.gradle.api.internal.tasks.execution.SkipOnlyIfTaskExecuter.execute(SkipOnlyIfTaskExecuter.java:74)
        at org.gradle.api.internal.tasks.execution.CatchExceptionTaskExecuter.execute(CatchExceptionTaskExecuter.java:36)
        at org.gradle.api.internal.tasks.execution.EventFiringTaskExecuter$1.executeTask(EventFiringTaskExecuter.java:77)
        at org.gradle.api.internal.tasks.execution.EventFiringTaskExecuter$1.call(EventFiringTaskExecuter.java:55)
        at org.gradle.api.internal.tasks.execution.EventFiringTaskExecuter$1.call(EventFiringTaskExecuter.java:52)
        at org.gradle.internal.operations.DefaultBuildOperationRunner$CallableBuildOperationWorker.execute(DefaultBuildOperationRunner.java:200)
        at org.gradle.internal.operations.DefaultBuildOperationRunner$CallableBuildOperationWorker.execute(DefaultBuildOperationRunner.java:195)
        at org.gradle.internal.operations.DefaultBuildOperationRunner$2.execute(DefaultBuildOperationRunner.java:66)
        at org.gradle.internal.operations.DefaultBuildOperationRunner$2.execute(DefaultBuildOperationRunner.java:59)
        at org.gradle.internal.operations.DefaultBuildOperationRunner.execute(DefaultBuildOperationRunner.java:157)
        at org.gradle.internal.operations.DefaultBuildOperationRunner.execute(DefaultBuildOperationRunner.java:59)
        at org.gradle.internal.operations.DefaultBuildOperationRunner.call(DefaultBuildOperationRunner.java:53)
        at org.gradle.internal.operations.DefaultBuildOperationExecutor.call(DefaultBuildOperationExecutor.java:73)
        at org.gradle.api.internal.tasks.execution.EventFiringTaskExecuter.execute(EventFiringTaskExecuter.java:52)
        at org.gradle.execution.plan.LocalTaskNodeExecutor.execute(LocalTaskNodeExecutor.java:42)
        at org.gradle.execution.taskgraph.DefaultTaskExecutionGraph$InvokeNodeExecutorsAction.execute(DefaultTaskExecutionGraph.java:331)
        at org.gradle.execution.taskgraph.DefaultTaskExecutionGraph$InvokeNodeExecutorsAction.execute(DefaultTaskExecutionGraph.java:318)
        at org.gradle.execution.taskgraph.DefaultTaskExecutionGraph$BuildOperationAwareExecutionAction.lambda$execute$0(DefaultTaskExecutionGraph.java:314)
        at org.gradle.internal.operations.CurrentBuildOperationRef.with(CurrentBuildOperationRef.java:80)
        at org.gradle.execution.taskgraph.DefaultTaskExecutionGraph$BuildOperationAwareExecutionAction.execute(DefaultTaskExecutionGraph.java:314)
        at org.gradle.execution.taskgraph.DefaultTaskExecutionGraph$BuildOperationAwareExecutionAction.execute(DefaultTaskExecutionGraph.java:303)
        at org.gradle.execution.plan.DefaultPlanExecutor$ExecutorWorker.execute(DefaultPlanExecutor.java:463)
        at org.gradle.execution.plan.DefaultPlanExecutor$ExecutorWorker.run(DefaultPlanExecutor.java:380)
        at org.gradle.execution.plan.DefaultPlanExecutor.process(DefaultPlanExecutor.java:116)
        at org.gradle.execution.taskgraph.DefaultTaskExecutionGraph.executeWithServices(DefaultTaskExecutionGraph.java:138)
        at org.gradle.execution.taskgraph.DefaultTaskExecutionGraph.execute(DefaultTaskExecutionGraph.java:123)
        at org.gradle.execution.SelectedTaskExecutionAction.execute(SelectedTaskExecutionAction.java:35)
        at org.gradle.execution.DryRunBuildExecutionAction.execute(DryRunBuildExecutionAction.java:51)
        at org.gradle.execution.BuildOperationFiringBuildWorkerExecutor$ExecuteTasks.call(BuildOperationFiringBuildWorkerExecutor.java:54)
        at org.gradle.execution.BuildOperationFiringBuildWorkerExecutor$ExecuteTasks.call(BuildOperationFiringBuildWorkerExecutor.java:43)
        at org.gradle.internal.operations.DefaultBuildOperationRunner$CallableBuildOperationWorker.execute(DefaultBuildOperationRunner.java:200)
        at org.gradle.internal.operations.DefaultBuildOperationRunner$CallableBuildOperationWorker.execute(DefaultBuildOperationRunner.java:195)
        at org.gradle.internal.operations.DefaultBuildOperationRunner$2.execute(DefaultBuildOperationRunner.java:66)
        at org.gradle.internal.operations.DefaultBuildOperationRunner$2.execute(DefaultBuildOperationRunner.java:59)
        at org.gradle.internal.operations.DefaultBuildOperationRunner.execute(DefaultBuildOperationRunner.java:157)
        at org.gradle.internal.operations.DefaultBuildOperationRunner.execute(DefaultBuildOperationRunner.java:59)
        at org.gradle.internal.operations.DefaultBuildOperationRunner.call(DefaultBuildOperationRunner.java:53)
        at org.gradle.internal.operations.DefaultBuildOperationExecutor.call(DefaultBuildOperationExecutor.java:73)
        at org.gradle.execution.BuildOperationFiringBuildWorkerExecutor.execute(BuildOperationFiringBuildWorkerExecutor.java:40)
        at org.gradle.internal.build.DefaultBuildLifecycleController.lambda$executeTasks$10(DefaultBuildLifecycleController.java:313)
        at org.gradle.internal.model.StateTransitionController.doTransition(StateTransitionController.java:266)
        at org.gradle.internal.model.StateTransitionController.lambda$tryTransition$8(StateTransitionController.java:177)
        at org.gradle.internal.work.DefaultSynchronizer.withLock(DefaultSynchronizer.java:44)
        at org.gradle.internal.model.StateTransitionController.tryTransition(StateTransitionController.java:177)
        at org.gradle.internal.build.DefaultBuildLifecycleController.executeTasks(DefaultBuildLifecycleController.java:304)
        at org.gradle.internal.build.DefaultBuildWorkGraphController$DefaultBuildWorkGraph.runWork(DefaultBuildWorkGraphController.java:220)
        at org.gradle.internal.work.DefaultWorkerLeaseService.withLocks(DefaultWorkerLeaseService.java:264)
        at org.gradle.internal.work.DefaultWorkerLeaseService.runAsWorkerThread(DefaultWorkerLeaseService.java:128)
        at org.gradle.composite.internal.DefaultBuildController.doRun(DefaultBuildController.java:181)
        at org.gradle.composite.internal.DefaultBuildController.access$000(DefaultBuildController.java:50)
        at org.gradle.composite.internal.DefaultBuildController$BuildOpRunnable.lambda$run$0(DefaultBuildController.java:198)
        at org.gradle.internal.operations.CurrentBuildOperationRef.with(CurrentBuildOperationRef.java:80)
        at org.gradle.composite.internal.DefaultBuildController$BuildOpRunnable.run(DefaultBuildController.java:198)
        at java.base/java.util.concurrent.Executors$RunnableAdapter.call(Executors.java:572)
        at java.base/java.util.concurrent.FutureTask.run(FutureTask.java:317)
        at org.gradle.internal.concurrent.ExecutorPolicy$CatchAndRecordFailures.onExecute(ExecutorPolicy.java:64)
        at org.gradle.internal.concurrent.AbstractManagedExecutor$1.run(AbstractManagedExecutor.java:47)
        at java.base/java.util.concurrent.ThreadPoolExecutor.runWorker(ThreadPoolExecutor.java:1144)
        at java.base/java.util.concurrent.ThreadPoolExecutor$Worker.run(ThreadPoolExecutor.java:642)
        at java.base/java.lang.Thread.run(Thread.java:1583)
Caused by: org.jetbrains.kotlin.gradle.tasks.CompilationErrorException: Compilation error. See log for more details
        at org.jetbrains.kotlin.gradle.tasks.TasksUtilsKt.throwExceptionIfCompilationFailed(tasksUtils.kt:21)
        at org.jetbrains.kotlin.compilerRunner.GradleKotlinCompilerWork.run(GradleKotlinCompilerWork.kt:119)
        at org.jetbrains.kotlin.compilerRunner.GradleCompilerRunnerWithWorkers$GradleKotlinCompilerWorkAction.execute(GradleCompilerRunnerWithWorkers.kt:76)
        at org.gradle.workers.internal.DefaultWorkerServer.execute(DefaultWorkerServer.java:63)
        at org.gradle.workers.internal.NoIsolationWorkerFactory$1$1.create(NoIsolationWorkerFactory.java:66)
        at org.gradle.workers.internal.NoIsolationWorkerFactory$1$1.create(NoIsolationWorkerFactory.java:62)
        at org.gradle.internal.classloader.ClassLoaderUtils.executeInClassloader(ClassLoaderUtils.java:100)
        at org.gradle.workers.internal.NoIsolationWorkerFactory$1.lambda$execute$0(NoIsolationWorkerFactory.java:62)
        at org.gradle.workers.internal.AbstractWorker$1.call(AbstractWorker.java:44)
        at org.gradle.workers.internal.AbstractWorker$1.call(AbstractWorker.java:41)
        at org.gradle.internal.operations.DefaultBuildOperationRunner$CallableBuildOperationWorker.execute(DefaultBuildOperationRunner.java:200)
        at org.gradle.internal.operations.DefaultBuildOperationRunner$CallableBuildOperationWorker.execute(DefaultBuildOperationRunner.java:195)
        at org.gradle.internal.operations.DefaultBuildOperationRunner$2.execute(DefaultBuildOperationRunner.java:66)
        at org.gradle.internal.operations.DefaultBuildOperationRunner$2.execute(DefaultBuildOperationRunner.java:59)
        at org.gradle.internal.operations.DefaultBuildOperationRunner.execute(DefaultBuildOperationRunner.java:157)
        at org.gradle.internal.operations.DefaultBuildOperationRunner.execute(DefaultBuildOperationRunner.java:59)
        at org.gradle.internal.operations.DefaultBuildOperationRunner.call(DefaultBuildOperationRunner.java:53)
        at org.gradle.internal.operations.DefaultBuildOperationExecutor.call(DefaultBuildOperationExecutor.java:73)
        at org.gradle.workers.internal.AbstractWorker.executeWrappedInBuildOperation(AbstractWorker.java:41)
        at org.gradle.workers.internal.NoIsolationWorkerFactory$1.execute(NoIsolationWorkerFactory.java:59)
        at org.gradle.workers.internal.DefaultWorkerExecutor.lambda$submitWork$0(DefaultWorkerExecutor.java:174)
        at java.base/java.util.concurrent.FutureTask.run(FutureTask.java:317)
        at org.gradle.internal.work.DefaultConditionalExecutionQueue$ExecutionRunner.runExecution(DefaultConditionalExecutionQueue.java:187)
        at org.gradle.internal.work.DefaultConditionalExecutionQueue$ExecutionRunner.access$700(DefaultConditionalExecutionQueue.java:120)
        at org.gradle.internal.work.DefaultConditionalExecutionQueue$ExecutionRunner$1.run(DefaultConditionalExecutionQueue.java:162)
        at org.gradle.internal.Factories$1.create(Factories.java:31)
        at org.gradle.internal.work.DefaultWorkerLeaseService.withLocks(DefaultWorkerLeaseService.java:264)
        at org.gradle.internal.work.DefaultWorkerLeaseService.runAsWorkerThread(DefaultWorkerLeaseService.java:128)
        at org.gradle.internal.work.DefaultWorkerLeaseService.runAsWorkerThread(DefaultWorkerLeaseService.java:133)
        at org.gradle.internal.work.DefaultConditionalExecutionQueue$ExecutionRunner.runBatch(DefaultConditionalExecutionQueue.java:157)
        at org.gradle.internal.work.DefaultConditionalExecutionQueue$ExecutionRunner.run(DefaultConditionalExecutionQueue.java:126)
        ... 7 more

==============================================================================

BUILD FAILED in 9m 9s
58 actionable tasks: 41 executed, 16 from cache, 1 up-to-date
sureshbalasubramanian@BSMacBook-Pro enKarma % ./gradlew clean
./gradlew build --stacktrace


BUILD SUCCESSFUL in 26s
1 actionable task: 1 executed

> Task :app:stripDebugDebugSymbols
[CXX1104] NDK from ndk.dir at /Users/sureshbalasubramanian/Library/Android/sdk/ndk/29.0.13113456 had version [29.0.13113456] which disagrees with android.ndkVersion [26.1.10909125]
[CXX1104] NDK from ndk.dir at /Users/sureshbalasubramanian/Library/Android/sdk/ndk/29.0.13113456 had version [29.0.13113456] which disagrees with android.ndkVersion [26.1.10909125]
[CXX1104] NDK from ndk.dir at /Users/sureshbalasubramanian/Library/Android/sdk/ndk/29.0.13113456 had version [29.0.13113456] which disagrees with android.ndkVersion [26.1.10909125]
[CXX1104] NDK from ndk.dir at /Users/sureshbalasubramanian/Library/Android/sdk/ndk/29.0.13113456 had version [29.0.13113456] which disagrees with android.ndkVersion [26.1.10909125]
[CXX1104] NDK from ndk.dir at /Users/sureshbalasubramanian/Library/Android/sdk/ndk/29.0.13113456 had version [29.0.13113456] which disagrees with android.ndkVersion [26.1.10909125]
[CXX1104] NDK from ndk.dir at /Users/sureshbalasubramanian/Library/Android/sdk/ndk/29.0.13113456 had version [29.0.13113456] which disagrees with android.ndkVersion [26.1.10909125]
[CXX1104] NDK from ndk.dir at /Users/sureshbalasubramanian/Library/Android/sdk/ndk/29.0.13113456 had version [29.0.13113456] which disagrees with android.ndkVersion [26.1.10909125]
[CXX1104] NDK from ndk.dir at /Users/sureshbalasubramanian/Library/Android/sdk/ndk/29.0.13113456 had version [29.0.13113456] which disagrees with android.ndkVersion [26.1.10909125]
[CXX1104] NDK from ndk.dir at /Users/sureshbalasubramanian/Library/Android/sdk/ndk/29.0.13113456 had version [29.0.13113456] which disagrees with android.ndkVersion [26.1.10909125]
[CXX1104] NDK from ndk.dir at /Users/sureshbalasubramanian/Library/Android/sdk/ndk/29.0.13113456 had version [29.0.13113456] which disagrees with android.ndkVersion [26.1.10909125]
[CXX1104] NDK from ndk.dir at /Users/sureshbalasubramanian/Library/Android/sdk/ndk/29.0.13113456 had version [29.0.13113456] which disagrees with android.ndkVersion [26.1.10909125]
[CXX1104] NDK from ndk.dir at /Users/sureshbalasubramanian/Library/Android/sdk/ndk/29.0.13113456 had version [29.0.13113456] which disagrees with android.ndkVersion [26.1.10909125]
[CXX1104] NDK from ndk.dir at /Users/sureshbalasubramanian/Library/Android/sdk/ndk/29.0.13113456 had version [29.0.13113456] which disagrees with android.ndkVersion [26.1.10909125]
[CXX1104] NDK from ndk.dir at /Users/sureshbalasubramanian/Library/Android/sdk/ndk/29.0.13113456 had version [29.0.13113456] which disagrees with android.ndkVersion [26.1.10909125]
[CXX1104] NDK from ndk.dir at /Users/sureshbalasubramanian/Library/Android/sdk/ndk/29.0.13113456 had version [29.0.13113456] which disagrees with android.ndkVersion [26.1.10909125]
[CXX1104] NDK from ndk.dir at /Users/sureshbalasubramanian/Library/Android/sdk/ndk/29.0.13113456 had version [29.0.13113456] which disagrees with android.ndkVersion [26.1.10909125]
[CXX1104] NDK from ndk.dir at /Users/sureshbalasubramanian/Library/Android/sdk/ndk/29.0.13113456 had version [29.0.13113456] which disagrees with android.ndkVersion [26.1.10909125]
[CXX1104] NDK from ndk.dir at /Users/sureshbalasubramanian/Library/Android/sdk/ndk/29.0.13113456 had version [29.0.13113456] which disagrees with android.ndkVersion [26.1.10909125]
[CXX1104] NDK from ndk.dir at /Users/sureshbalasubramanian/Library/Android/sdk/ndk/29.0.13113456 had version [29.0.13113456] which disagrees with android.ndkVersion [26.1.10909125]
[CXX1104] NDK from ndk.dir at /Users/sureshbalasubramanian/Library/Android/sdk/ndk/29.0.13113456 had version [29.0.13113456] which disagrees with android.ndkVersion [26.1.10909125]
[CXX1104] NDK from ndk.dir at /Users/sureshbalasubramanian/Library/Android/sdk/ndk/29.0.13113456 had version [29.0.13113456] which disagrees with android.ndkVersion [26.1.10909125]
[CXX1104] NDK from ndk.dir at /Users/sureshbalasubramanian/Library/Android/sdk/ndk/29.0.13113456 had version [29.0.13113456] which disagrees with android.ndkVersion [26.1.10909125]
[CXX1104] NDK from ndk.dir at /Users/sureshbalasubramanian/Library/Android/sdk/ndk/29.0.13113456 had version [29.0.13113456] which disagrees with android.ndkVersion [26.1.10909125]
[CXX1104] NDK from ndk.dir at /Users/sureshbalasubramanian/Library/Android/sdk/ndk/29.0.13113456 had version [29.0.13113456] which disagrees with android.ndkVersion [26.1.10909125]
[CXX1104] NDK from ndk.dir at /Users/sureshbalasubramanian/Library/Android/sdk/ndk/29.0.13113456 had version [29.0.13113456] which disagrees with android.ndkVersion [26.1.10909125]
[CXX1104] NDK from ndk.dir at /Users/sureshbalasubramanian/Library/Android/sdk/ndk/29.0.13113456 had version [29.0.13113456] which disagrees with android.ndkVersion [26.1.10909125]
[CXX1104] NDK from ndk.dir at /Users/sureshbalasubramanian/Library/Android/sdk/ndk/29.0.13113456 had version [29.0.13113456] which disagrees with android.ndkVersion [26.1.10909125]
[CXX1104] NDK from ndk.dir at /Users/sureshbalasubramanian/Library/Android/sdk/ndk/29.0.13113456 had version [29.0.13113456] which disagrees with android.ndkVersion [26.1.10909125]
[CXX1104] NDK from ndk.dir at /Users/sureshbalasubramanian/Library/Android/sdk/ndk/29.0.13113456 had version [29.0.13113456] which disagrees with android.ndkVersion [26.1.10909125]
[CXX1104] NDK from ndk.dir at /Users/sureshbalasubramanian/Library/Android/sdk/ndk/29.0.13113456 had version [29.0.13113456] which disagrees with android.ndkVersion [26.1.10909125]
[CXX1104] NDK from ndk.dir at /Users/sureshbalasubramanian/Library/Android/sdk/ndk/29.0.13113456 had version [29.0.13113456] which disagrees with android.ndkVersion [26.1.10909125]
[CXX1104] NDK from ndk.dir at /Users/sureshbalasubramanian/Library/Android/sdk/ndk/29.0.13113456 had version [29.0.13113456] which disagrees with android.ndkVersion [26.1.10909125]
[CXX1104] NDK from ndk.dir at /Users/sureshbalasubramanian/Library/Android/sdk/ndk/29.0.13113456 had version [29.0.13113456] which disagrees with android.ndkVersion [26.1.10909125]
[CXX1104] NDK from ndk.dir at /Users/sureshbalasubramanian/Library/Android/sdk/ndk/29.0.13113456 had version [29.0.13113456] which disagrees with android.ndkVersion [26.1.10909125]
Unable to strip the following libraries, packaging them as they are: libandroidx.graphics.path.so, libc++_shared.so, libjniPdfium.so, libmodft2.so, libmodpdfium.so, libmodpng.so.

> Task :app:stripReleaseDebugSymbols
[CXX1104] NDK from ndk.dir at /Users/sureshbalasubramanian/Library/Android/sdk/ndk/29.0.13113456 had version [29.0.13113456] which disagrees with android.ndkVersion [26.1.10909125]
[CXX1104] NDK from ndk.dir at /Users/sureshbalasubramanian/Library/Android/sdk/ndk/29.0.13113456 had version [29.0.13113456] which disagrees with android.ndkVersion [26.1.10909125]
[CXX1104] NDK from ndk.dir at /Users/sureshbalasubramanian/Library/Android/sdk/ndk/29.0.13113456 had version [29.0.13113456] which disagrees with android.ndkVersion [26.1.10909125]
[CXX1104] NDK from ndk.dir at /Users/sureshbalasubramanian/Library/Android/sdk/ndk/29.0.13113456 had version [29.0.13113456] which disagrees with android.ndkVersion [26.1.10909125]
[CXX1104] NDK from ndk.dir at /Users/sureshbalasubramanian/Library/Android/sdk/ndk/29.0.13113456 had version [29.0.13113456] which disagrees with android.ndkVersion [26.1.10909125]
[CXX1104] NDK from ndk.dir at /Users/sureshbalasubramanian/Library/Android/sdk/ndk/29.0.13113456 had version [29.0.13113456] which disagrees with android.ndkVersion [26.1.10909125]
[CXX1104] NDK from ndk.dir at /Users/sureshbalasubramanian/Library/Android/sdk/ndk/29.0.13113456 had version [29.0.13113456] which disagrees with android.ndkVersion [26.1.10909125]
[CXX1104] NDK from ndk.dir at /Users/sureshbalasubramanian/Library/Android/sdk/ndk/29.0.13113456 had version [29.0.13113456] which disagrees with android.ndkVersion [26.1.10909125]
[CXX1104] NDK from ndk.dir at /Users/sureshbalasubramanian/Library/Android/sdk/ndk/29.0.13113456 had version [29.0.13113456] which disagrees with android.ndkVersion [26.1.10909125]
[CXX1104] NDK from ndk.dir at /Users/sureshbalasubramanian/Library/Android/sdk/ndk/29.0.13113456 had version [29.0.13113456] which disagrees with android.ndkVersion [26.1.10909125]
[CXX1104] NDK from ndk.dir at /Users/sureshbalasubramanian/Library/Android/sdk/ndk/29.0.13113456 had version [29.0.13113456] which disagrees with android.ndkVersion [26.1.10909125]
[CXX1104] NDK from ndk.dir at /Users/sureshbalasubramanian/Library/Android/sdk/ndk/29.0.13113456 had version [29.0.13113456] which disagrees with android.ndkVersion [26.1.10909125]
[CXX1104] NDK from ndk.dir at /Users/sureshbalasubramanian/Library/Android/sdk/ndk/29.0.13113456 had version [29.0.13113456] which disagrees with android.ndkVersion [26.1.10909125]
[CXX1104] NDK from ndk.dir at /Users/sureshbalasubramanian/Library/Android/sdk/ndk/29.0.13113456 had version [29.0.13113456] which disagrees with android.ndkVersion [26.1.10909125]
[CXX1104] NDK from ndk.dir at /Users/sureshbalasubramanian/Library/Android/sdk/ndk/29.0.13113456 had version [29.0.13113456] which disagrees with android.ndkVersion [26.1.10909125]
[CXX1104] NDK from ndk.dir at /Users/sureshbalasubramanian/Library/Android/sdk/ndk/29.0.13113456 had version [29.0.13113456] which disagrees with android.ndkVersion [26.1.10909125]
[CXX1104] NDK from ndk.dir at /Users/sureshbalasubramanian/Library/Android/sdk/ndk/29.0.13113456 had version [29.0.13113456] which disagrees with android.ndkVersion [26.1.10909125]
[CXX1104] NDK from ndk.dir at /Users/sureshbalasubramanian/Library/Android/sdk/ndk/29.0.13113456 had version [29.0.13113456] which disagrees with android.ndkVersion [26.1.10909125]
[CXX1104] NDK from ndk.dir at /Users/sureshbalasubramanian/Library/Android/sdk/ndk/29.0.13113456 had version [29.0.13113456] which disagrees with android.ndkVersion [26.1.10909125]
[CXX1104] NDK from ndk.dir at /Users/sureshbalasubramanian/Library/Android/sdk/ndk/29.0.13113456 had version [29.0.13113456] which disagrees with android.ndkVersion [26.1.10909125]
[CXX1104] NDK from ndk.dir at /Users/sureshbalasubramanian/Library/Android/sdk/ndk/29.0.13113456 had version [29.0.13113456] which disagrees with android.ndkVersion [26.1.10909125]
[CXX1104] NDK from ndk.dir at /Users/sureshbalasubramanian/Library/Android/sdk/ndk/29.0.13113456 had version [29.0.13113456] which disagrees with android.ndkVersion [26.1.10909125]
[CXX1104] NDK from ndk.dir at /Users/sureshbalasubramanian/Library/Android/sdk/ndk/29.0.13113456 had version [29.0.13113456] which disagrees with android.ndkVersion [26.1.10909125]
[CXX1104] NDK from ndk.dir at /Users/sureshbalasubramanian/Library/Android/sdk/ndk/29.0.13113456 had version [29.0.13113456] which disagrees with android.ndkVersion [26.1.10909125]
[CXX1104] NDK from ndk.dir at /Users/sureshbalasubramanian/Library/Android/sdk/ndk/29.0.13113456 had version [29.0.13113456] which disagrees with android.ndkVersion [26.1.10909125]
[CXX1104] NDK from ndk.dir at /Users/sureshbalasubramanian/Library/Android/sdk/ndk/29.0.13113456 had version [29.0.13113456] which disagrees with android.ndkVersion [26.1.10909125]
[CXX1104] NDK from ndk.dir at /Users/sureshbalasubramanian/Library/Android/sdk/ndk/29.0.13113456 had version [29.0.13113456] which disagrees with android.ndkVersion [26.1.10909125]
[CXX1104] NDK from ndk.dir at /Users/sureshbalasubramanian/Library/Android/sdk/ndk/29.0.13113456 had version [29.0.13113456] which disagrees with android.ndkVersion [26.1.10909125]
[CXX1104] NDK from ndk.dir at /Users/sureshbalasubramanian/Library/Android/sdk/ndk/29.0.13113456 had version [29.0.13113456] which disagrees with android.ndkVersion [26.1.10909125]
[CXX1104] NDK from ndk.dir at /Users/sureshbalasubramanian/Library/Android/sdk/ndk/29.0.13113456 had version [29.0.13113456] which disagrees with android.ndkVersion [26.1.10909125]
[CXX1104] NDK from ndk.dir at /Users/sureshbalasubramanian/Library/Android/sdk/ndk/29.0.13113456 had version [29.0.13113456] which disagrees with android.ndkVersion [26.1.10909125]
[CXX1104] NDK from ndk.dir at /Users/sureshbalasubramanian/Library/Android/sdk/ndk/29.0.13113456 had version [29.0.13113456] which disagrees with android.ndkVersion [26.1.10909125]
[CXX1104] NDK from ndk.dir at /Users/sureshbalasubramanian/Library/Android/sdk/ndk/29.0.13113456 had version [29.0.13113456] which disagrees with android.ndkVersion [26.1.10909125]
[CXX1104] NDK from ndk.dir at /Users/sureshbalasubramanian/Library/Android/sdk/ndk/29.0.13113456 had version [29.0.13113456] which disagrees with android.ndkVersion [26.1.10909125]
Unable to strip the following libraries, packaging them as they are: libandroidx.graphics.path.so, libc++_shared.so, libjniPdfium.so, libmodft2.so, libmodpdfium.so, libmodpng.so.

> Task :app:compileDebugKotlin
e: file:///Users/sureshbalasubramanian/Documents/Projects.nosync/Android_enKarma/enKarma/app/src/main/java/com/karma/sureshtrb/enKarma/6C2Aa.MahalayaTpnmActivity.kt:825:1 Modifier 'override' is not applicable to 'top level function'.
e: file:///Users/sureshbalasubramanian/Documents/Projects.nosync/Android_enKarma/enKarma/app/src/main/java/com/karma/sureshtrb/enKarma/6C2Aa.MahalayaTpnmActivity.kt:826:5 No supertypes are accessible in this context.
e: file:///Users/sureshbalasubramanian/Documents/Projects.nosync/Android_enKarma/enKarma/app/src/main/java/com/karma/sureshtrb/enKarma/6C2Aa.MahalayaTpnmActivity.kt:828:51 Unresolved reference 'layoutInflater'.
e: file:///Users/sureshbalasubramanian/Documents/Projects.nosync/Android_enKarma/enKarma/app/src/main/java/com/karma/sureshtrb/enKarma/6C2Aa.MahalayaTpnmActivity.kt:829:5 Unresolved reference 'setContentView'.
e: file:///Users/sureshbalasubramanian/Documents/Projects.nosync/Android_enKarma/enKarma/app/src/main/java/com/karma/sureshtrb/enKarma/6C2Aa.MahalayaTpnmActivity.kt:835:9 Unresolved reference 'intent'.
e: file:///Users/sureshbalasubramanian/Documents/Projects.nosync/Android_enKarma/enKarma/app/src/main/java/com/karma/sureshtrb/enKarma/6C2Aa.MahalayaTpnmActivity.kt:843:22 Unresolved reference 'intent'.
e: file:///Users/sureshbalasubramanian/Documents/Projects.nosync/Android_enKarma/enKarma/app/src/main/java/com/karma/sureshtrb/enKarma/6C2Aa.MahalayaTpnmActivity.kt:844:22 Unresolved reference 'intent'.
e: file:///Users/sureshbalasubramanian/Documents/Projects.nosync/Android_enKarma/enKarma/app/src/main/java/com/karma/sureshtrb/enKarma/6C2Aa.MahalayaTpnmActivity.kt:851:26 Unresolved reference 'intent'.
e: file:///Users/sureshbalasubramanian/Documents/Projects.nosync/Android_enKarma/enKarma/app/src/main/java/com/karma/sureshtrb/enKarma/6C2Aa.MahalayaTpnmActivity.kt:852:23 Unresolved reference 'intent'.
e: file:///Users/sureshbalasubramanian/Documents/Projects.nosync/Android_enKarma/enKarma/app/src/main/java/com/karma/sureshtrb/enKarma/6C2Aa.MahalayaTpnmActivity.kt:853:25 Unresolved reference 'intent'.
e: file:///Users/sureshbalasubramanian/Documents/Projects.nosync/Android_enKarma/enKarma/app/src/main/java/com/karma/sureshtrb/enKarma/6C2Aa.MahalayaTpnmActivity.kt:856:5 Unresolved reference 'supportActionBar'.
e: file:///Users/sureshbalasubramanian/Documents/Projects.nosync/Android_enKarma/enKarma/app/src/main/java/com/karma/sureshtrb/enKarma/6C2Aa.MahalayaTpnmActivity.kt:856:24 Unresolved reference 'setHomeAsUpIndicator'.
e: file:///Users/sureshbalasubramanian/Documents/Projects.nosync/Android_enKarma/enKarma/app/src/main/java/com/karma/sureshtrb/enKarma/6C2Aa.MahalayaTpnmActivity.kt:857:5 Unresolved reference 'supportActionBar'.
e: file:///Users/sureshbalasubramanian/Documents/Projects.nosync/Android_enKarma/enKarma/app/src/main/java/com/karma/sureshtrb/enKarma/6C2Aa.MahalayaTpnmActivity.kt:857:24 Unresolved reference 'setDisplayHomeAsUpEnabled'.
e: file:///Users/sureshbalasubramanian/Documents/Projects.nosync/Android_enKarma/enKarma/app/src/main/java/com/karma/sureshtrb/enKarma/6C2Aa.MahalayaTpnmActivity.kt:858:5 Unresolved reference 'supportActionBar'.
e: file:///Users/sureshbalasubramanian/Documents/Projects.nosync/Android_enKarma/enKarma/app/src/main/java/com/karma/sureshtrb/enKarma/6C2Aa.MahalayaTpnmActivity.kt:858:24 Unresolved reference 'subtitle'.
e: file:///Users/sureshbalasubramanian/Documents/Projects.nosync/Android_enKarma/enKarma/app/src/main/java/com/karma/sureshtrb/enKarma/6C2Aa.MahalayaTpnmActivity.kt:859:5 Unresolved reference 'supportActionBar'.
e: file:///Users/sureshbalasubramanian/Documents/Projects.nosync/Android_enKarma/enKarma/app/src/main/java/com/karma/sureshtrb/enKarma/6C2Aa.MahalayaTpnmActivity.kt:859:24 Unresolved reference 'setDisplayShowHomeEnabled'.
e: file:///Users/sureshbalasubramanian/Documents/Projects.nosync/Android_enKarma/enKarma/app/src/main/java/com/karma/sureshtrb/enKarma/6C2Aa.MahalayaTpnmActivity.kt:860:5 Unresolved reference 'supportActionBar'.
e: file:///Users/sureshbalasubramanian/Documents/Projects.nosync/Android_enKarma/enKarma/app/src/main/java/com/karma/sureshtrb/enKarma/6C2Aa.MahalayaTpnmActivity.kt:860:24 Unresolved reference 'setLogo'.
e: file:///Users/sureshbalasubramanian/Documents/Projects.nosync/Android_enKarma/enKarma/app/src/main/java/com/karma/sureshtrb/enKarma/6C2Aa.MahalayaTpnmActivity.kt:861:5 Unresolved reference 'supportActionBar'.
e: file:///Users/sureshbalasubramanian/Documents/Projects.nosync/Android_enKarma/enKarma/app/src/main/java/com/karma/sureshtrb/enKarma/6C2Aa.MahalayaTpnmActivity.kt:861:24 Unresolved reference 'setDisplayUseLogoEnabled'.
e: file:///Users/sureshbalasubramanian/Documents/Projects.nosync/Android_enKarma/enKarma/app/src/main/java/com/karma/sureshtrb/enKarma/6C2Aa.MahalayaTpnmActivity.kt:862:5 Unresolved reference 'trial'.
e: file:///Users/sureshbalasubramanian/Documents/Projects.nosync/Android_enKarma/enKarma/app/src/main/java/com/karma/sureshtrb/enKarma/6C2Aa.MahalayaTpnmActivity.kt:863:5 Unresolved reference 'bottomPithruKoorcham'.
e: file:///Users/sureshbalasubramanian/Documents/Projects.nosync/Android_enKarma/enKarma/app/src/main/java/com/karma/sureshtrb/enKarma/6C2Aa.MahalayaTpnmActivity.kt:864:5 Unresolved reference 'executeData'.
e: file:///Users/sureshbalasubramanian/Documents/Projects.nosync/Android_enKarma/enKarma/app/src/main/java/com/karma/sureshtrb/enKarma/6C2Aa.MahalayaTpnmActivity.kt:876:38 Unresolved reference 'getApplicationContext'.
e: file:///Users/sureshbalasubramanian/Documents/Projects.nosync/Android_enKarma/enKarma/app/src/main/java/com/karma/sureshtrb/enKarma/6C2Aa.MahalayaTpnmActivity.kt:881:38 Unresolved reference 'mstartPos1'.
e: file:///Users/sureshbalasubramanian/Documents/Projects.nosync/Android_enKarma/enKarma/app/src/main/java/com/karma/sureshtrb/enKarma/6C2Aa.MahalayaTpnmActivity.kt:881:50 Unresolved reference 'mendPos1'.
e: file:///Users/sureshbalasubramanian/Documents/Projects.nosync/Android_enKarma/enKarma/app/src/main/java/com/karma/sureshtrb/enKarma/6C2Aa.MahalayaTpnmActivity.kt:882:38 Unresolved reference 'mstartPos2'.
e: file:///Users/sureshbalasubramanian/Documents/Projects.nosync/Android_enKarma/enKarma/app/src/main/java/com/karma/sureshtrb/enKarma/6C2Aa.MahalayaTpnmActivity.kt:882:50 Unresolved reference 'mendPos2'.
e: file:///Users/sureshbalasubramanian/Documents/Projects.nosync/Android_enKarma/enKarma/app/src/main/java/com/karma/sureshtrb/enKarma/6C2Aa.MahalayaTpnmActivity.kt:883:38 Unresolved reference 'mstartPos3'.
e: file:///Users/sureshbalasubramanian/Documents/Projects.nosync/Android_enKarma/enKarma/app/src/main/java/com/karma/sureshtrb/enKarma/6C2Aa.MahalayaTpnmActivity.kt:883:50 Unresolved reference 'mendPos3'.
e: file:///Users/sureshbalasubramanian/Documents/Projects.nosync/Android_enKarma/enKarma/app/src/main/java/com/karma/sureshtrb/enKarma/6C2Aa.MahalayaTpnmActivity.kt:884:38 Unresolved reference 'mstartPos4'.
e: file:///Users/sureshbalasubramanian/Documents/Projects.nosync/Android_enKarma/enKarma/app/src/main/java/com/karma/sureshtrb/enKarma/6C2Aa.MahalayaTpnmActivity.kt:884:50 Unresolved reference 'mendPos4'.
e: file:///Users/sureshbalasubramanian/Documents/Projects.nosync/Android_enKarma/enKarma/app/src/main/java/com/karma/sureshtrb/enKarma/6C2Aa.MahalayaTpnmActivity.kt:885:38 Unresolved reference 'mstartPos5'.
e: file:///Users/sureshbalasubramanian/Documents/Projects.nosync/Android_enKarma/enKarma/app/src/main/java/com/karma/sureshtrb/enKarma/6C2Aa.MahalayaTpnmActivity.kt:885:50 Unresolved reference 'mendPos5'.
e: file:///Users/sureshbalasubramanian/Documents/Projects.nosync/Android_enKarma/enKarma/app/src/main/java/com/karma/sureshtrb/enKarma/6C2Aa.MahalayaTpnmActivity.kt:886:38 Unresolved reference 'mstartPos6'.
e: file:///Users/sureshbalasubramanian/Documents/Projects.nosync/Android_enKarma/enKarma/app/src/main/java/com/karma/sureshtrb/enKarma/6C2Aa.MahalayaTpnmActivity.kt:886:50 Unresolved reference 'mendPos6'.
e: file:///Users/sureshbalasubramanian/Documents/Projects.nosync/Android_enKarma/enKarma/app/src/main/java/com/karma/sureshtrb/enKarma/6C2Aa.MahalayaTpnmActivity.kt:887:38 Unresolved reference 'mstartPos7'.
e: file:///Users/sureshbalasubramanian/Documents/Projects.nosync/Android_enKarma/enKarma/app/src/main/java/com/karma/sureshtrb/enKarma/6C2Aa.MahalayaTpnmActivity.kt:887:50 Unresolved reference 'mendPos7'.
e: file:///Users/sureshbalasubramanian/Documents/Projects.nosync/Android_enKarma/enKarma/app/src/main/java/com/karma/sureshtrb/enKarma/6C2Aa.MahalayaTpnmActivity.kt:888:38 Unresolved reference 'mstartPos8'.
e: file:///Users/sureshbalasubramanian/Documents/Projects.nosync/Android_enKarma/enKarma/app/src/main/java/com/karma/sureshtrb/enKarma/6C2Aa.MahalayaTpnmActivity.kt:888:50 Unresolved reference 'mendPos8'.
e: file:///Users/sureshbalasubramanian/Documents/Projects.nosync/Android_enKarma/enKarma/app/src/main/java/com/karma/sureshtrb/enKarma/6C2Aa.MahalayaTpnmActivity.kt:889:38 Unresolved reference 'mstartPos9'.
e: file:///Users/sureshbalasubramanian/Documents/Projects.nosync/Android_enKarma/enKarma/app/src/main/java/com/karma/sureshtrb/enKarma/6C2Aa.MahalayaTpnmActivity.kt:889:50 Unresolved reference 'mendPos9'.
e: file:///Users/sureshbalasubramanian/Documents/Projects.nosync/Android_enKarma/enKarma/app/src/main/java/com/karma/sureshtrb/enKarma/6C2Aa.MahalayaTpnmActivity.kt:890:38 Unresolved reference 'mstartPos10'.
e: file:///Users/sureshbalasubramanian/Documents/Projects.nosync/Android_enKarma/enKarma/app/src/main/java/com/karma/sureshtrb/enKarma/6C2Aa.MahalayaTpnmActivity.kt:890:51 Unresolved reference 'mendPos10'.
e: file:///Users/sureshbalasubramanian/Documents/Projects.nosync/Android_enKarma/enKarma/app/src/main/java/com/karma/sureshtrb/enKarma/6C2Aa.MahalayaTpnmActivity.kt:891:38 Unresolved reference 'mstartPos11'.
e: file:///Users/sureshbalasubramanian/Documents/Projects.nosync/Android_enKarma/enKarma/app/src/main/java/com/karma/sureshtrb/enKarma/6C2Aa.MahalayaTpnmActivity.kt:891:51 Unresolved reference 'mendPos11'.
e: file:///Users/sureshbalasubramanian/Documents/Projects.nosync/Android_enKarma/enKarma/app/src/main/java/com/karma/sureshtrb/enKarma/6C2Aa.MahalayaTpnmActivity.kt:892:38 Unresolved reference 'mstartPos12'.
e: file:///Users/sureshbalasubramanian/Documents/Projects.nosync/Android_enKarma/enKarma/app/src/main/java/com/karma/sureshtrb/enKarma/6C2Aa.MahalayaTpnmActivity.kt:892:51 Unresolved reference 'mendPos12'.
e: file:///Users/sureshbalasubramanian/Documents/Projects.nosync/Android_enKarma/enKarma/app/src/main/java/com/karma/sureshtrb/enKarma/6C2Aa.MahalayaTpnmActivity.kt:893:38 Unresolved reference 'mstartPos13'.
e: file:///Users/sureshbalasubramanian/Documents/Projects.nosync/Android_enKarma/enKarma/app/src/main/java/com/karma/sureshtrb/enKarma/6C2Aa.MahalayaTpnmActivity.kt:893:51 Unresolved reference 'mendPos13'.
e: file:///Users/sureshbalasubramanian/Documents/Projects.nosync/Android_enKarma/enKarma/app/src/main/java/com/karma/sureshtrb/enKarma/6C2Aa.MahalayaTpnmActivity.kt:894:38 Unresolved reference 'mstartPos14'.
e: file:///Users/sureshbalasubramanian/Documents/Projects.nosync/Android_enKarma/enKarma/app/src/main/java/com/karma/sureshtrb/enKarma/6C2Aa.MahalayaTpnmActivity.kt:894:51 Unresolved reference 'mendPos14'.
e: file:///Users/sureshbalasubramanian/Documents/Projects.nosync/Android_enKarma/enKarma/app/src/main/java/com/karma/sureshtrb/enKarma/6C2Aa.MahalayaTpnmActivity.kt:895:38 Unresolved reference 'mstartPos15'.
e: file:///Users/sureshbalasubramanian/Documents/Projects.nosync/Android_enKarma/enKarma/app/src/main/java/com/karma/sureshtrb/enKarma/6C2Aa.MahalayaTpnmActivity.kt:895:51 Unresolved reference 'mendPos15'.
e: file:///Users/sureshbalasubramanian/Documents/Projects.nosync/Android_enKarma/enKarma/app/src/main/java/com/karma/sureshtrb/enKarma/6C2Aa.MahalayaTpnmActivity.kt:896:38 Unresolved reference 'mstartPos16'.
e: file:///Users/sureshbalasubramanian/Documents/Projects.nosync/Android_enKarma/enKarma/app/src/main/java/com/karma/sureshtrb/enKarma/6C2Aa.MahalayaTpnmActivity.kt:896:51 Unresolved reference 'mendPos16'.
e: file:///Users/sureshbalasubramanian/Documents/Projects.nosync/Android_enKarma/enKarma/app/src/main/java/com/karma/sureshtrb/enKarma/6C2Aa.MahalayaTpnmActivity.kt:897:38 Unresolved reference 'mstartPos17'.
e: file:///Users/sureshbalasubramanian/Documents/Projects.nosync/Android_enKarma/enKarma/app/src/main/java/com/karma/sureshtrb/enKarma/6C2Aa.MahalayaTpnmActivity.kt:897:51 Unresolved reference 'mendPos17'.
e: file:///Users/sureshbalasubramanian/Documents/Projects.nosync/Android_enKarma/enKarma/app/src/main/java/com/karma/sureshtrb/enKarma/6C2Aa.MahalayaTpnmActivity.kt:899:76 Unresolved reference 'mtotalpages'.
e: file:///Users/sureshbalasubramanian/Documents/Projects.nosync/Android_enKarma/enKarma/app/src/main/java/com/karma/sureshtrb/enKarma/6C2Aa.MahalayaTpnmActivity.kt:906:26 Unresolved reference 'mtotalpages'.
e: file:///Users/sureshbalasubramanian/Documents/Projects.nosync/Android_enKarma/enKarma/app/src/main/java/com/karma/sureshtrb/enKarma/6C2Aa.MahalayaTpnmActivity.kt:923:9 Unresolved reference 'mtotalpages'.
e: file:///Users/sureshbalasubramanian/Documents/Projects.nosync/Android_enKarma/enKarma/app/src/main/java/com/karma/sureshtrb/enKarma/6C2Aa.MahalayaTpnmActivity.kt:924:33 Unresolved reference 'mtotalpages'.
e: file:///Users/sureshbalasubramanian/Documents/Projects.nosync/Android_enKarma/enKarma/app/src/main/java/com/karma/sureshtrb/enKarma/6C2Aa.MahalayaTpnmActivity.kt:927:25 Unresolved reference 'mtotalpages'.
e: file:///Users/sureshbalasubramanian/Documents/Projects.nosync/Android_enKarma/enKarma/app/src/main/java/com/karma/sureshtrb/enKarma/6C2Aa.MahalayaTpnmActivity.kt:967:13 Unresolved reference 'mtotalpages'.
e: file:///Users/sureshbalasubramanian/Documents/Projects.nosync/Android_enKarma/enKarma/app/src/main/java/com/karma/sureshtrb/enKarma/6C2Aa.MahalayaTpnmActivity.kt:968:37 Unresolved reference 'mtotalpages'.
e: file:///Users/sureshbalasubramanian/Documents/Projects.nosync/Android_enKarma/enKarma/app/src/main/java/com/karma/sureshtrb/enKarma/6C2Aa.MahalayaTpnmActivity.kt:974:29 Unresolved reference 'mtotalpages'.
e: file:///Users/sureshbalasubramanian/Documents/Projects.nosync/Android_enKarma/enKarma/app/src/main/java/com/karma/sureshtrb/enKarma/6C2Aa.MahalayaTpnmActivity.kt:1623:27 Argument type mismatch: actual type is 'android.text.SpannableString', but 'kotlin.String' was expected.
e: file:///Users/sureshbalasubramanian/Documents/Projects.nosync/Android_enKarma/enKarma/app/src/main/java/com/karma/sureshtrb/enKarma/6C2Aa.MahalayaTpnmActivity.kt:1969:26 Unresolved reference 'BOLD_ITALLIC'.
e: file:///Users/sureshbalasubramanian/Documents/Projects.nosync/Android_enKarma/enKarma/app/src/main/java/com/karma/sureshtrb/enKarma/6C2Aa.MahalayaTpnmActivity.kt:4653:13 'val' cannot be reassigned.
e: file:///Users/sureshbalasubramanian/Documents/Projects.nosync/Android_enKarma/enKarma/app/src/main/java/com/karma/sureshtrb/enKarma/6C2Aa.MahalayaTpnmActivity.kt:4654:17 Syntax error: Unexpected tokens (use ';' to separate expressions on the same line).

> Task :app:compileDebugKotlin FAILED

> Task :app:compileReleaseKotlin
e: file:///Users/sureshbalasubramanian/Documents/Projects.nosync/Android_enKarma/enKarma/app/src/main/java/com/karma/sureshtrb/enKarma/6C2Aa.MahalayaTpnmActivity.kt:825:1 Modifier 'override' is not applicable to 'top level function'.
e: file:///Users/sureshbalasubramanian/Documents/Projects.nosync/Android_enKarma/enKarma/app/src/main/java/com/karma/sureshtrb/enKarma/6C2Aa.MahalayaTpnmActivity.kt:826:5 No supertypes are accessible in this context.
e: file:///Users/sureshbalasubramanian/Documents/Projects.nosync/Android_enKarma/enKarma/app/src/main/java/com/karma/sureshtrb/enKarma/6C2Aa.MahalayaTpnmActivity.kt:828:51 Unresolved reference 'layoutInflater'.
e: file:///Users/sureshbalasubramanian/Documents/Projects.nosync/Android_enKarma/enKarma/app/src/main/java/com/karma/sureshtrb/enKarma/6C2Aa.MahalayaTpnmActivity.kt:829:5 Unresolved reference 'setContentView'.
e: file:///Users/sureshbalasubramanian/Documents/Projects.nosync/Android_enKarma/enKarma/app/src/main/java/com/karma/sureshtrb/enKarma/6C2Aa.MahalayaTpnmActivity.kt:835:9 Unresolved reference 'intent'.
e: file:///Users/sureshbalasubramanian/Documents/Projects.nosync/Android_enKarma/enKarma/app/src/main/java/com/karma/sureshtrb/enKarma/6C2Aa.MahalayaTpnmActivity.kt:843:22 Unresolved reference 'intent'.
e: file:///Users/sureshbalasubramanian/Documents/Projects.nosync/Android_enKarma/enKarma/app/src/main/java/com/karma/sureshtrb/enKarma/6C2Aa.MahalayaTpnmActivity.kt:844:22 Unresolved reference 'intent'.
e: file:///Users/sureshbalasubramanian/Documents/Projects.nosync/Android_enKarma/enKarma/app/src/main/java/com/karma/sureshtrb/enKarma/6C2Aa.MahalayaTpnmActivity.kt:851:26 Unresolved reference 'intent'.
e: file:///Users/sureshbalasubramanian/Documents/Projects.nosync/Android_enKarma/enKarma/app/src/main/java/com/karma/sureshtrb/enKarma/6C2Aa.MahalayaTpnmActivity.kt:852:23 Unresolved reference 'intent'.
e: file:///Users/sureshbalasubramanian/Documents/Projects.nosync/Android_enKarma/enKarma/app/src/main/java/com/karma/sureshtrb/enKarma/6C2Aa.MahalayaTpnmActivity.kt:853:25 Unresolved reference 'intent'.
e: file:///Users/sureshbalasubramanian/Documents/Projects.nosync/Android_enKarma/enKarma/app/src/main/java/com/karma/sureshtrb/enKarma/6C2Aa.MahalayaTpnmActivity.kt:856:5 Unresolved reference 'supportActionBar'.
e: file:///Users/sureshbalasubramanian/Documents/Projects.nosync/Android_enKarma/enKarma/app/src/main/java/com/karma/sureshtrb/enKarma/6C2Aa.MahalayaTpnmActivity.kt:856:24 Unresolved reference 'setHomeAsUpIndicator'.
e: file:///Users/sureshbalasubramanian/Documents/Projects.nosync/Android_enKarma/enKarma/app/src/main/java/com/karma/sureshtrb/enKarma/6C2Aa.MahalayaTpnmActivity.kt:857:5 Unresolved reference 'supportActionBar'.
e: file:///Users/sureshbalasubramanian/Documents/Projects.nosync/Android_enKarma/enKarma/app/src/main/java/com/karma/sureshtrb/enKarma/6C2Aa.MahalayaTpnmActivity.kt:857:24 Unresolved reference 'setDisplayHomeAsUpEnabled'.
e: file:///Users/sureshbalasubramanian/Documents/Projects.nosync/Android_enKarma/enKarma/app/src/main/java/com/karma/sureshtrb/enKarma/6C2Aa.MahalayaTpnmActivity.kt:858:5 Unresolved reference 'supportActionBar'.
e: file:///Users/sureshbalasubramanian/Documents/Projects.nosync/Android_enKarma/enKarma/app/src/main/java/com/karma/sureshtrb/enKarma/6C2Aa.MahalayaTpnmActivity.kt:858:24 Unresolved reference 'subtitle'.
e: file:///Users/sureshbalasubramanian/Documents/Projects.nosync/Android_enKarma/enKarma/app/src/main/java/com/karma/sureshtrb/enKarma/6C2Aa.MahalayaTpnmActivity.kt:859:5 Unresolved reference 'supportActionBar'.
e: file:///Users/sureshbalasubramanian/Documents/Projects.nosync/Android_enKarma/enKarma/app/src/main/java/com/karma/sureshtrb/enKarma/6C2Aa.MahalayaTpnmActivity.kt:859:24 Unresolved reference 'setDisplayShowHomeEnabled'.
e: file:///Users/sureshbalasubramanian/Documents/Projects.nosync/Android_enKarma/enKarma/app/src/main/java/com/karma/sureshtrb/enKarma/6C2Aa.MahalayaTpnmActivity.kt:860:5 Unresolved reference 'supportActionBar'.
e: file:///Users/sureshbalasubramanian/Documents/Projects.nosync/Android_enKarma/enKarma/app/src/main/java/com/karma/sureshtrb/enKarma/6C2Aa.MahalayaTpnmActivity.kt:860:24 Unresolved reference 'setLogo'.
e: file:///Users/sureshbalasubramanian/Documents/Projects.nosync/Android_enKarma/enKarma/app/src/main/java/com/karma/sureshtrb/enKarma/6C2Aa.MahalayaTpnmActivity.kt:861:5 Unresolved reference 'supportActionBar'.
e: file:///Users/sureshbalasubramanian/Documents/Projects.nosync/Android_enKarma/enKarma/app/src/main/java/com/karma/sureshtrb/enKarma/6C2Aa.MahalayaTpnmActivity.kt:861:24 Unresolved reference 'setDisplayUseLogoEnabled'.
e: file:///Users/sureshbalasubramanian/Documents/Projects.nosync/Android_enKarma/enKarma/app/src/main/java/com/karma/sureshtrb/enKarma/6C2Aa.MahalayaTpnmActivity.kt:862:5 Unresolved reference 'trial'.
e: file:///Users/sureshbalasubramanian/Documents/Projects.nosync/Android_enKarma/enKarma/app/src/main/java/com/karma/sureshtrb/enKarma/6C2Aa.MahalayaTpnmActivity.kt:863:5 Unresolved reference 'bottomPithruKoorcham'.
e: file:///Users/sureshbalasubramanian/Documents/Projects.nosync/Android_enKarma/enKarma/app/src/main/java/com/karma/sureshtrb/enKarma/6C2Aa.MahalayaTpnmActivity.kt:864:5 Unresolved reference 'executeData'.
e: file:///Users/sureshbalasubramanian/Documents/Projects.nosync/Android_enKarma/enKarma/app/src/main/java/com/karma/sureshtrb/enKarma/6C2Aa.MahalayaTpnmActivity.kt:876:38 Unresolved reference 'getApplicationContext'.
e: file:///Users/sureshbalasubramanian/Documents/Projects.nosync/Android_enKarma/enKarma/app/src/main/java/com/karma/sureshtrb/enKarma/6C2Aa.MahalayaTpnmActivity.kt:881:38 Unresolved reference 'mstartPos1'.
e: file:///Users/sureshbalasubramanian/Documents/Projects.nosync/Android_enKarma/enKarma/app/src/main/java/com/karma/sureshtrb/enKarma/6C2Aa.MahalayaTpnmActivity.kt:881:50 Unresolved reference 'mendPos1'.
e: file:///Users/sureshbalasubramanian/Documents/Projects.nosync/Android_enKarma/enKarma/app/src/main/java/com/karma/sureshtrb/enKarma/6C2Aa.MahalayaTpnmActivity.kt:882:38 Unresolved reference 'mstartPos2'.
e: file:///Users/sureshbalasubramanian/Documents/Projects.nosync/Android_enKarma/enKarma/app/src/main/java/com/karma/sureshtrb/enKarma/6C2Aa.MahalayaTpnmActivity.kt:882:50 Unresolved reference 'mendPos2'.
e: file:///Users/sureshbalasubramanian/Documents/Projects.nosync/Android_enKarma/enKarma/app/src/main/java/com/karma/sureshtrb/enKarma/6C2Aa.MahalayaTpnmActivity.kt:883:38 Unresolved reference 'mstartPos3'.
e: file:///Users/sureshbalasubramanian/Documents/Projects.nosync/Android_enKarma/enKarma/app/src/main/java/com/karma/sureshtrb/enKarma/6C2Aa.MahalayaTpnmActivity.kt:883:50 Unresolved reference 'mendPos3'.
e: file:///Users/sureshbalasubramanian/Documents/Projects.nosync/Android_enKarma/enKarma/app/src/main/java/com/karma/sureshtrb/enKarma/6C2Aa.MahalayaTpnmActivity.kt:884:38 Unresolved reference 'mstartPos4'.
e: file:///Users/sureshbalasubramanian/Documents/Projects.nosync/Android_enKarma/enKarma/app/src/main/java/com/karma/sureshtrb/enKarma/6C2Aa.MahalayaTpnmActivity.kt:884:50 Unresolved reference 'mendPos4'.
e: file:///Users/sureshbalasubramanian/Documents/Projects.nosync/Android_enKarma/enKarma/app/src/main/java/com/karma/sureshtrb/enKarma/6C2Aa.MahalayaTpnmActivity.kt:885:38 Unresolved reference 'mstartPos5'.
e: file:///Users/sureshbalasubramanian/Documents/Projects.nosync/Android_enKarma/enKarma/app/src/main/java/com/karma/sureshtrb/enKarma/6C2Aa.MahalayaTpnmActivity.kt:885:50 Unresolved reference 'mendPos5'.
e: file:///Users/sureshbalasubramanian/Documents/Projects.nosync/Android_enKarma/enKarma/app/src/main/java/com/karma/sureshtrb/enKarma/6C2Aa.MahalayaTpnmActivity.kt:886:38 Unresolved reference 'mstartPos6'.
e: file:///Users/sureshbalasubramanian/Documents/Projects.nosync/Android_enKarma/enKarma/app/src/main/java/com/karma/sureshtrb/enKarma/6C2Aa.MahalayaTpnmActivity.kt:886:50 Unresolved reference 'mendPos6'.
e: file:///Users/sureshbalasubramanian/Documents/Projects.nosync/Android_enKarma/enKarma/app/src/main/java/com/karma/sureshtrb/enKarma/6C2Aa.MahalayaTpnmActivity.kt:887:38 Unresolved reference 'mstartPos7'.
e: file:///Users/sureshbalasubramanian/Documents/Projects.nosync/Android_enKarma/enKarma/app/src/main/java/com/karma/sureshtrb/enKarma/6C2Aa.MahalayaTpnmActivity.kt:887:50 Unresolved reference 'mendPos7'.
e: file:///Users/sureshbalasubramanian/Documents/Projects.nosync/Android_enKarma/enKarma/app/src/main/java/com/karma/sureshtrb/enKarma/6C2Aa.MahalayaTpnmActivity.kt:888:38 Unresolved reference 'mstartPos8'.
e: file:///Users/sureshbalasubramanian/Documents/Projects.nosync/Android_enKarma/enKarma/app/src/main/java/com/karma/sureshtrb/enKarma/6C2Aa.MahalayaTpnmActivity.kt:888:50 Unresolved reference 'mendPos8'.
e: file:///Users/sureshbalasubramanian/Documents/Projects.nosync/Android_enKarma/enKarma/app/src/main/java/com/karma/sureshtrb/enKarma/6C2Aa.MahalayaTpnmActivity.kt:889:38 Unresolved reference 'mstartPos9'.
e: file:///Users/sureshbalasubramanian/Documents/Projects.nosync/Android_enKarma/enKarma/app/src/main/java/com/karma/sureshtrb/enKarma/6C2Aa.MahalayaTpnmActivity.kt:889:50 Unresolved reference 'mendPos9'.
e: file:///Users/sureshbalasubramanian/Documents/Projects.nosync/Android_enKarma/enKarma/app/src/main/java/com/karma/sureshtrb/enKarma/6C2Aa.MahalayaTpnmActivity.kt:890:38 Unresolved reference 'mstartPos10'.
e: file:///Users/sureshbalasubramanian/Documents/Projects.nosync/Android_enKarma/enKarma/app/src/main/java/com/karma/sureshtrb/enKarma/6C2Aa.MahalayaTpnmActivity.kt:890:51 Unresolved reference 'mendPos10'.
e: file:///Users/sureshbalasubramanian/Documents/Projects.nosync/Android_enKarma/enKarma/app/src/main/java/com/karma/sureshtrb/enKarma/6C2Aa.MahalayaTpnmActivity.kt:891:38 Unresolved reference 'mstartPos11'.
e: file:///Users/sureshbalasubramanian/Documents/Projects.nosync/Android_enKarma/enKarma/app/src/main/java/com/karma/sureshtrb/enKarma/6C2Aa.MahalayaTpnmActivity.kt:891:51 Unresolved reference 'mendPos11'.
e: file:///Users/sureshbalasubramanian/Documents/Projects.nosync/Android_enKarma/enKarma/app/src/main/java/com/karma/sureshtrb/enKarma/6C2Aa.MahalayaTpnmActivity.kt:892:38 Unresolved reference 'mstartPos12'.
e: file:///Users/sureshbalasubramanian/Documents/Projects.nosync/Android_enKarma/enKarma/app/src/main/java/com/karma/sureshtrb/enKarma/6C2Aa.MahalayaTpnmActivity.kt:892:51 Unresolved reference 'mendPos12'.
e: file:///Users/sureshbalasubramanian/Documents/Projects.nosync/Android_enKarma/enKarma/app/src/main/java/com/karma/sureshtrb/enKarma/6C2Aa.MahalayaTpnmActivity.kt:893:38 Unresolved reference 'mstartPos13'.
e: file:///Users/sureshbalasubramanian/Documents/Projects.nosync/Android_enKarma/enKarma/app/src/main/java/com/karma/sureshtrb/enKarma/6C2Aa.MahalayaTpnmActivity.kt:893:51 Unresolved reference 'mendPos13'.
e: file:///Users/sureshbalasubramanian/Documents/Projects.nosync/Android_enKarma/enKarma/app/src/main/java/com/karma/sureshtrb/enKarma/6C2Aa.MahalayaTpnmActivity.kt:894:38 Unresolved reference 'mstartPos14'.
e: file:///Users/sureshbalasubramanian/Documents/Projects.nosync/Android_enKarma/enKarma/app/src/main/java/com/karma/sureshtrb/enKarma/6C2Aa.MahalayaTpnmActivity.kt:894:51 Unresolved reference 'mendPos14'.
e: file:///Users/sureshbalasubramanian/Documents/Projects.nosync/Android_enKarma/enKarma/app/src/main/java/com/karma/sureshtrb/enKarma/6C2Aa.MahalayaTpnmActivity.kt:895:38 Unresolved reference 'mstartPos15'.
e: file:///Users/sureshbalasubramanian/Documents/Projects.nosync/Android_enKarma/enKarma/app/src/main/java/com/karma/sureshtrb/enKarma/6C2Aa.MahalayaTpnmActivity.kt:895:51 Unresolved reference 'mendPos15'.
e: file:///Users/sureshbalasubramanian/Documents/Projects.nosync/Android_enKarma/enKarma/app/src/main/java/com/karma/sureshtrb/enKarma/6C2Aa.MahalayaTpnmActivity.kt:896:38 Unresolved reference 'mstartPos16'.
e: file:///Users/sureshbalasubramanian/Documents/Projects.nosync/Android_enKarma/enKarma/app/src/main/java/com/karma/sureshtrb/enKarma/6C2Aa.MahalayaTpnmActivity.kt:896:51 Unresolved reference 'mendPos16'.
e: file:///Users/sureshbalasubramanian/Documents/Projects.nosync/Android_enKarma/enKarma/app/src/main/java/com/karma/sureshtrb/enKarma/6C2Aa.MahalayaTpnmActivity.kt:897:38 Unresolved reference 'mstartPos17'.
e: file:///Users/sureshbalasubramanian/Documents/Projects.nosync/Android_enKarma/enKarma/app/src/main/java/com/karma/sureshtrb/enKarma/6C2Aa.MahalayaTpnmActivity.kt:897:51 Unresolved reference 'mendPos17'.
e: file:///Users/sureshbalasubramanian/Documents/Projects.nosync/Android_enKarma/enKarma/app/src/main/java/com/karma/sureshtrb/enKarma/6C2Aa.MahalayaTpnmActivity.kt:899:76 Unresolved reference 'mtotalpages'.
e: file:///Users/sureshbalasubramanian/Documents/Projects.nosync/Android_enKarma/enKarma/app/src/main/java/com/karma/sureshtrb/enKarma/6C2Aa.MahalayaTpnmActivity.kt:906:26 Unresolved reference 'mtotalpages'.
e: file:///Users/sureshbalasubramanian/Documents/Projects.nosync/Android_enKarma/enKarma/app/src/main/java/com/karma/sureshtrb/enKarma/6C2Aa.MahalayaTpnmActivity.kt:923:9 Unresolved reference 'mtotalpages'.
e: file:///Users/sureshbalasubramanian/Documents/Projects.nosync/Android_enKarma/enKarma/app/src/main/java/com/karma/sureshtrb/enKarma/6C2Aa.MahalayaTpnmActivity.kt:924:33 Unresolved reference 'mtotalpages'.
e: file:///Users/sureshbalasubramanian/Documents/Projects.nosync/Android_enKarma/enKarma/app/src/main/java/com/karma/sureshtrb/enKarma/6C2Aa.MahalayaTpnmActivity.kt:927:25 Unresolved reference 'mtotalpages'.
e: file:///Users/sureshbalasubramanian/Documents/Projects.nosync/Android_enKarma/enKarma/app/src/main/java/com/karma/sureshtrb/enKarma/6C2Aa.MahalayaTpnmActivity.kt:967:13 Unresolved reference 'mtotalpages'.
e: file:///Users/sureshbalasubramanian/Documents/Projects.nosync/Android_enKarma/enKarma/app/src/main/java/com/karma/sureshtrb/enKarma/6C2Aa.MahalayaTpnmActivity.kt:968:37 Unresolved reference 'mtotalpages'.
e: file:///Users/sureshbalasubramanian/Documents/Projects.nosync/Android_enKarma/enKarma/app/src/main/java/com/karma/sureshtrb/enKarma/6C2Aa.MahalayaTpnmActivity.kt:974:29 Unresolved reference 'mtotalpages'.
e: file:///Users/sureshbalasubramanian/Documents/Projects.nosync/Android_enKarma/enKarma/app/src/main/java/com/karma/sureshtrb/enKarma/6C2Aa.MahalayaTpnmActivity.kt:1623:27 Argument type mismatch: actual type is 'android.text.SpannableString', but 'kotlin.String' was expected.
e: file:///Users/sureshbalasubramanian/Documents/Projects.nosync/Android_enKarma/enKarma/app/src/main/java/com/karma/sureshtrb/enKarma/6C2Aa.MahalayaTpnmActivity.kt:1969:26 Unresolved reference 'BOLD_ITALLIC'.
e: file:///Users/sureshbalasubramanian/Documents/Projects.nosync/Android_enKarma/enKarma/app/src/main/java/com/karma/sureshtrb/enKarma/6C2Aa.MahalayaTpnmActivity.kt:4653:13 'val' cannot be reassigned.
e: file:///Users/sureshbalasubramanian/Documents/Projects.nosync/Android_enKarma/enKarma/app/src/main/java/com/karma/sureshtrb/enKarma/6C2Aa.MahalayaTpnmActivity.kt:4654:17 Syntax error: Unexpected tokens (use ';' to separate expressions on the same line).

> Task :app:compileReleaseKotlin FAILED

FAILURE: Build completed with 2 failures.

1: Task failed with an exception.
-----------
* What went wrong:
Execution failed for task ':app:compileDebugKotlin'.
> A failure occurred while executing org.jetbrains.kotlin.compilerRunner.GradleCompilerRunnerWithWorkers$GradleKotlinCompilerWorkAction
   > Compilation error. See log for more details

* Try:
> Run with --info or --debug option to get more log output.
> Run with --scan to get full insights.
> Get more help at https://help.gradle.org.

* Exception is:
org.gradle.api.tasks.TaskExecutionException: Execution failed for task ':app:compileDebugKotlin'.
        at org.gradle.api.internal.tasks.execution.ExecuteActionsTaskExecuter.lambda$executeIfValid$1(ExecuteActionsTaskExecuter.java:130)
        at org.gradle.internal.Try$Failure.ifSuccessfulOrElse(Try.java:282)
        at org.gradle.api.internal.tasks.execution.ExecuteActionsTaskExecuter.executeIfValid(ExecuteActionsTaskExecuter.java:128)
        at org.gradle.api.internal.tasks.execution.ExecuteActionsTaskExecuter.execute(ExecuteActionsTaskExecuter.java:116)
        at org.gradle.api.internal.tasks.execution.FinalizePropertiesTaskExecuter.execute(FinalizePropertiesTaskExecuter.java:46)
        at org.gradle.api.internal.tasks.execution.ResolveTaskExecutionModeExecuter.execute(ResolveTaskExecutionModeExecuter.java:51)
        at org.gradle.api.internal.tasks.execution.SkipTaskWithNoActionsExecuter.execute(SkipTaskWithNoActionsExecuter.java:57)
        at org.gradle.api.internal.tasks.execution.SkipOnlyIfTaskExecuter.execute(SkipOnlyIfTaskExecuter.java:74)
        at org.gradle.api.internal.tasks.execution.CatchExceptionTaskExecuter.execute(CatchExceptionTaskExecuter.java:36)
        at org.gradle.api.internal.tasks.execution.EventFiringTaskExecuter$1.executeTask(EventFiringTaskExecuter.java:77)
        at org.gradle.api.internal.tasks.execution.EventFiringTaskExecuter$1.call(EventFiringTaskExecuter.java:55)
        at org.gradle.api.internal.tasks.execution.EventFiringTaskExecuter$1.call(EventFiringTaskExecuter.java:52)
        at org.gradle.internal.operations.DefaultBuildOperationRunner$CallableBuildOperationWorker.execute(DefaultBuildOperationRunner.java:200)
        at org.gradle.internal.operations.DefaultBuildOperationRunner$CallableBuildOperationWorker.execute(DefaultBuildOperationRunner.java:195)
        at org.gradle.internal.operations.DefaultBuildOperationRunner$2.execute(DefaultBuildOperationRunner.java:66)
        at org.gradle.internal.operations.DefaultBuildOperationRunner$2.execute(DefaultBuildOperationRunner.java:59)
        at org.gradle.internal.operations.DefaultBuildOperationRunner.execute(DefaultBuildOperationRunner.java:157)
        at org.gradle.internal.operations.DefaultBuildOperationRunner.execute(DefaultBuildOperationRunner.java:59)
        at org.gradle.internal.operations.DefaultBuildOperationRunner.call(DefaultBuildOperationRunner.java:53)
        at org.gradle.internal.operations.DefaultBuildOperationExecutor.call(DefaultBuildOperationExecutor.java:73)
        at org.gradle.api.internal.tasks.execution.EventFiringTaskExecuter.execute(EventFiringTaskExecuter.java:52)
        at org.gradle.execution.plan.LocalTaskNodeExecutor.execute(LocalTaskNodeExecutor.java:42)
        at org.gradle.execution.taskgraph.DefaultTaskExecutionGraph$InvokeNodeExecutorsAction.execute(DefaultTaskExecutionGraph.java:331)
        at org.gradle.execution.taskgraph.DefaultTaskExecutionGraph$InvokeNodeExecutorsAction.execute(DefaultTaskExecutionGraph.java:318)
        at org.gradle.execution.taskgraph.DefaultTaskExecutionGraph$BuildOperationAwareExecutionAction.lambda$execute$0(DefaultTaskExecutionGraph.java:314)
        at org.gradle.internal.operations.CurrentBuildOperationRef.with(CurrentBuildOperationRef.java:80)
        at org.gradle.execution.taskgraph.DefaultTaskExecutionGraph$BuildOperationAwareExecutionAction.execute(DefaultTaskExecutionGraph.java:314)
        at org.gradle.execution.taskgraph.DefaultTaskExecutionGraph$BuildOperationAwareExecutionAction.execute(DefaultTaskExecutionGraph.java:303)
        at org.gradle.execution.plan.DefaultPlanExecutor$ExecutorWorker.execute(DefaultPlanExecutor.java:463)
        at org.gradle.execution.plan.DefaultPlanExecutor$ExecutorWorker.run(DefaultPlanExecutor.java:380)
        at org.gradle.execution.plan.DefaultPlanExecutor.process(DefaultPlanExecutor.java:116)
        at org.gradle.execution.taskgraph.DefaultTaskExecutionGraph.executeWithServices(DefaultTaskExecutionGraph.java:138)
        at org.gradle.execution.taskgraph.DefaultTaskExecutionGraph.execute(DefaultTaskExecutionGraph.java:123)
        at org.gradle.execution.SelectedTaskExecutionAction.execute(SelectedTaskExecutionAction.java:35)
        at org.gradle.execution.DryRunBuildExecutionAction.execute(DryRunBuildExecutionAction.java:51)
        at org.gradle.execution.BuildOperationFiringBuildWorkerExecutor$ExecuteTasks.call(BuildOperationFiringBuildWorkerExecutor.java:54)
        at org.gradle.execution.BuildOperationFiringBuildWorkerExecutor$ExecuteTasks.call(BuildOperationFiringBuildWorkerExecutor.java:43)
        at org.gradle.internal.operations.DefaultBuildOperationRunner$CallableBuildOperationWorker.execute(DefaultBuildOperationRunner.java:200)
        at org.gradle.internal.operations.DefaultBuildOperationRunner$CallableBuildOperationWorker.execute(DefaultBuildOperationRunner.java:195)
        at org.gradle.internal.operations.DefaultBuildOperationRunner$2.execute(DefaultBuildOperationRunner.java:66)
        at org.gradle.internal.operations.DefaultBuildOperationRunner$2.execute(DefaultBuildOperationRunner.java:59)
        at org.gradle.internal.operations.DefaultBuildOperationRunner.execute(DefaultBuildOperationRunner.java:157)
        at org.gradle.internal.operations.DefaultBuildOperationRunner.execute(DefaultBuildOperationRunner.java:59)
        at org.gradle.internal.operations.DefaultBuildOperationRunner.call(DefaultBuildOperationRunner.java:53)
        at org.gradle.internal.operations.DefaultBuildOperationExecutor.call(DefaultBuildOperationExecutor.java:73)
        at org.gradle.execution.BuildOperationFiringBuildWorkerExecutor.execute(BuildOperationFiringBuildWorkerExecutor.java:40)
        at org.gradle.internal.build.DefaultBuildLifecycleController.lambda$executeTasks$10(DefaultBuildLifecycleController.java:313)
        at org.gradle.internal.model.StateTransitionController.doTransition(StateTransitionController.java:266)
        at org.gradle.internal.model.StateTransitionController.lambda$tryTransition$8(StateTransitionController.java:177)
        at org.gradle.internal.work.DefaultSynchronizer.withLock(DefaultSynchronizer.java:44)
        at org.gradle.internal.model.StateTransitionController.tryTransition(StateTransitionController.java:177)
        at org.gradle.internal.build.DefaultBuildLifecycleController.executeTasks(DefaultBuildLifecycleController.java:304)
        at org.gradle.internal.build.DefaultBuildWorkGraphController$DefaultBuildWorkGraph.runWork(DefaultBuildWorkGraphController.java:220)
        at org.gradle.internal.work.DefaultWorkerLeaseService.withLocks(DefaultWorkerLeaseService.java:264)
        at org.gradle.internal.work.DefaultWorkerLeaseService.runAsWorkerThread(DefaultWorkerLeaseService.java:128)
        at org.gradle.composite.internal.DefaultBuildController.doRun(DefaultBuildController.java:181)
        at org.gradle.composite.internal.DefaultBuildController.access$000(DefaultBuildController.java:50)
        at org.gradle.composite.internal.DefaultBuildController$BuildOpRunnable.lambda$run$0(DefaultBuildController.java:198)
        at org.gradle.internal.operations.CurrentBuildOperationRef.with(CurrentBuildOperationRef.java:80)
        at org.gradle.composite.internal.DefaultBuildController$BuildOpRunnable.run(DefaultBuildController.java:198)
        at org.gradle.internal.concurrent.ExecutorPolicy$CatchAndRecordFailures.onExecute(ExecutorPolicy.java:64)
        at org.gradle.internal.concurrent.AbstractManagedExecutor$1.run(AbstractManagedExecutor.java:47)
Caused by: org.gradle.workers.internal.DefaultWorkerExecutor$WorkExecutionException: A failure occurred while executing org.jetbrains.kotlin.compilerRunner.GradleCompilerRunnerWithWorkers$GradleKotlinCompilerWorkAction
        at org.gradle.workers.internal.DefaultWorkerExecutor$WorkItemExecution.waitForCompletion(DefaultWorkerExecutor.java:287)
        at org.gradle.internal.work.DefaultAsyncWorkTracker.lambda$waitForItemsAndGatherFailures$2(DefaultAsyncWorkTracker.java:130)
        at org.gradle.internal.Factories$1.create(Factories.java:31)
        at org.gradle.internal.work.DefaultWorkerLeaseService.withoutLocks(DefaultWorkerLeaseService.java:336)
        at org.gradle.internal.work.DefaultWorkerLeaseService.withoutLocks(DefaultWorkerLeaseService.java:319)
        at org.gradle.internal.work.DefaultWorkerLeaseService.withoutLock(DefaultWorkerLeaseService.java:324)
        at org.gradle.internal.work.DefaultAsyncWorkTracker.waitForItemsAndGatherFailures(DefaultAsyncWorkTracker.java:126)
        at org.gradle.internal.work.DefaultAsyncWorkTracker.waitForItemsAndGatherFailures(DefaultAsyncWorkTracker.java:92)
        at org.gradle.internal.work.DefaultAsyncWorkTracker.waitForAll(DefaultAsyncWorkTracker.java:78)
        at org.gradle.internal.work.DefaultAsyncWorkTracker.waitForCompletion(DefaultAsyncWorkTracker.java:66)
        at org.gradle.api.internal.tasks.execution.TaskExecution$3.run(TaskExecution.java:252)
        at org.gradle.internal.operations.DefaultBuildOperationRunner$1.execute(DefaultBuildOperationRunner.java:29)
        at org.gradle.internal.operations.DefaultBuildOperationRunner$1.execute(DefaultBuildOperationRunner.java:26)
        at org.gradle.internal.operations.DefaultBuildOperationRunner$2.execute(DefaultBuildOperationRunner.java:66)
        at org.gradle.internal.operations.DefaultBuildOperationRunner$2.execute(DefaultBuildOperationRunner.java:59)
        at org.gradle.internal.operations.DefaultBuildOperationRunner.execute(DefaultBuildOperationRunner.java:157)
        at org.gradle.internal.operations.DefaultBuildOperationRunner.execute(DefaultBuildOperationRunner.java:59)
        at org.gradle.internal.operations.DefaultBuildOperationRunner.run(DefaultBuildOperationRunner.java:47)
        at org.gradle.internal.operations.DefaultBuildOperationExecutor.run(DefaultBuildOperationExecutor.java:68)
        at org.gradle.api.internal.tasks.execution.TaskExecution.executeAction(TaskExecution.java:229)
        at org.gradle.api.internal.tasks.execution.TaskExecution.executeActions(TaskExecution.java:212)
        at org.gradle.api.internal.tasks.execution.TaskExecution.executeWithPreviousOutputFiles(TaskExecution.java:195)
        at org.gradle.api.internal.tasks.execution.TaskExecution.execute(TaskExecution.java:162)
        at org.gradle.internal.execution.steps.ExecuteStep.executeInternal(ExecuteStep.java:105)
        at org.gradle.internal.execution.steps.ExecuteStep.access$000(ExecuteStep.java:44)
        at org.gradle.internal.execution.steps.ExecuteStep$1.call(ExecuteStep.java:59)
        at org.gradle.internal.execution.steps.ExecuteStep$1.call(ExecuteStep.java:56)
        at org.gradle.internal.operations.DefaultBuildOperationRunner$CallableBuildOperationWorker.execute(DefaultBuildOperationRunner.java:200)
        at org.gradle.internal.operations.DefaultBuildOperationRunner$CallableBuildOperationWorker.execute(DefaultBuildOperationRunner.java:195)
        at org.gradle.internal.operations.DefaultBuildOperationRunner$2.execute(DefaultBuildOperationRunner.java:66)
        at org.gradle.internal.operations.DefaultBuildOperationRunner$2.execute(DefaultBuildOperationRunner.java:59)
        at org.gradle.internal.operations.DefaultBuildOperationRunner.execute(DefaultBuildOperationRunner.java:157)
        at org.gradle.internal.operations.DefaultBuildOperationRunner.execute(DefaultBuildOperationRunner.java:59)
        at org.gradle.internal.operations.DefaultBuildOperationRunner.call(DefaultBuildOperationRunner.java:53)
        at org.gradle.internal.operations.DefaultBuildOperationExecutor.call(DefaultBuildOperationExecutor.java:73)
        at org.gradle.internal.execution.steps.ExecuteStep.execute(ExecuteStep.java:56)
        at org.gradle.internal.execution.steps.ExecuteStep.execute(ExecuteStep.java:44)
        at org.gradle.internal.execution.steps.CancelExecutionStep.execute(CancelExecutionStep.java:41)
        at org.gradle.internal.execution.steps.TimeoutStep.executeWithoutTimeout(TimeoutStep.java:74)
        at org.gradle.internal.execution.steps.TimeoutStep.execute(TimeoutStep.java:55)
        at org.gradle.internal.execution.steps.PreCreateOutputParentsStep.execute(PreCreateOutputParentsStep.java:50)
        at org.gradle.internal.execution.steps.PreCreateOutputParentsStep.execute(PreCreateOutputParentsStep.java:28)
        at org.gradle.internal.execution.steps.RemovePreviousOutputsStep.execute(RemovePreviousOutputsStep.java:67)
        at org.gradle.internal.execution.steps.RemovePreviousOutputsStep.execute(RemovePreviousOutputsStep.java:37)
        at org.gradle.internal.execution.steps.BroadcastChangingOutputsStep.execute(BroadcastChangingOutputsStep.java:61)
        at org.gradle.internal.execution.steps.BroadcastChangingOutputsStep.execute(BroadcastChangingOutputsStep.java:26)
        at org.gradle.internal.execution.steps.CaptureOutputsAfterExecutionStep.execute(CaptureOutputsAfterExecutionStep.java:67)
        at org.gradle.internal.execution.steps.CaptureOutputsAfterExecutionStep.execute(CaptureOutputsAfterExecutionStep.java:45)
        at org.gradle.internal.execution.steps.ResolveInputChangesStep.execute(ResolveInputChangesStep.java:40)
        at org.gradle.internal.execution.steps.ResolveInputChangesStep.execute(ResolveInputChangesStep.java:29)
        at org.gradle.internal.execution.steps.BuildCacheStep.executeWithoutCache(BuildCacheStep.java:189)
        at org.gradle.internal.execution.steps.BuildCacheStep.executeAndStoreInCache(BuildCacheStep.java:145)
        at org.gradle.internal.execution.steps.BuildCacheStep.lambda$executeWithCache$4(BuildCacheStep.java:101)
        at org.gradle.internal.execution.steps.BuildCacheStep.lambda$executeWithCache$5(BuildCacheStep.java:101)
        at org.gradle.internal.Try$Success.map(Try.java:164)
        at org.gradle.internal.execution.steps.BuildCacheStep.executeWithCache(BuildCacheStep.java:85)
        at org.gradle.internal.execution.steps.BuildCacheStep.lambda$execute$0(BuildCacheStep.java:74)
        at org.gradle.internal.Either$Left.fold(Either.java:115)
        at org.gradle.internal.execution.caching.CachingState.fold(CachingState.java:62)
        at org.gradle.internal.execution.steps.BuildCacheStep.execute(BuildCacheStep.java:73)
        at org.gradle.internal.execution.steps.BuildCacheStep.execute(BuildCacheStep.java:48)
        at org.gradle.internal.execution.steps.StoreExecutionStateStep.execute(StoreExecutionStateStep.java:46)
        at org.gradle.internal.execution.steps.StoreExecutionStateStep.execute(StoreExecutionStateStep.java:35)
        at org.gradle.internal.execution.steps.SkipUpToDateStep.executeBecause(SkipUpToDateStep.java:76)
        at org.gradle.internal.execution.steps.SkipUpToDateStep.lambda$execute$2(SkipUpToDateStep.java:54)
        at org.gradle.internal.execution.steps.SkipUpToDateStep.execute(SkipUpToDateStep.java:54)
        at org.gradle.internal.execution.steps.SkipUpToDateStep.execute(SkipUpToDateStep.java:36)
        at org.gradle.internal.execution.steps.legacy.MarkSnapshottingInputsFinishedStep.execute(MarkSnapshottingInputsFinishedStep.java:37)
        at org.gradle.internal.execution.steps.legacy.MarkSnapshottingInputsFinishedStep.execute(MarkSnapshottingInputsFinishedStep.java:27)
        at org.gradle.internal.execution.steps.ResolveIncrementalCachingStateStep.executeDelegate(ResolveIncrementalCachingStateStep.java:49)
        at org.gradle.internal.execution.steps.ResolveIncrementalCachingStateStep.executeDelegate(ResolveIncrementalCachingStateStep.java:27)
        at org.gradle.internal.execution.steps.AbstractResolveCachingStateStep.execute(AbstractResolveCachingStateStep.java:71)
        at org.gradle.internal.execution.steps.AbstractResolveCachingStateStep.execute(AbstractResolveCachingStateStep.java:39)
        at org.gradle.internal.execution.steps.ResolveChangesStep.execute(ResolveChangesStep.java:65)
        at org.gradle.internal.execution.steps.ResolveChangesStep.execute(ResolveChangesStep.java:36)
        at org.gradle.internal.execution.steps.ValidateStep.execute(ValidateStep.java:106)
        at org.gradle.internal.execution.steps.ValidateStep.execute(ValidateStep.java:55)
        at org.gradle.internal.execution.steps.AbstractCaptureStateBeforeExecutionStep.execute(AbstractCaptureStateBeforeExecutionStep.java:64)
        at org.gradle.internal.execution.steps.AbstractCaptureStateBeforeExecutionStep.execute(AbstractCaptureStateBeforeExecutionStep.java:43)
        at org.gradle.internal.execution.steps.AbstractSkipEmptyWorkStep.executeWithNonEmptySources(AbstractSkipEmptyWorkStep.java:125)
        at org.gradle.internal.execution.steps.AbstractSkipEmptyWorkStep.execute(AbstractSkipEmptyWorkStep.java:61)
        at org.gradle.internal.execution.steps.AbstractSkipEmptyWorkStep.execute(AbstractSkipEmptyWorkStep.java:36)
        at org.gradle.internal.execution.steps.legacy.MarkSnapshottingInputsStartedStep.execute(MarkSnapshottingInputsStartedStep.java:38)
        at org.gradle.internal.execution.steps.LoadPreviousExecutionStateStep.execute(LoadPreviousExecutionStateStep.java:36)
        at org.gradle.internal.execution.steps.LoadPreviousExecutionStateStep.execute(LoadPreviousExecutionStateStep.java:23)
        at org.gradle.internal.execution.steps.HandleStaleOutputsStep.execute(HandleStaleOutputsStep.java:75)
        at org.gradle.internal.execution.steps.HandleStaleOutputsStep.execute(HandleStaleOutputsStep.java:41)
        at org.gradle.internal.execution.steps.AssignMutableWorkspaceStep.lambda$execute$0(AssignMutableWorkspaceStep.java:35)
        at org.gradle.api.internal.tasks.execution.TaskExecution$4.withWorkspace(TaskExecution.java:289)
        at org.gradle.internal.execution.steps.AssignMutableWorkspaceStep.execute(AssignMutableWorkspaceStep.java:31)
        at org.gradle.internal.execution.steps.AssignMutableWorkspaceStep.execute(AssignMutableWorkspaceStep.java:22)
        at org.gradle.internal.execution.steps.ChoosePipelineStep.execute(ChoosePipelineStep.java:40)
        at org.gradle.internal.execution.steps.ChoosePipelineStep.execute(ChoosePipelineStep.java:23)
        at org.gradle.internal.execution.steps.ExecuteWorkBuildOperationFiringStep.lambda$execute$2(ExecuteWorkBuildOperationFiringStep.java:67)
        at org.gradle.internal.execution.steps.ExecuteWorkBuildOperationFiringStep.execute(ExecuteWorkBuildOperationFiringStep.java:67)
        at org.gradle.internal.execution.steps.ExecuteWorkBuildOperationFiringStep.execute(ExecuteWorkBuildOperationFiringStep.java:39)
        at org.gradle.internal.execution.steps.IdentityCacheStep.execute(IdentityCacheStep.java:46)
        at org.gradle.internal.execution.steps.IdentityCacheStep.execute(IdentityCacheStep.java:34)
        at org.gradle.internal.execution.steps.IdentifyStep.execute(IdentifyStep.java:48)
        at org.gradle.internal.execution.steps.IdentifyStep.execute(IdentifyStep.java:35)
        at org.gradle.internal.execution.impl.DefaultExecutionEngine$1.execute(DefaultExecutionEngine.java:61)
        at org.gradle.api.internal.tasks.execution.ExecuteActionsTaskExecuter.executeIfValid(ExecuteActionsTaskExecuter.java:127)
        at org.gradle.api.internal.tasks.execution.ExecuteActionsTaskExecuter.execute(ExecuteActionsTaskExecuter.java:116)
        at org.gradle.api.internal.tasks.execution.FinalizePropertiesTaskExecuter.execute(FinalizePropertiesTaskExecuter.java:46)
        at org.gradle.api.internal.tasks.execution.ResolveTaskExecutionModeExecuter.execute(ResolveTaskExecutionModeExecuter.java:51)
        at org.gradle.api.internal.tasks.execution.SkipTaskWithNoActionsExecuter.execute(SkipTaskWithNoActionsExecuter.java:57)
        at org.gradle.api.internal.tasks.execution.SkipOnlyIfTaskExecuter.execute(SkipOnlyIfTaskExecuter.java:74)
        at org.gradle.api.internal.tasks.execution.CatchExceptionTaskExecuter.execute(CatchExceptionTaskExecuter.java:36)
        at org.gradle.api.internal.tasks.execution.EventFiringTaskExecuter$1.executeTask(EventFiringTaskExecuter.java:77)
        at org.gradle.api.internal.tasks.execution.EventFiringTaskExecuter$1.call(EventFiringTaskExecuter.java:55)
        at org.gradle.api.internal.tasks.execution.EventFiringTaskExecuter$1.call(EventFiringTaskExecuter.java:52)
        at org.gradle.internal.operations.DefaultBuildOperationRunner$CallableBuildOperationWorker.execute(DefaultBuildOperationRunner.java:200)
        at org.gradle.internal.operations.DefaultBuildOperationRunner$CallableBuildOperationWorker.execute(DefaultBuildOperationRunner.java:195)
        at org.gradle.internal.operations.DefaultBuildOperationRunner$2.execute(DefaultBuildOperationRunner.java:66)
        at org.gradle.internal.operations.DefaultBuildOperationRunner$2.execute(DefaultBuildOperationRunner.java:59)
        at org.gradle.internal.operations.DefaultBuildOperationRunner.execute(DefaultBuildOperationRunner.java:157)
        at org.gradle.internal.operations.DefaultBuildOperationRunner.execute(DefaultBuildOperationRunner.java:59)
        at org.gradle.internal.operations.DefaultBuildOperationRunner.call(DefaultBuildOperationRunner.java:53)
        at org.gradle.internal.operations.DefaultBuildOperationExecutor.call(DefaultBuildOperationExecutor.java:73)
        at org.gradle.api.internal.tasks.execution.EventFiringTaskExecuter.execute(EventFiringTaskExecuter.java:52)
        at org.gradle.execution.plan.LocalTaskNodeExecutor.execute(LocalTaskNodeExecutor.java:42)
        at org.gradle.execution.taskgraph.DefaultTaskExecutionGraph$InvokeNodeExecutorsAction.execute(DefaultTaskExecutionGraph.java:331)
        at org.gradle.execution.taskgraph.DefaultTaskExecutionGraph$InvokeNodeExecutorsAction.execute(DefaultTaskExecutionGraph.java:318)
        at org.gradle.execution.taskgraph.DefaultTaskExecutionGraph$BuildOperationAwareExecutionAction.lambda$execute$0(DefaultTaskExecutionGraph.java:314)
        at org.gradle.internal.operations.CurrentBuildOperationRef.with(CurrentBuildOperationRef.java:80)
        at org.gradle.execution.taskgraph.DefaultTaskExecutionGraph$BuildOperationAwareExecutionAction.execute(DefaultTaskExecutionGraph.java:314)
        at org.gradle.execution.taskgraph.DefaultTaskExecutionGraph$BuildOperationAwareExecutionAction.execute(DefaultTaskExecutionGraph.java:303)
        at org.gradle.execution.plan.DefaultPlanExecutor$ExecutorWorker.execute(DefaultPlanExecutor.java:463)
        at org.gradle.execution.plan.DefaultPlanExecutor$ExecutorWorker.run(DefaultPlanExecutor.java:380)
        at org.gradle.execution.plan.DefaultPlanExecutor.process(DefaultPlanExecutor.java:116)
        at org.gradle.execution.taskgraph.DefaultTaskExecutionGraph.executeWithServices(DefaultTaskExecutionGraph.java:138)
        at org.gradle.execution.taskgraph.DefaultTaskExecutionGraph.execute(DefaultTaskExecutionGraph.java:123)
        at org.gradle.execution.SelectedTaskExecutionAction.execute(SelectedTaskExecutionAction.java:35)
        at org.gradle.execution.DryRunBuildExecutionAction.execute(DryRunBuildExecutionAction.java:51)
        at org.gradle.execution.BuildOperationFiringBuildWorkerExecutor$ExecuteTasks.call(BuildOperationFiringBuildWorkerExecutor.java:54)
        at org.gradle.execution.BuildOperationFiringBuildWorkerExecutor$ExecuteTasks.call(BuildOperationFiringBuildWorkerExecutor.java:43)
        at org.gradle.internal.operations.DefaultBuildOperationRunner$CallableBuildOperationWorker.execute(DefaultBuildOperationRunner.java:200)
        at org.gradle.internal.operations.DefaultBuildOperationRunner$CallableBuildOperationWorker.execute(DefaultBuildOperationRunner.java:195)
        at org.gradle.internal.operations.DefaultBuildOperationRunner$2.execute(DefaultBuildOperationRunner.java:66)
        at org.gradle.internal.operations.DefaultBuildOperationRunner$2.execute(DefaultBuildOperationRunner.java:59)
        at org.gradle.internal.operations.DefaultBuildOperationRunner.execute(DefaultBuildOperationRunner.java:157)
        at org.gradle.internal.operations.DefaultBuildOperationRunner.execute(DefaultBuildOperationRunner.java:59)
        at org.gradle.internal.operations.DefaultBuildOperationRunner.call(DefaultBuildOperationRunner.java:53)
        at org.gradle.internal.operations.DefaultBuildOperationExecutor.call(DefaultBuildOperationExecutor.java:73)
        at org.gradle.execution.BuildOperationFiringBuildWorkerExecutor.execute(BuildOperationFiringBuildWorkerExecutor.java:40)
        at org.gradle.internal.build.DefaultBuildLifecycleController.lambda$executeTasks$10(DefaultBuildLifecycleController.java:313)
        at org.gradle.internal.model.StateTransitionController.doTransition(StateTransitionController.java:266)
        at org.gradle.internal.model.StateTransitionController.lambda$tryTransition$8(StateTransitionController.java:177)
        at org.gradle.internal.work.DefaultSynchronizer.withLock(DefaultSynchronizer.java:44)
        at org.gradle.internal.model.StateTransitionController.tryTransition(StateTransitionController.java:177)
        at org.gradle.internal.build.DefaultBuildLifecycleController.executeTasks(DefaultBuildLifecycleController.java:304)
        at org.gradle.internal.build.DefaultBuildWorkGraphController$DefaultBuildWorkGraph.runWork(DefaultBuildWorkGraphController.java:220)
        at org.gradle.internal.work.DefaultWorkerLeaseService.withLocks(DefaultWorkerLeaseService.java:264)
        at org.gradle.internal.work.DefaultWorkerLeaseService.runAsWorkerThread(DefaultWorkerLeaseService.java:128)
        at org.gradle.composite.internal.DefaultBuildController.doRun(DefaultBuildController.java:181)
        at org.gradle.composite.internal.DefaultBuildController.access$000(DefaultBuildController.java:50)
        at org.gradle.composite.internal.DefaultBuildController$BuildOpRunnable.lambda$run$0(DefaultBuildController.java:198)
        at org.gradle.internal.operations.CurrentBuildOperationRef.with(CurrentBuildOperationRef.java:80)
        at org.gradle.composite.internal.DefaultBuildController$BuildOpRunnable.run(DefaultBuildController.java:198)
        at org.gradle.internal.concurrent.ExecutorPolicy$CatchAndRecordFailures.onExecute(ExecutorPolicy.java:64)
        at org.gradle.internal.concurrent.AbstractManagedExecutor$1.run(AbstractManagedExecutor.java:47)
Caused by: org.jetbrains.kotlin.gradle.tasks.CompilationErrorException: Compilation error. See log for more details
        at org.jetbrains.kotlin.gradle.tasks.TasksUtilsKt.throwExceptionIfCompilationFailed(tasksUtils.kt:21)
        at org.jetbrains.kotlin.compilerRunner.GradleKotlinCompilerWork.run(GradleKotlinCompilerWork.kt:119)
        at org.jetbrains.kotlin.compilerRunner.GradleCompilerRunnerWithWorkers$GradleKotlinCompilerWorkAction.execute(GradleCompilerRunnerWithWorkers.kt:76)
        at org.gradle.workers.internal.DefaultWorkerServer.execute(DefaultWorkerServer.java:63)
        at org.gradle.workers.internal.NoIsolationWorkerFactory$1$1.create(NoIsolationWorkerFactory.java:66)
        at org.gradle.workers.internal.NoIsolationWorkerFactory$1$1.create(NoIsolationWorkerFactory.java:62)
        at org.gradle.internal.classloader.ClassLoaderUtils.executeInClassloader(ClassLoaderUtils.java:100)
        at org.gradle.workers.internal.NoIsolationWorkerFactory$1.lambda$execute$0(NoIsolationWorkerFactory.java:62)
        at org.gradle.workers.internal.AbstractWorker$1.call(AbstractWorker.java:44)
        at org.gradle.workers.internal.AbstractWorker$1.call(AbstractWorker.java:41)
        at org.gradle.internal.operations.DefaultBuildOperationRunner$CallableBuildOperationWorker.execute(DefaultBuildOperationRunner.java:200)
        at org.gradle.internal.operations.DefaultBuildOperationRunner$CallableBuildOperationWorker.execute(DefaultBuildOperationRunner.java:195)
        at org.gradle.internal.operations.DefaultBuildOperationRunner$2.execute(DefaultBuildOperationRunner.java:66)
        at org.gradle.internal.operations.DefaultBuildOperationRunner$2.execute(DefaultBuildOperationRunner.java:59)
        at org.gradle.internal.operations.DefaultBuildOperationRunner.execute(DefaultBuildOperationRunner.java:157)
        at org.gradle.internal.operations.DefaultBuildOperationRunner.execute(DefaultBuildOperationRunner.java:59)
        at org.gradle.internal.operations.DefaultBuildOperationRunner.call(DefaultBuildOperationRunner.java:53)
        at org.gradle.internal.operations.DefaultBuildOperationExecutor.call(DefaultBuildOperationExecutor.java:73)
        at org.gradle.workers.internal.AbstractWorker.executeWrappedInBuildOperation(AbstractWorker.java:41)
        at org.gradle.workers.internal.NoIsolationWorkerFactory$1.execute(NoIsolationWorkerFactory.java:59)
        at org.gradle.workers.internal.DefaultWorkerExecutor.lambda$submitWork$0(DefaultWorkerExecutor.java:174)
        at org.gradle.internal.work.DefaultConditionalExecutionQueue$ExecutionRunner.runExecution(DefaultConditionalExecutionQueue.java:187)
        at org.gradle.internal.work.DefaultConditionalExecutionQueue$ExecutionRunner.access$700(DefaultConditionalExecutionQueue.java:120)
        at org.gradle.internal.work.DefaultConditionalExecutionQueue$ExecutionRunner$1.run(DefaultConditionalExecutionQueue.java:162)
        at org.gradle.internal.Factories$1.create(Factories.java:31)
        at org.gradle.internal.work.DefaultWorkerLeaseService.withLocks(DefaultWorkerLeaseService.java:264)
        at org.gradle.internal.work.DefaultWorkerLeaseService.runAsWorkerThread(DefaultWorkerLeaseService.java:128)
        at org.gradle.internal.work.DefaultWorkerLeaseService.runAsWorkerThread(DefaultWorkerLeaseService.java:133)
        at org.gradle.internal.work.DefaultConditionalExecutionQueue$ExecutionRunner.runBatch(DefaultConditionalExecutionQueue.java:157)
        at org.gradle.internal.work.DefaultConditionalExecutionQueue$ExecutionRunner.run(DefaultConditionalExecutionQueue.java:126)
        ... 2 more

==============================================================================

2: Task failed with an exception.
-----------
* What went wrong:
Execution failed for task ':app:compileReleaseKotlin'.
> A failure occurred while executing org.jetbrains.kotlin.compilerRunner.GradleCompilerRunnerWithWorkers$GradleKotlinCompilerWorkAction
   > Compilation error. See log for more details

* Try:
> Run with --info or --debug option to get more log output.
> Run with --scan to get full insights.
> Get more help at https://help.gradle.org.

* Exception is:
org.gradle.api.tasks.TaskExecutionException: Execution failed for task ':app:compileReleaseKotlin'.
        at org.gradle.api.internal.tasks.execution.ExecuteActionsTaskExecuter.lambda$executeIfValid$1(ExecuteActionsTaskExecuter.java:130)
        at org.gradle.internal.Try$Failure.ifSuccessfulOrElse(Try.java:282)
        at org.gradle.api.internal.tasks.execution.ExecuteActionsTaskExecuter.executeIfValid(ExecuteActionsTaskExecuter.java:128)
        at org.gradle.api.internal.tasks.execution.ExecuteActionsTaskExecuter.execute(ExecuteActionsTaskExecuter.java:116)
        at org.gradle.api.internal.tasks.execution.FinalizePropertiesTaskExecuter.execute(FinalizePropertiesTaskExecuter.java:46)
        at org.gradle.api.internal.tasks.execution.ResolveTaskExecutionModeExecuter.execute(ResolveTaskExecutionModeExecuter.java:51)
        at org.gradle.api.internal.tasks.execution.SkipTaskWithNoActionsExecuter.execute(SkipTaskWithNoActionsExecuter.java:57)
        at org.gradle.api.internal.tasks.execution.SkipOnlyIfTaskExecuter.execute(SkipOnlyIfTaskExecuter.java:74)
        at org.gradle.api.internal.tasks.execution.CatchExceptionTaskExecuter.execute(CatchExceptionTaskExecuter.java:36)
        at org.gradle.api.internal.tasks.execution.EventFiringTaskExecuter$1.executeTask(EventFiringTaskExecuter.java:77)
        at org.gradle.api.internal.tasks.execution.EventFiringTaskExecuter$1.call(EventFiringTaskExecuter.java:55)
        at org.gradle.api.internal.tasks.execution.EventFiringTaskExecuter$1.call(EventFiringTaskExecuter.java:52)
        at org.gradle.internal.operations.DefaultBuildOperationRunner$CallableBuildOperationWorker.execute(DefaultBuildOperationRunner.java:200)
        at org.gradle.internal.operations.DefaultBuildOperationRunner$CallableBuildOperationWorker.execute(DefaultBuildOperationRunner.java:195)
        at org.gradle.internal.operations.DefaultBuildOperationRunner$2.execute(DefaultBuildOperationRunner.java:66)
        at org.gradle.internal.operations.DefaultBuildOperationRunner$2.execute(DefaultBuildOperationRunner.java:59)
        at org.gradle.internal.operations.DefaultBuildOperationRunner.execute(DefaultBuildOperationRunner.java:157)
        at org.gradle.internal.operations.DefaultBuildOperationRunner.execute(DefaultBuildOperationRunner.java:59)
        at org.gradle.internal.operations.DefaultBuildOperationRunner.call(DefaultBuildOperationRunner.java:53)
        at org.gradle.internal.operations.DefaultBuildOperationExecutor.call(DefaultBuildOperationExecutor.java:73)
        at org.gradle.api.internal.tasks.execution.EventFiringTaskExecuter.execute(EventFiringTaskExecuter.java:52)
        at org.gradle.execution.plan.LocalTaskNodeExecutor.execute(LocalTaskNodeExecutor.java:42)
        at org.gradle.execution.taskgraph.DefaultTaskExecutionGraph$InvokeNodeExecutorsAction.execute(DefaultTaskExecutionGraph.java:331)
        at org.gradle.execution.taskgraph.DefaultTaskExecutionGraph$InvokeNodeExecutorsAction.execute(DefaultTaskExecutionGraph.java:318)
        at org.gradle.execution.taskgraph.DefaultTaskExecutionGraph$BuildOperationAwareExecutionAction.lambda$execute$0(DefaultTaskExecutionGraph.java:314)
        at org.gradle.internal.operations.CurrentBuildOperationRef.with(CurrentBuildOperationRef.java:80)
        at org.gradle.execution.taskgraph.DefaultTaskExecutionGraph$BuildOperationAwareExecutionAction.execute(DefaultTaskExecutionGraph.java:314)
        at org.gradle.execution.taskgraph.DefaultTaskExecutionGraph$BuildOperationAwareExecutionAction.execute(DefaultTaskExecutionGraph.java:303)
        at org.gradle.execution.plan.DefaultPlanExecutor$ExecutorWorker.execute(DefaultPlanExecutor.java:463)
        at org.gradle.execution.plan.DefaultPlanExecutor$ExecutorWorker.run(DefaultPlanExecutor.java:380)
        at org.gradle.internal.concurrent.ExecutorPolicy$CatchAndRecordFailures.onExecute(ExecutorPolicy.java:64)
        at org.gradle.internal.concurrent.AbstractManagedExecutor$1.run(AbstractManagedExecutor.java:47)
        at java.base/java.util.concurrent.ThreadPoolExecutor.runWorker(ThreadPoolExecutor.java:1144)
        at java.base/java.util.concurrent.ThreadPoolExecutor$Worker.run(ThreadPoolExecutor.java:642)
        at java.base/java.lang.Thread.run(Thread.java:1583)
Caused by: org.gradle.workers.internal.DefaultWorkerExecutor$WorkExecutionException: A failure occurred while executing org.jetbrains.kotlin.compilerRunner.GradleCompilerRunnerWithWorkers$GradleKotlinCompilerWorkAction
        at org.gradle.workers.internal.DefaultWorkerExecutor$WorkItemExecution.waitForCompletion(DefaultWorkerExecutor.java:287)
        at org.gradle.internal.work.DefaultAsyncWorkTracker.lambda$waitForItemsAndGatherFailures$2(DefaultAsyncWorkTracker.java:130)
        at org.gradle.internal.Factories$1.create(Factories.java:31)
        at org.gradle.internal.work.DefaultWorkerLeaseService.withoutLocks(DefaultWorkerLeaseService.java:336)
        at org.gradle.internal.work.DefaultWorkerLeaseService.withoutLocks(DefaultWorkerLeaseService.java:319)
        at org.gradle.internal.work.DefaultWorkerLeaseService.withoutLock(DefaultWorkerLeaseService.java:324)
        at org.gradle.internal.work.DefaultAsyncWorkTracker.waitForItemsAndGatherFailures(DefaultAsyncWorkTracker.java:126)
        at org.gradle.internal.work.DefaultAsyncWorkTracker.waitForItemsAndGatherFailures(DefaultAsyncWorkTracker.java:92)
        at org.gradle.internal.work.DefaultAsyncWorkTracker.waitForAll(DefaultAsyncWorkTracker.java:78)
        at org.gradle.internal.work.DefaultAsyncWorkTracker.waitForCompletion(DefaultAsyncWorkTracker.java:66)
        at org.gradle.api.internal.tasks.execution.TaskExecution$3.run(TaskExecution.java:252)
        at org.gradle.internal.operations.DefaultBuildOperationRunner$1.execute(DefaultBuildOperationRunner.java:29)
        at org.gradle.internal.operations.DefaultBuildOperationRunner$1.execute(DefaultBuildOperationRunner.java:26)
        at org.gradle.internal.operations.DefaultBuildOperationRunner$2.execute(DefaultBuildOperationRunner.java:66)
        at org.gradle.internal.operations.DefaultBuildOperationRunner$2.execute(DefaultBuildOperationRunner.java:59)
        at org.gradle.internal.operations.DefaultBuildOperationRunner.execute(DefaultBuildOperationRunner.java:157)
        at org.gradle.internal.operations.DefaultBuildOperationRunner.execute(DefaultBuildOperationRunner.java:59)
        at org.gradle.internal.operations.DefaultBuildOperationRunner.run(DefaultBuildOperationRunner.java:47)
        at org.gradle.internal.operations.DefaultBuildOperationExecutor.run(DefaultBuildOperationExecutor.java:68)
        at org.gradle.api.internal.tasks.execution.TaskExecution.executeAction(TaskExecution.java:229)
        at org.gradle.api.internal.tasks.execution.TaskExecution.executeActions(TaskExecution.java:212)
        at org.gradle.api.internal.tasks.execution.TaskExecution.executeWithPreviousOutputFiles(TaskExecution.java:195)
        at org.gradle.api.internal.tasks.execution.TaskExecution.execute(TaskExecution.java:162)
        at org.gradle.internal.execution.steps.ExecuteStep.executeInternal(ExecuteStep.java:105)
        at org.gradle.internal.execution.steps.ExecuteStep.access$000(ExecuteStep.java:44)
        at org.gradle.internal.execution.steps.ExecuteStep$1.call(ExecuteStep.java:59)
        at org.gradle.internal.execution.steps.ExecuteStep$1.call(ExecuteStep.java:56)
        at org.gradle.internal.operations.DefaultBuildOperationRunner$CallableBuildOperationWorker.execute(DefaultBuildOperationRunner.java:200)
        at org.gradle.internal.operations.DefaultBuildOperationRunner$CallableBuildOperationWorker.execute(DefaultBuildOperationRunner.java:195)
        at org.gradle.internal.operations.DefaultBuildOperationRunner$2.execute(DefaultBuildOperationRunner.java:66)
        at org.gradle.internal.operations.DefaultBuildOperationRunner$2.execute(DefaultBuildOperationRunner.java:59)
        at org.gradle.internal.operations.DefaultBuildOperationRunner.execute(DefaultBuildOperationRunner.java:157)
        at org.gradle.internal.operations.DefaultBuildOperationRunner.execute(DefaultBuildOperationRunner.java:59)
        at org.gradle.internal.operations.DefaultBuildOperationRunner.call(DefaultBuildOperationRunner.java:53)
        at org.gradle.internal.operations.DefaultBuildOperationExecutor.call(DefaultBuildOperationExecutor.java:73)
        at org.gradle.internal.execution.steps.ExecuteStep.execute(ExecuteStep.java:56)
        at org.gradle.internal.execution.steps.ExecuteStep.execute(ExecuteStep.java:44)
        at org.gradle.internal.execution.steps.CancelExecutionStep.execute(CancelExecutionStep.java:41)
        at org.gradle.internal.execution.steps.TimeoutStep.executeWithoutTimeout(TimeoutStep.java:74)
        at org.gradle.internal.execution.steps.TimeoutStep.execute(TimeoutStep.java:55)
        at org.gradle.internal.execution.steps.PreCreateOutputParentsStep.execute(PreCreateOutputParentsStep.java:50)
        at org.gradle.internal.execution.steps.PreCreateOutputParentsStep.execute(PreCreateOutputParentsStep.java:28)
        at org.gradle.internal.execution.steps.RemovePreviousOutputsStep.execute(RemovePreviousOutputsStep.java:67)
        at org.gradle.internal.execution.steps.RemovePreviousOutputsStep.execute(RemovePreviousOutputsStep.java:37)
        at org.gradle.internal.execution.steps.BroadcastChangingOutputsStep.execute(BroadcastChangingOutputsStep.java:61)
        at org.gradle.internal.execution.steps.BroadcastChangingOutputsStep.execute(BroadcastChangingOutputsStep.java:26)
        at org.gradle.internal.execution.steps.CaptureOutputsAfterExecutionStep.execute(CaptureOutputsAfterExecutionStep.java:67)
        at org.gradle.internal.execution.steps.CaptureOutputsAfterExecutionStep.execute(CaptureOutputsAfterExecutionStep.java:45)
        at org.gradle.internal.execution.steps.ResolveInputChangesStep.execute(ResolveInputChangesStep.java:40)
        at org.gradle.internal.execution.steps.ResolveInputChangesStep.execute(ResolveInputChangesStep.java:29)
        at org.gradle.internal.execution.steps.BuildCacheStep.executeWithoutCache(BuildCacheStep.java:189)
        at org.gradle.internal.execution.steps.BuildCacheStep.executeAndStoreInCache(BuildCacheStep.java:145)
        at org.gradle.internal.execution.steps.BuildCacheStep.lambda$executeWithCache$4(BuildCacheStep.java:101)
        at java.base/java.util.Optional.orElseGet(Optional.java:364)
        at org.gradle.internal.execution.steps.BuildCacheStep.lambda$executeWithCache$5(BuildCacheStep.java:101)
        at org.gradle.internal.Try$Success.map(Try.java:164)
        at org.gradle.internal.execution.steps.BuildCacheStep.executeWithCache(BuildCacheStep.java:85)
        at org.gradle.internal.execution.steps.BuildCacheStep.lambda$execute$0(BuildCacheStep.java:74)
        at org.gradle.internal.Either$Left.fold(Either.java:115)
        at org.gradle.internal.execution.caching.CachingState.fold(CachingState.java:62)
        at org.gradle.internal.execution.steps.BuildCacheStep.execute(BuildCacheStep.java:73)
        at org.gradle.internal.execution.steps.BuildCacheStep.execute(BuildCacheStep.java:48)
        at org.gradle.internal.execution.steps.StoreExecutionStateStep.execute(StoreExecutionStateStep.java:46)
        at org.gradle.internal.execution.steps.StoreExecutionStateStep.execute(StoreExecutionStateStep.java:35)
        at org.gradle.internal.execution.steps.SkipUpToDateStep.executeBecause(SkipUpToDateStep.java:76)
        at org.gradle.internal.execution.steps.SkipUpToDateStep.lambda$execute$2(SkipUpToDateStep.java:54)
        at java.base/java.util.Optional.orElseGet(Optional.java:364)
        at org.gradle.internal.execution.steps.SkipUpToDateStep.execute(SkipUpToDateStep.java:54)
        at org.gradle.internal.execution.steps.SkipUpToDateStep.execute(SkipUpToDateStep.java:36)
        at org.gradle.internal.execution.steps.legacy.MarkSnapshottingInputsFinishedStep.execute(MarkSnapshottingInputsFinishedStep.java:37)
        at org.gradle.internal.execution.steps.legacy.MarkSnapshottingInputsFinishedStep.execute(MarkSnapshottingInputsFinishedStep.java:27)
        at org.gradle.internal.execution.steps.ResolveIncrementalCachingStateStep.executeDelegate(ResolveIncrementalCachingStateStep.java:49)
        at org.gradle.internal.execution.steps.ResolveIncrementalCachingStateStep.executeDelegate(ResolveIncrementalCachingStateStep.java:27)
        at org.gradle.internal.execution.steps.AbstractResolveCachingStateStep.execute(AbstractResolveCachingStateStep.java:71)
        at org.gradle.internal.execution.steps.AbstractResolveCachingStateStep.execute(AbstractResolveCachingStateStep.java:39)
        at org.gradle.internal.execution.steps.ResolveChangesStep.execute(ResolveChangesStep.java:65)
        at org.gradle.internal.execution.steps.ResolveChangesStep.execute(ResolveChangesStep.java:36)
        at org.gradle.internal.execution.steps.ValidateStep.execute(ValidateStep.java:106)
        at org.gradle.internal.execution.steps.ValidateStep.execute(ValidateStep.java:55)
        at org.gradle.internal.execution.steps.AbstractCaptureStateBeforeExecutionStep.execute(AbstractCaptureStateBeforeExecutionStep.java:64)
        at org.gradle.internal.execution.steps.AbstractCaptureStateBeforeExecutionStep.execute(AbstractCaptureStateBeforeExecutionStep.java:43)
        at org.gradle.internal.execution.steps.AbstractSkipEmptyWorkStep.executeWithNonEmptySources(AbstractSkipEmptyWorkStep.java:125)
        at org.gradle.internal.execution.steps.AbstractSkipEmptyWorkStep.execute(AbstractSkipEmptyWorkStep.java:61)
        at org.gradle.internal.execution.steps.AbstractSkipEmptyWorkStep.execute(AbstractSkipEmptyWorkStep.java:36)
        at org.gradle.internal.execution.steps.legacy.MarkSnapshottingInputsStartedStep.execute(MarkSnapshottingInputsStartedStep.java:38)
        at org.gradle.internal.execution.steps.LoadPreviousExecutionStateStep.execute(LoadPreviousExecutionStateStep.java:36)
        at org.gradle.internal.execution.steps.LoadPreviousExecutionStateStep.execute(LoadPreviousExecutionStateStep.java:23)
        at org.gradle.internal.execution.steps.HandleStaleOutputsStep.execute(HandleStaleOutputsStep.java:75)
        at org.gradle.internal.execution.steps.HandleStaleOutputsStep.execute(HandleStaleOutputsStep.java:41)
        at org.gradle.internal.execution.steps.AssignMutableWorkspaceStep.lambda$execute$0(AssignMutableWorkspaceStep.java:35)
        at org.gradle.api.internal.tasks.execution.TaskExecution$4.withWorkspace(TaskExecution.java:289)
        at org.gradle.internal.execution.steps.AssignMutableWorkspaceStep.execute(AssignMutableWorkspaceStep.java:31)
        at org.gradle.internal.execution.steps.AssignMutableWorkspaceStep.execute(AssignMutableWorkspaceStep.java:22)
        at org.gradle.internal.execution.steps.ChoosePipelineStep.execute(ChoosePipelineStep.java:40)
        at org.gradle.internal.execution.steps.ChoosePipelineStep.execute(ChoosePipelineStep.java:23)
        at org.gradle.internal.execution.steps.ExecuteWorkBuildOperationFiringStep.lambda$execute$2(ExecuteWorkBuildOperationFiringStep.java:67)
        at java.base/java.util.Optional.orElseGet(Optional.java:364)
        at org.gradle.internal.execution.steps.ExecuteWorkBuildOperationFiringStep.execute(ExecuteWorkBuildOperationFiringStep.java:67)
        at org.gradle.internal.execution.steps.ExecuteWorkBuildOperationFiringStep.execute(ExecuteWorkBuildOperationFiringStep.java:39)
        at org.gradle.internal.execution.steps.IdentityCacheStep.execute(IdentityCacheStep.java:46)
        at org.gradle.internal.execution.steps.IdentityCacheStep.execute(IdentityCacheStep.java:34)
        at org.gradle.internal.execution.steps.IdentifyStep.execute(IdentifyStep.java:48)
        at org.gradle.internal.execution.steps.IdentifyStep.execute(IdentifyStep.java:35)
        at org.gradle.internal.execution.impl.DefaultExecutionEngine$1.execute(DefaultExecutionEngine.java:61)
        at org.gradle.api.internal.tasks.execution.ExecuteActionsTaskExecuter.executeIfValid(ExecuteActionsTaskExecuter.java:127)
        at org.gradle.api.internal.tasks.execution.ExecuteActionsTaskExecuter.execute(ExecuteActionsTaskExecuter.java:116)
        at org.gradle.api.internal.tasks.execution.FinalizePropertiesTaskExecuter.execute(FinalizePropertiesTaskExecuter.java:46)
        at org.gradle.api.internal.tasks.execution.ResolveTaskExecutionModeExecuter.execute(ResolveTaskExecutionModeExecuter.java:51)
        at org.gradle.api.internal.tasks.execution.SkipTaskWithNoActionsExecuter.execute(SkipTaskWithNoActionsExecuter.java:57)
        at org.gradle.api.internal.tasks.execution.SkipOnlyIfTaskExecuter.execute(SkipOnlyIfTaskExecuter.java:74)
        at org.gradle.api.internal.tasks.execution.CatchExceptionTaskExecuter.execute(CatchExceptionTaskExecuter.java:36)
        at org.gradle.api.internal.tasks.execution.EventFiringTaskExecuter$1.executeTask(EventFiringTaskExecuter.java:77)
        at org.gradle.api.internal.tasks.execution.EventFiringTaskExecuter$1.call(EventFiringTaskExecuter.java:55)
        at org.gradle.api.internal.tasks.execution.EventFiringTaskExecuter$1.call(EventFiringTaskExecuter.java:52)
        at org.gradle.internal.operations.DefaultBuildOperationRunner$CallableBuildOperationWorker.execute(DefaultBuildOperationRunner.java:200)
        at org.gradle.internal.operations.DefaultBuildOperationRunner$CallableBuildOperationWorker.execute(DefaultBuildOperationRunner.java:195)
        at org.gradle.internal.operations.DefaultBuildOperationRunner$2.execute(DefaultBuildOperationRunner.java:66)
        at org.gradle.internal.operations.DefaultBuildOperationRunner$2.execute(DefaultBuildOperationRunner.java:59)
        at org.gradle.internal.operations.DefaultBuildOperationRunner.execute(DefaultBuildOperationRunner.java:157)
        at org.gradle.internal.operations.DefaultBuildOperationRunner.execute(DefaultBuildOperationRunner.java:59)
        at org.gradle.internal.operations.DefaultBuildOperationRunner.call(DefaultBuildOperationRunner.java:53)
        at org.gradle.internal.operations.DefaultBuildOperationExecutor.call(DefaultBuildOperationExecutor.java:73)
        at org.gradle.api.internal.tasks.execution.EventFiringTaskExecuter.execute(EventFiringTaskExecuter.java:52)
        at org.gradle.execution.plan.LocalTaskNodeExecutor.execute(LocalTaskNodeExecutor.java:42)
        at org.gradle.execution.taskgraph.DefaultTaskExecutionGraph$InvokeNodeExecutorsAction.execute(DefaultTaskExecutionGraph.java:331)
        at org.gradle.execution.taskgraph.DefaultTaskExecutionGraph$InvokeNodeExecutorsAction.execute(DefaultTaskExecutionGraph.java:318)
        at org.gradle.execution.taskgraph.DefaultTaskExecutionGraph$BuildOperationAwareExecutionAction.lambda$execute$0(DefaultTaskExecutionGraph.java:314)
        at org.gradle.internal.operations.CurrentBuildOperationRef.with(CurrentBuildOperationRef.java:80)
        at org.gradle.execution.taskgraph.DefaultTaskExecutionGraph$BuildOperationAwareExecutionAction.execute(DefaultTaskExecutionGraph.java:314)
        at org.gradle.execution.taskgraph.DefaultTaskExecutionGraph$BuildOperationAwareExecutionAction.execute(DefaultTaskExecutionGraph.java:303)
        at org.gradle.execution.plan.DefaultPlanExecutor$ExecutorWorker.execute(DefaultPlanExecutor.java:463)
        at org.gradle.execution.plan.DefaultPlanExecutor$ExecutorWorker.run(DefaultPlanExecutor.java:380)
        at org.gradle.internal.concurrent.ExecutorPolicy$CatchAndRecordFailures.onExecute(ExecutorPolicy.java:64)
        at org.gradle.internal.concurrent.AbstractManagedExecutor$1.run(AbstractManagedExecutor.java:47)
        at java.base/java.util.concurrent.ThreadPoolExecutor.runWorker(ThreadPoolExecutor.java:1144)
        at java.base/java.util.concurrent.ThreadPoolExecutor$Worker.run(ThreadPoolExecutor.java:642)
        at java.base/java.lang.Thread.run(Thread.java:1583)
Caused by: org.jetbrains.kotlin.gradle.tasks.CompilationErrorException: Compilation error. See log for more details
        at org.jetbrains.kotlin.gradle.tasks.TasksUtilsKt.throwExceptionIfCompilationFailed(tasksUtils.kt:21)
        at org.jetbrains.kotlin.compilerRunner.GradleKotlinCompilerWork.run(GradleKotlinCompilerWork.kt:119)
        at org.jetbrains.kotlin.compilerRunner.GradleCompilerRunnerWithWorkers$GradleKotlinCompilerWorkAction.execute(GradleCompilerRunnerWithWorkers.kt:76)
        at org.gradle.workers.internal.DefaultWorkerServer.execute(DefaultWorkerServer.java:63)
        at org.gradle.workers.internal.NoIsolationWorkerFactory$1$1.create(NoIsolationWorkerFactory.java:66)
        at org.gradle.workers.internal.NoIsolationWorkerFactory$1$1.create(NoIsolationWorkerFactory.java:62)
        at org.gradle.internal.classloader.ClassLoaderUtils.executeInClassloader(ClassLoaderUtils.java:100)
        at org.gradle.workers.internal.NoIsolationWorkerFactory$1.lambda$execute$0(NoIsolationWorkerFactory.java:62)
        at org.gradle.workers.internal.AbstractWorker$1.call(AbstractWorker.java:44)
        at org.gradle.workers.internal.AbstractWorker$1.call(AbstractWorker.java:41)
        at org.gradle.internal.operations.DefaultBuildOperationRunner$CallableBuildOperationWorker.execute(DefaultBuildOperationRunner.java:200)
        at org.gradle.internal.operations.DefaultBuildOperationRunner$CallableBuildOperationWorker.execute(DefaultBuildOperationRunner.java:195)
        at org.gradle.internal.operations.DefaultBuildOperationRunner$2.execute(DefaultBuildOperationRunner.java:66)
        at org.gradle.internal.operations.DefaultBuildOperationRunner$2.execute(DefaultBuildOperationRunner.java:59)
        at org.gradle.internal.operations.DefaultBuildOperationRunner.execute(DefaultBuildOperationRunner.java:157)
        at org.gradle.internal.operations.DefaultBuildOperationRunner.execute(DefaultBuildOperationRunner.java:59)
        at org.gradle.internal.operations.DefaultBuildOperationRunner.call(DefaultBuildOperationRunner.java:53)
        at org.gradle.internal.operations.DefaultBuildOperationExecutor.call(DefaultBuildOperationExecutor.java:73)
        at org.gradle.workers.internal.AbstractWorker.executeWrappedInBuildOperation(AbstractWorker.java:41)
        at org.gradle.workers.internal.NoIsolationWorkerFactory$1.execute(NoIsolationWorkerFactory.java:59)
        at org.gradle.workers.internal.DefaultWorkerExecutor.lambda$submitWork$0(DefaultWorkerExecutor.java:174)
        at java.base/java.util.concurrent.FutureTask.run(FutureTask.java:317)
        at org.gradle.internal.work.DefaultConditionalExecutionQueue$ExecutionRunner.runExecution(DefaultConditionalExecutionQueue.java:187)
        at org.gradle.internal.work.DefaultConditionalExecutionQueue$ExecutionRunner.access$700(DefaultConditionalExecutionQueue.java:120)
        at org.gradle.internal.work.DefaultConditionalExecutionQueue$ExecutionRunner$1.run(DefaultConditionalExecutionQueue.java:162)
        at org.gradle.internal.Factories$1.create(Factories.java:31)
        at org.gradle.internal.work.DefaultWorkerLeaseService.withLocks(DefaultWorkerLeaseService.java:264)
        at org.gradle.internal.work.DefaultWorkerLeaseService.runAsWorkerThread(DefaultWorkerLeaseService.java:128)
        at org.gradle.internal.work.DefaultWorkerLeaseService.runAsWorkerThread(DefaultWorkerLeaseService.java:133)
        at org.gradle.internal.work.DefaultConditionalExecutionQueue$ExecutionRunner.runBatch(DefaultConditionalExecutionQueue.java:157)
        at org.gradle.internal.work.DefaultConditionalExecutionQueue$ExecutionRunner.run(DefaultConditionalExecutionQueue.java:126)
        at java.base/java.util.concurrent.Executors$RunnableAdapter.call(Executors.java:572)
        at java.base/java.util.concurrent.FutureTask.run(FutureTask.java:317)
        ... 5 more

==============================================================================

BUILD FAILED in 3m 34s
71 actionable tasks: 44 executed, 26 from cache, 1 up-to-date
sureshbalasubramanian@BSMacBook-Pro enKarma % ./gradlew build --stacktrace --quiet | grep -i "error\|exception" > errors.txt

e: file:///Users/sureshbalasubramanian/Documents/Projects.nosync/Android_enKarma/enKarma/app/src/main/java/com/karma/sureshtrb/enKarma/6C2Aa.MahalayaTpnmActivity.kt:825:1 Modifier 'override' is not applicable to 'top level function'.
e: file:///Users/sureshbalasubramanian/Documents/Projects.nosync/Android_enKarma/enKarma/app/src/main/java/com/karma/sureshtrb/enKarma/6C2Aa.MahalayaTpnmActivity.kt:826:5 No supertypes are accessible in this context.
e: file:///Users/sureshbalasubramanian/Documents/Projects.nosync/Android_enKarma/enKarma/app/src/main/java/com/karma/sureshtrb/enKarma/6C2Aa.MahalayaTpnmActivity.kt:828:51 Unresolved reference 'layoutInflater'.
e: file:///Users/sureshbalasubramanian/Documents/Projects.nosync/Android_enKarma/enKarma/app/src/main/java/com/karma/sureshtrb/enKarma/6C2Aa.MahalayaTpnmActivity.kt:829:5 Unresolved reference 'setContentView'.
e: file:///Users/sureshbalasubramanian/Documents/Projects.nosync/Android_enKarma/enKarma/app/src/main/java/com/karma/sureshtrb/enKarma/6C2Aa.MahalayaTpnmActivity.kt:835:9 Unresolved reference 'intent'.
e: file:///Users/sureshbalasubramanian/Documents/Projects.nosync/Android_enKarma/enKarma/app/src/main/java/com/karma/sureshtrb/enKarma/6C2Aa.MahalayaTpnmActivity.kt:843:22 Unresolved reference 'intent'.
e: file:///Users/sureshbalasubramanian/Documents/Projects.nosync/Android_enKarma/enKarma/app/src/main/java/com/karma/sureshtrb/enKarma/6C2Aa.MahalayaTpnmActivity.kt:844:22 Unresolved reference 'intent'.
e: file:///Users/sureshbalasubramanian/Documents/Projects.nosync/Android_enKarma/enKarma/app/src/main/java/com/karma/sureshtrb/enKarma/6C2Aa.MahalayaTpnmActivity.kt:851:26 Unresolved reference 'intent'.
e: file:///Users/sureshbalasubramanian/Documents/Projects.nosync/Android_enKarma/enKarma/app/src/main/java/com/karma/sureshtrb/enKarma/6C2Aa.MahalayaTpnmActivity.kt:852:23 Unresolved reference 'intent'.
e: file:///Users/sureshbalasubramanian/Documents/Projects.nosync/Android_enKarma/enKarma/app/src/main/java/com/karma/sureshtrb/enKarma/6C2Aa.MahalayaTpnmActivity.kt:853:25 Unresolved reference 'intent'.
e: file:///Users/sureshbalasubramanian/Documents/Projects.nosync/Android_enKarma/enKarma/app/src/main/java/com/karma/sureshtrb/enKarma/6C2Aa.MahalayaTpnmActivity.kt:856:5 Unresolved reference 'supportActionBar'.
e: file:///Users/sureshbalasubramanian/Documents/Projects.nosync/Android_enKarma/enKarma/app/src/main/java/com/karma/sureshtrb/enKarma/6C2Aa.MahalayaTpnmActivity.kt:856:24 Unresolved reference 'setHomeAsUpIndicator'.
e: file:///Users/sureshbalasubramanian/Documents/Projects.nosync/Android_enKarma/enKarma/app/src/main/java/com/karma/sureshtrb/enKarma/6C2Aa.MahalayaTpnmActivity.kt:857:5 Unresolved reference 'supportActionBar'.
e: file:///Users/sureshbalasubramanian/Documents/Projects.nosync/Android_enKarma/enKarma/app/src/main/java/com/karma/sureshtrb/enKarma/6C2Aa.MahalayaTpnmActivity.kt:857:24 Unresolved reference 'setDisplayHomeAsUpEnabled'.
e: file:///Users/sureshbalasubramanian/Documents/Projects.nosync/Android_enKarma/enKarma/app/src/main/java/com/karma/sureshtrb/enKarma/6C2Aa.MahalayaTpnmActivity.kt:858:5 Unresolved reference 'supportActionBar'.
e: file:///Users/sureshbalasubramanian/Documents/Projects.nosync/Android_enKarma/enKarma/app/src/main/java/com/karma/sureshtrb/enKarma/6C2Aa.MahalayaTpnmActivity.kt:858:24 Unresolved reference 'subtitle'.
e: file:///Users/sureshbalasubramanian/Documents/Projects.nosync/Android_enKarma/enKarma/app/src/main/java/com/karma/sureshtrb/enKarma/6C2Aa.MahalayaTpnmActivity.kt:859:5 Unresolved reference 'supportActionBar'.
e: file:///Users/sureshbalasubramanian/Documents/Projects.nosync/Android_enKarma/enKarma/app/src/main/java/com/karma/sureshtrb/enKarma/6C2Aa.MahalayaTpnmActivity.kt:859:24 Unresolved reference 'setDisplayShowHomeEnabled'.
e: file:///Users/sureshbalasubramanian/Documents/Projects.nosync/Android_enKarma/enKarma/app/src/main/java/com/karma/sureshtrb/enKarma/6C2Aa.MahalayaTpnmActivity.kt:860:5 Unresolved reference 'supportActionBar'.
e: file:///Users/sureshbalasubramanian/Documents/Projects.nosync/Android_enKarma/enKarma/app/src/main/java/com/karma/sureshtrb/enKarma/6C2Aa.MahalayaTpnmActivity.kt:860:24 Unresolved reference 'setLogo'.
e: file:///Users/sureshbalasubramanian/Documents/Projects.nosync/Android_enKarma/enKarma/app/src/main/java/com/karma/sureshtrb/enKarma/6C2Aa.MahalayaTpnmActivity.kt:861:5 Unresolved reference 'supportActionBar'.
e: file:///Users/sureshbalasubramanian/Documents/Projects.nosync/Android_enKarma/enKarma/app/src/main/java/com/karma/sureshtrb/enKarma/6C2Aa.MahalayaTpnmActivity.kt:861:24 Unresolved reference 'setDisplayUseLogoEnabled'.
e: file:///Users/sureshbalasubramanian/Documents/Projects.nosync/Android_enKarma/enKarma/app/src/main/java/com/karma/sureshtrb/enKarma/6C2Aa.MahalayaTpnmActivity.kt:862:5 Unresolved reference 'trial'.
e: file:///Users/sureshbalasubramanian/Documents/Projects.nosync/Android_enKarma/enKarma/app/src/main/java/com/karma/sureshtrb/enKarma/6C2Aa.MahalayaTpnmActivity.kt:863:5 Unresolved reference 'bottomPithruKoorcham'.
e: file:///Users/sureshbalasubramanian/Documents/Projects.nosync/Android_enKarma/enKarma/app/src/main/java/com/karma/sureshtrb/enKarma/6C2Aa.MahalayaTpnmActivity.kt:864:5 Unresolved reference 'executeData'.
e: file:///Users/sureshbalasubramanian/Documents/Projects.nosync/Android_enKarma/enKarma/app/src/main/java/com/karma/sureshtrb/enKarma/6C2Aa.MahalayaTpnmActivity.kt:876:38 Unresolved reference 'getApplicationContext'.
e: file:///Users/sureshbalasubramanian/Documents/Projects.nosync/Android_enKarma/enKarma/app/src/main/java/com/karma/sureshtrb/enKarma/6C2Aa.MahalayaTpnmActivity.kt:881:38 Unresolved reference 'mstartPos1'.
e: file:///Users/sureshbalasubramanian/Documents/Projects.nosync/Android_enKarma/enKarma/app/src/main/java/com/karma/sureshtrb/enKarma/6C2Aa.MahalayaTpnmActivity.kt:881:50 Unresolved reference 'mendPos1'.
e: file:///Users/sureshbalasubramanian/Documents/Projects.nosync/Android_enKarma/enKarma/app/src/main/java/com/karma/sureshtrb/enKarma/6C2Aa.MahalayaTpnmActivity.kt:882:38 Unresolved reference 'mstartPos2'.
e: file:///Users/sureshbalasubramanian/Documents/Projects.nosync/Android_enKarma/enKarma/app/src/main/java/com/karma/sureshtrb/enKarma/6C2Aa.MahalayaTpnmActivity.kt:882:50 Unresolved reference 'mendPos2'.
e: file:///Users/sureshbalasubramanian/Documents/Projects.nosync/Android_enKarma/enKarma/app/src/main/java/com/karma/sureshtrb/enKarma/6C2Aa.MahalayaTpnmActivity.kt:883:38 Unresolved reference 'mstartPos3'.
e: file:///Users/sureshbalasubramanian/Documents/Projects.nosync/Android_enKarma/enKarma/app/src/main/java/com/karma/sureshtrb/enKarma/6C2Aa.MahalayaTpnmActivity.kt:883:50 Unresolved reference 'mendPos3'.
e: file:///Users/sureshbalasubramanian/Documents/Projects.nosync/Android_enKarma/enKarma/app/src/main/java/com/karma/sureshtrb/enKarma/6C2Aa.MahalayaTpnmActivity.kt:884:38 Unresolved reference 'mstartPos4'.
e: file:///Users/sureshbalasubramanian/Documents/Projects.nosync/Android_enKarma/enKarma/app/src/main/java/com/karma/sureshtrb/enKarma/6C2Aa.MahalayaTpnmActivity.kt:884:50 Unresolved reference 'mendPos4'.
e: file:///Users/sureshbalasubramanian/Documents/Projects.nosync/Android_enKarma/enKarma/app/src/main/java/com/karma/sureshtrb/enKarma/6C2Aa.MahalayaTpnmActivity.kt:885:38 Unresolved reference 'mstartPos5'.
e: file:///Users/sureshbalasubramanian/Documents/Projects.nosync/Android_enKarma/enKarma/app/src/main/java/com/karma/sureshtrb/enKarma/6C2Aa.MahalayaTpnmActivity.kt:885:50 Unresolved reference 'mendPos5'.
e: file:///Users/sureshbalasubramanian/Documents/Projects.nosync/Android_enKarma/enKarma/app/src/main/java/com/karma/sureshtrb/enKarma/6C2Aa.MahalayaTpnmActivity.kt:886:38 Unresolved reference 'mstartPos6'.
e: file:///Users/sureshbalasubramanian/Documents/Projects.nosync/Android_enKarma/enKarma/app/src/main/java/com/karma/sureshtrb/enKarma/6C2Aa.MahalayaTpnmActivity.kt:886:50 Unresolved reference 'mendPos6'.
e: file:///Users/sureshbalasubramanian/Documents/Projects.nosync/Android_enKarma/enKarma/app/src/main/java/com/karma/sureshtrb/enKarma/6C2Aa.MahalayaTpnmActivity.kt:887:38 Unresolved reference 'mstartPos7'.
e: file:///Users/sureshbalasubramanian/Documents/Projects.nosync/Android_enKarma/enKarma/app/src/main/java/com/karma/sureshtrb/enKarma/6C2Aa.MahalayaTpnmActivity.kt:887:50 Unresolved reference 'mendPos7'.
e: file:///Users/sureshbalasubramanian/Documents/Projects.nosync/Android_enKarma/enKarma/app/src/main/java/com/karma/sureshtrb/enKarma/6C2Aa.MahalayaTpnmActivity.kt:888:38 Unresolved reference 'mstartPos8'.
e: file:///Users/sureshbalasubramanian/Documents/Projects.nosync/Android_enKarma/enKarma/app/src/main/java/com/karma/sureshtrb/enKarma/6C2Aa.MahalayaTpnmActivity.kt:888:50 Unresolved reference 'mendPos8'.
e: file:///Users/sureshbalasubramanian/Documents/Projects.nosync/Android_enKarma/enKarma/app/src/main/java/com/karma/sureshtrb/enKarma/6C2Aa.MahalayaTpnmActivity.kt:889:38 Unresolved reference 'mstartPos9'.
e: file:///Users/sureshbalasubramanian/Documents/Projects.nosync/Android_enKarma/enKarma/app/src/main/java/com/karma/sureshtrb/enKarma/6C2Aa.MahalayaTpnmActivity.kt:889:50 Unresolved reference 'mendPos9'.
e: file:///Users/sureshbalasubramanian/Documents/Projects.nosync/Android_enKarma/enKarma/app/src/main/java/com/karma/sureshtrb/enKarma/6C2Aa.MahalayaTpnmActivity.kt:890:38 Unresolved reference 'mstartPos10'.
e: file:///Users/sureshbalasubramanian/Documents/Projects.nosync/Android_enKarma/enKarma/app/src/main/java/com/karma/sureshtrb/enKarma/6C2Aa.MahalayaTpnmActivity.kt:890:51 Unresolved reference 'mendPos10'.
e: file:///Users/sureshbalasubramanian/Documents/Projects.nosync/Android_enKarma/enKarma/app/src/main/java/com/karma/sureshtrb/enKarma/6C2Aa.MahalayaTpnmActivity.kt:891:38 Unresolved reference 'mstartPos11'.
e: file:///Users/sureshbalasubramanian/Documents/Projects.nosync/Android_enKarma/enKarma/app/src/main/java/com/karma/sureshtrb/enKarma/6C2Aa.MahalayaTpnmActivity.kt:891:51 Unresolved reference 'mendPos11'.
e: file:///Users/sureshbalasubramanian/Documents/Projects.nosync/Android_enKarma/enKarma/app/src/main/java/com/karma/sureshtrb/enKarma/6C2Aa.MahalayaTpnmActivity.kt:892:38 Unresolved reference 'mstartPos12'.
e: file:///Users/sureshbalasubramanian/Documents/Projects.nosync/Android_enKarma/enKarma/app/src/main/java/com/karma/sureshtrb/enKarma/6C2Aa.MahalayaTpnmActivity.kt:892:51 Unresolved reference 'mendPos12'.
e: file:///Users/sureshbalasubramanian/Documents/Projects.nosync/Android_enKarma/enKarma/app/src/main/java/com/karma/sureshtrb/enKarma/6C2Aa.MahalayaTpnmActivity.kt:893:38 Unresolved reference 'mstartPos13'.
e: file:///Users/sureshbalasubramanian/Documents/Projects.nosync/Android_enKarma/enKarma/app/src/main/java/com/karma/sureshtrb/enKarma/6C2Aa.MahalayaTpnmActivity.kt:893:51 Unresolved reference 'mendPos13'.
e: file:///Users/sureshbalasubramanian/Documents/Projects.nosync/Android_enKarma/enKarma/app/src/main/java/com/karma/sureshtrb/enKarma/6C2Aa.MahalayaTpnmActivity.kt:894:38 Unresolved reference 'mstartPos14'.
e: file:///Users/sureshbalasubramanian/Documents/Projects.nosync/Android_enKarma/enKarma/app/src/main/java/com/karma/sureshtrb/enKarma/6C2Aa.MahalayaTpnmActivity.kt:894:51 Unresolved reference 'mendPos14'.
e: file:///Users/sureshbalasubramanian/Documents/Projects.nosync/Android_enKarma/enKarma/app/src/main/java/com/karma/sureshtrb/enKarma/6C2Aa.MahalayaTpnmActivity.kt:895:38 Unresolved reference 'mstartPos15'.
e: file:///Users/sureshbalasubramanian/Documents/Projects.nosync/Android_enKarma/enKarma/app/src/main/java/com/karma/sureshtrb/enKarma/6C2Aa.MahalayaTpnmActivity.kt:895:51 Unresolved reference 'mendPos15'.
e: file:///Users/sureshbalasubramanian/Documents/Projects.nosync/Android_enKarma/enKarma/app/src/main/java/com/karma/sureshtrb/enKarma/6C2Aa.MahalayaTpnmActivity.kt:896:38 Unresolved reference 'mstartPos16'.
e: file:///Users/sureshbalasubramanian/Documents/Projects.nosync/Android_enKarma/enKarma/app/src/main/java/com/karma/sureshtrb/enKarma/6C2Aa.MahalayaTpnmActivity.kt:896:51 Unresolved reference 'mendPos16'.
e: file:///Users/sureshbalasubramanian/Documents/Projects.nosync/Android_enKarma/enKarma/app/src/main/java/com/karma/sureshtrb/enKarma/6C2Aa.MahalayaTpnmActivity.kt:897:38 Unresolved reference 'mstartPos17'.
e: file:///Users/sureshbalasubramanian/Documents/Projects.nosync/Android_enKarma/enKarma/app/src/main/java/com/karma/sureshtrb/enKarma/6C2Aa.MahalayaTpnmActivity.kt:897:51 Unresolved reference 'mendPos17'.
e: file:///Users/sureshbalasubramanian/Documents/Projects.nosync/Android_enKarma/enKarma/app/src/main/java/com/karma/sureshtrb/enKarma/6C2Aa.MahalayaTpnmActivity.kt:899:76 Unresolved reference 'mtotalpages'.
e: file:///Users/sureshbalasubramanian/Documents/Projects.nosync/Android_enKarma/enKarma/app/src/main/java/com/karma/sureshtrb/enKarma/6C2Aa.MahalayaTpnmActivity.kt:906:26 Unresolved reference 'mtotalpages'.
e: file:///Users/sureshbalasubramanian/Documents/Projects.nosync/Android_enKarma/enKarma/app/src/main/java/com/karma/sureshtrb/enKarma/6C2Aa.MahalayaTpnmActivity.kt:923:9 Unresolved reference 'mtotalpages'.
e: file:///Users/sureshbalasubramanian/Documents/Projects.nosync/Android_enKarma/enKarma/app/src/main/java/com/karma/sureshtrb/enKarma/6C2Aa.MahalayaTpnmActivity.kt:924:33 Unresolved reference 'mtotalpages'.
e: file:///Users/sureshbalasubramanian/Documents/Projects.nosync/Android_enKarma/enKarma/app/src/main/java/com/karma/sureshtrb/enKarma/6C2Aa.MahalayaTpnmActivity.kt:927:25 Unresolved reference 'mtotalpages'.
e: file:///Users/sureshbalasubramanian/Documents/Projects.nosync/Android_enKarma/enKarma/app/src/main/java/com/karma/sureshtrb/enKarma/6C2Aa.MahalayaTpnmActivity.kt:967:13 Unresolved reference 'mtotalpages'.
e: file:///Users/sureshbalasubramanian/Documents/Projects.nosync/Android_enKarma/enKarma/app/src/main/java/com/karma/sureshtrb/enKarma/6C2Aa.MahalayaTpnmActivity.kt:968:37 Unresolved reference 'mtotalpages'.
e: file:///Users/sureshbalasubramanian/Documents/Projects.nosync/Android_enKarma/enKarma/app/src/main/java/com/karma/sureshtrb/enKarma/6C2Aa.MahalayaTpnmActivity.kt:974:29 Unresolved reference 'mtotalpages'.
e: file:///Users/sureshbalasubramanian/Documents/Projects.nosync/Android_enKarma/enKarma/app/src/main/java/com/karma/sureshtrb/enKarma/6C2Aa.MahalayaTpnmActivity.kt:1623:27 Argument type mismatch: actual type is 'android.text.SpannableString', but 'kotlin.String' was expected.
e: file:///Users/sureshbalasubramanian/Documents/Projects.nosync/Android_enKarma/enKarma/app/src/main/java/com/karma/sureshtrb/enKarma/6C2Aa.MahalayaTpnmActivity.kt:1969:26 Unresolved reference 'BOLD_ITALLIC'.
e: file:///Users/sureshbalasubramanian/Documents/Projects.nosync/Android_enKarma/enKarma/app/src/main/java/com/karma/sureshtrb/enKarma/6C2Aa.MahalayaTpnmActivity.kt:2408:17 Conflicting declarations:
local val exExFlag: Int
local val exExFlag: Int
e: file:///Users/sureshbalasubramanian/Documents/Projects.nosync/Android_enKarma/enKarma/app/src/main/java/com/karma/sureshtrb/enKarma/6C2Aa.MahalayaTpnmActivity.kt:2409:17 Conflicting declarations:
local val start: Int
local val start: Int
e: file:///Users/sureshbalasubramanian/Documents/Projects.nosync/Android_enKarma/enKarma/app/src/main/java/com/karma/sureshtrb/enKarma/6C2Aa.MahalayaTpnmActivity.kt:4653:17 Conflicting declarations:
local val exExFlag: Int
local val exExFlag: Int
e: file:///Users/sureshbalasubramanian/Documents/Projects.nosync/Android_enKarma/enKarma/app/src/main/java/com/karma/sureshtrb/enKarma/6C2Aa.MahalayaTpnmActivity.kt:4654:17 Conflicting declarations:
local val start: Int
local val start: Int
e: file:///Users/sureshbalasubramanian/Documents/Projects.nosync/Android_enKarma/enKarma/app/src/main/java/com/karma/sureshtrb/enKarma/6C2Aa.MahalayaTpnmActivity.kt:825:1 Modifier 'override' is not applicable to 'top level function'.
e: file:///Users/sureshbalasubramanian/Documents/Projects.nosync/Android_enKarma/enKarma/app/src/main/java/com/karma/sureshtrb/enKarma/6C2Aa.MahalayaTpnmActivity.kt:826:5 No supertypes are accessible in this context.
e: file:///Users/sureshbalasubramanian/Documents/Projects.nosync/Android_enKarma/enKarma/app/src/main/java/com/karma/sureshtrb/enKarma/6C2Aa.MahalayaTpnmActivity.kt:828:51 Unresolved reference 'layoutInflater'.
e: file:///Users/sureshbalasubramanian/Documents/Projects.nosync/Android_enKarma/enKarma/app/src/main/java/com/karma/sureshtrb/enKarma/6C2Aa.MahalayaTpnmActivity.kt:829:5 Unresolved reference 'setContentView'.
e: file:///Users/sureshbalasubramanian/Documents/Projects.nosync/Android_enKarma/enKarma/app/src/main/java/com/karma/sureshtrb/enKarma/6C2Aa.MahalayaTpnmActivity.kt:835:9 Unresolved reference 'intent'.
e: file:///Users/sureshbalasubramanian/Documents/Projects.nosync/Android_enKarma/enKarma/app/src/main/java/com/karma/sureshtrb/enKarma/6C2Aa.MahalayaTpnmActivity.kt:843:22 Unresolved reference 'intent'.
e: file:///Users/sureshbalasubramanian/Documents/Projects.nosync/Android_enKarma/enKarma/app/src/main/java/com/karma/sureshtrb/enKarma/6C2Aa.MahalayaTpnmActivity.kt:844:22 Unresolved reference 'intent'.
e: file:///Users/sureshbalasubramanian/Documents/Projects.nosync/Android_enKarma/enKarma/app/src/main/java/com/karma/sureshtrb/enKarma/6C2Aa.MahalayaTpnmActivity.kt:851:26 Unresolved reference 'intent'.
e: file:///Users/sureshbalasubramanian/Documents/Projects.nosync/Android_enKarma/enKarma/app/src/main/java/com/karma/sureshtrb/enKarma/6C2Aa.MahalayaTpnmActivity.kt:852:23 Unresolved reference 'intent'.
e: file:///Users/sureshbalasubramanian/Documents/Projects.nosync/Android_enKarma/enKarma/app/src/main/java/com/karma/sureshtrb/enKarma/6C2Aa.MahalayaTpnmActivity.kt:853:25 Unresolved reference 'intent'.
e: file:///Users/sureshbalasubramanian/Documents/Projects.nosync/Android_enKarma/enKarma/app/src/main/java/com/karma/sureshtrb/enKarma/6C2Aa.MahalayaTpnmActivity.kt:856:5 Unresolved reference 'supportActionBar'.
e: file:///Users/sureshbalasubramanian/Documents/Projects.nosync/Android_enKarma/enKarma/app/src/main/java/com/karma/sureshtrb/enKarma/6C2Aa.MahalayaTpnmActivity.kt:856:24 Unresolved reference 'setHomeAsUpIndicator'.
e: file:///Users/sureshbalasubramanian/Documents/Projects.nosync/Android_enKarma/enKarma/app/src/main/java/com/karma/sureshtrb/enKarma/6C2Aa.MahalayaTpnmActivity.kt:857:5 Unresolved reference 'supportActionBar'.
e: file:///Users/sureshbalasubramanian/Documents/Projects.nosync/Android_enKarma/enKarma/app/src/main/java/com/karma/sureshtrb/enKarma/6C2Aa.MahalayaTpnmActivity.kt:857:24 Unresolved reference 'setDisplayHomeAsUpEnabled'.
e: file:///Users/sureshbalasubramanian/Documents/Projects.nosync/Android_enKarma/enKarma/app/src/main/java/com/karma/sureshtrb/enKarma/6C2Aa.MahalayaTpnmActivity.kt:858:5 Unresolved reference 'supportActionBar'.
e: file:///Users/sureshbalasubramanian/Documents/Projects.nosync/Android_enKarma/enKarma/app/src/main/java/com/karma/sureshtrb/enKarma/6C2Aa.MahalayaTpnmActivity.kt:858:24 Unresolved reference 'subtitle'.
e: file:///Users/sureshbalasubramanian/Documents/Projects.nosync/Android_enKarma/enKarma/app/src/main/java/com/karma/sureshtrb/enKarma/6C2Aa.MahalayaTpnmActivity.kt:859:5 Unresolved reference 'supportActionBar'.
e: file:///Users/sureshbalasubramanian/Documents/Projects.nosync/Android_enKarma/enKarma/app/src/main/java/com/karma/sureshtrb/enKarma/6C2Aa.MahalayaTpnmActivity.kt:859:24 Unresolved reference 'setDisplayShowHomeEnabled'.
e: file:///Users/sureshbalasubramanian/Documents/Projects.nosync/Android_enKarma/enKarma/app/src/main/java/com/karma/sureshtrb/enKarma/6C2Aa.MahalayaTpnmActivity.kt:860:5 Unresolved reference 'supportActionBar'.
e: file:///Users/sureshbalasubramanian/Documents/Projects.nosync/Android_enKarma/enKarma/app/src/main/java/com/karma/sureshtrb/enKarma/6C2Aa.MahalayaTpnmActivity.kt:860:24 Unresolved reference 'setLogo'.
e: file:///Users/sureshbalasubramanian/Documents/Projects.nosync/Android_enKarma/enKarma/app/src/main/java/com/karma/sureshtrb/enKarma/6C2Aa.MahalayaTpnmActivity.kt:861:5 Unresolved reference 'supportActionBar'.
e: file:///Users/sureshbalasubramanian/Documents/Projects.nosync/Android_enKarma/enKarma/app/src/main/java/com/karma/sureshtrb/enKarma/6C2Aa.MahalayaTpnmActivity.kt:861:24 Unresolved reference 'setDisplayUseLogoEnabled'.
e: file:///Users/sureshbalasubramanian/Documents/Projects.nosync/Android_enKarma/enKarma/app/src/main/java/com/karma/sureshtrb/enKarma/6C2Aa.MahalayaTpnmActivity.kt:862:5 Unresolved reference 'trial'.
e: file:///Users/sureshbalasubramanian/Documents/Projects.nosync/Android_enKarma/enKarma/app/src/main/java/com/karma/sureshtrb/enKarma/6C2Aa.MahalayaTpnmActivity.kt:863:5 Unresolved reference 'bottomPithruKoorcham'.
e: file:///Users/sureshbalasubramanian/Documents/Projects.nosync/Android_enKarma/enKarma/app/src/main/java/com/karma/sureshtrb/enKarma/6C2Aa.MahalayaTpnmActivity.kt:864:5 Unresolved reference 'executeData'.
e: file:///Users/sureshbalasubramanian/Documents/Projects.nosync/Android_enKarma/enKarma/app/src/main/java/com/karma/sureshtrb/enKarma/6C2Aa.MahalayaTpnmActivity.kt:876:38 Unresolved reference 'getApplicationContext'.
e: file:///Users/sureshbalasubramanian/Documents/Projects.nosync/Android_enKarma/enKarma/app/src/main/java/com/karma/sureshtrb/enKarma/6C2Aa.MahalayaTpnmActivity.kt:881:38 Unresolved reference 'mstartPos1'.
e: file:///Users/sureshbalasubramanian/Documents/Projects.nosync/Android_enKarma/enKarma/app/src/main/java/com/karma/sureshtrb/enKarma/6C2Aa.MahalayaTpnmActivity.kt:881:50 Unresolved reference 'mendPos1'.
e: file:///Users/sureshbalasubramanian/Documents/Projects.nosync/Android_enKarma/enKarma/app/src/main/java/com/karma/sureshtrb/enKarma/6C2Aa.MahalayaTpnmActivity.kt:882:38 Unresolved reference 'mstartPos2'.
e: file:///Users/sureshbalasubramanian/Documents/Projects.nosync/Android_enKarma/enKarma/app/src/main/java/com/karma/sureshtrb/enKarma/6C2Aa.MahalayaTpnmActivity.kt:882:50 Unresolved reference 'mendPos2'.
e: file:///Users/sureshbalasubramanian/Documents/Projects.nosync/Android_enKarma/enKarma/app/src/main/java/com/karma/sureshtrb/enKarma/6C2Aa.MahalayaTpnmActivity.kt:883:38 Unresolved reference 'mstartPos3'.
e: file:///Users/sureshbalasubramanian/Documents/Projects.nosync/Android_enKarma/enKarma/app/src/main/java/com/karma/sureshtrb/enKarma/6C2Aa.MahalayaTpnmActivity.kt:883:50 Unresolved reference 'mendPos3'.
e: file:///Users/sureshbalasubramanian/Documents/Projects.nosync/Android_enKarma/enKarma/app/src/main/java/com/karma/sureshtrb/enKarma/6C2Aa.MahalayaTpnmActivity.kt:884:38 Unresolved reference 'mstartPos4'.
e: file:///Users/sureshbalasubramanian/Documents/Projects.nosync/Android_enKarma/enKarma/app/src/main/java/com/karma/sureshtrb/enKarma/6C2Aa.MahalayaTpnmActivity.kt:884:50 Unresolved reference 'mendPos4'.
e: file:///Users/sureshbalasubramanian/Documents/Projects.nosync/Android_enKarma/enKarma/app/src/main/java/com/karma/sureshtrb/enKarma/6C2Aa.MahalayaTpnmActivity.kt:885:38 Unresolved reference 'mstartPos5'.
e: file:///Users/sureshbalasubramanian/Documents/Projects.nosync/Android_enKarma/enKarma/app/src/main/java/com/karma/sureshtrb/enKarma/6C2Aa.MahalayaTpnmActivity.kt:885:50 Unresolved reference 'mendPos5'.
e: file:///Users/sureshbalasubramanian/Documents/Projects.nosync/Android_enKarma/enKarma/app/src/main/java/com/karma/sureshtrb/enKarma/6C2Aa.MahalayaTpnmActivity.kt:886:38 Unresolved reference 'mstartPos6'.
e: file:///Users/sureshbalasubramanian/Documents/Projects.nosync/Android_enKarma/enKarma/app/src/main/java/com/karma/sureshtrb/enKarma/6C2Aa.MahalayaTpnmActivity.kt:886:50 Unresolved reference 'mendPos6'.
e: file:///Users/sureshbalasubramanian/Documents/Projects.nosync/Android_enKarma/enKarma/app/src/main/java/com/karma/sureshtrb/enKarma/6C2Aa.MahalayaTpnmActivity.kt:887:38 Unresolved reference 'mstartPos7'.
e: file:///Users/sureshbalasubramanian/Documents/Projects.nosync/Android_enKarma/enKarma/app/src/main/java/com/karma/sureshtrb/enKarma/6C2Aa.MahalayaTpnmActivity.kt:887:50 Unresolved reference 'mendPos7'.
e: file:///Users/sureshbalasubramanian/Documents/Projects.nosync/Android_enKarma/enKarma/app/src/main/java/com/karma/sureshtrb/enKarma/6C2Aa.MahalayaTpnmActivity.kt:888:38 Unresolved reference 'mstartPos8'.
e: file:///Users/sureshbalasubramanian/Documents/Projects.nosync/Android_enKarma/enKarma/app/src/main/java/com/karma/sureshtrb/enKarma/6C2Aa.MahalayaTpnmActivity.kt:888:50 Unresolved reference 'mendPos8'.
e: file:///Users/sureshbalasubramanian/Documents/Projects.nosync/Android_enKarma/enKarma/app/src/main/java/com/karma/sureshtrb/enKarma/6C2Aa.MahalayaTpnmActivity.kt:889:38 Unresolved reference 'mstartPos9'.
e: file:///Users/sureshbalasubramanian/Documents/Projects.nosync/Android_enKarma/enKarma/app/src/main/java/com/karma/sureshtrb/enKarma/6C2Aa.MahalayaTpnmActivity.kt:889:50 Unresolved reference 'mendPos9'.
e: file:///Users/sureshbalasubramanian/Documents/Projects.nosync/Android_enKarma/enKarma/app/src/main/java/com/karma/sureshtrb/enKarma/6C2Aa.MahalayaTpnmActivity.kt:890:38 Unresolved reference 'mstartPos10'.
e: file:///Users/sureshbalasubramanian/Documents/Projects.nosync/Android_enKarma/enKarma/app/src/main/java/com/karma/sureshtrb/enKarma/6C2Aa.MahalayaTpnmActivity.kt:890:51 Unresolved reference 'mendPos10'.
e: file:///Users/sureshbalasubramanian/Documents/Projects.nosync/Android_enKarma/enKarma/app/src/main/java/com/karma/sureshtrb/enKarma/6C2Aa.MahalayaTpnmActivity.kt:891:38 Unresolved reference 'mstartPos11'.
e: file:///Users/sureshbalasubramanian/Documents/Projects.nosync/Android_enKarma/enKarma/app/src/main/java/com/karma/sureshtrb/enKarma/6C2Aa.MahalayaTpnmActivity.kt:891:51 Unresolved reference 'mendPos11'.
e: file:///Users/sureshbalasubramanian/Documents/Projects.nosync/Android_enKarma/enKarma/app/src/main/java/com/karma/sureshtrb/enKarma/6C2Aa.MahalayaTpnmActivity.kt:892:38 Unresolved reference 'mstartPos12'.
e: file:///Users/sureshbalasubramanian/Documents/Projects.nosync/Android_enKarma/enKarma/app/src/main/java/com/karma/sureshtrb/enKarma/6C2Aa.MahalayaTpnmActivity.kt:892:51 Unresolved reference 'mendPos12'.
e: file:///Users/sureshbalasubramanian/Documents/Projects.nosync/Android_enKarma/enKarma/app/src/main/java/com/karma/sureshtrb/enKarma/6C2Aa.MahalayaTpnmActivity.kt:893:38 Unresolved reference 'mstartPos13'.
e: file:///Users/sureshbalasubramanian/Documents/Projects.nosync/Android_enKarma/enKarma/app/src/main/java/com/karma/sureshtrb/enKarma/6C2Aa.MahalayaTpnmActivity.kt:893:51 Unresolved reference 'mendPos13'.
e: file:///Users/sureshbalasubramanian/Documents/Projects.nosync/Android_enKarma/enKarma/app/src/main/java/com/karma/sureshtrb/enKarma/6C2Aa.MahalayaTpnmActivity.kt:894:38 Unresolved reference 'mstartPos14'.
e: file:///Users/sureshbalasubramanian/Documents/Projects.nosync/Android_enKarma/enKarma/app/src/main/java/com/karma/sureshtrb/enKarma/6C2Aa.MahalayaTpnmActivity.kt:894:51 Unresolved reference 'mendPos14'.
e: file:///Users/sureshbalasubramanian/Documents/Projects.nosync/Android_enKarma/enKarma/app/src/main/java/com/karma/sureshtrb/enKarma/6C2Aa.MahalayaTpnmActivity.kt:895:38 Unresolved reference 'mstartPos15'.
e: file:///Users/sureshbalasubramanian/Documents/Projects.nosync/Android_enKarma/enKarma/app/src/main/java/com/karma/sureshtrb/enKarma/6C2Aa.MahalayaTpnmActivity.kt:895:51 Unresolved reference 'mendPos15'.
e: file:///Users/sureshbalasubramanian/Documents/Projects.nosync/Android_enKarma/enKarma/app/src/main/java/com/karma/sureshtrb/enKarma/6C2Aa.MahalayaTpnmActivity.kt:896:38 Unresolved reference 'mstartPos16'.
e: file:///Users/sureshbalasubramanian/Documents/Projects.nosync/Android_enKarma/enKarma/app/src/main/java/com/karma/sureshtrb/enKarma/6C2Aa.MahalayaTpnmActivity.kt:896:51 Unresolved reference 'mendPos16'.
e: file:///Users/sureshbalasubramanian/Documents/Projects.nosync/Android_enKarma/enKarma/app/src/main/java/com/karma/sureshtrb/enKarma/6C2Aa.MahalayaTpnmActivity.kt:897:38 Unresolved reference 'mstartPos17'.
e: file:///Users/sureshbalasubramanian/Documents/Projects.nosync/Android_enKarma/enKarma/app/src/main/java/com/karma/sureshtrb/enKarma/6C2Aa.MahalayaTpnmActivity.kt:897:51 Unresolved reference 'mendPos17'.
e: file:///Users/sureshbalasubramanian/Documents/Projects.nosync/Android_enKarma/enKarma/app/src/main/java/com/karma/sureshtrb/enKarma/6C2Aa.MahalayaTpnmActivity.kt:899:76 Unresolved reference 'mtotalpages'.
e: file:///Users/sureshbalasubramanian/Documents/Projects.nosync/Android_enKarma/enKarma/app/src/main/java/com/karma/sureshtrb/enKarma/6C2Aa.MahalayaTpnmActivity.kt:906:26 Unresolved reference 'mtotalpages'.
e: file:///Users/sureshbalasubramanian/Documents/Projects.nosync/Android_enKarma/enKarma/app/src/main/java/com/karma/sureshtrb/enKarma/6C2Aa.MahalayaTpnmActivity.kt:923:9 Unresolved reference 'mtotalpages'.
e: file:///Users/sureshbalasubramanian/Documents/Projects.nosync/Android_enKarma/enKarma/app/src/main/java/com/karma/sureshtrb/enKarma/6C2Aa.MahalayaTpnmActivity.kt:924:33 Unresolved reference 'mtotalpages'.
e: file:///Users/sureshbalasubramanian/Documents/Projects.nosync/Android_enKarma/enKarma/app/src/main/java/com/karma/sureshtrb/enKarma/6C2Aa.MahalayaTpnmActivity.kt:927:25 Unresolved reference 'mtotalpages'.
e: file:///Users/sureshbalasubramanian/Documents/Projects.nosync/Android_enKarma/enKarma/app/src/main/java/com/karma/sureshtrb/enKarma/6C2Aa.MahalayaTpnmActivity.kt:967:13 Unresolved reference 'mtotalpages'.
e: file:///Users/sureshbalasubramanian/Documents/Projects.nosync/Android_enKarma/enKarma/app/src/main/java/com/karma/sureshtrb/enKarma/6C2Aa.MahalayaTpnmActivity.kt:968:37 Unresolved reference 'mtotalpages'.
e: file:///Users/sureshbalasubramanian/Documents/Projects.nosync/Android_enKarma/enKarma/app/src/main/java/com/karma/sureshtrb/enKarma/6C2Aa.MahalayaTpnmActivity.kt:974:29 Unresolved reference 'mtotalpages'.
e: file:///Users/sureshbalasubramanian/Documents/Projects.nosync/Android_enKarma/enKarma/app/src/main/java/com/karma/sureshtrb/enKarma/6C2Aa.MahalayaTpnmActivity.kt:1623:27 Argument type mismatch: actual type is 'android.text.SpannableString', but 'kotlin.String' was expected.
e: file:///Users/sureshbalasubramanian/Documents/Projects.nosync/Android_enKarma/enKarma/app/src/main/java/com/karma/sureshtrb/enKarma/6C2Aa.MahalayaTpnmActivity.kt:1969:26 Unresolved reference 'BOLD_ITALLIC'.
e: file:///Users/sureshbalasubramanian/Documents/Projects.nosync/Android_enKarma/enKarma/app/src/main/java/com/karma/sureshtrb/enKarma/6C2Aa.MahalayaTpnmActivity.kt:2408:17 Conflicting declarations:
local val exExFlag: Int
local val exExFlag: Int
e: file:///Users/sureshbalasubramanian/Documents/Projects.nosync/Android_enKarma/enKarma/app/src/main/java/com/karma/sureshtrb/enKarma/6C2Aa.MahalayaTpnmActivity.kt:2409:17 Conflicting declarations:
local val start: Int
local val start: Int
e: file:///Users/sureshbalasubramanian/Documents/Projects.nosync/Android_enKarma/enKarma/app/src/main/java/com/karma/sureshtrb/enKarma/6C2Aa.MahalayaTpnmActivity.kt:4653:17 Conflicting declarations:
local val exExFlag: Int
local val exExFlag: Int
e: file:///Users/sureshbalasubramanian/Documents/Projects.nosync/Android_enKarma/enKarma/app/src/main/java/com/karma/sureshtrb/enKarma/6C2Aa.MahalayaTpnmActivity.kt:4654:17 Conflicting declarations:
local val start: Int
local val start: Int

FAILURE: Build completed with 2 failures.

1: Task failed with an exception.
-----------
* What went wrong:
Execution failed for task ':app:compileDebugKotlin'.
> A failure occurred while executing org.jetbrains.kotlin.compilerRunner.GradleCompilerRunnerWithWorkers$GradleKotlinCompilerWorkAction
   > Compilation error. See log for more details

* Try:
> Run with --info or --debug option to get more log output.
> Run with --scan to get full insights.
> Get more help at https://help.gradle.org.

* Exception is:
org.gradle.api.tasks.TaskExecutionException: Execution failed for task ':app:compileDebugKotlin'.
        at org.gradle.api.internal.tasks.execution.ExecuteActionsTaskExecuter.lambda$executeIfValid$1(ExecuteActionsTaskExecuter.java:130)
        at org.gradle.internal.Try$Failure.ifSuccessfulOrElse(Try.java:282)
        at org.gradle.api.internal.tasks.execution.ExecuteActionsTaskExecuter.executeIfValid(ExecuteActionsTaskExecuter.java:128)
        at org.gradle.api.internal.tasks.execution.ExecuteActionsTaskExecuter.execute(ExecuteActionsTaskExecuter.java:116)
        at org.gradle.api.internal.tasks.execution.FinalizePropertiesTaskExecuter.execute(FinalizePropertiesTaskExecuter.java:46)
        at org.gradle.api.internal.tasks.execution.ResolveTaskExecutionModeExecuter.execute(ResolveTaskExecutionModeExecuter.java:51)
        at org.gradle.api.internal.tasks.execution.SkipTaskWithNoActionsExecuter.execute(SkipTaskWithNoActionsExecuter.java:57)
        at org.gradle.api.internal.tasks.execution.SkipOnlyIfTaskExecuter.execute(SkipOnlyIfTaskExecuter.java:74)
        at org.gradle.api.internal.tasks.execution.CatchExceptionTaskExecuter.execute(CatchExceptionTaskExecuter.java:36)
        at org.gradle.api.internal.tasks.execution.EventFiringTaskExecuter$1.executeTask(EventFiringTaskExecuter.java:77)
        at org.gradle.api.internal.tasks.execution.EventFiringTaskExecuter$1.call(EventFiringTaskExecuter.java:55)
        at org.gradle.api.internal.tasks.execution.EventFiringTaskExecuter$1.call(EventFiringTaskExecuter.java:52)
        at org.gradle.internal.operations.DefaultBuildOperationRunner$CallableBuildOperationWorker.execute(DefaultBuildOperationRunner.java:200)
        at org.gradle.internal.operations.DefaultBuildOperationRunner$CallableBuildOperationWorker.execute(DefaultBuildOperationRunner.java:195)
        at org.gradle.internal.operations.DefaultBuildOperationRunner$2.execute(DefaultBuildOperationRunner.java:66)
        at org.gradle.internal.operations.DefaultBuildOperationRunner$2.execute(DefaultBuildOperationRunner.java:59)
        at org.gradle.internal.operations.DefaultBuildOperationRunner.execute(DefaultBuildOperationRunner.java:157)
        at org.gradle.internal.operations.DefaultBuildOperationRunner.execute(DefaultBuildOperationRunner.java:59)
        at org.gradle.internal.operations.DefaultBuildOperationRunner.call(DefaultBuildOperationRunner.java:53)
        at org.gradle.internal.operations.DefaultBuildOperationExecutor.call(DefaultBuildOperationExecutor.java:73)
        at org.gradle.api.internal.tasks.execution.EventFiringTaskExecuter.execute(EventFiringTaskExecuter.java:52)
        at org.gradle.execution.plan.LocalTaskNodeExecutor.execute(LocalTaskNodeExecutor.java:42)
        at org.gradle.execution.taskgraph.DefaultTaskExecutionGraph$InvokeNodeExecutorsAction.execute(DefaultTaskExecutionGraph.java:331)
        at org.gradle.execution.taskgraph.DefaultTaskExecutionGraph$InvokeNodeExecutorsAction.execute(DefaultTaskExecutionGraph.java:318)
        at org.gradle.execution.taskgraph.DefaultTaskExecutionGraph$BuildOperationAwareExecutionAction.lambda$execute$0(DefaultTaskExecutionGraph.java:314)
        at org.gradle.internal.operations.CurrentBuildOperationRef.with(CurrentBuildOperationRef.java:80)
        at org.gradle.execution.taskgraph.DefaultTaskExecutionGraph$BuildOperationAwareExecutionAction.execute(DefaultTaskExecutionGraph.java:314)
        at org.gradle.execution.taskgraph.DefaultTaskExecutionGraph$BuildOperationAwareExecutionAction.execute(DefaultTaskExecutionGraph.java:303)
        at org.gradle.execution.plan.DefaultPlanExecutor$ExecutorWorker.execute(DefaultPlanExecutor.java:463)
        at org.gradle.execution.plan.DefaultPlanExecutor$ExecutorWorker.run(DefaultPlanExecutor.java:380)
        at org.gradle.internal.concurrent.ExecutorPolicy$CatchAndRecordFailures.onExecute(ExecutorPolicy.java:64)
        at org.gradle.internal.concurrent.AbstractManagedExecutor$1.run(AbstractManagedExecutor.java:47)
Caused by: org.gradle.workers.internal.DefaultWorkerExecutor$WorkExecutionException: A failure occurred while executing org.jetbrains.kotlin.compilerRunner.GradleCompilerRunnerWithWorkers$GradleKotlinCompilerWorkAction
        at org.gradle.workers.internal.DefaultWorkerExecutor$WorkItemExecution.waitForCompletion(DefaultWorkerExecutor.java:287)
        at org.gradle.internal.work.DefaultAsyncWorkTracker.lambda$waitForItemsAndGatherFailures$2(DefaultAsyncWorkTracker.java:130)
        at org.gradle.internal.Factories$1.create(Factories.java:31)
        at org.gradle.internal.work.DefaultWorkerLeaseService.withoutLocks(DefaultWorkerLeaseService.java:336)
        at org.gradle.internal.work.DefaultWorkerLeaseService.withoutLocks(DefaultWorkerLeaseService.java:319)
        at org.gradle.internal.work.DefaultWorkerLeaseService.withoutLock(DefaultWorkerLeaseService.java:324)
        at org.gradle.internal.work.DefaultAsyncWorkTracker.waitForItemsAndGatherFailures(DefaultAsyncWorkTracker.java:126)
        at org.gradle.internal.work.DefaultAsyncWorkTracker.waitForItemsAndGatherFailures(DefaultAsyncWorkTracker.java:92)
        at org.gradle.internal.work.DefaultAsyncWorkTracker.waitForAll(DefaultAsyncWorkTracker.java:78)
        at org.gradle.internal.work.DefaultAsyncWorkTracker.waitForCompletion(DefaultAsyncWorkTracker.java:66)
        at org.gradle.api.internal.tasks.execution.TaskExecution$3.run(TaskExecution.java:252)
        at org.gradle.internal.operations.DefaultBuildOperationRunner$1.execute(DefaultBuildOperationRunner.java:29)
        at org.gradle.internal.operations.DefaultBuildOperationRunner$1.execute(DefaultBuildOperationRunner.java:26)
        at org.gradle.internal.operations.DefaultBuildOperationRunner$2.execute(DefaultBuildOperationRunner.java:66)
        at org.gradle.internal.operations.DefaultBuildOperationRunner$2.execute(DefaultBuildOperationRunner.java:59)
        at org.gradle.internal.operations.DefaultBuildOperationRunner.execute(DefaultBuildOperationRunner.java:157)
        at org.gradle.internal.operations.DefaultBuildOperationRunner.execute(DefaultBuildOperationRunner.java:59)
        at org.gradle.internal.operations.DefaultBuildOperationRunner.run(DefaultBuildOperationRunner.java:47)
        at org.gradle.internal.operations.DefaultBuildOperationExecutor.run(DefaultBuildOperationExecutor.java:68)
        at org.gradle.api.internal.tasks.execution.TaskExecution.executeAction(TaskExecution.java:229)
        at org.gradle.api.internal.tasks.execution.TaskExecution.executeActions(TaskExecution.java:212)
        at org.gradle.api.internal.tasks.execution.TaskExecution.executeWithPreviousOutputFiles(TaskExecution.java:195)
        at org.gradle.api.internal.tasks.execution.TaskExecution.execute(TaskExecution.java:162)
        at org.gradle.internal.execution.steps.ExecuteStep.executeInternal(ExecuteStep.java:105)
        at org.gradle.internal.execution.steps.ExecuteStep.access$000(ExecuteStep.java:44)
        at org.gradle.internal.execution.steps.ExecuteStep$1.call(ExecuteStep.java:59)
        at org.gradle.internal.execution.steps.ExecuteStep$1.call(ExecuteStep.java:56)
        at org.gradle.internal.operations.DefaultBuildOperationRunner$CallableBuildOperationWorker.execute(DefaultBuildOperationRunner.java:200)
        at org.gradle.internal.operations.DefaultBuildOperationRunner$CallableBuildOperationWorker.execute(DefaultBuildOperationRunner.java:195)
        at org.gradle.internal.operations.DefaultBuildOperationRunner$2.execute(DefaultBuildOperationRunner.java:66)
        at org.gradle.internal.operations.DefaultBuildOperationRunner$2.execute(DefaultBuildOperationRunner.java:59)
        at org.gradle.internal.operations.DefaultBuildOperationRunner.execute(DefaultBuildOperationRunner.java:157)
        at org.gradle.internal.operations.DefaultBuildOperationRunner.execute(DefaultBuildOperationRunner.java:59)
        at org.gradle.internal.operations.DefaultBuildOperationRunner.call(DefaultBuildOperationRunner.java:53)
        at org.gradle.internal.operations.DefaultBuildOperationExecutor.call(DefaultBuildOperationExecutor.java:73)
        at org.gradle.internal.execution.steps.ExecuteStep.execute(ExecuteStep.java:56)
        at org.gradle.internal.execution.steps.ExecuteStep.execute(ExecuteStep.java:44)
        at org.gradle.internal.execution.steps.CancelExecutionStep.execute(CancelExecutionStep.java:41)
        at org.gradle.internal.execution.steps.TimeoutStep.executeWithoutTimeout(TimeoutStep.java:74)
        at org.gradle.internal.execution.steps.TimeoutStep.execute(TimeoutStep.java:55)
        at org.gradle.internal.execution.steps.PreCreateOutputParentsStep.execute(PreCreateOutputParentsStep.java:50)
        at org.gradle.internal.execution.steps.PreCreateOutputParentsStep.execute(PreCreateOutputParentsStep.java:28)
        at org.gradle.internal.execution.steps.RemovePreviousOutputsStep.execute(RemovePreviousOutputsStep.java:67)
        at org.gradle.internal.execution.steps.RemovePreviousOutputsStep.execute(RemovePreviousOutputsStep.java:37)
        at org.gradle.internal.execution.steps.BroadcastChangingOutputsStep.execute(BroadcastChangingOutputsStep.java:61)
        at org.gradle.internal.execution.steps.BroadcastChangingOutputsStep.execute(BroadcastChangingOutputsStep.java:26)
        at org.gradle.internal.execution.steps.CaptureOutputsAfterExecutionStep.execute(CaptureOutputsAfterExecutionStep.java:67)
        at org.gradle.internal.execution.steps.CaptureOutputsAfterExecutionStep.execute(CaptureOutputsAfterExecutionStep.java:45)
        at org.gradle.internal.execution.steps.ResolveInputChangesStep.execute(ResolveInputChangesStep.java:40)
        at org.gradle.internal.execution.steps.ResolveInputChangesStep.execute(ResolveInputChangesStep.java:29)
        at org.gradle.internal.execution.steps.BuildCacheStep.executeWithoutCache(BuildCacheStep.java:189)
        at org.gradle.internal.execution.steps.BuildCacheStep.executeAndStoreInCache(BuildCacheStep.java:145)
        at org.gradle.internal.execution.steps.BuildCacheStep.lambda$executeWithCache$4(BuildCacheStep.java:101)
        at org.gradle.internal.execution.steps.BuildCacheStep.lambda$executeWithCache$5(BuildCacheStep.java:101)
        at org.gradle.internal.Try$Success.map(Try.java:164)
        at org.gradle.internal.execution.steps.BuildCacheStep.executeWithCache(BuildCacheStep.java:85)
        at org.gradle.internal.execution.steps.BuildCacheStep.lambda$execute$0(BuildCacheStep.java:74)
        at org.gradle.internal.Either$Left.fold(Either.java:115)
        at org.gradle.internal.execution.caching.CachingState.fold(CachingState.java:62)
        at org.gradle.internal.execution.steps.BuildCacheStep.execute(BuildCacheStep.java:73)
        at org.gradle.internal.execution.steps.BuildCacheStep.execute(BuildCacheStep.java:48)
        at org.gradle.internal.execution.steps.StoreExecutionStateStep.execute(StoreExecutionStateStep.java:46)
        at org.gradle.internal.execution.steps.StoreExecutionStateStep.execute(StoreExecutionStateStep.java:35)
        at org.gradle.internal.execution.steps.SkipUpToDateStep.executeBecause(SkipUpToDateStep.java:76)
        at org.gradle.internal.execution.steps.SkipUpToDateStep.lambda$execute$2(SkipUpToDateStep.java:54)
        at org.gradle.internal.execution.steps.SkipUpToDateStep.execute(SkipUpToDateStep.java:54)
        at org.gradle.internal.execution.steps.SkipUpToDateStep.execute(SkipUpToDateStep.java:36)
        at org.gradle.internal.execution.steps.legacy.MarkSnapshottingInputsFinishedStep.execute(MarkSnapshottingInputsFinishedStep.java:37)
        at org.gradle.internal.execution.steps.legacy.MarkSnapshottingInputsFinishedStep.execute(MarkSnapshottingInputsFinishedStep.java:27)
        at org.gradle.internal.execution.steps.ResolveIncrementalCachingStateStep.executeDelegate(ResolveIncrementalCachingStateStep.java:49)
        at org.gradle.internal.execution.steps.ResolveIncrementalCachingStateStep.executeDelegate(ResolveIncrementalCachingStateStep.java:27)
        at org.gradle.internal.execution.steps.AbstractResolveCachingStateStep.execute(AbstractResolveCachingStateStep.java:71)
        at org.gradle.internal.execution.steps.AbstractResolveCachingStateStep.execute(AbstractResolveCachingStateStep.java:39)
        at org.gradle.internal.execution.steps.ResolveChangesStep.execute(ResolveChangesStep.java:65)
        at org.gradle.internal.execution.steps.ResolveChangesStep.execute(ResolveChangesStep.java:36)
        at org.gradle.internal.execution.steps.ValidateStep.execute(ValidateStep.java:106)
        at org.gradle.internal.execution.steps.ValidateStep.execute(ValidateStep.java:55)
        at org.gradle.internal.execution.steps.AbstractCaptureStateBeforeExecutionStep.execute(AbstractCaptureStateBeforeExecutionStep.java:64)
        at org.gradle.internal.execution.steps.AbstractCaptureStateBeforeExecutionStep.execute(AbstractCaptureStateBeforeExecutionStep.java:43)
        at org.gradle.internal.execution.steps.AbstractSkipEmptyWorkStep.executeWithNonEmptySources(AbstractSkipEmptyWorkStep.java:125)
        at org.gradle.internal.execution.steps.AbstractSkipEmptyWorkStep.execute(AbstractSkipEmptyWorkStep.java:61)
        at org.gradle.internal.execution.steps.AbstractSkipEmptyWorkStep.execute(AbstractSkipEmptyWorkStep.java:36)
        at org.gradle.internal.execution.steps.legacy.MarkSnapshottingInputsStartedStep.execute(MarkSnapshottingInputsStartedStep.java:38)
        at org.gradle.internal.execution.steps.LoadPreviousExecutionStateStep.execute(LoadPreviousExecutionStateStep.java:36)
        at org.gradle.internal.execution.steps.LoadPreviousExecutionStateStep.execute(LoadPreviousExecutionStateStep.java:23)
        at org.gradle.internal.execution.steps.HandleStaleOutputsStep.execute(HandleStaleOutputsStep.java:75)
        at org.gradle.internal.execution.steps.HandleStaleOutputsStep.execute(HandleStaleOutputsStep.java:41)
        at org.gradle.internal.execution.steps.AssignMutableWorkspaceStep.lambda$execute$0(AssignMutableWorkspaceStep.java:35)
        at org.gradle.api.internal.tasks.execution.TaskExecution$4.withWorkspace(TaskExecution.java:289)
        at org.gradle.internal.execution.steps.AssignMutableWorkspaceStep.execute(AssignMutableWorkspaceStep.java:31)
        at org.gradle.internal.execution.steps.AssignMutableWorkspaceStep.execute(AssignMutableWorkspaceStep.java:22)
        at org.gradle.internal.execution.steps.ChoosePipelineStep.execute(ChoosePipelineStep.java:40)
        at org.gradle.internal.execution.steps.ChoosePipelineStep.execute(ChoosePipelineStep.java:23)
        at org.gradle.internal.execution.steps.ExecuteWorkBuildOperationFiringStep.lambda$execute$2(ExecuteWorkBuildOperationFiringStep.java:67)
        at org.gradle.internal.execution.steps.ExecuteWorkBuildOperationFiringStep.execute(ExecuteWorkBuildOperationFiringStep.java:67)
        at org.gradle.internal.execution.steps.ExecuteWorkBuildOperationFiringStep.execute(ExecuteWorkBuildOperationFiringStep.java:39)
        at org.gradle.internal.execution.steps.IdentityCacheStep.execute(IdentityCacheStep.java:46)
        at org.gradle.internal.execution.steps.IdentityCacheStep.execute(IdentityCacheStep.java:34)
        at org.gradle.internal.execution.steps.IdentifyStep.execute(IdentifyStep.java:48)
        at org.gradle.internal.execution.steps.IdentifyStep.execute(IdentifyStep.java:35)
        at org.gradle.internal.execution.impl.DefaultExecutionEngine$1.execute(DefaultExecutionEngine.java:61)
        at org.gradle.api.internal.tasks.execution.ExecuteActionsTaskExecuter.executeIfValid(ExecuteActionsTaskExecuter.java:127)
        at org.gradle.api.internal.tasks.execution.ExecuteActionsTaskExecuter.execute(ExecuteActionsTaskExecuter.java:116)
        at org.gradle.api.internal.tasks.execution.FinalizePropertiesTaskExecuter.execute(FinalizePropertiesTaskExecuter.java:46)
        at org.gradle.api.internal.tasks.execution.ResolveTaskExecutionModeExecuter.execute(ResolveTaskExecutionModeExecuter.java:51)
        at org.gradle.api.internal.tasks.execution.SkipTaskWithNoActionsExecuter.execute(SkipTaskWithNoActionsExecuter.java:57)
        at org.gradle.api.internal.tasks.execution.SkipOnlyIfTaskExecuter.execute(SkipOnlyIfTaskExecuter.java:74)
        at org.gradle.api.internal.tasks.execution.CatchExceptionTaskExecuter.execute(CatchExceptionTaskExecuter.java:36)
        at org.gradle.api.internal.tasks.execution.EventFiringTaskExecuter$1.executeTask(EventFiringTaskExecuter.java:77)
        at org.gradle.api.internal.tasks.execution.EventFiringTaskExecuter$1.call(EventFiringTaskExecuter.java:55)
        at org.gradle.api.internal.tasks.execution.EventFiringTaskExecuter$1.call(EventFiringTaskExecuter.java:52)
        at org.gradle.internal.operations.DefaultBuildOperationRunner$CallableBuildOperationWorker.execute(DefaultBuildOperationRunner.java:200)
        at org.gradle.internal.operations.DefaultBuildOperationRunner$CallableBuildOperationWorker.execute(DefaultBuildOperationRunner.java:195)
        at org.gradle.internal.operations.DefaultBuildOperationRunner$2.execute(DefaultBuildOperationRunner.java:66)
        at org.gradle.internal.operations.DefaultBuildOperationRunner$2.execute(DefaultBuildOperationRunner.java:59)
        at org.gradle.internal.operations.DefaultBuildOperationRunner.execute(DefaultBuildOperationRunner.java:157)
        at org.gradle.internal.operations.DefaultBuildOperationRunner.execute(DefaultBuildOperationRunner.java:59)
        at org.gradle.internal.operations.DefaultBuildOperationRunner.call(DefaultBuildOperationRunner.java:53)
        at org.gradle.internal.operations.DefaultBuildOperationExecutor.call(DefaultBuildOperationExecutor.java:73)
        at org.gradle.api.internal.tasks.execution.EventFiringTaskExecuter.execute(EventFiringTaskExecuter.java:52)
        at org.gradle.execution.plan.LocalTaskNodeExecutor.execute(LocalTaskNodeExecutor.java:42)
        at org.gradle.execution.taskgraph.DefaultTaskExecutionGraph$InvokeNodeExecutorsAction.execute(DefaultTaskExecutionGraph.java:331)
        at org.gradle.execution.taskgraph.DefaultTaskExecutionGraph$InvokeNodeExecutorsAction.execute(DefaultTaskExecutionGraph.java:318)
        at org.gradle.execution.taskgraph.DefaultTaskExecutionGraph$BuildOperationAwareExecutionAction.lambda$execute$0(DefaultTaskExecutionGraph.java:314)
        at org.gradle.internal.operations.CurrentBuildOperationRef.with(CurrentBuildOperationRef.java:80)
        at org.gradle.execution.taskgraph.DefaultTaskExecutionGraph$BuildOperationAwareExecutionAction.execute(DefaultTaskExecutionGraph.java:314)
        at org.gradle.execution.taskgraph.DefaultTaskExecutionGraph$BuildOperationAwareExecutionAction.execute(DefaultTaskExecutionGraph.java:303)
        at org.gradle.execution.plan.DefaultPlanExecutor$ExecutorWorker.execute(DefaultPlanExecutor.java:463)
        at org.gradle.execution.plan.DefaultPlanExecutor$ExecutorWorker.run(DefaultPlanExecutor.java:380)
        at org.gradle.internal.concurrent.ExecutorPolicy$CatchAndRecordFailures.onExecute(ExecutorPolicy.java:64)
        at org.gradle.internal.concurrent.AbstractManagedExecutor$1.run(AbstractManagedExecutor.java:47)
Caused by: org.jetbrains.kotlin.gradle.tasks.CompilationErrorException: Compilation error. See log for more details
        at org.jetbrains.kotlin.gradle.tasks.TasksUtilsKt.throwExceptionIfCompilationFailed(tasksUtils.kt:21)
        at org.jetbrains.kotlin.compilerRunner.GradleKotlinCompilerWork.run(GradleKotlinCompilerWork.kt:119)
        at org.jetbrains.kotlin.compilerRunner.GradleCompilerRunnerWithWorkers$GradleKotlinCompilerWorkAction.execute(GradleCompilerRunnerWithWorkers.kt:76)
        at org.gradle.workers.internal.DefaultWorkerServer.execute(DefaultWorkerServer.java:63)
        at org.gradle.workers.internal.NoIsolationWorkerFactory$1$1.create(NoIsolationWorkerFactory.java:66)
        at org.gradle.workers.internal.NoIsolationWorkerFactory$1$1.create(NoIsolationWorkerFactory.java:62)
        at org.gradle.internal.classloader.ClassLoaderUtils.executeInClassloader(ClassLoaderUtils.java:100)
        at org.gradle.workers.internal.NoIsolationWorkerFactory$1.lambda$execute$0(NoIsolationWorkerFactory.java:62)
        at org.gradle.workers.internal.AbstractWorker$1.call(AbstractWorker.java:44)
        at org.gradle.workers.internal.AbstractWorker$1.call(AbstractWorker.java:41)
        at org.gradle.internal.operations.DefaultBuildOperationRunner$CallableBuildOperationWorker.execute(DefaultBuildOperationRunner.java:200)
        at org.gradle.internal.operations.DefaultBuildOperationRunner$CallableBuildOperationWorker.execute(DefaultBuildOperationRunner.java:195)
        at org.gradle.internal.operations.DefaultBuildOperationRunner$2.execute(DefaultBuildOperationRunner.java:66)
        at org.gradle.internal.operations.DefaultBuildOperationRunner$2.execute(DefaultBuildOperationRunner.java:59)
        at org.gradle.internal.operations.DefaultBuildOperationRunner.execute(DefaultBuildOperationRunner.java:157)
        at org.gradle.internal.operations.DefaultBuildOperationRunner.execute(DefaultBuildOperationRunner.java:59)
        at org.gradle.internal.operations.DefaultBuildOperationRunner.call(DefaultBuildOperationRunner.java:53)
        at org.gradle.internal.operations.DefaultBuildOperationExecutor.call(DefaultBuildOperationExecutor.java:73)
        at org.gradle.workers.internal.AbstractWorker.executeWrappedInBuildOperation(AbstractWorker.java:41)
        at org.gradle.workers.internal.NoIsolationWorkerFactory$1.execute(NoIsolationWorkerFactory.java:59)
        at org.gradle.workers.internal.DefaultWorkerExecutor.lambda$submitWork$0(DefaultWorkerExecutor.java:174)
        at org.gradle.internal.work.DefaultConditionalExecutionQueue$ExecutionRunner.runExecution(DefaultConditionalExecutionQueue.java:187)
        at org.gradle.internal.work.DefaultConditionalExecutionQueue$ExecutionRunner.access$700(DefaultConditionalExecutionQueue.java:120)
        at org.gradle.internal.work.DefaultConditionalExecutionQueue$ExecutionRunner$1.run(DefaultConditionalExecutionQueue.java:162)
        at org.gradle.internal.Factories$1.create(Factories.java:31)
        at org.gradle.internal.work.DefaultWorkerLeaseService.withLocks(DefaultWorkerLeaseService.java:264)
        at org.gradle.internal.work.DefaultWorkerLeaseService.runAsWorkerThread(DefaultWorkerLeaseService.java:128)
        at org.gradle.internal.work.DefaultWorkerLeaseService.runAsWorkerThread(DefaultWorkerLeaseService.java:133)
        at org.gradle.internal.work.DefaultConditionalExecutionQueue$ExecutionRunner.runBatch(DefaultConditionalExecutionQueue.java:157)
        at org.gradle.internal.work.DefaultConditionalExecutionQueue$ExecutionRunner.run(DefaultConditionalExecutionQueue.java:126)
        ... 2 more

==============================================================================

2: Task failed with an exception.
-----------
* What went wrong:
Execution failed for task ':app:compileReleaseKotlin'.
> A failure occurred while executing org.jetbrains.kotlin.compilerRunner.GradleCompilerRunnerWithWorkers$GradleKotlinCompilerWorkAction
   > Compilation error. See log for more details

* Try:
> Run with --info or --debug option to get more log output.
> Run with --scan to get full insights.
> Get more help at https://help.gradle.org.

* Exception is:
org.gradle.api.tasks.TaskExecutionException: Execution failed for task ':app:compileReleaseKotlin'.
        at org.gradle.api.internal.tasks.execution.ExecuteActionsTaskExecuter.lambda$executeIfValid$1(ExecuteActionsTaskExecuter.java:130)
        at org.gradle.internal.Try$Failure.ifSuccessfulOrElse(Try.java:282)
        at org.gradle.api.internal.tasks.execution.ExecuteActionsTaskExecuter.executeIfValid(ExecuteActionsTaskExecuter.java:128)
        at org.gradle.api.internal.tasks.execution.ExecuteActionsTaskExecuter.execute(ExecuteActionsTaskExecuter.java:116)
        at org.gradle.api.internal.tasks.execution.FinalizePropertiesTaskExecuter.execute(FinalizePropertiesTaskExecuter.java:46)
        at org.gradle.api.internal.tasks.execution.ResolveTaskExecutionModeExecuter.execute(ResolveTaskExecutionModeExecuter.java:51)
        at org.gradle.api.internal.tasks.execution.SkipTaskWithNoActionsExecuter.execute(SkipTaskWithNoActionsExecuter.java:57)
        at org.gradle.api.internal.tasks.execution.SkipOnlyIfTaskExecuter.execute(SkipOnlyIfTaskExecuter.java:74)
        at org.gradle.api.internal.tasks.execution.CatchExceptionTaskExecuter.execute(CatchExceptionTaskExecuter.java:36)
        at org.gradle.api.internal.tasks.execution.EventFiringTaskExecuter$1.executeTask(EventFiringTaskExecuter.java:77)
        at org.gradle.api.internal.tasks.execution.EventFiringTaskExecuter$1.call(EventFiringTaskExecuter.java:55)
        at org.gradle.api.internal.tasks.execution.EventFiringTaskExecuter$1.call(EventFiringTaskExecuter.java:52)
        at org.gradle.internal.operations.DefaultBuildOperationRunner$CallableBuildOperationWorker.execute(DefaultBuildOperationRunner.java:200)
        at org.gradle.internal.operations.DefaultBuildOperationRunner$CallableBuildOperationWorker.execute(DefaultBuildOperationRunner.java:195)
        at org.gradle.internal.operations.DefaultBuildOperationRunner$2.execute(DefaultBuildOperationRunner.java:66)
        at org.gradle.internal.operations.DefaultBuildOperationRunner$2.execute(DefaultBuildOperationRunner.java:59)
        at org.gradle.internal.operations.DefaultBuildOperationRunner.execute(DefaultBuildOperationRunner.java:157)
        at org.gradle.internal.operations.DefaultBuildOperationRunner.execute(DefaultBuildOperationRunner.java:59)
        at org.gradle.internal.operations.DefaultBuildOperationRunner.call(DefaultBuildOperationRunner.java:53)
        at org.gradle.internal.operations.DefaultBuildOperationExecutor.call(DefaultBuildOperationExecutor.java:73)
        at org.gradle.api.internal.tasks.execution.EventFiringTaskExecuter.execute(EventFiringTaskExecuter.java:52)
        at org.gradle.execution.plan.LocalTaskNodeExecutor.execute(LocalTaskNodeExecutor.java:42)
        at org.gradle.execution.taskgraph.DefaultTaskExecutionGraph$InvokeNodeExecutorsAction.execute(DefaultTaskExecutionGraph.java:331)
        at org.gradle.execution.taskgraph.DefaultTaskExecutionGraph$InvokeNodeExecutorsAction.execute(DefaultTaskExecutionGraph.java:318)
        at org.gradle.execution.taskgraph.DefaultTaskExecutionGraph$BuildOperationAwareExecutionAction.lambda$execute$0(DefaultTaskExecutionGraph.java:314)
        at org.gradle.internal.operations.CurrentBuildOperationRef.with(CurrentBuildOperationRef.java:80)
        at org.gradle.execution.taskgraph.DefaultTaskExecutionGraph$BuildOperationAwareExecutionAction.execute(DefaultTaskExecutionGraph.java:314)
        at org.gradle.execution.taskgraph.DefaultTaskExecutionGraph$BuildOperationAwareExecutionAction.execute(DefaultTaskExecutionGraph.java:303)
        at org.gradle.execution.plan.DefaultPlanExecutor$ExecutorWorker.execute(DefaultPlanExecutor.java:463)
        at org.gradle.execution.plan.DefaultPlanExecutor$ExecutorWorker.run(DefaultPlanExecutor.java:380)
        at org.gradle.internal.concurrent.ExecutorPolicy$CatchAndRecordFailures.onExecute(ExecutorPolicy.java:64)
        at org.gradle.internal.concurrent.AbstractManagedExecutor$1.run(AbstractManagedExecutor.java:47)
        at java.base/java.util.concurrent.ThreadPoolExecutor.runWorker(ThreadPoolExecutor.java:1144)
        at java.base/java.util.concurrent.ThreadPoolExecutor$Worker.run(ThreadPoolExecutor.java:642)
        at java.base/java.lang.Thread.run(Thread.java:1583)
Caused by: org.gradle.workers.internal.DefaultWorkerExecutor$WorkExecutionException: A failure occurred while executing org.jetbrains.kotlin.compilerRunner.GradleCompilerRunnerWithWorkers$GradleKotlinCompilerWorkAction
        at org.gradle.workers.internal.DefaultWorkerExecutor$WorkItemExecution.waitForCompletion(DefaultWorkerExecutor.java:287)
        at org.gradle.internal.work.DefaultAsyncWorkTracker.lambda$waitForItemsAndGatherFailures$2(DefaultAsyncWorkTracker.java:130)
        at org.gradle.internal.Factories$1.create(Factories.java:31)
        at org.gradle.internal.work.DefaultWorkerLeaseService.withoutLocks(DefaultWorkerLeaseService.java:336)
        at org.gradle.internal.work.DefaultWorkerLeaseService.withoutLocks(DefaultWorkerLeaseService.java:319)
        at org.gradle.internal.work.DefaultWorkerLeaseService.withoutLock(DefaultWorkerLeaseService.java:324)
        at org.gradle.internal.work.DefaultAsyncWorkTracker.waitForItemsAndGatherFailures(DefaultAsyncWorkTracker.java:126)
        at org.gradle.internal.work.DefaultAsyncWorkTracker.waitForItemsAndGatherFailures(DefaultAsyncWorkTracker.java:92)
        at org.gradle.internal.work.DefaultAsyncWorkTracker.waitForAll(DefaultAsyncWorkTracker.java:78)
        at org.gradle.internal.work.DefaultAsyncWorkTracker.waitForCompletion(DefaultAsyncWorkTracker.java:66)
        at org.gradle.api.internal.tasks.execution.TaskExecution$3.run(TaskExecution.java:252)
        at org.gradle.internal.operations.DefaultBuildOperationRunner$1.execute(DefaultBuildOperationRunner.java:29)
        at org.gradle.internal.operations.DefaultBuildOperationRunner$1.execute(DefaultBuildOperationRunner.java:26)
        at org.gradle.internal.operations.DefaultBuildOperationRunner$2.execute(DefaultBuildOperationRunner.java:66)
        at org.gradle.internal.operations.DefaultBuildOperationRunner$2.execute(DefaultBuildOperationRunner.java:59)
        at org.gradle.internal.operations.DefaultBuildOperationRunner.execute(DefaultBuildOperationRunner.java:157)
        at org.gradle.internal.operations.DefaultBuildOperationRunner.execute(DefaultBuildOperationRunner.java:59)
        at org.gradle.internal.operations.DefaultBuildOperationRunner.run(DefaultBuildOperationRunner.java:47)
        at org.gradle.internal.operations.DefaultBuildOperationExecutor.run(DefaultBuildOperationExecutor.java:68)
        at org.gradle.api.internal.tasks.execution.TaskExecution.executeAction(TaskExecution.java:229)
        at org.gradle.api.internal.tasks.execution.TaskExecution.executeActions(TaskExecution.java:212)
        at org.gradle.api.internal.tasks.execution.TaskExecution.executeWithPreviousOutputFiles(TaskExecution.java:195)
        at org.gradle.api.internal.tasks.execution.TaskExecution.execute(TaskExecution.java:162)
        at org.gradle.internal.execution.steps.ExecuteStep.executeInternal(ExecuteStep.java:105)
        at org.gradle.internal.execution.steps.ExecuteStep.access$000(ExecuteStep.java:44)
        at org.gradle.internal.execution.steps.ExecuteStep$1.call(ExecuteStep.java:59)
        at org.gradle.internal.execution.steps.ExecuteStep$1.call(ExecuteStep.java:56)
        at org.gradle.internal.operations.DefaultBuildOperationRunner$CallableBuildOperationWorker.execute(DefaultBuildOperationRunner.java:200)
        at org.gradle.internal.operations.DefaultBuildOperationRunner$CallableBuildOperationWorker.execute(DefaultBuildOperationRunner.java:195)
        at org.gradle.internal.operations.DefaultBuildOperationRunner$2.execute(DefaultBuildOperationRunner.java:66)
        at org.gradle.internal.operations.DefaultBuildOperationRunner$2.execute(DefaultBuildOperationRunner.java:59)
        at org.gradle.internal.operations.DefaultBuildOperationRunner.execute(DefaultBuildOperationRunner.java:157)
        at org.gradle.internal.operations.DefaultBuildOperationRunner.execute(DefaultBuildOperationRunner.java:59)
        at org.gradle.internal.operations.DefaultBuildOperationRunner.call(DefaultBuildOperationRunner.java:53)
        at org.gradle.internal.operations.DefaultBuildOperationExecutor.call(DefaultBuildOperationExecutor.java:73)
        at org.gradle.internal.execution.steps.ExecuteStep.execute(ExecuteStep.java:56)
        at org.gradle.internal.execution.steps.ExecuteStep.execute(ExecuteStep.java:44)
        at org.gradle.internal.execution.steps.CancelExecutionStep.execute(CancelExecutionStep.java:41)
        at org.gradle.internal.execution.steps.TimeoutStep.executeWithoutTimeout(TimeoutStep.java:74)
        at org.gradle.internal.execution.steps.TimeoutStep.execute(TimeoutStep.java:55)
        at org.gradle.internal.execution.steps.PreCreateOutputParentsStep.execute(PreCreateOutputParentsStep.java:50)
        at org.gradle.internal.execution.steps.PreCreateOutputParentsStep.execute(PreCreateOutputParentsStep.java:28)
        at org.gradle.internal.execution.steps.RemovePreviousOutputsStep.execute(RemovePreviousOutputsStep.java:67)
        at org.gradle.internal.execution.steps.RemovePreviousOutputsStep.execute(RemovePreviousOutputsStep.java:37)
        at org.gradle.internal.execution.steps.BroadcastChangingOutputsStep.execute(BroadcastChangingOutputsStep.java:61)
        at org.gradle.internal.execution.steps.BroadcastChangingOutputsStep.execute(BroadcastChangingOutputsStep.java:26)
        at org.gradle.internal.execution.steps.CaptureOutputsAfterExecutionStep.execute(CaptureOutputsAfterExecutionStep.java:67)
        at org.gradle.internal.execution.steps.CaptureOutputsAfterExecutionStep.execute(CaptureOutputsAfterExecutionStep.java:45)
        at org.gradle.internal.execution.steps.ResolveInputChangesStep.execute(ResolveInputChangesStep.java:40)
        at org.gradle.internal.execution.steps.ResolveInputChangesStep.execute(ResolveInputChangesStep.java:29)
        at org.gradle.internal.execution.steps.BuildCacheStep.executeWithoutCache(BuildCacheStep.java:189)
        at org.gradle.internal.execution.steps.BuildCacheStep.executeAndStoreInCache(BuildCacheStep.java:145)
        at org.gradle.internal.execution.steps.BuildCacheStep.lambda$executeWithCache$4(BuildCacheStep.java:101)
        at java.base/java.util.Optional.orElseGet(Optional.java:364)
        at org.gradle.internal.execution.steps.BuildCacheStep.lambda$executeWithCache$5(BuildCacheStep.java:101)
        at org.gradle.internal.Try$Success.map(Try.java:164)
        at org.gradle.internal.execution.steps.BuildCacheStep.executeWithCache(BuildCacheStep.java:85)
        at org.gradle.internal.execution.steps.BuildCacheStep.lambda$execute$0(BuildCacheStep.java:74)
        at org.gradle.internal.Either$Left.fold(Either.java:115)
        at org.gradle.internal.execution.caching.CachingState.fold(CachingState.java:62)
        at org.gradle.internal.execution.steps.BuildCacheStep.execute(BuildCacheStep.java:73)
        at org.gradle.internal.execution.steps.BuildCacheStep.execute(BuildCacheStep.java:48)
        at org.gradle.internal.execution.steps.StoreExecutionStateStep.execute(StoreExecutionStateStep.java:46)
        at org.gradle.internal.execution.steps.StoreExecutionStateStep.execute(StoreExecutionStateStep.java:35)
        at org.gradle.internal.execution.steps.SkipUpToDateStep.executeBecause(SkipUpToDateStep.java:76)
        at org.gradle.internal.execution.steps.SkipUpToDateStep.lambda$execute$2(SkipUpToDateStep.java:54)
        at java.base/java.util.Optional.orElseGet(Optional.java:364)
        at org.gradle.internal.execution.steps.SkipUpToDateStep.execute(SkipUpToDateStep.java:54)
        at org.gradle.internal.execution.steps.SkipUpToDateStep.execute(SkipUpToDateStep.java:36)
        at org.gradle.internal.execution.steps.legacy.MarkSnapshottingInputsFinishedStep.execute(MarkSnapshottingInputsFinishedStep.java:37)
        at org.gradle.internal.execution.steps.legacy.MarkSnapshottingInputsFinishedStep.execute(MarkSnapshottingInputsFinishedStep.java:27)
        at org.gradle.internal.execution.steps.ResolveIncrementalCachingStateStep.executeDelegate(ResolveIncrementalCachingStateStep.java:49)
        at org.gradle.internal.execution.steps.ResolveIncrementalCachingStateStep.executeDelegate(ResolveIncrementalCachingStateStep.java:27)
        at org.gradle.internal.execution.steps.AbstractResolveCachingStateStep.execute(AbstractResolveCachingStateStep.java:71)
        at org.gradle.internal.execution.steps.AbstractResolveCachingStateStep.execute(AbstractResolveCachingStateStep.java:39)
        at org.gradle.internal.execution.steps.ResolveChangesStep.execute(ResolveChangesStep.java:65)
        at org.gradle.internal.execution.steps.ResolveChangesStep.execute(ResolveChangesStep.java:36)
        at org.gradle.internal.execution.steps.ValidateStep.execute(ValidateStep.java:106)
        at org.gradle.internal.execution.steps.ValidateStep.execute(ValidateStep.java:55)
        at org.gradle.internal.execution.steps.AbstractCaptureStateBeforeExecutionStep.execute(AbstractCaptureStateBeforeExecutionStep.java:64)
        at org.gradle.internal.execution.steps.AbstractCaptureStateBeforeExecutionStep.execute(AbstractCaptureStateBeforeExecutionStep.java:43)
        at org.gradle.internal.execution.steps.AbstractSkipEmptyWorkStep.executeWithNonEmptySources(AbstractSkipEmptyWorkStep.java:125)
        at org.gradle.internal.execution.steps.AbstractSkipEmptyWorkStep.execute(AbstractSkipEmptyWorkStep.java:61)
        at org.gradle.internal.execution.steps.AbstractSkipEmptyWorkStep.execute(AbstractSkipEmptyWorkStep.java:36)
        at org.gradle.internal.execution.steps.legacy.MarkSnapshottingInputsStartedStep.execute(MarkSnapshottingInputsStartedStep.java:38)
        at org.gradle.internal.execution.steps.LoadPreviousExecutionStateStep.execute(LoadPreviousExecutionStateStep.java:36)
        at org.gradle.internal.execution.steps.LoadPreviousExecutionStateStep.execute(LoadPreviousExecutionStateStep.java:23)
        at org.gradle.internal.execution.steps.HandleStaleOutputsStep.execute(HandleStaleOutputsStep.java:75)
        at org.gradle.internal.execution.steps.HandleStaleOutputsStep.execute(HandleStaleOutputsStep.java:41)
        at org.gradle.internal.execution.steps.AssignMutableWorkspaceStep.lambda$execute$0(AssignMutableWorkspaceStep.java:35)
        at org.gradle.api.internal.tasks.execution.TaskExecution$4.withWorkspace(TaskExecution.java:289)
        at org.gradle.internal.execution.steps.AssignMutableWorkspaceStep.execute(AssignMutableWorkspaceStep.java:31)
        at org.gradle.internal.execution.steps.AssignMutableWorkspaceStep.execute(AssignMutableWorkspaceStep.java:22)
        at org.gradle.internal.execution.steps.ChoosePipelineStep.execute(ChoosePipelineStep.java:40)
        at org.gradle.internal.execution.steps.ChoosePipelineStep.execute(ChoosePipelineStep.java:23)
        at org.gradle.internal.execution.steps.ExecuteWorkBuildOperationFiringStep.lambda$execute$2(ExecuteWorkBuildOperationFiringStep.java:67)
        at java.base/java.util.Optional.orElseGet(Optional.java:364)
        at org.gradle.internal.execution.steps.ExecuteWorkBuildOperationFiringStep.execute(ExecuteWorkBuildOperationFiringStep.java:67)
        at org.gradle.internal.execution.steps.ExecuteWorkBuildOperationFiringStep.execute(ExecuteWorkBuildOperationFiringStep.java:39)
        at org.gradle.internal.execution.steps.IdentityCacheStep.execute(IdentityCacheStep.java:46)
        at org.gradle.internal.execution.steps.IdentityCacheStep.execute(IdentityCacheStep.java:34)
        at org.gradle.internal.execution.steps.IdentifyStep.execute(IdentifyStep.java:48)
        at org.gradle.internal.execution.steps.IdentifyStep.execute(IdentifyStep.java:35)
        at org.gradle.internal.execution.impl.DefaultExecutionEngine$1.execute(DefaultExecutionEngine.java:61)
        at org.gradle.api.internal.tasks.execution.ExecuteActionsTaskExecuter.executeIfValid(ExecuteActionsTaskExecuter.java:127)
        at org.gradle.api.internal.tasks.execution.ExecuteActionsTaskExecuter.execute(ExecuteActionsTaskExecuter.java:116)
        at org.gradle.api.internal.tasks.execution.FinalizePropertiesTaskExecuter.execute(FinalizePropertiesTaskExecuter.java:46)
        at org.gradle.api.internal.tasks.execution.ResolveTaskExecutionModeExecuter.execute(ResolveTaskExecutionModeExecuter.java:51)
        at org.gradle.api.internal.tasks.execution.SkipTaskWithNoActionsExecuter.execute(SkipTaskWithNoActionsExecuter.java:57)
        at org.gradle.api.internal.tasks.execution.SkipOnlyIfTaskExecuter.execute(SkipOnlyIfTaskExecuter.java:74)
        at org.gradle.api.internal.tasks.execution.CatchExceptionTaskExecuter.execute(CatchExceptionTaskExecuter.java:36)
        at org.gradle.api.internal.tasks.execution.EventFiringTaskExecuter$1.executeTask(EventFiringTaskExecuter.java:77)
        at org.gradle.api.internal.tasks.execution.EventFiringTaskExecuter$1.call(EventFiringTaskExecuter.java:55)
        at org.gradle.api.internal.tasks.execution.EventFiringTaskExecuter$1.call(EventFiringTaskExecuter.java:52)
        at org.gradle.internal.operations.DefaultBuildOperationRunner$CallableBuildOperationWorker.execute(DefaultBuildOperationRunner.java:200)
        at org.gradle.internal.operations.DefaultBuildOperationRunner$CallableBuildOperationWorker.execute(DefaultBuildOperationRunner.java:195)
        at org.gradle.internal.operations.DefaultBuildOperationRunner$2.execute(DefaultBuildOperationRunner.java:66)
        at org.gradle.internal.operations.DefaultBuildOperationRunner$2.execute(DefaultBuildOperationRunner.java:59)
        at org.gradle.internal.operations.DefaultBuildOperationRunner.execute(DefaultBuildOperationRunner.java:157)
        at org.gradle.internal.operations.DefaultBuildOperationRunner.execute(DefaultBuildOperationRunner.java:59)
        at org.gradle.internal.operations.DefaultBuildOperationRunner.call(DefaultBuildOperationRunner.java:53)
        at org.gradle.internal.operations.DefaultBuildOperationExecutor.call(DefaultBuildOperationExecutor.java:73)
        at org.gradle.api.internal.tasks.execution.EventFiringTaskExecuter.execute(EventFiringTaskExecuter.java:52)
        at org.gradle.execution.plan.LocalTaskNodeExecutor.execute(LocalTaskNodeExecutor.java:42)
        at org.gradle.execution.taskgraph.DefaultTaskExecutionGraph$InvokeNodeExecutorsAction.execute(DefaultTaskExecutionGraph.java:331)
        at org.gradle.execution.taskgraph.DefaultTaskExecutionGraph$InvokeNodeExecutorsAction.execute(DefaultTaskExecutionGraph.java:318)
        at org.gradle.execution.taskgraph.DefaultTaskExecutionGraph$BuildOperationAwareExecutionAction.lambda$execute$0(DefaultTaskExecutionGraph.java:314)
        at org.gradle.internal.operations.CurrentBuildOperationRef.with(CurrentBuildOperationRef.java:80)
        at org.gradle.execution.taskgraph.DefaultTaskExecutionGraph$BuildOperationAwareExecutionAction.execute(DefaultTaskExecutionGraph.java:314)
        at org.gradle.execution.taskgraph.DefaultTaskExecutionGraph$BuildOperationAwareExecutionAction.execute(DefaultTaskExecutionGraph.java:303)
        at org.gradle.execution.plan.DefaultPlanExecutor$ExecutorWorker.execute(DefaultPlanExecutor.java:463)
        at org.gradle.execution.plan.DefaultPlanExecutor$ExecutorWorker.run(DefaultPlanExecutor.java:380)
        at org.gradle.internal.concurrent.ExecutorPolicy$CatchAndRecordFailures.onExecute(ExecutorPolicy.java:64)
        at org.gradle.internal.concurrent.AbstractManagedExecutor$1.run(AbstractManagedExecutor.java:47)
        at java.base/java.util.concurrent.ThreadPoolExecutor.runWorker(ThreadPoolExecutor.java:1144)
        at java.base/java.util.concurrent.ThreadPoolExecutor$Worker.run(ThreadPoolExecutor.java:642)
        at java.base/java.lang.Thread.run(Thread.java:1583)
Caused by: org.jetbrains.kotlin.gradle.tasks.CompilationErrorException: Compilation error. See log for more details
        at org.jetbrains.kotlin.gradle.tasks.TasksUtilsKt.throwExceptionIfCompilationFailed(tasksUtils.kt:21)
        at org.jetbrains.kotlin.compilerRunner.GradleKotlinCompilerWork.run(GradleKotlinCompilerWork.kt:119)
        at org.jetbrains.kotlin.compilerRunner.GradleCompilerRunnerWithWorkers$GradleKotlinCompilerWorkAction.execute(GradleCompilerRunnerWithWorkers.kt:76)
        at org.gradle.workers.internal.DefaultWorkerServer.execute(DefaultWorkerServer.java:63)
        at org.gradle.workers.internal.NoIsolationWorkerFactory$1$1.create(NoIsolationWorkerFactory.java:66)
        at org.gradle.workers.internal.NoIsolationWorkerFactory$1$1.create(NoIsolationWorkerFactory.java:62)
        at org.gradle.internal.classloader.ClassLoaderUtils.executeInClassloader(ClassLoaderUtils.java:100)
        at org.gradle.workers.internal.NoIsolationWorkerFactory$1.lambda$execute$0(NoIsolationWorkerFactory.java:62)
        at org.gradle.workers.internal.AbstractWorker$1.call(AbstractWorker.java:44)
        at org.gradle.workers.internal.AbstractWorker$1.call(AbstractWorker.java:41)
        at org.gradle.internal.operations.DefaultBuildOperationRunner$CallableBuildOperationWorker.execute(DefaultBuildOperationRunner.java:200)
        at org.gradle.internal.operations.DefaultBuildOperationRunner$CallableBuildOperationWorker.execute(DefaultBuildOperationRunner.java:195)
        at org.gradle.internal.operations.DefaultBuildOperationRunner$2.execute(DefaultBuildOperationRunner.java:66)
        at org.gradle.internal.operations.DefaultBuildOperationRunner$2.execute(DefaultBuildOperationRunner.java:59)
        at org.gradle.internal.operations.DefaultBuildOperationRunner.execute(DefaultBuildOperationRunner.java:157)
        at org.gradle.internal.operations.DefaultBuildOperationRunner.execute(DefaultBuildOperationRunner.java:59)
        at org.gradle.internal.operations.DefaultBuildOperationRunner.call(DefaultBuildOperationRunner.java:53)
        at org.gradle.internal.operations.DefaultBuildOperationExecutor.call(DefaultBuildOperationExecutor.java:73)
        at org.gradle.workers.internal.AbstractWorker.executeWrappedInBuildOperation(AbstractWorker.java:41)
        at org.gradle.workers.internal.NoIsolationWorkerFactory$1.execute(NoIsolationWorkerFactory.java:59)
        at org.gradle.workers.internal.DefaultWorkerExecutor.lambda$submitWork$0(DefaultWorkerExecutor.java:174)
        at java.base/java.util.concurrent.FutureTask.run(FutureTask.java:317)
        at org.gradle.internal.work.DefaultConditionalExecutionQueue$ExecutionRunner.runExecution(DefaultConditionalExecutionQueue.java:187)
        at org.gradle.internal.work.DefaultConditionalExecutionQueue$ExecutionRunner.access$700(DefaultConditionalExecutionQueue.java:120)
        at org.gradle.internal.work.DefaultConditionalExecutionQueue$ExecutionRunner$1.run(DefaultConditionalExecutionQueue.java:162)
        at org.gradle.internal.Factories$1.create(Factories.java:31)
        at org.gradle.internal.work.DefaultWorkerLeaseService.withLocks(DefaultWorkerLeaseService.java:264)
        at org.gradle.internal.work.DefaultWorkerLeaseService.runAsWorkerThread(DefaultWorkerLeaseService.java:128)
        at org.gradle.internal.work.DefaultWorkerLeaseService.runAsWorkerThread(DefaultWorkerLeaseService.java:133)
        at org.gradle.internal.work.DefaultConditionalExecutionQueue$ExecutionRunner.runBatch(DefaultConditionalExecutionQueue.java:157)
        at org.gradle.internal.work.DefaultConditionalExecutionQueue$ExecutionRunner.run(DefaultConditionalExecutionQueue.java:126)
        at java.base/java.util.concurrent.Executors$RunnableAdapter.call(Executors.java:572)
        at java.base/java.util.concurrent.FutureTask.run(FutureTask.java:317)
        ... 5 more

==============================================================================

BUILD FAILED in 1m 49s
sureshbalasubramanian@BSMacBook-Pro enKarma % 

